--------- beginning of main
12-27 03:05:27.311  3090  7797 I TrafficStats: tagSocketFd(-1, 1031, -1) failed with errno-9
12-27 03:05:27.311  3090  7797 D TrafficStats: tagSocket(123) with statsTag=0x407, statsUid=-1
--------- beginning of system
12-27 03:05:27.415  1885  2049 I DisplayDeviceRepository: Display device changed: DisplayDeviceInfo{"内置屏幕": uniqueId="local:4630947150978042497", 1080 x 2280, modeId 1, defaultModeId 1, supportedModes [{id=1, width=1080, height=2280, fps=60.000004, alternativeRefreshRates=[90.0]}, {id=2, width=1080, height=2280, fps=90.0, alternativeRefreshRates=[60.000004]}], colorMode 0, supportedColorModes [0, 7, 9], hdrCapabilities HdrCapabilities{mSupportedHdrTypes=[2, 3], mMaxLuminance=500.0, mMaxAverageLuminance=500.0, mMinLuminance=0.0}, allmSupported false, gameContentTypeSupported false, density 440, 442.451 x 445.476 dpi, appVsyncOff 2333332, presDeadline 11500000, touch INTERNAL, rotation 0, type INTERNAL, address {port=129, model=0x40446de5e3a74a}, deviceProductInfo DeviceProductInfo{name=, manufacturerPnpId=QCM, productId=1, modelYear=null, manufactureDate=ManufactureDate{week=27, year=2006}, connectionToSinkType=0}, state ON, frameRateOverride , brightnessMinimum 0.0, brightnessMaximum 1.0, brightnessDefault 0.38188976, roundedCorners RoundedCorners{[RoundedCorner{position=TopLeft, radius=132, center=Point(132, 132)}, RoundedCorner{position=TopRight, radius=132, center=Point(948, 132)}, RoundedCorner{position=BottomRight, radius=132, center=Point(948, 2148)}, RoundedCorner{position=BottomLeft, radius=132, center=Point(132, 2148)}]}, FLAG_ALLOWED_TO_BE_DEFAULT_DISPLAY, FLAG_ROTATES_WITH_CONTENT, FLAG_SECURE, FLAG_SUPPORTS_PROTECTED_BUFFERS, installOrientation 0}
12-27 03:05:27.973  3090  7797 D TrafficStats: tagSocket(-1) with statsTag=0x407, statsUid=-1
12-27 03:05:27.973  3090  7797 I TrafficStats: tagSocketFd(-1, 1031, -1) failed with errno-9
12-27 03:05:27.973  3090  7797 D TrafficStats: tagSocket(123) with statsTag=0x407, statsUid=-1
12-27 03:05:28.035  1885  2347 D ConnectivityService: NetReassign [no changes]
12-27 03:05:28.076  7706  7706 W ThreadPoolForeg: type=1400 audit(0.0:356): avc: denied { write } for name="traced_producer" dev="tmpfs" ino=37398 scontext=u:r:gmscore_app:s0:c512,c768 tcontext=u:object_r:traced_producer_socket:s0 tclass=sock_file permissive=0 app=com.google.android.gms
12-27 03:05:28.904  9661  9728 W unknown:ReactNative: StatusBarModule: Ignored status bar change, current activity is edge-to-edge.
12-27 03:05:28.905  9661  9728 W unknown:ReactNative: StatusBarModule: Ignored status bar change, current activity is edge-to-edge.
12-27 03:05:30.293  1885  2288 D OomAdjuster: Not killing cached processes
12-27 03:05:30.388  9877  9877 W ProcessState: Extra binder thread started, but 0 threads requested. Do not use *startThreadPool when zero threads are requested.
12-27 03:05:30.399   654   654 I servicemanager: Could not find android.hardware.graphics.allocator.IAllocator/default in the VINTF manifest.
12-27 03:05:30.400  9877  9878 W AdrenoUtils: <ReadGpuID_from_sysfs:197>: Failed to open /sys/class/kgsl/kgsl-3d0/gpu_model
12-27 03:05:30.400  9877  9878 W AdrenoUtils: <ReadGpuID:221>: Failed to read chip ID from gpu_model. Fallback to use the GSL path
12-27 03:05:30.396  9877  9877 W binder:9877_1: type=1400 audit(0.0:357): avc: denied { read } for name="gpu_model" dev="sysfs" ino=64126 scontext=u:r:shell:s0 tcontext=u:object_r:sysfs_msm_subsys:s0 tclass=file permissive=0
12-27 03:05:30.649  9880  9880 D AndroidRuntime: >>>>>> START com.android.internal.os.RuntimeInit uid 2000 <<<<<<
12-27 03:05:30.651  9880  9880 I AndroidRuntime: Using default boot image
12-27 03:05:30.651  9880  9880 I AndroidRuntime: Leaving lock profiling enabled
12-27 03:05:30.723  9880  9880 D app_process: Time zone APEX ICU file found: /apex/com.android.tzdata/etc/icu/icu_tzdata.dat
12-27 03:05:30.723  9880  9880 D app_process: I18n APEX ICU file found: /apex/com.android.i18n/etc/icu/icudt70l.dat
12-27 03:05:30.729  9880  9880 W app_process: ClassLoaderContext classpath size mismatch. expected=0, found=1 (PCL[] | PCL[/system/framework/android.test.runner.jar*2256426886])
12-27 03:05:30.743  9880  9880 D AndroidRuntime: Calling main entry com.android.commands.uiautomator.Launcher
12-27 03:05:30.748  1885  2398 W WindowMagnificationMgr: requestConnection duplicated request: connect=false, mConnectionState=DISCONNECTED
12-27 03:05:30.749  3242  3285 I AiAiEcho: (REDACTED) Settings changed for uri: %s
12-27 03:05:30.749  1885  2398 W WindowMagnificationMgr: requestConnection duplicated request: connect=false, mConnectionState=DISCONNECTED
12-27 03:05:30.757  3242  3285 I AiAiEcho: (REDACTED) Settings changed for uri: %s
12-27 03:05:30.758  3616  3874 I amji    : NGA disabled since it's running Panthera and at least one a11y feature is on.
12-27 03:05:30.758  3616  3874 I amji    : (REDACTED) Nga state changed to %s
12-27 03:05:30.758  3242  3766 I AiAiEcho: (REDACTED) Predicting[%d]: %s
12-27 03:05:30.758  3242  3766 I AiAiEcho: (REDACTED) EchoTargets: %s
12-27 03:05:30.758  3242  3766 I AiAiEcho: Filtered by AiAi flag check: %s
12-27 03:05:30.758  3616  3874 I amji    : (REDACTED) isTngActive=%s
12-27 03:05:30.758  3242  3766 I AiAiEcho: (REDACTED) Ranked targets strategy: %s, count: %d, ranking metadata: %s
12-27 03:05:30.758  3242  3766 I AiAiEcho: #remoteViewsTwiddler: feature disabled.
12-27 03:05:30.760  3242  3766 I AiAiEcho: (REDACTED) Predicting[%d]: %s
12-27 03:05:30.760  3242  3766 I AiAiEcho: (REDACTED) EchoTargets: %s
12-27 03:05:30.760  3242  3766 I AiAiEcho: Filtered by AiAi flag check: %s
12-27 03:05:30.760  3242  3766 I AiAiEcho: (REDACTED) Ranked targets strategy: %s, count: %d, ranking metadata: %s
12-27 03:05:30.761  3242  3766 I AiAiEcho: #remoteViewsTwiddler: feature disabled.
12-27 03:05:30.761  3242  3766 I AiAiEcho: (REDACTED) Predicting[%d]: %s
12-27 03:05:30.761  3242  3766 I AiAiEcho: (REDACTED) EchoTargets: %s
12-27 03:05:30.761  3242  3766 I AiAiEcho: Filtered by AiAi flag check: %s
12-27 03:05:30.761  3242  3766 I AiAiEcho: (REDACTED) Ranked targets strategy: %s, count: %d, ranking metadata: %s
12-27 03:05:30.761  3242  3766 I AiAiEcho: #remoteViewsTwiddler: feature disabled.
12-27 03:05:30.761  3253  4012 I var     : (REDACTED) Nga on-device enabled based on TNG:MA active state: %b
12-27 03:05:30.761  3253  4012 I var     : (REDACTED) Nga on-device enabled based on TNG:MA active state: %b
12-27 03:05:30.761  3242  3766 I AiAiEcho: (REDACTED) Predicting[%d]: %s
12-27 03:05:30.761  3242  3766 I AiAiEcho: (REDACTED) EchoTargets: %s
12-27 03:05:30.761  3242  3766 I AiAiEcho: Filtered by AiAi flag check: %s
12-27 03:05:30.761  3242  3766 I AiAiEcho: (REDACTED) Ranked targets strategy: %s, count: %d, ranking metadata: %s
12-27 03:05:30.762  3242  3766 I AiAiEcho: #remoteViewsTwiddler: feature disabled.
12-27 03:05:30.762  3242  3766 I AiAiEcho: (REDACTED) Predicting[%d]: %s
12-27 03:05:30.762  3242  3766 I AiAiEcho: (REDACTED) EchoTargets: %s
12-27 03:05:30.762  3242  3766 I AiAiEcho: Filtered by AiAi flag check: %s
12-27 03:05:30.762  3242  3766 I AiAiEcho: (REDACTED) Ranked targets strategy: %s, count: %d, ranking metadata: %s
12-27 03:05:30.762  3242  3766 I AiAiEcho: #remoteViewsTwiddler: feature disabled.
12-27 03:05:30.762  3242  3766 I AiAiEcho: (REDACTED) Predicting[%d]: %s
12-27 03:05:30.762  3242  3766 I AiAiEcho: (REDACTED) EchoTargets: %s
12-27 03:05:30.762  3242  3766 I AiAiEcho: Filtered by AiAi flag check: %s
12-27 03:05:30.762  3242  3766 I AiAiEcho: (REDACTED) Ranked targets strategy: %s, count: %d, ranking metadata: %s
12-27 03:05:30.762  3242  3766 I AiAiEcho: #remoteViewsTwiddler: feature disabled.
12-27 03:05:30.763  3242  3766 I AiAiEcho: (REDACTED) #postPredictionTargets: Sending updates to UISurface %s with targets# %s (types=[%s])
12-27 03:05:30.763  1885  1885 D BatterySaverPolicy: accessibility changed to true, updating policy.
12-27 03:05:30.764  3242  3766 I AiAiEcho: (REDACTED) #postPredictionTargets: Sending updates to UISurface %s with targets# %s (types=[%s])
12-27 03:05:30.764  3242  3766 I AiAiEcho: (REDACTED) #postPredictionTargets: Sending updates to UISurface %s with targets# %s (types=[%s])
12-27 03:05:30.764  2875  2875 E BcSmartspaceCard: No tap action can be set up
12-27 03:05:30.764  3242  3766 I AiAiEcho: (REDACTED) #postPredictionTargets: Sending updates to UISurface %s with targets# %s (types=[%s])
12-27 03:05:30.765  3242  3766 I AiAiEcho: (REDACTED) #postPredictionTargets: Sending updates to UISurface %s with targets# %s (types=[%s])
12-27 03:05:30.765  3242  3766 I AiAiEcho: (REDACTED) #postPredictionTargets: Sending updates to UISurface %s with targets# %s (types=[%s])
12-27 03:05:30.765  2875  2875 E BcSmartspaceCard: No tap action can be set up
12-27 03:05:30.815  3090  9755 W Auth    : [TokenResponseCallback] TokenResponse failed with exception [CONTEXT service_id=343 ]
12-27 03:05:30.815  3090  9755 W Auth    : cpmc: Failed to process request
12-27 03:05:30.815  3090  9755 W Auth    : 	at cpmi.a(:com.google.android.gms@254730029@25.47.30 (190400-833691957):23)
12-27 03:05:30.815  3090  9755 W Auth    : 	at cppw.b(:com.google.android.gms@254730029@25.47.30 (190400-833691957):15)
12-27 03:05:30.815  3090  9755 W Auth    : 	at cpow.a(:com.google.android.gms@254730029@25.47.30 (190400-833691957):82)
12-27 03:05:30.815  3090  9755 W Auth    : 	at kjj.a(:com.google.android.gms@254730029@25.47.30 (190400-833691957):19)
12-27 03:05:30.815  3090  9755 W Auth    : 	at cppd.a(:com.google.android.gms@254730029@25.47.30 (190400-833691957):6)
12-27 03:05:30.815  3090  9755 W Auth    : 	at btyo.a(:com.google.android.gms@254730029@25.47.30 (190400-833691957):9)
12-27 03:05:30.815  3090  9755 W Auth    : 	at adpi.b(:com.google.android.gms@254730029@25.47.30 (190400-833691957):13)
12-27 03:05:30.815  3090  9755 W Auth    : 	at adpi.a(:com.google.android.gms@254730029@25.47.30 (190400-833691957):141)
12-27 03:05:30.815  3090  9755 W Auth    : 	at alqi.b(:com.google.android.gms@254730029@25.47.30 (190400-833691957):34)
12-27 03:05:30.815  3090  9755 W Auth    : 	at aeka.d(:com.google.android.gms@254730029@25.47.30 (190400-833691957):170)
12-27 03:05:30.815  3090  9755 W Auth    : 	at aeka.b(:com.google.android.gms@254730029@25.47.30 (190400-833691957):48)
12-27 03:05:30.815  3090  9755 W Auth    : 	at aejy.a(:com.google.android.gms@254730029@25.47.30 (190400-833691957):729)
12-27 03:05:30.815  3090  9755 W Auth    : 	at aejx.b(:com.google.android.gms@254730029@25.47.30 (190400-833691957):144)
12-27 03:05:30.815  3090  9755 W Auth    : 	at xys.d(:com.google.android.gms@254730029@25.47.30 (190400-833691957):662)
12-27 03:05:30.815  3090  9755 W Auth    : 	at aedj.getAuthToken(:com.google.android.gms@254730029@25.47.30 (190400-833691957):412)
12-27 03:05:30.815  3090  9755 W Auth    : 	at android.accounts.AbstractAccountAuthenticator$Transport.getAuthToken(AbstractAccountAuthenticator.java:246)
12-27 03:05:30.815  3090  9755 W Auth    : 	at android.accounts.IAccountAuthenticator$Stub.onTransact(IAccountAuthenticator.java:242)
12-27 03:05:30.815  3090  9755 W Auth    : 	at android.os.Binder.transact(Binder.java:1164)
12-27 03:05:30.815  3090  9755 W Auth    : 	at cfvi.onTransact(:com.google.android.gms@254730029@25.47.30 (190400-833691957):10)
12-27 03:05:30.815  3090  9755 W Auth    : 	at android.os.Binder.transact(Binder.java:1164)
12-27 03:05:30.815  3090  9755 W Auth    : 	at bucj.onTransact(:com.google.android.gms@254730029@25.47.30 (190400-833691957):161)
12-27 03:05:30.815  3090  9755 W Auth    : 	at android.os.Binder.execTransactInternal(Binder.java:1285)
12-27 03:05:30.815  3090  9755 W Auth    : 	at android.os.Binder.execTransact(Binder.java:1244)
12-27 03:05:30.815  3090  9755 W Auth    : Caused by: cpoz: Connectivity error
12-27 03:05:30.815  3090  9755 W Auth    : 	at cpow.a(:com.google.android.gms@254730029@25.47.30 (190400-833691957):76)
12-27 03:05:30.815  3090  9755 W Auth    : 	... 20 more
12-27 03:05:30.815  3090  9755 W Auth    : Caused by: java.io.IOException
12-27 03:05:30.815  3090  9755 W Auth    : 	at cpow.a(:com.google.android.gms@254730029@25.47.30 (190400-833691957):73)
12-27 03:05:30.815  3090  9755 W Auth    : 	... 20 more
12-27 03:05:30.815  3090  9755 E AuthPII : [RequestTokenManager] getToken() -> NETWORK_ERROR. App: com.google.android.googlequicksearchbox, Service: oauth2:https://www.googleapis.com/auth/googlenow
12-27 03:05:30.815  3090  9755 E AuthPII : bcbb: Error when calling server using GmsNetworkStack.
12-27 03:05:30.815  3090  9755 E AuthPII : 	at aeka.b(:com.google.android.gms@254730029@25.47.30 (190400-833691957):1595)
12-27 03:05:30.815  3090  9755 E AuthPII : 	at aejy.a(:com.google.android.gms@254730029@25.47.30 (190400-833691957):729)
12-27 03:05:30.815  3090  9755 E AuthPII : 	at aejx.b(:com.google.android.gms@254730029@25.47.30 (190400-833691957):144)
12-27 03:05:30.815  3090  9755 E AuthPII : 	at xys.d(:com.google.android.gms@254730029@25.47.30 (190400-833691957):662)
12-27 03:05:30.815  3090  9755 E AuthPII : 	at aedj.getAuthToken(:com.google.android.gms@254730029@25.47.30 (190400-833691957):412)
12-27 03:05:30.815  3090  9755 E AuthPII : 	at android.accounts.AbstractAccountAuthenticator$Transport.getAuthToken(AbstractAccountAuthenticator.java:246)
12-27 03:05:30.815  3090  9755 E AuthPII : 	at android.accounts.IAccountAuthenticator$Stub.onTransact(IAccountAuthenticator.java:242)
12-27 03:05:30.815  3090  9755 E AuthPII : 	at android.os.Binder.transact(Binder.java:1164)
12-27 03:05:30.815  3090  9755 E AuthPII : 	at cfvi.onTransact(:com.google.android.gms@254730029@25.47.30 (190400-833691957):10)
12-27 03:05:30.815  3090  9755 E AuthPII : 	at android.os.Binder.transact(Binder.java:1164)
12-27 03:05:30.815  3090  9755 E AuthPII : 	at bucj.onTransact(:com.google.android.gms@254730029@25.47.30 (190400-833691957):161)
12-27 03:05:30.815  3090  9755 E AuthPII : 	at android.os.Binder.execTransactInternal(Binder.java:1285)
12-27 03:05:30.815  3090  9755 E AuthPII : 	at android.os.Binder.execTransact(Binder.java:1244)
12-27 03:05:30.815  3090  9755 E AuthPII : Caused by: bcbb: Error requesting token.
12-27 03:05:30.815  3090  9755 E AuthPII : 	at aeka.d(:com.google.android.gms@254730029@25.47.30 (190400-833691957):212)
12-27 03:05:30.815  3090  9755 E AuthPII : 	at aeka.b(:com.google.android.gms@254730029@25.47.30 (190400-833691957):48)
12-27 03:05:30.815  3090  9755 E AuthPII : 	... 12 more
12-27 03:05:30.815  3090  9755 E AuthPII : Caused by: java.util.concurrent.ExecutionException: cpmc: Failed to process request
12-27 03:05:30.815  3090  9755 E AuthPII : 	at gsiv.j(:com.google.android.gms@254730029@25.47.30 (190400-833691957):21)
12-27 03:05:30.815  3090  9755 E AuthPII : 	at gsje.v(:com.google.android.gms@254730029@25.47.30 (190400-833691957):107)
12-27 03:05:30.815  3090  9755 E AuthPII : 	at aeka.d(:com.google.android.gms@254730029@25.47.30 (190400-833691957):197)
12-27 03:05:30.815  3090  9755 E AuthPII : 	... 13 more
12-27 03:05:30.815  3090  9755 E AuthPII : Caused by: cpmc: Failed to process request
12-27 03:05:30.815  3090  9755 E AuthPII : 	at cpmi.a(:com.google.android.gms@254730029@25.47.30 (190400-833691957):23)
12-27 03:05:30.815  3090  9755 E AuthPII : 	at cppw.b(:com.google.android.gms@254730029@25.47.30 (190400-833691957):15)
12-27 03:05:30.815  3090  9755 E AuthPII : 	at cpow.a(:com.google.android.gms@254730029@25.47.30 (190400-833691957):82)
12-27 03:05:30.815  3090  9755 E AuthPII : 	at kjj.a(:com.google.android.gms@254730029@25.47.30 (190400-833691957):19)
12-27 03:05:30.815  3090  9755 E AuthPII : 	at cppd.a(:com.google.android.gms@254730029@25.47.30 (190400-833691957):6)
12-27 03:05:30.815  3090  9755 E AuthPII : 	at btyo.a(:com.google.android.gms@254730029@25.47.30 (190400-833691957):9)
12-27 03:05:30.815  3090  9755 E AuthPII : 	at adpi.b(:com.google.android.gms@254730029@25.47.30 (190400-833691957):13)
12-27 03:05:30.815  3090  9755 E AuthPII : 	at adpi.a(:com.google.android.gms@254730029@25.47.30 (190400-833691957):141)
12-27 03:05:30.815  3090  9755 E AuthPII : 	at alqi.b(:com.google.android.gms@254730029@25.47.30 (190400-833691957):34)
12-27 03:05:30.815  3090  9755 E AuthPII : 	at aeka.d(:com.google.android.gms@254730029@25.47.30 (190400-833691957):170)
12-27 03:05:30.815  3090  9755 E AuthPII : 	... 13 more
12-27 03:05:30.815  3090  9755 E AuthPII : Caused by: cpoz: Connectivity error
12-27 03:05:30.815  3090  9755 E AuthPII : 	at cpow.a(:com.google.android.gms@254730029@25.47.30 (190400-833691957):76)
12-27 03:05:30.815  3090  9755 E AuthPII : 	... 20 more
12-27 03:05:30.815  3090  9755 E AuthPII : Caused by: java.io.IOException
12-27 03:05:30.815  3090  9755 E AuthPII : 	at cpow.a(:com.google.android.gms@254730029@25.47.30 (190400-833691957):73)
12-27 03:05:30.815  3090  9755 E AuthPII : 	... 20 more
12-27 03:05:30.815  3090  9755 E AuthPII : Message is Error when calling server using GmsNetworkStack.
12-27 03:05:30.815  3090  9755 E AuthPII : bcbb: Error when calling server using GmsNetworkStack.
12-27 03:05:30.815  3090  9755 E AuthPII : 	at aeka.b(:com.google.android.gms@254730029@25.47.30 (190400-833691957):1595)
12-27 03:05:30.815  3090  9755 E AuthPII : 	at aejy.a(:com.google.android.gms@254730029@25.47.30 (190400-833691957):729)
12-27 03:05:30.815  3090  9755 E AuthPII : 	at aejx.b(:com.google.android.gms@254730029@25.47.30 (190400-833691957):144)
12-27 03:05:30.815  3090  9755 E AuthPII : 	at xys.d(:com.google.android.gms@254730029@25.47.30 (190400-833691957):662)
12-27 03:05:30.815  3090  9755 E AuthPII : 	at aedj.getAuthToken(:com.google.android.gms@254730029@25.47.30 (190400-833691957):412)
12-27 03:05:30.815  3090  9755 E AuthPII : 	at android.accounts.AbstractAccountAuthenticator$Transport.getAuthToken(AbstractAccountAuthenticator.java:246)
12-27 03:05:30.815  3090  9755 E AuthPII : 	at android.accounts.IAccountAuthenticator$Stub.onTransact(IAccountAuthenticator.java:242)
12-27 03:05:30.815  3090  9755 E AuthPII : 	at android.os.Binder.transact(Binder.java:1164)
12-27 03:05:30.815  3090  9755 E AuthPII : 	at cfvi.onTransact(:com.google.android.gms@254730029@25.47.30 (190400-833691957):10)
12-27 03:05:30.815  3090  9755 E AuthPII : 	at android.os.Binder.transact(Binder.java:1164)
12-27 03:05:30.815  3090  9755 E AuthPII : 	at bucj.onTransact(:com.google.android.gms@254730029@25.47.30 (190400-833691957):161)
12-27 03:05:30.815  3090  9755 E AuthPII : 	at android.os.Binder.execTransactInternal(Binder.java:1285)
12-27 03:05:30.815  3090  9755 E AuthPII : 	at android.os.Binder.execTransact(Binder.java:1244)
12-27 03:05:30.815  3090  9755 E AuthPII : Caused by: bcbb: Error requesting token.
12-27 03:05:30.815  3090  9755 E AuthPII : 	at aeka.d(:com.google.android.gms@254730029@25.47.30 (190400-833691957):212)
12-27 03:05:30.815  3090  9755 E AuthPII : 	at aeka.b(:com.google.android.gms@254730029@25.47.30 (190400-833691957):48)
12-27 03:05:30.815  3090  9755 E AuthPII : 	... 12 more
12-27 03:05:30.815  3090  9755 E AuthPII : Caused by: java.util.concurrent.ExecutionException: cpmc: Failed to process request
12-27 03:05:30.815  3090  9755 E AuthPII : 	at gsiv.j(:com.google.android.gms@254730029@25.47.30 (190400-833691957):21)
12-27 03:05:30.815  3090  9755 E AuthPII : 	at gsje.v(:com.google.android.gms@254730029@25.47.30 (190400-833691957):107)
12-27 03:05:30.815  3090  9755 E AuthPII : 	at aeka.d(:com.google.android.gms@254730029@25.47.30 (190400-833691957):197)
12-27 03:05:30.815  3090  9755 E AuthPII : 	... 13 more
12-27 03:05:30.815  3090  9755 E AuthPII : Caused by: cpmc: Failed to process request
12-27 03:05:30.815  3090  9755 E AuthPII : 	at cpmi.a(:com.google.android.gms@254730029@25.47.30 (190400-833691957):23)
12-27 03:05:30.815  3090  9755 E AuthPII : 	at cppw.b(:com.google.android.gms@254730029@25.47.30 (190400-833691957):15)
12-27 03:05:30.815  3090  9755 E AuthPII : 	at cpow.a(:com.google.android.gms@254730029@25.47.30 (190400-833691957):82)
12-27 03:05:30.815  3090  9755 E AuthPII : 	at kjj.a(:com.google.android.gms@254730029@25.47.30 (190400-833691957):19)
12-27 03:05:30.815  3090  9755 E AuthPII : 	at cppd.a(:com.google.android.gms@254730029@25.47.30 (190400-833691957):6)
12-27 03:05:30.815  3090  9755 E AuthPII : 	at btyo.a(:com.google.android.gms@254730029@25.47.30 (190400-833691957):9)
12-27 03:05:30.815  3090  9755 E AuthPII : 	at adpi.b(:com.google.android.gms@254730029@25.47.30 (190400-833691957):13)
12-27 03:05:30.815  3090  9755 E AuthPII : 	at adpi.a(:com.google.android.gms@254730029@25.47.30 (190400-833691957):141)
12-27 03:05:30.815  3090  9755 E AuthPII : 	at alqi.b(:com.google.android.gms@254730029@25.47.30 (190400-833691957):34)
12-27 03:05:30.815  3090  9755 E AuthPII : 	at aeka.d(:com.google.android.gms@254730029@25.47.30 (190400-833691957):170)
12-27 03:05:30.815  3090  9755 E AuthPII : 	... 13 more
12-27 03:05:30.815  3090  9755 E AuthPII : Caused by: cpoz: Connectivity error
12-27 03:05:30.815  3090  9755 E AuthPII : 	at cpow.a(:com.google.android.gms@254730029@25.47.30 (190400-833691957):76)
12-27 03:05:30.815  3090  9755 E AuthPII : 	... 20 more
12-27 03:05:30.815  3090  9755 E AuthPII : Caused by: java.io.IOException
12-27 03:05:30.815  3090  9755 E AuthPII : 	at cpow.a(:com.google.android.gms@254730029@25.47.30 (190400-833691957):73)
12-27 03:05:30.815  3090  9755 E AuthPII : 	... 20 more
12-27 03:05:30.816  3090  9755 I Auth    : (REDACTED) [GetToken] GetToken failed for app=%s with non recoverable status code: %s 
12-27 03:05:30.816  3090  9755 W Auth    : [ChimeraGetToken] exception while trying to fetch auth tokens for app=com.google.android.gms, scope=oauth2:https://www.googleapis.com/auth/googlenow [CONTEXT service_id=153 ]
12-27 03:05:30.816  3090  9755 W Auth    : aejs: GetToken failed with status code: NetworkError
12-27 03:05:30.816  3090  9755 W Auth    : 	at aejx.b(:com.google.android.gms@254730029@25.47.30 (190400-833691957):349)
12-27 03:05:30.816  3090  9755 W Auth    : 	at xys.d(:com.google.android.gms@254730029@25.47.30 (190400-833691957):662)
12-27 03:05:30.816  3090  9755 W Auth    : 	at aedj.getAuthToken(:com.google.android.gms@254730029@25.47.30 (190400-833691957):412)
12-27 03:05:30.816  3090  9755 W Auth    : 	at android.accounts.AbstractAccountAuthenticator$Transport.getAuthToken(AbstractAccountAuthenticator.java:246)
12-27 03:05:30.816  3090  9755 W Auth    : 	at android.accounts.IAccountAuthenticator$Stub.onTransact(IAccountAuthenticator.java:242)
12-27 03:05:30.816  3090  9755 W Auth    : 	at android.os.Binder.transact(Binder.java:1164)
12-27 03:05:30.816  3090  9755 W Auth    : 	at cfvi.onTransact(:com.google.android.gms@254730029@25.47.30 (190400-833691957):10)
12-27 03:05:30.816  3090  9755 W Auth    : 	at android.os.Binder.transact(Binder.java:1164)
12-27 03:05:30.816  3090  9755 W Auth    : 	at bucj.onTransact(:com.google.android.gms@254730029@25.47.30 (190400-833691957):161)
12-27 03:05:30.816  3090  9755 W Auth    : 	at android.os.Binder.execTransactInternal(Binder.java:1285)
12-27 03:05:30.816  3090  9755 W Auth    : 	at android.os.Binder.execTransact(Binder.java:1244)
12-27 03:05:30.816  3090  9755 W GLSActivity: [GmsAccountAuthenticatorImpl] error status while fetching token:NetworkError
12-27 03:05:30.818  3616  4474 W adsz    : (REDACTED) IO exception for scope: %s
12-27 03:05:30.818  3616  4474 W adsz    : java.io.IOException: NetworkError
12-27 03:05:30.818  3616  4474 W adsz    : 	at android.accounts.AccountManager.convertErrorToException(AccountManager.java:2628)
12-27 03:05:30.818  3616  4474 W adsz    : 	at android.accounts.AccountManager.-$$Nest$mconvertErrorToException(Unknown Source:0)
12-27 03:05:30.818  3616  4474 W adsz    : 	at android.accounts.AccountManager$AmsTask$Response.onError(AccountManager.java:2479)
12-27 03:05:30.818  3616  4474 W adsz    : 	at android.accounts.IAccountManagerResponse$Stub.onTransact(IAccountManagerResponse.java:107)
12-27 03:05:30.818  3616  4474 W adsz    : 	at android.os.Binder.execTransactInternal(Binder.java:1285)
12-27 03:05:30.818  3616  4474 W adsz    : 	at android.os.Binder.execTransact(Binder.java:1244)
12-27 03:05:30.862   662   812 D libnos_transport: Calling App 2 with params 0x000a
12-27 03:05:30.863   662   812 E libnos_datagram: can't send spi message: Try again
12-27 03:05:30.868   662   812 E libnos_datagram: can't send spi message: Try again
12-27 03:05:30.875   662   812 E libnos_datagram: can't send spi message: Try again
12-27 03:05:30.880   662   812 E libnos_datagram: can't send spi message: Try again
12-27 03:05:30.886   662   812 E libnos_datagram: can't send spi message: Try again
12-27 03:05:30.894   662   812 D libnos_transport: App 2 inspection status=0x00000000 reply_len=0 protocol=1 flags=0x0000
12-27 03:05:30.894   662   812 D libnos_transport: Send app 2 command data (1564 bytes)
12-27 03:05:30.899  3090  9755 W Auth    : [TokenResponseCallback] TokenResponse failed with exception [CONTEXT service_id=343 ]
12-27 03:05:30.899  3090  9755 W Auth    : cpmc: Failed to process request
12-27 03:05:30.899  3090  9755 W Auth    : 	at cpmi.a(:com.google.android.gms@254730029@25.47.30 (190400-833691957):23)
12-27 03:05:30.899  3090  9755 W Auth    : 	at cppw.b(:com.google.android.gms@254730029@25.47.30 (190400-833691957):15)
12-27 03:05:30.899  3090  9755 W Auth    : 	at cpow.a(:com.google.android.gms@254730029@25.47.30 (190400-833691957):82)
12-27 03:05:30.899  3090  9755 W Auth    : 	at kjj.a(:com.google.android.gms@254730029@25.47.30 (190400-833691957):19)
12-27 03:05:30.899  3090  9755 W Auth    : 	at cppd.a(:com.google.android.gms@254730029@25.47.30 (190400-833691957):6)
12-27 03:05:30.899  3090  9755 W Auth    : 	at btyo.a(:com.google.android.gms@254730029@25.47.30 (190400-833691957):9)
12-27 03:05:30.899  3090  9755 W Auth    : 	at adpi.b(:com.google.android.gms@254730029@25.47.30 (190400-833691957):13)
12-27 03:05:30.899  3090  9755 W Auth    : 	at adpi.a(:com.google.android.gms@254730029@25.47.30 (190400-833691957):141)
12-27 03:05:30.899  3090  9755 W Auth    : 	at alqi.b(:com.google.android.gms@254730029@25.47.30 (190400-833691957):34)
12-27 03:05:30.899  3090  9755 W Auth    : 	at aeka.d(:com.google.android.gms@254730029@25.47.30 (190400-833691957):170)
12-27 03:05:30.899  3090  9755 W Auth    : 	at aeka.b(:com.google.android.gms@254730029@25.47.30 (190400-833691957):48)
12-27 03:05:30.899  3090  9755 W Auth    : 	at aejy.a(:com.google.android.gms@254730029@25.47.30 (190400-833691957):729)
12-27 03:05:30.899  3090  9755 W Auth    : 	at aejx.b(:com.google.android.gms@254730029@25.47.30 (190400-833691957):144)
12-27 03:05:30.899  3090  9755 W Auth    : 	at xys.d(:com.google.android.gms@254730029@25.47.30 (190400-833691957):662)
12-27 03:05:30.899  3090  9755 W Auth    : 	at aedj.getAuthToken(:com.google.android.gms@254730029@25.47.30 (190400-833691957):412)
12-27 03:05:30.899  3090  9755 W Auth    : 	at android.accounts.AbstractAccountAuthenticator$Transport.getAuthToken(AbstractAccountAuthenticator.java:246)
12-27 03:05:30.899  3090  9755 W Auth    : 	at android.accounts.IAccountAuthenticator$Stub.onTransact(IAccountAuthenticator.java:242)
12-27 03:05:30.899  3090  9755 W Auth    : 	at android.os.Binder.transact(Binder.java:1164)
12-27 03:05:30.899  3090  9755 W Auth    : 	at cfvi.onTransact(:com.google.android.gms@254730029@25.47.30 (190400-833691957):10)
12-27 03:05:30.899  3090  9755 W Auth    : 	at android.os.Binder.transact(Binder.java:1164)
12-27 03:05:30.899  3090  9755 W Auth    : 	at bucj.onTransact(:com.google.android.gms@254730029@25.47.30 (190400-833691957):161)
12-27 03:05:30.899  3090  9755 W Auth    : 	at android.os.Binder.execTransactInternal(Binder.java:1285)
12-27 03:05:30.899  3090  9755 W Auth    : 	at android.os.Binder.execTransact(Binder.java:1244)
12-27 03:05:30.899  3090  9755 W Auth    : Caused by: cpoz: Connectivity error
12-27 03:05:30.899  3090  9755 W Auth    : 	at cpow.a(:com.google.android.gms@254730029@25.47.30 (190400-833691957):76)
12-27 03:05:30.899  3090  9755 W Auth    : 	... 20 more
12-27 03:05:30.899  3090  9755 W Auth    : Caused by: java.io.IOException
12-27 03:05:30.899  3090  9755 W Auth    : 	at cpow.a(:com.google.android.gms@254730029@25.47.30 (190400-833691957):73)
12-27 03:05:30.899  3090  9755 W Auth    : 	... 20 more
12-27 03:05:30.905   662   812 D libnos_transport: Send app 2 go command 0x0002000a
12-27 03:05:30.905   662   812 D libnos_transport: Polling app 2
12-27 03:05:30.906  3090  9755 E AuthPII : [RequestTokenManager] getToken() -> NETWORK_ERROR. App: com.google.android.googlequicksearchbox, Service: oauth2:https://www.googleapis.com/auth/googlenow
12-27 03:05:30.906  3090  9755 E AuthPII : bcbb: Error when calling server using GmsNetworkStack.
12-27 03:05:30.906  3090  9755 E AuthPII : 	at aeka.b(:com.google.android.gms@254730029@25.47.30 (190400-833691957):1595)
12-27 03:05:30.906  3090  9755 E AuthPII : 	at aejy.a(:com.google.android.gms@254730029@25.47.30 (190400-833691957):729)
12-27 03:05:30.906  3090  9755 E AuthPII : 	at aejx.b(:com.google.android.gms@254730029@25.47.30 (190400-833691957):144)
12-27 03:05:30.906  3090  9755 E AuthPII : 	at xys.d(:com.google.android.gms@254730029@25.47.30 (190400-833691957):662)
12-27 03:05:30.906  3090  9755 E AuthPII : 	at aedj.getAuthToken(:com.google.android.gms@254730029@25.47.30 (190400-833691957):412)
12-27 03:05:30.906  3090  9755 E AuthPII : 	at android.accounts.AbstractAccountAuthenticator$Transport.getAuthToken(AbstractAccountAuthenticator.java:246)
12-27 03:05:30.906  3090  9755 E AuthPII : 	at android.accounts.IAccountAuthenticator$Stub.onTransact(IAccountAuthenticator.java:242)
12-27 03:05:30.906  3090  9755 E AuthPII : 	at android.os.Binder.transact(Binder.java:1164)
12-27 03:05:30.906  3090  9755 E AuthPII : 	at cfvi.onTransact(:com.google.android.gms@254730029@25.47.30 (190400-833691957):10)
12-27 03:05:30.906  3090  9755 E AuthPII : 	at android.os.Binder.transact(Binder.java:1164)
12-27 03:05:30.906  3090  9755 E AuthPII : 	at bucj.onTransact(:com.google.android.gms@254730029@25.47.30 (190400-833691957):161)
12-27 03:05:30.906  3090  9755 E AuthPII : 	at android.os.Binder.execTransactInternal(Binder.java:1285)
12-27 03:05:30.906  3090  9755 E AuthPII : 	at android.os.Binder.execTransact(Binder.java:1244)
12-27 03:05:30.906  3090  9755 E AuthPII : Caused by: bcbb: Error requesting token.
12-27 03:05:30.906  3090  9755 E AuthPII : 	at aeka.d(:com.google.android.gms@254730029@25.47.30 (190400-833691957):212)
12-27 03:05:30.906  3090  9755 E AuthPII : 	at aeka.b(:com.google.android.gms@254730029@25.47.30 (190400-833691957):48)
12-27 03:05:30.906  3090  9755 E AuthPII : 	... 12 more
12-27 03:05:30.906  3090  9755 E AuthPII : Caused by: java.util.concurrent.ExecutionException: cpmc: Failed to process request
12-27 03:05:30.906  3090  9755 E AuthPII : 	at gsiv.j(:com.google.android.gms@254730029@25.47.30 (190400-833691957):21)
12-27 03:05:30.906  3090  9755 E AuthPII : 	at gsje.v(:com.google.android.gms@254730029@25.47.30 (190400-833691957):107)
12-27 03:05:30.906  3090  9755 E AuthPII : 	at aeka.d(:com.google.android.gms@254730029@25.47.30 (190400-833691957):197)
12-27 03:05:30.906  3090  9755 E AuthPII : 	... 13 more
12-27 03:05:30.906  3090  9755 E AuthPII : Caused by: cpmc: Failed to process request
12-27 03:05:30.906  3090  9755 E AuthPII : 	at cpmi.a(:com.google.android.gms@254730029@25.47.30 (190400-833691957):23)
12-27 03:05:30.906  3090  9755 E AuthPII : 	at cppw.b(:com.google.android.gms@254730029@25.47.30 (190400-833691957):15)
12-27 03:05:30.906  3090  9755 E AuthPII : 	at cpow.a(:com.google.android.gms@254730029@25.47.30 (190400-833691957):82)
12-27 03:05:30.906  3090  9755 E AuthPII : 	at kjj.a(:com.google.android.gms@254730029@25.47.30 (190400-833691957):19)
12-27 03:05:30.906  3090  9755 E AuthPII : 	at cppd.a(:com.google.android.gms@254730029@25.47.30 (190400-833691957):6)
12-27 03:05:30.906  3090  9755 E AuthPII : 	at btyo.a(:com.google.android.gms@254730029@25.47.30 (190400-833691957):9)
12-27 03:05:30.906  3090  9755 E AuthPII : 	at adpi.b(:com.google.android.gms@254730029@25.47.30 (190400-833691957):13)
12-27 03:05:30.906  3090  9755 E AuthPII : 	at adpi.a(:com.google.android.gms@254730029@25.47.30 (190400-833691957):141)
12-27 03:05:30.906  3090  9755 E AuthPII : 	at alqi.b(:com.google.android.gms@254730029@25.47.30 (190400-833691957):34)
12-27 03:05:30.906  3090  9755 E AuthPII : 	at aeka.d(:com.google.android.gms@254730029@25.47.30 (190400-833691957):170)
12-27 03:05:30.906  3090  9755 E AuthPII : 	... 13 more
12-27 03:05:30.906  3090  9755 E AuthPII : Caused by: cpoz: Connectivity error
12-27 03:05:30.906  3090  9755 E AuthPII : 	at cpow.a(:com.google.android.gms@254730029@25.47.30 (190400-833691957):76)
12-27 03:05:30.906  3090  9755 E AuthPII : 	... 20 more
12-27 03:05:30.906  3090  9755 E AuthPII : Caused by: java.io.IOException
12-27 03:05:30.906  3090  9755 E AuthPII : 	at cpow.a(:com.google.android.gms@254730029@25.47.30 (190400-833691957):73)
12-27 03:05:30.906  3090  9755 E AuthPII : 	... 20 more
12-27 03:05:30.907  3090  9755 E AuthPII : Message is Error when calling server using GmsNetworkStack.
12-27 03:05:30.907  3090  9755 E AuthPII : bcbb: Error when calling server using GmsNetworkStack.
12-27 03:05:30.907  3090  9755 E AuthPII : 	at aeka.b(:com.google.android.gms@254730029@25.47.30 (190400-833691957):1595)
12-27 03:05:30.907  3090  9755 E AuthPII : 	at aejy.a(:com.google.android.gms@254730029@25.47.30 (190400-833691957):729)
12-27 03:05:30.907  3090  9755 E AuthPII : 	at aejx.b(:com.google.android.gms@254730029@25.47.30 (190400-833691957):144)
12-27 03:05:30.907  3090  9755 E AuthPII : 	at xys.d(:com.google.android.gms@254730029@25.47.30 (190400-833691957):662)
12-27 03:05:30.907  3090  9755 E AuthPII : 	at aedj.getAuthToken(:com.google.android.gms@254730029@25.47.30 (190400-833691957):412)
12-27 03:05:30.907  3090  9755 E AuthPII : 	at android.accounts.AbstractAccountAuthenticator$Transport.getAuthToken(AbstractAccountAuthenticator.java:246)
12-27 03:05:30.907  3090  9755 E AuthPII : 	at android.accounts.IAccountAuthenticator$Stub.onTransact(IAccountAuthenticator.java:242)
12-27 03:05:30.907  3090  9755 E AuthPII : 	at android.os.Binder.transact(Binder.java:1164)
12-27 03:05:30.907  3090  9755 E AuthPII : 	at cfvi.onTransact(:com.google.android.gms@254730029@25.47.30 (190400-833691957):10)
12-27 03:05:30.907  3090  9755 E AuthPII : 	at android.os.Binder.transact(Binder.java:1164)
12-27 03:05:30.907  3090  9755 E AuthPII : 	at bucj.onTransact(:com.google.android.gms@254730029@25.47.30 (190400-833691957):161)
12-27 03:05:30.907  3090  9755 E AuthPII : 	at android.os.Binder.execTransactInternal(Binder.java:1285)
12-27 03:05:30.907  3090  9755 E AuthPII : 	at android.os.Binder.execTransact(Binder.java:1244)
12-27 03:05:30.907  3090  9755 E AuthPII : Caused by: bcbb: Error requesting token.
12-27 03:05:30.907  3090  9755 E AuthPII : 	at aeka.d(:com.google.android.gms@254730029@25.47.30 (190400-833691957):212)
12-27 03:05:30.907  3090  9755 E AuthPII : 	at aeka.b(:com.google.android.gms@254730029@25.47.30 (190400-833691957):48)
12-27 03:05:30.907  3090  9755 E AuthPII : 	... 12 more
12-27 03:05:30.907  3090  9755 E AuthPII : Caused by: java.util.concurrent.ExecutionException: cpmc: Failed to process request
12-27 03:05:30.907  3090  9755 E AuthPII : 	at gsiv.j(:com.google.android.gms@254730029@25.47.30 (190400-833691957):21)
12-27 03:05:30.907  3090  9755 E AuthPII : 	at gsje.v(:com.google.android.gms@254730029@25.47.30 (190400-833691957):107)
12-27 03:05:30.907  3090  9755 E AuthPII : 	at aeka.d(:com.google.android.gms@254730029@25.47.30 (190400-833691957):197)
12-27 03:05:30.907  3090  9755 E AuthPII : 	... 13 more
12-27 03:05:30.907  3090  9755 E AuthPII : Caused by: cpmc: Failed to process request
12-27 03:05:30.907  3090  9755 E AuthPII : 	at cpmi.a(:com.google.android.gms@254730029@25.47.30 (190400-833691957):23)
12-27 03:05:30.907  3090  9755 E AuthPII : 	at cppw.b(:com.google.android.gms@254730029@25.47.30 (190400-833691957):15)
12-27 03:05:30.907  3090  9755 E AuthPII : 	at cpow.a(:com.google.android.gms@254730029@25.47.30 (190400-833691957):82)
12-27 03:05:30.907  3090  9755 E AuthPII : 	at kjj.a(:com.google.android.gms@254730029@25.47.30 (190400-833691957):19)
12-27 03:05:30.907  3090  9755 E AuthPII : 	at cppd.a(:com.google.android.gms@254730029@25.47.30 (190400-833691957):6)
12-27 03:05:30.907  3090  9755 E AuthPII : 	at btyo.a(:com.google.android.gms@254730029@25.47.30 (190400-833691957):9)
12-27 03:05:30.907  3090  9755 E AuthPII : 	at adpi.b(:com.google.android.gms@254730029@25.47.30 (190400-833691957):13)
12-27 03:05:30.907  3090  9755 E AuthPII : 	at adpi.a(:com.google.android.gms@254730029@25.47.30 (190400-833691957):141)
12-27 03:05:30.907  3090  9755 E AuthPII : 	at alqi.b(:com.google.android.gms@254730029@25.47.30 (190400-833691957):34)
12-27 03:05:30.907  3090  9755 E AuthPII : 	at aeka.d(:com.google.android.gms@254730029@25.47.30 (190400-833691957):170)
12-27 03:05:30.907  3090  9755 E AuthPII : 	... 13 more
12-27 03:05:30.907  3090  9755 E AuthPII : Caused by: cpoz: Connectivity error
12-27 03:05:30.907  3090  9755 E AuthPII : 	at cpow.a(:com.google.android.gms@254730029@25.47.30 (190400-833691957):76)
12-27 03:05:30.907  3090  9755 E AuthPII : 	... 20 more
12-27 03:05:30.907  3090  9755 E AuthPII : Caused by: java.io.IOException
12-27 03:05:30.907  3090  9755 E AuthPII : 	at cpow.a(:com.google.android.gms@254730029@25.47.30 (190400-833691957):73)
12-27 03:05:30.907  3090  9755 E AuthPII : 	... 20 more
12-27 03:05:30.907  3090  9755 I Auth    : (REDACTED) [GetToken] GetToken failed for app=%s with non recoverable status code: %s 
12-27 03:05:30.908  3090  9755 W Auth    : [ChimeraGetToken] exception while trying to fetch auth tokens for app=com.google.android.gms, scope=oauth2:https://www.googleapis.com/auth/googlenow [CONTEXT service_id=153 ]
12-27 03:05:30.908  3090  9755 W Auth    : aejs: GetToken failed with status code: NetworkError
12-27 03:05:30.908  3090  9755 W Auth    : 	at aejx.b(:com.google.android.gms@254730029@25.47.30 (190400-833691957):349)
12-27 03:05:30.908  3090  9755 W Auth    : 	at xys.d(:com.google.android.gms@254730029@25.47.30 (190400-833691957):662)
12-27 03:05:30.908  3090  9755 W Auth    : 	at aedj.getAuthToken(:com.google.android.gms@254730029@25.47.30 (190400-833691957):412)
12-27 03:05:30.908  3090  9755 W Auth    : 	at android.accounts.AbstractAccountAuthenticator$Transport.getAuthToken(AbstractAccountAuthenticator.java:246)
12-27 03:05:30.908  3090  9755 W Auth    : 	at android.accounts.IAccountAuthenticator$Stub.onTransact(IAccountAuthenticator.java:242)
12-27 03:05:30.908  3090  9755 W Auth    : 	at android.os.Binder.transact(Binder.java:1164)
12-27 03:05:30.908  3090  9755 W Auth    : 	at cfvi.onTransact(:com.google.android.gms@254730029@25.47.30 (190400-833691957):10)
12-27 03:05:30.908  3090  9755 W Auth    : 	at android.os.Binder.transact(Binder.java:1164)
12-27 03:05:30.908  3090  9755 W Auth    : 	at bucj.onTransact(:com.google.android.gms@254730029@25.47.30 (190400-833691957):161)
12-27 03:05:30.908  3090  9755 W Auth    : 	at android.os.Binder.execTransactInternal(Binder.java:1285)
12-27 03:05:30.908  3090  9755 W Auth    : 	at android.os.Binder.execTransact(Binder.java:1244)
12-27 03:05:30.908  3090  9755 W GLSActivity: [GmsAccountAuthenticatorImpl] error status while fetching token:NetworkError
12-27 03:05:30.912  3616  4474 W adsz    : (REDACTED) IO exception for scope: %s
12-27 03:05:30.912  3616  4474 W adsz    : java.io.IOException: NetworkError
12-27 03:05:30.912  3616  4474 W adsz    : 	at android.accounts.AccountManager.convertErrorToException(AccountManager.java:2628)
12-27 03:05:30.912  3616  4474 W adsz    : 	at android.accounts.AccountManager.-$$Nest$mconvertErrorToException(Unknown Source:0)
12-27 03:05:30.912  3616  4474 W adsz    : 	at android.accounts.AccountManager$AmsTask$Response.onError(AccountManager.java:2479)
12-27 03:05:30.912  3616  4474 W adsz    : 	at android.accounts.IAccountManagerResponse$Stub.onTransact(IAccountManagerResponse.java:107)
12-27 03:05:30.912  3616  4474 W adsz    : 	at android.os.Binder.execTransactInternal(Binder.java:1285)
12-27 03:05:30.912  3616  4474 W adsz    : 	at android.os.Binder.execTransact(Binder.java:1244)
12-27 03:05:30.913  2517  9804 D TrafficStats: tagSocket(95) with statsTag=0xffffff81, statsUid=-1
12-27 03:05:30.920  3090  3101 W .gms.persistent: Cleared Reference was only reachable from finalizer (only reported once)
12-27 03:05:30.935   662   812 D libnos_transport: App 2 polled=13 status=0x80000000 reply_len=17 flags=0x0000
12-27 03:05:30.935   662   812 D libnos_transport: Read app 2 reply data (17 bytes)
12-27 03:05:30.935   662   812 D libnos_transport: App 2 returning 0x0
12-27 03:05:30.936   662   811 D libnos_transport: Calling App 2 with params 0x000b
12-27 03:05:30.940   662   811 D libnos_transport: App 2 inspection status=0x00000000 reply_len=0 protocol=1 flags=0x0000
12-27 03:05:30.940   662   811 D libnos_transport: Send app 2 command data (407 bytes)
12-27 03:05:30.943   662   811 D libnos_transport: Send app 2 go command 0x0002000b
12-27 03:05:30.943   662   811 D libnos_transport: Polling app 2
12-27 03:05:30.949   662   811 D libnos_transport: App 2 polled=3 status=0x80000000 reply_len=3 flags=0x0000
12-27 03:05:30.949   662   811 D libnos_transport: Read app 2 reply data (3 bytes)
12-27 03:05:30.950   662   811 D libnos_transport: App 2 returning 0x0
12-27 03:05:30.950   662   811 D libnos_transport: Calling App 2 with params 0x000b
12-27 03:05:30.956   662   811 D libnos_transport: App 2 inspection status=0x00000000 reply_len=0 protocol=1 flags=0x0000
12-27 03:05:30.956   662   811 D libnos_transport: Send app 2 command data (407 bytes)
12-27 03:05:30.959   662   811 D libnos_transport: Send app 2 go command 0x0002000b
12-27 03:05:30.959   662   811 D libnos_transport: Polling app 2
12-27 03:05:30.965   662   811 D libnos_transport: App 2 polled=3 status=0x80000000 reply_len=3 flags=0x0000
12-27 03:05:30.965   662   811 D libnos_transport: Read app 2 reply data (3 bytes)
12-27 03:05:30.966   662   811 D libnos_transport: App 2 returning 0x0
12-27 03:05:30.966   662   811 D libnos_transport: Calling App 2 with params 0x000b
12-27 03:05:30.968   662   811 D libnos_transport: App 2 inspection status=0x00000000 reply_len=0 protocol=1 flags=0x0000
12-27 03:05:30.968   662   811 D libnos_transport: Send app 2 command data (59 bytes)
12-27 03:05:30.969   662   811 D libnos_transport: Send app 2 go command 0x0002000b
12-27 03:05:30.969   662   811 D libnos_transport: Polling app 2
12-27 03:05:30.976   662   811 D libnos_transport: App 2 polled=2 status=0x80000000 reply_len=2 flags=0x0000
12-27 03:05:30.976   662   811 D libnos_transport: Read app 2 reply data (2 bytes)
12-27 03:05:30.977   662   811 D libnos_transport: App 2 returning 0x0
12-27 03:05:30.977   662   812 D libnos_transport: Calling App 2 with params 0x000c
12-27 03:05:30.979   662   812 D libnos_transport: App 2 inspection status=0x00000000 reply_len=0 protocol=1 flags=0x0000
12-27 03:05:30.979   662   812 D libnos_transport: Send app 2 command data (20 bytes)
12-27 03:05:30.980   662   812 D libnos_transport: Send app 2 go command 0x0002000c
12-27 03:05:30.980   662   812 D libnos_transport: Polling app 2
12-27 03:05:31.009   662   812 D libnos_transport: App 2 polled=12 status=0x80000000 reply_len=73 flags=0x0000
12-27 03:05:31.009   662   812 D libnos_transport: Read app 2 reply data (73 bytes)
12-27 03:05:31.011   662   812 D libnos_transport: App 2 returning 0x0
12-27 03:05:31.020   662   812 D libnos_transport: Calling App 2 with params 0x000a
12-27 03:05:31.022   662   812 D libnos_transport: App 2 inspection status=0x00000000 reply_len=0 protocol=1 flags=0x0000
12-27 03:05:31.022   662   812 D libnos_transport: Send app 2 command data (1564 bytes)
12-27 03:05:31.033   662   812 D libnos_transport: Send app 2 go command 0x0002000a
12-27 03:05:31.034   662   812 D libnos_transport: Polling app 2
12-27 03:05:31.044   662   812 D libnos_transport: App 2 polled=4 status=0x80000000 reply_len=18 flags=0x0000
12-27 03:05:31.044   662   812 D libnos_transport: Read app 2 reply data (18 bytes)
12-27 03:05:31.045  1885  2347 D ConnectivityService: NetReassign [no changes]
12-27 03:05:31.045   662   812 D libnos_transport: App 2 returning 0x0
12-27 03:05:31.047   662   812 D libnos_transport: Calling App 2 with params 0x000b
12-27 03:05:31.049   662   812 D libnos_transport: App 2 inspection status=0x00000000 reply_len=0 protocol=1 flags=0x0000
12-27 03:05:31.049   662   812 D libnos_transport: Send app 2 command data (408 bytes)
12-27 03:05:31.052   662   812 D libnos_transport: Send app 2 go command 0x0002000b
12-27 03:05:31.052   662   812 D libnos_transport: Polling app 2
12-27 03:05:31.057   662   812 D libnos_transport: App 2 polled=2 status=0x80000000 reply_len=3 flags=0x0000
12-27 03:05:31.057   662   812 D libnos_transport: Read app 2 reply data (3 bytes)
12-27 03:05:31.059   662   812 D libnos_transport: App 2 returning 0x0
12-27 03:05:31.059   662   811 D libnos_transport: Calling App 2 with params 0x000b
12-27 03:05:31.061   662   811 D libnos_transport: App 2 inspection status=0x00000000 reply_len=0 protocol=1 flags=0x0000
12-27 03:05:31.061   662   811 D libnos_transport: Send app 2 command data (408 bytes)
12-27 03:05:31.064   662   811 D libnos_transport: Send app 2 go command 0x0002000b
12-27 03:05:31.065   662   811 D libnos_transport: Polling app 2
12-27 03:05:31.071   662   811 D libnos_transport: App 2 polled=3 status=0x80000000 reply_len=3 flags=0x0000
12-27 03:05:31.071   662   811 D libnos_transport: Read app 2 reply data (3 bytes)
12-27 03:05:31.071   662   811 D libnos_transport: App 2 returning 0x0
12-27 03:05:31.072   662   812 D libnos_transport: Calling App 2 with params 0x000b
12-27 03:05:31.074   662   812 D libnos_transport: App 2 inspection status=0x00000000 reply_len=0 protocol=1 flags=0x0000
12-27 03:05:31.074   662   812 D libnos_transport: Send app 2 command data (60 bytes)
12-27 03:05:31.075   662   812 D libnos_transport: Send app 2 go command 0x0002000b
12-27 03:05:31.075   662   812 D libnos_transport: Polling app 2
12-27 03:05:31.080   662   812 D libnos_transport: App 2 polled=2 status=0x80000000 reply_len=2 flags=0x0000
12-27 03:05:31.080   662   812 D libnos_transport: Read app 2 reply data (2 bytes)
12-27 03:05:31.080   662   812 D libnos_transport: App 2 returning 0x0
12-27 03:05:31.081   662   811 D libnos_transport: Calling App 2 with params 0x000c
12-27 03:05:31.083   662   811 D libnos_transport: App 2 inspection status=0x00000000 reply_len=0 protocol=1 flags=0x0000
12-27 03:05:31.083   662   811 D libnos_transport: Send app 2 command data (21 bytes)
12-27 03:05:31.084   662   811 D libnos_transport: Send app 2 go command 0x0002000c
12-27 03:05:31.084   662   811 D libnos_transport: Polling app 2
12-27 03:05:31.110   662   811 D libnos_transport: App 2 polled=12 status=0x80000000 reply_len=73 flags=0x0000
12-27 03:05:31.110   662   811 D libnos_transport: Read app 2 reply data (73 bytes)
12-27 03:05:31.111   662   811 D libnos_transport: App 2 returning 0x0
12-27 03:05:31.384  9661  9728 W unknown:ReactNative: StatusBarModule: Ignored status bar change, current activity is edge-to-edge.
12-27 03:05:31.384  9661  9728 W unknown:ReactNative: StatusBarModule: Ignored status bar change, current activity is edge-to-edge.
12-27 03:05:31.611   662   677 D libnos_transport: Calling App 0 with params 0x0200
12-27 03:05:31.614   662   677 D libnos_transport: App 0 inspection status=0x00000000 reply_len=0 protocol=1 flags=0x0000
12-27 03:05:31.614   662   677 D libnos_transport: Send app 0 command data (0 bytes)
12-27 03:05:31.615   662   677 D libnos_transport: Send app 0 go command 0x00000200
12-27 03:05:31.615   662   677 D libnos_transport: Polling app 0
12-27 03:05:31.619   662   677 D libnos_transport: App 0 polled=2 status=0x80000000 reply_len=92 flags=0x0000
12-27 03:05:31.619   662   677 D libnos_transport: Read app 0 reply data (92 bytes)
12-27 03:05:31.621   662   677 D libnos_transport: App 0 returning 0x0
12-27 03:05:31.849  3090  3090 W ThreadPoolForeg: type=1400 audit(0.0:358): avc: denied { write } for name="traced_producer" dev="tmpfs" ino=37398 scontext=u:r:gmscore_app:s0:c512,c768 tcontext=u:object_r:traced_producer_socket:s0 tclass=sock_file permissive=0 app=com.google.android.gms
12-27 03:05:32.286  3090  3786 E WakeLock: GCM_CONN_ALARM ** IS FORCE-RELEASED ON TIMEOUT ** [CONTEXT service_id=259 ]
12-27 03:05:32.513  9880  9880 W libc    : Access denied finding property "qemu.sf.lcd_density"
12-27 03:05:32.513  9880  9880 W libc    : Access denied finding property "qemu.sf.lcd_density"
12-27 03:05:32.509  9880  9880 W uiautomator: type=1400 audit(0.0:359): avc: denied { read } for name="u:object_r:qemu_sf_lcd_density_prop:s0" dev="tmpfs" ino=1325 scontext=u:r:shell:s0 tcontext=u:object_r:qemu_sf_lcd_density_prop:s0 tclass=file permissive=0
12-27 03:05:32.509  9880  9880 W uiautomator: type=1400 audit(0.0:360): avc: denied { read } for name="u:object_r:qemu_sf_lcd_density_prop:s0" dev="tmpfs" ino=1325 scontext=u:r:shell:s0 tcontext=u:object_r:qemu_sf_lcd_density_prop:s0 tclass=file permissive=0
12-27 03:05:32.520  3269  9854 W MediaProvider: isAppCloneUserPair failed. Users: 0 and 0
12-27 03:05:32.521  3269  9854 W MediaProvider: isAppCloneUserPair for user 0: false
12-27 03:05:32.545  3269  9854 V MediaProvider: Inserted id:1000001584 less than next row id backup:1000002000.
12-27 03:05:32.597  9880  9880 W AccessibilityNodeInfoDumper: Fetch time: 82ms
12-27 03:05:32.600  1885  4627 W WindowMagnificationMgr: requestConnection duplicated request: connect=false, mConnectionState=DISCONNECTED
12-27 03:05:32.600  3242  3285 I AiAiEcho: (REDACTED) Settings changed for uri: %s
