02-09 20:33:28.540  4827  4990 V WindowManagerShell: Transition requested (#12119): android.os.BinderProxy@819960d TransitionRequestInfo { type = OPEN, triggerTask = TaskInfo{userId=0 taskId=1202 effectiveUid=10500 displayId=0 isRunning=true baseIntent=Intent { flg=0x10000000 cmp=com.anonymous.androidrn/.MainActivity } baseActivity=ComponentInfo{com.anonymous.androidrn/com.anonymous.androidrn.MainActivity} topActivity=ComponentInfo{com.anonymous.androidrn/com.anonymous.androidrn.MainActivity} origActivity=null realActivity=ComponentInfo{com.anonymous.androidrn/com.anonymous.androidrn.MainActivity} numActivities=1 lastActiveTime=773357337 supportsMultiWindow=true resizeMode=1 isResizeable=true minWidth=-1 minHeight=-1 maxWidth=-1 maxHeight=-1 defaultMinSize=220 desktopDefaultMinSize=304 token=WCT{android.window.IWindowContainerToken$Stub$Proxy@9ab09c2} topActivityType=1 pictureInPictureParams=null shouldDockBigOverlays=false launchIntoPipHostTaskId=-1 lastParentTaskIdBeforePip=-1 displayCutoutSafeInsets=Rect(0, 91 - 0, 0) topActivityInfo=ActivityInfo{8d873d3 com.anonymous.androidrn.MainActivity} launchCookies=[] positionInParent=Point(0, 0) parentTaskId=-1 isFocused=false isVisible=false isVisibleRequested=false isTopActivityNoDisplay=false isSleeping=false locusId=null displayAreaFeatureId=1 isTopActivityTransparent=false isActivityStackTransparent=false lastNonFullscreenBounds=Rect(81, 558 - 999, 1728) capturedLink=null capturedLinkTimestamp=0 requestedVisibleTypes=-9 topActivityRequestOpenInBrowserEducationTimestamp=0 appCompatTaskInfo=AppCompatTaskInfo { topActivityInSizeCompat=false eligibleForLetterboxEducation= false isLetterboxEducationEnabled= false isLetterboxDoubleTapEnabled= false eligibleForUserAspectRatioButton= false topActivityBoundsLetterboxed= false isFromLetterboxDoubleTap= false topActivityLetterboxVerticalPosition= -1 topActivityLetterboxHorizontalPosition= -1 topActivityLetterboxWidth=-1 topActivityLetterboxHeight=-1 topActivityAppBounds=Rect(0, 0 - 1080, 2340) isUserFullscreenOverrideEnabled=false isSystemFullscreenOverrideEnabled=false hasMinAspectRatioOverride=false topActivityLetterboxBounds=null cameraCompatTaskInfo=CameraCompatTaskInfo { freeformCameraCompatMode=inactive} topActivityBounds=null topActivityInDisplayCompat=false singleTapFromLetterbox=false} topActivityMainWindowFrame=null originallySupportedMultiWindow=true hasWallpaper=false rootAffinity=10500:com.anonymous.androidrn isTopTaskInStage=false CoverLauncherWidgetTask=false LaunchedFromAppsCoverLauncherTask=false LaunchedFromMultistarCoverLauncherTask=false isAllowedSeamlessRotation=false isTopTransparentActivity=false isAliasManaged=false hasConfigChanged=false snappingGuideBounds=null isAiKeyRemoveAppTask=false lastDesktopWindowingBounds=null lastExternalDesktopWindowingBounds=null safeCutoutInsets=null}, pipChange = null, remoteTransition = null, displayChange = null, flags = 0, debugId = 12119 }
02-09 20:33:28.540  2827  5671 I AppsFilter: interaction: PackageSetting{dee8e58 com.axon.demo/10486} -> PackageSetting{47e1da6 com.anonymous.androidrn/10500} BLOCKED
02-09 20:33:28.540  2827  5671 I AppsFilter: interaction: PackageSetting{56896 com.android.microdroid.empty_payload/10330} -> PackageSetting{47e1da6 com.anonymous.androidrn/10500} BLOCKED
02-09 20:33:28.541  2827  5671 V WindowManager: Collecting in transition 12119: ActivityRecord{128028621 u0 com.anonymous.androidrn/.MainActivity t1202}, caller=com.android.server.wm.TransitionController.collect:7 com.android.server.wm.ActivityRecord.setVisibility:132 com.android.server.wm.EnsureActivitiesVisibleHelper.process:459 com.android.server.wm.TaskFragment.updateActivityVisibilities:12 com.android.server.wm.Task$$ExternalSyntheticLambda37.accept:37 
02-09 20:33:28.544  2827  6484 D WindowManager: prepareSync <SYNC_STATE_WAITING_FOR_DRAW>, mPrepareSyncSeqId=0, win=Window{95e6e32 u0 Splash Screen com.anonymous.androidrn}
02-09 20:33:28.545  2827  6484 V WindowManager: addWindow: ActivityRecord{128028621 u0 com.anonymous.androidrn/.MainActivity t1202} startingWindow=Window{95e6e32 u0 Splash Screen com.anonymous.androidrn}
02-09 20:33:28.554  2827  8023 D CoreBackPreview: Window{95e6e32 u0 Splash Screen com.anonymous.androidrn}: Setting back callback OnBackInvokedCallbackInfo{mCallback=android.window.IOnBackInvokedCallback$Stub$Proxy@c1f7989, mPriority=0, mIsAnimationCallback=false, mOverrideBehavior=0}
02-09 20:33:28.556  2827  5672 D WindowManager: makeSurface duration=2 name=Splash Screen com.anonymous.androidrn$_4827
02-09 20:33:28.563  2827  5672 D WindowManager: finishDrawingWindow: Window{95e6e32 u0 Splash Screen com.anonymous.androidrn} mDrawState=DRAW_PENDING seqId=0
02-09 20:33:28.563  2827  5672 V WindowManager: Finishing drawing window Window{95e6e32 u0 Splash Screen com.anonymous.androidrn}: mDrawState=DRAW_PENDING
02-09 20:33:28.563  2827  5672 V WindowManager: Draw state now committed in Window{95e6e32 u0 Splash Screen com.anonymous.androidrn}
02-09 20:33:28.563  2827  3062 V WindowManager: performShowLocked: mDrawState=HAS_DRAWN in Window{95e6e32 u0 Splash Screen com.anonymous.androidrn}
02-09 20:33:28.563  2827  3062 D WindowManagerServiceExt: updateTaskbarTargetIfNeeded: cn=ComponentInfo{com.anonymous.androidrn/com.anonymous.androidrn.MainActivity} occludesParent=true isInSplitScreenMode=false
02-09 20:33:28.563  2827  3062 D ChangeTransitionController:    ChangeInfo{b2dfdda container=ActivityRecord{128028621 u0 com.anonymous.androidrn/.MainActivity t1202} flags=0x0}
02-09 20:33:28.563  2827  3062 D ChangeTransitionController:    ChangeInfo{c6258e8 container=Task{f28e082 #1202 type=standard A=10500:com.anonymous.androidrn} flags=0x0}
02-09 20:33:28.563  2827  3062 V WindowManager: Start calculating TransitionInfo based on participants: {ActivityRecord{49585651 u0 com.azure.authenticator/com.microsoft.authenticator.commonuilibrary.ui.AppLockActivity t1198}, ActivityRecord{128028621 u0 com.anonymous.androidrn/.MainActivity t1202}, Task{f28e082 #1202 type=standard A=10500:com.anonymous.androidrn}}
02-09 20:33:28.563  2827  3062 V WindowManager:   Final targets: [ChangeInfo{c6258e8 container=Task{f28e082 #1202 type=standard A=10500:com.anonymous.androidrn} flags=0x10}, ChangeInfo{f247069 container=Task{9ac4ac8 #1198 type=standard A=10391:com.azure.authenticator} flags=0x10}]
02-09 20:33:28.564  2827  3062 V WindowManager:         {WCT{RemoteToken{c0aaa25 Task{f28e082 #1202 type=standard A=10500:com.anonymous.androidrn}}} m=OPEN f=NONE leash=Surface(name=Task=1202)/@0x9df5b8f sb=Rect(0, 0 - 1080, 2340) eb=Rect(0, 0 - 1080, 2340) epz=Point(1080, 2340) d=0 taskParent=-1 inset=Rect(0, 91 - 0, 144) dim=true},
02-09 20:33:28.564  2827  3091 I ActivityManager: Start proc 10270:com.anonymous.androidrn/u0a500 for next-top-activity {com.anonymous.androidrn/com.anonymous.androidrn.MainActivity}
02-09 20:33:28.567  2827  3058 V WindowManager: Sent Transition (#12119) createdAt=02-09 20:33:28.536 via request=TransitionRequestInfo { type = OPEN, triggerTask = TaskInfo{userId=0 taskId=1202 effectiveUid=10500 displayId=0 isRunning=true baseIntent=Intent { flg=0x10000000 cmp=com.anonymous.androidrn/.MainActivity } baseActivity=ComponentInfo{com.anonymous.androidrn/com.anonymous.androidrn.MainActivity} topActivity=ComponentInfo{com.anonymous.androidrn/com.anonymous.androidrn.MainActivity} origActivity=null realActivity=ComponentInfo{com.anonymous.androidrn/com.anonymous.androidrn.MainActivity} numActivities=1 lastActiveTime=773357337 supportsMultiWindow=true resizeMode=1 isResizeable=true minWidth=-1 minHeight=-1 maxWidth=-1 maxHeight=-1 defaultMinSize=220 desktopDefaultMinSize=304 token=WCT{RemoteToken{c0aaa25 Task{f28e082 #1202 type=standard A=10500:com.anonymous.androidrn}}} topActivityType=1 pictureInPictureParams=null shouldDockBigOverlays=false launchIntoPipHostTaskId=-1 lastParentTaskIdBeforePip=-1 displayCutoutSafeInsets=Rect(0, 91 - 0, 0) topActivityInfo=ActivityInfo{60c3a1 com.anonymous.androidrn.MainActivity} launchCookies=[] positionInParent=Point(0, 0) parentTaskId=-1 isFocused=false isVisible=false isVisibleRequested=false isTopActivityNoDisplay=false isSleeping=false locusId=null displayAreaFeatureId=1 isTopActivityTransparent=false isActivityStackTransparent=false lastNonFullscreenBounds=Rect(81, 558 - 999, 1728) capturedLink=null capturedLinkTimestamp=0 requestedVisibleTypes=-9 topActivityRequestOpenInBrowserEducationTimestamp=0 appCompatTaskInfo=AppCompatTaskInfo { topActivityInSizeCompat=false eligibleForLetterboxEducation= false isLetterboxEducationEnabled= false isLetterboxDoubleTapEnabled= false eligibleForUserAspectRatioButton= false topActivityBoundsLetterboxed= false isFromLetterboxDoubleTap= false topActivityLetterboxVerticalPosition= -1 topActivityLetterboxHorizontalPosition= -1 topActivityLetterboxWidth=-1 topActivityLetterboxHeight=-1 topActivityAppBounds=Rect(0, 0 - 1080, 2340) isUserFullscreenOverrideEnabled=false isSystemFullscreenOverrideEnabled=false hasMinAspectRatioOverride=false topActivityLetterboxBounds=null cameraCompatTaskInfo=CameraCompatTaskInfo { freeformCameraCompatMode=inactive} topActivityBounds=null topActivityInDisplayCompat=false singleTapFromLetterbox=false} topActivityMainWindowFrame=null originallySupportedMultiWindow=true hasWallpaper=false rootAffinity=10500:com.anonymous.androidrn isTopTaskInStage=false CoverLauncherWidgetTask=false LaunchedFromAppsCoverLauncherTask=false LaunchedFromMultistarCoverLauncherTask=false isAllowedSeamlessRotation=false isTopTransparentActivity=false isAliasManaged=false hasConfigChanged=false snappingGuideBounds=null isAiKeyRemoveAppTask=false lastDesktopWindowingBounds=null lastExternalDesktopWindowingBounds=null safeCutoutInsets=null}, pipChange = null, remoteTransition = null, displayChange = null, flags = 0, debugId = 12119 }
02-09 20:33:28.567  2827  3058 V WindowManager:         {WCT{RemoteToken{c0aaa25 Task{f28e082 #1202 type=standard A=10500:com.anonymous.androidrn}}} m=OPEN f=NONE leash=Surface(name=Task=1202)/@0x9df5b8f sb=Rect(0, 0 - 1080, 2340) eb=Rect(0, 0 - 1080, 2340) epz=Point(1080, 2340) d=0 taskParent=-1 inset=Rect(0, 91 - 0, 144) dim=true},
02-09 20:33:28.567  2827  3062 D InsetsSourceProvider: updateControlForTarget: control=InsetsSourceControl: {fcb20000 mType=statusBars initiallyVisible mSurfacePosition=Point(0, 0) mInsetsHint=Insets{left=0, top=91, right=0, bottom=0}}, target=Window{95e6e32 u0 Splash Screen com.anonymous.androidrn}, from=com.android.server.wm.InsetsStateController.onControlTargetChanged:83 com.android.server.wm.InsetsPolicy.updateBarControlTarget:212 com.android.server.wm.DisplayPolicy.updateSystemBarAttributes:262 com.android.server.wm.DisplayPolicy.finishPostLayoutPolicyLw:17 com.android.server.wm.RootWindowContainer.applySurfaceChangesTransaction$1:195 
02-09 20:33:28.567  2827  3062 D InsetsSourceProvider: updateControlForTarget: control=InsetsSourceControl: {f9470001 mType=navigationBars initiallyVisible mSurfacePosition=Point(0, 2196) mInsetsHint=Insets{left=0, top=0, right=0, bottom=144}}, target=Window{95e6e32 u0 Splash Screen com.anonymous.androidrn}, from=com.android.server.wm.InsetsStateController.onControlTargetChanged:83 com.android.server.wm.InsetsPolicy.updateBarControlTarget:225 com.android.server.wm.DisplayPolicy.updateSystemBarAttributes:262 com.android.server.wm.DisplayPolicy.finishPostLayoutPolicyLw:17 com.android.server.wm.RootWindowContainer.applySurfaceChangesTransaction$1:195 
02-09 20:33:28.567  2827  3062 D WindowManager: updateSystemBarAttributes: displayId=0, focusedCanBeNavColorWin=false, win=Window{95e6e32 u0 Splash Screen com.anonymous.androidrn}, navColorWin=Window{95e6e32 u0 Splash Screen com.anonymous.androidrn}, caller=com.android.server.wm.DisplayPolicy.finishPostLayoutPolicyLw:17 com.android.server.wm.RootWindowContainer.applySurfaceChangesTransaction$1:195 com.android.server.wm.RootWindowContainer.performSurfacePlacementNoTrace:59 
02-09 20:33:28.568  2827  8023 V WindowManager:    ChangeInfo{e97c22b container=ActivityRecord{40941233 u0 com.anonymous.androidrn/.MainActivity t1201 f} isExiting} flags=0x0}
02-09 20:33:28.568  2827  8023 V WindowManager:    ChangeInfo{ece5607 container=Task{fff7f17 #1201 type=standard A=10500:com.anonymous.androidrn} flags=0x0}
02-09 20:33:28.568  2827  8023 V WindowManager: Setting visibility of Window{55d2507 u0 com.anonymous.androidrn/com.anonymous.androidrn.MainActivity EXITING}: false, caller=com.android.server.wm.WindowContainer.sendAppVisibilityToClients:19 com.android.server.wm.WindowToken.setClientVisible:48 com.android.server.wm.ActivityRecord.commitVisibility:186 com.android.server.wm.TransitionController.finishTransition:846 com.android.server.wm.WindowOrganizerController.finishTransitionInner:31 
02-09 20:33:28.569  2827  8023 W WindowManager: Exception thrown during dispatchAppVisibility Window{55d2507 u0 com.anonymous.androidrn/com.anonymous.androidrn.MainActivity EXITING}
02-09 20:33:28.569  2827  8023 V WindowManager: Remove Window{55d2507 u0 com.anonymous.androidrn/com.anonymous.androidrn.MainActivity EXITING}: mSurfaceControl=Surface(name=com.anonymous.androidrn/com.anonymous.androidrn.MainActivity$_5416)/@0xd27afc3 mAnimatingExit=true mRemoveOnExit=true mHasSurface=true surfaceShowing=true animating=false app-animation=false callers=com.android.server.wm.WindowToken.removeAllWindowsIfPossible:45 com.android.server.wm.WindowToken.removeIfPossible:16 com.android.server.wm.WindowToken.handleCompleteDeferredRemoval:5 com.android.server.wm.WindowContainer.handleCompleteDeferredRemoval:21 com.android.server.wm.TaskFragment.handleCompleteDeferredRemoval:17 com.android.server.wm.WindowContainer.handleCompleteDeferredRemoval:21 
02-09 20:33:28.570  2827  8023 D ChangeTransitionController:    ChangeInfo{e97c22b container=ActivityRecord{40941233 u0 com.anonymous.androidrn/.MainActivity t-1 f} isExiting} flags=0x0}
02-09 20:33:28.570  2827  8023 D ChangeTransitionController:    ChangeInfo{ece5607 container=Task{fff7f17 #1201 type=standard A=10500:com.anonymous.androidrn} flags=0x0}
02-09 20:33:28.580  2827  3062 I WindowManager: notifyInsetsControlChanged, removed=false, win=Window{95e6e32 u0 Splash Screen com.anonymous.androidrn}, caller=com.android.server.wm.InsetsStateController$$ExternalSyntheticLambda1.run:137 com.android.server.wm.WindowAnimator$$ExternalSyntheticLambda2.onTransactionCommitted:26 android.view.SurfaceControl$Transaction$$ExternalSyntheticLambda4.run:0 android.os.Handler.handleCallback:995 android.os.Handler.dispatchMessage:103 android.os.Looper.loopOnce:273 
02-09 20:33:28.582  2827  3059 D HardcoderService: FG change to com.anonymous.androidrn (10500, 10270)
02-09 20:33:28.583  2827  3059 D HardcoderService: FG change to com.anonymous.androidrn (10500, 10270)
02-09 20:33:28.595 10270 10270 D ActivityThread: com.anonymous.androidrn will use render engine as VK
02-09 20:33:28.598  2827  6482 D WindowManager: rotationForOrientation, orientationSource=ActivityRecord{128028621 u0 com.anonymous.androidrn/.MainActivity t1202}
02-09 20:33:28.598  2827  6482 D SGM:FgCheckThread: notifyAppCreated(), packageName: com.anonymous.androidrn, userId: 0, sendRet: true
02-09 20:33:28.598  2827  4458 D SGM:FgCheckThread: onLooperPrepared(), msg: MSG_APP_CREATE, pkgName: com.anonymous.androidrn, userId: 0
02-09 20:33:28.598  2827  6482 D SGM:FgCheckThread:   sendRunningComponentFocus(), pkgName: com.anonymous.androidrn, userId: 0
02-09 20:33:28.598  2827  6482 D ActivityTaskManager: scheduleTopResumedActivityChanged, onTop=true, r=ActivityRecord{128028621 u0 com.anonymous.androidrn/.MainActivity t1202}, caller=com.android.server.wm.ActivityTaskSupervisor.scheduleTopResumedActivityStateIfNeeded:18 com.android.server.wm.ActivityTaskSupervisor.updateTopResumedActivityIfNeeded:54 com.android.server.wm.TaskFragment.setResumedActivity:30 com.android.server.wm.ActivityRecord.setState:100 com.android.server.wm.ActivityTaskSupervisor.realStartActivityLocked:487 com.android.server.wm.RootWindowContainer.attachApplication:100 
02-09 20:33:28.599  2827  4458 D SGM:FgCheckThread: onLooperPrepared(), msg: MSG_TASK_FOCUSED, pkgName: com.anonymous.androidrn, userId: 0
02-09 20:33:28.599  2827  4458 D SGM:FgCheckThread:   handleTaskFocused(), pkgName: com.anonymous.androidrn, userID:0
02-09 20:33:28.599  2827  4458 D SGM:FgCheckThread:   handleResume(). pkgName: com.anonymous.androidrn, userId: 0, category: non-game
02-09 20:33:28.599  2827  4458 D SGM:FgCheckThread: notifyFocusInOut(). of pkg: com.anonymous.androidrn, type: 4, isSecGameFamily: false, userId: 0
02-09 20:33:28.599  2827  3061 D SGM:FgCheckThread: noteResumeComponent(), received pkgName: com.anonymous.androidrn, userId: 0
02-09 20:33:28.599  2827  4458 D SGM:FgCheckThread: onLooperPrepared(), msg: MSG_APP_RESUME, pkgName: com.anonymous.androidrn, userid: 0
02-09 20:33:28.599  2827  4458 D SGM:FgCheckThread:   handleResume(). pkgName: com.anonymous.androidrn, userId: 0, category: non-game
02-09 20:33:28.599  2827  4458 D SGM:FgCheckThread: notifyFocusInOut(). of pkg: com.anonymous.androidrn, type: 4, isSecGameFamily: false, userId: 0
02-09 20:33:28.599 10270 10270 D ActivityThread: com.anonymous.androidrn will use render engine as VK
02-09 20:33:28.599  7906  8217 I SDHMS:k : handleResumeComponent : put = com.anonymous.androidrn, userid = 0 instanceid =257647507
02-09 20:33:28.600  2827  3061 D SGM:GameManager: identifyGamePackage. com.anonymous.androidrn, mCurrentUserId: 0, callingMethodInfo: com.samsung.android.game.SemGameManager.isGamePackage(SemGameManager.java:106)
02-09 20:33:28.600  2827  3061 D SGM:SemGameManager: isGamePackage(), pkgName=com.anonymous.androidrn, ret=false
02-09 20:33:28.658  2827  8023 D CoreBackPreview: Window{7188c57 u0 com.anonymous.androidrn/com.anonymous.androidrn.MainActivity}: Setting back callback OnBackInvokedCallbackInfo{mCallback=android.window.IOnBackInvokedCallback$Stub$Proxy@9a2af4f, mPriority=0, mIsAnimationCallback=false, mOverrideBehavior=0}
02-09 20:33:28.659  2827  6484 D WindowManager: makeSurface duration=0 name=com.anonymous.androidrn/com.anonymous.androidrn.MainActivity$_10270
02-09 20:33:28.659  2827  6484 D WindowManager: Changing focus from null to Window{7188c57 u0 com.anonymous.androidrn/com.anonymous.androidrn.MainActivity} displayId=0 Callers=com.android.server.wm.WindowManagerService.relayoutWindow:1350 com.android.server.wm.Session.relayout:27 android.view.IWindowSession$Stub.onTransact:829 com.android.server.wm.Session.onTransact:1 
02-09 20:33:28.660  2827  6484 D InsetsSourceProvider: updateControlForTarget: control=InsetsSourceControl: {fcb20000 mType=statusBars initiallyVisible mSurfacePosition=Point(0, 0) mInsetsHint=Insets{left=0, top=91, right=0, bottom=0}}, target=Window{7188c57 u0 com.anonymous.androidrn/com.anonymous.androidrn.MainActivity}, from=com.android.server.wm.InsetsStateController.onControlTargetChanged:83 com.android.server.wm.InsetsPolicy.updateBarControlTarget:212 com.android.server.wm.DisplayPolicy.updateSystemBarAttributes:262 com.android.server.wm.WindowManagerService.updateFocusedWindowLocked:372 com.android.server.wm.WindowManagerService.relayoutWindow:1350 
02-09 20:33:28.660  2827  6484 D InsetsSourceProvider: updateControlForTarget: control=InsetsSourceControl: {f9470001 mType=navigationBars initiallyVisible mSurfacePosition=Point(0, 2196) mInsetsHint=Insets{left=0, top=0, right=0, bottom=144}}, target=Window{7188c57 u0 com.anonymous.androidrn/com.anonymous.androidrn.MainActivity}, from=com.android.server.wm.InsetsStateController.onControlTargetChanged:83 com.android.server.wm.InsetsPolicy.updateBarControlTarget:225 com.android.server.wm.DisplayPolicy.updateSystemBarAttributes:262 com.android.server.wm.WindowManagerService.updateFocusedWindowLocked:372 com.android.server.wm.WindowManagerService.relayoutWindow:1350 
02-09 20:33:28.660  2827  6484 D WindowManager: updateSystemBarAttributes: displayId=0, focusedCanBeNavColorWin=false, win=Window{7188c57 u0 com.anonymous.androidrn/com.anonymous.androidrn.MainActivity}, navColorWin=Window{95e6e32 u0 Splash Screen com.anonymous.androidrn}, caller=com.android.server.wm.WindowManagerService.updateFocusedWindowLocked:372 com.android.server.wm.WindowManagerService.relayoutWindow:1350 com.android.server.wm.Session.relayout:27 
02-09 20:33:28.660  2827  6484 V SystemKeyManager: updateFocusedWindow() is called, com.anonymous.androidrn/com.anonymous.androidrn.MainActivity
02-09 20:33:28.665  2827  6484 D WindowManager: finishDrawingWindow: Window{7188c57 u0 com.anonymous.androidrn/com.anonymous.androidrn.MainActivity} mDrawState=DRAW_PENDING seqId=0
02-09 20:33:28.666  2827  3062 V WindowManager: Finish starting ActivityRecord{128028621 u0 com.anonymous.androidrn/.MainActivity t1202}: first real window is shown, no animation
02-09 20:33:28.666  2827  3062 V WindowManager: Schedule remove starting ActivityRecord{128028621 u0 com.anonymous.androidrn/.MainActivity t1202} startingWindow=Window{95e6e32 u0 Splash Screen com.anonymous.androidrn} animate=true Callers=com.android.server.wm.ActivityRecord.removeStartingWindow:178 com.android.server.wm.WindowState.performShowLocked:155 com.android.server.wm.WindowStateAnimator.commitFinishDrawingLocked:73 com.android.server.wm.DisplayContent$$ExternalSyntheticLambda1.accept$com$android$server$wm$DisplayContent$$ExternalSyntheticLambda37:23 com.android.server.wm.DisplayContent$$ExternalSyntheticLambda1.accept:143 
02-09 20:33:28.666  2827  3062 D TaskOrganizerController: applyStartingWindowAnimation, window=Window{7188c57 u0 com.anonymous.androidrn/com.anonymous.androidrn.MainActivity}, caller=com.android.server.wm.TaskOrganizerController.removeStartingWindow:132 com.android.server.wm.StartingSurfaceController$StartingSurface.remove:23 com.android.server.wm.ActivityRecord.removeStartingWindowAnimation:171 
02-09 20:33:28.666  2827  3062 I WindowManager: Reparenting to leash, surface=Surface(name=7188c57 com.anonymous.androidrn/com.anonymous.androidrn.MainActivity)/@0x6b94c8, leashParent=Surface(name=ActivityRecord{128028621 u0 com.anonymous.androidrn/.MainActivity t1202})/@0xfd37961
02-09 20:33:28.666  2827  3062 D WindowManager: makeSurface duration=0 leash=Surface(name=Surface(name=7188c57 com.anonymous.androidrn/com.anonymous.androidrn.MainActivity)/@0x6b94c8 - animation-leash of starting_reveal)/@0xe0c6c86
02-09 20:33:28.666  2827  3062 I ActivityTaskManager: done cause=notifyWindowsDrawn timestamp=314120185641474 info=TransitionInfo{9ff3947 a=ActivityRecord{128028621 u0 com.anonymous.androidrn/.MainActivity t1202} d=true}
02-09 20:33:28.666  2827  3062 V WindowManager: performShowLocked: mDrawState=HAS_DRAWN in Window{7188c57 u0 com.anonymous.androidrn/com.anonymous.androidrn.MainActivity}
02-09 20:33:28.670  2827  3058 I Pageboost: Launch time gathered : pid 10270 com.anonymous.androidrn 131
02-09 20:33:28.671  2827  3062 I WindowManager: notifyInsetsControlChanged, removed=false, win=Window{95e6e32 u0 Splash Screen com.anonymous.androidrn}, caller=com.android.server.wm.InsetsStateController$$ExternalSyntheticLambda1.run:137 com.android.server.wm.WindowAnimator$$ExternalSyntheticLambda2.onTransactionCommitted:26 android.view.SurfaceControl$Transaction$$ExternalSyntheticLambda4.run:0 android.os.Handler.handleCallback:995 android.os.Handler.dispatchMessage:103 android.os.Looper.loopOnce:273 
02-09 20:33:28.690  2827  8023 D SGM:GameManager: identifyForegroundApp. com.anonymous.androidrn, mCurrentUserId: 0, callerUserId: 0
02-09 20:33:28.690  2827  5671 D SGM:GameManager: identifyGamePackage. com.anonymous.androidrn, mCurrentUserId: 0, callingMethodInfo: com.samsung.android.game.IGameManagerService$Stub.onTransact(IGameManagerService.java:247)
02-09 20:33:28.693  2827  6482 D InsetsSourceProvider: updateControlForTarget: control=InsetsSourceControl: {3 mType=ime mSurfacePosition=Point(0, 91) mInsetsHint=Insets{left=0, top=0, right=0, bottom=932}}, target=Window{7188c57 u0 com.anonymous.androidrn/com.anonymous.androidrn.MainActivity}, from=com.android.server.wm.ImeInsetsSourceProvider.updateControlForTarget:17 com.android.server.wm.InsetsStateController.onControlTargetChanged:83 com.android.server.wm.DisplayContent.updateImeControlTarget:21 com.android.server.wm.DisplayContent.updateImeInputAndControlTarget:156 com.android.server.wm.WindowManagerService$LocalService.updateInputMethodTargetWindow:64 
02-09 20:33:28.714  2827  4632 D MdnieScenarioControlService:  packageName : com.anonymous.androidrn    className : com.anonymous.androidrn.MainActivity
02-09 20:33:28.723  2827  6482 D CoreBackPreview: Window{95e6e32 u0 Splash Screen com.anonymous.androidrn}: Setting back callback null
02-09 20:33:28.724  2827  6482 D WindowManager: Starting window removed Window{95e6e32 u0 Splash Screen com.anonymous.androidrn}
02-09 20:33:28.724  2827  6482 I WindowManager: Cancelling animation restarting=false, leash=Surface(name=Surface(name=7188c57 com.anonymous.androidrn/com.anonymous.androidrn.MainActivity)/@0x6b94c8 - animation-leash of starting_reveal)/@0xe0c6c86
02-09 20:33:28.724  2827  6482 I WindowManager: Reparenting to original parent: Surface(name=ActivityRecord{128028621 u0 com.anonymous.androidrn/.MainActivity t1202})/@0xfd37961, destroy=false, surface=Surface(name=7188c57 com.anonymous.androidrn/com.anonymous.androidrn.MainActivity)/@0x6b94c8
02-09 20:33:28.724  2827  6482 V WindowManager: Remove Window{95e6e32 u0 Splash Screen com.anonymous.androidrn}: mSurfaceControl=Surface(name=Splash Screen com.anonymous.androidrn$_4827)/@0xec85b7d mAnimatingExit=false mRemoveOnExit=false mHasSurface=true surfaceShowing=true animating=false app-animation=false callers=com.android.server.wm.Session.remove:16 android.view.IWindowSession$Stub.onTransact:804 com.android.server.wm.Session.onTransact:1 android.os.Binder.execTransactInternal:1462 android.os.Binder.execTransact:1401 <bottom of call stack> 
02-09 20:33:29.031  2827  6482 V WindowManager:    ChangeInfo{b2dfdda container=ActivityRecord{128028621 u0 com.anonymous.androidrn/.MainActivity t1202} flags=0x0}
02-09 20:33:29.031  2827  6482 V WindowManager:    ChangeInfo{c6258e8 container=Task{f28e082 #1202 type=standard A=10500:com.anonymous.androidrn} flags=0x10}
02-09 20:33:29.032  2827  6482 D WindowManager: updateSystemBarAttributes: displayId=0, focusedCanBeNavColorWin=false, win=Window{7188c57 u0 com.anonymous.androidrn/com.anonymous.androidrn.MainActivity}, navColorWin=Window{7188c57 u0 com.anonymous.androidrn/com.anonymous.androidrn.MainActivity}, caller=com.android.server.wm.DisplayPolicy.finishPostLayoutPolicyLw:17 com.android.server.wm.RootWindowContainer.applySurfaceChangesTransaction$1:195 com.android.server.wm.RootWindowContainer.performSurfacePlacementNoTrace:59 
02-09 20:33:29.033  2827  6482 D ChangeTransitionController:    ChangeInfo{b2dfdda container=ActivityRecord{128028621 u0 com.anonymous.androidrn/.MainActivity t1202} flags=0x0}
02-09 20:33:29.033  2827  6482 D ChangeTransitionController:    ChangeInfo{c6258e8 container=Task{f28e082 #1202 type=standard A=10500:com.anonymous.androidrn} flags=0x10}
02-09 20:33:29.046  2827  3061 D SGM:FgCheckThread: getForegroundApp(), foregroundPkgName=com.anonymous.androidrn
02-09 20:33:29.046  2827  3061 D SGM:FgCheckThread: noteStopComponent(), received pkgName: com.azure.authenticator, focusedPkgName: com.anonymous.androidrn, userId: 0
02-09 20:33:29.047  2827  3059 D SGM:GameManager: identifyForegroundApp. com.anonymous.androidrn, mCurrentUserId: 0, callerUserId: 0
02-09 20:33:29.047  2827  3059 D SGM:GameManager: identifyForegroundApp. com.anonymous.androidrn, mCurrentUserId: 0, callerUserId: 0
02-09 20:33:29.178  2827  4632 D MdnieScenarioControlService:  packageName : com.anonymous.androidrn    className : com.anonymous.androidrn.MainActivity
02-09 20:33:29.193  2827  3061 D SGM:GameManager: identifyForegroundApp. com.anonymous.androidrn, mCurrentUserId: 0, callerUserId: 0
02-09 20:35:24.677  2827  3185 D ActivityTaskManager: scheduleTopResumedActivityChanged, onTop=false, r=ActivityRecord{128028621 u0 com.anonymous.androidrn/.MainActivity t1202}, caller=com.android.server.wm.ActivityTaskSupervisor.scheduleTopResumedActivityStateLossIfNeeded:19 com.android.server.wm.ActivityTaskSupervisor.updateTopResumedActivityIfNeeded:20 com.android.server.wm.TaskFragment.setResumedActivity:30 com.android.server.wm.ActivityRecord.setState:91 com.android.server.wm.TaskFragment.startPausing$1:209 com.android.server.wm.Task$$ExternalSyntheticLambda37.accept:150 
02-09 20:35:24.679  2827  6485 D WindowManager: Changing focus from Window{7188c57 u0 com.anonymous.androidrn/com.anonymous.androidrn.MainActivity} to null displayId=0 Callers=com.android.server.wm.ActivityRecord.commitVisibility:161 com.android.server.wm.ActivityRecord.setVisibility:623 com.android.server.wm.ActivityRecord.makeInvisible:32 com.android.server.wm.EnsureActivitiesVisibleHelper.process:542 
02-09 20:35:24.679  2827  6485 V WindowManager: Setting visibility of Window{7188c57 u0 com.anonymous.androidrn/com.anonymous.androidrn.MainActivity}: false, caller=com.android.server.wm.WindowContainer.sendAppVisibilityToClients:19 com.android.server.wm.WindowToken.setClientVisible:48 com.android.server.wm.ActivityRecord.commitVisibility:186 com.android.server.wm.ActivityRecord.setVisibility:623 com.android.server.wm.ActivityRecord.makeInvisible:32 
02-09 20:35:24.681  2827  3061 D SGM:FgCheckThread: notePauseComponent(), received pkgName: com.anonymous.androidrn, userId: 0
02-09 20:35:24.681  2827  3061 D SGM:GameManager: identifyGamePackage. com.anonymous.androidrn, mCurrentUserId: 0, callingMethodInfo: com.samsung.android.game.SemGameManager.isGamePackage(SemGameManager.java:106)
02-09 20:35:24.681  2827  3061 D SGM:SemGameManager: isGamePackage(), pkgName=com.anonymous.androidrn, ret=false
02-09 20:35:24.704  2827  3061 D SGM:FgCheckThread: getForegroundApp(), foregroundPkgName=com.anonymous.androidrn
02-09 20:35:24.704  2827  6508 E WindowManager: win=Window{7188c57 u0 com.anonymous.androidrn/com.anonymous.androidrn.MainActivity} destroySurfaces: appStopped=true cleanupOnResume=false win.mWindowRemovalAllowed=false win.mRemoveOnExit=false win.mViewVisibility=8 caller=com.android.server.wm.ActivityRecord.destroySurfaces:25 com.android.server.wm.ActivityRecord.activityStopped:192 com.android.server.wm.ActivityClientController.activityStopped:97 android.app.IActivityClientController$Stub.onTransact:740 com.android.server.wm.ActivityClientController.onTransact:1 android.os.Binder.execTransactInternal:1462 android.os.Binder.execTransact:1401 
02-09 20:35:24.704  2827  3061 D SGM:FgCheckThread: pkgName: com.anonymous.androidrn is not in foreground
02-09 20:35:24.913  2827  5915 D SGM:GameManager: identifyForegroundApp. com.anonymous.androidrn, mCurrentUserId: 0, callerUserId: 0
02-09 20:35:24.913  2827  6482 D SGM:GameManager: identifyForegroundApp. com.anonymous.androidrn, mCurrentUserId: 0, callerUserId: 0
02-09 20:35:24.937  2827  5915 D SGM:GameManager: identifyForegroundApp. com.anonymous.androidrn, mCurrentUserId: 0, callerUserId: 0
02-09 20:35:29.923  2827  3160 D FreecessController: Try to make pkg idle: <com.anonymous.androidrn, 10500>.
02-09 20:35:29.923  2827  3160 W ActivityManager: Idling uid u0a500 from package com.anonymous.androidrn user 0
02-09 20:35:29.925  2827  3160 D FreecessController: FZ : com.anonymous.androidrn(10500) [10270] reason: LEV [cached:O
02-09 20:37:42.827  2827  2827 D FreecessController: UFZ : com.anonymous.androidrn(10500) [10270] reason: TopApp-ScreenOn
02-09 20:37:42.888  2827  4632 D MdnieScenarioControlService:  packageName : com.anonymous.androidrn    className : com.anonymous.androidrn.MainActivity
02-09 20:37:43.618  2827  6485 V WindowManager: Collecting in transition 12122: ActivityRecord{128028621 u0 com.anonymous.androidrn/.MainActivity t1202}, caller=com.android.server.wm.TransitionController.collect:7 com.android.server.wm.ActivityRecord.setVisibility:132 com.android.server.wm.TaskFragment.resumeTopActivity:1662 com.android.server.wm.Task.resumeTopActivityInnerLocked:119 com.android.server.wm.Task.resumeTopActivityUncheckedLocked:23 
02-09 20:37:43.618  2827  6485 D WindowManager: prepareSync <SYNC_STATE_WAITING_FOR_DRAW>, mPrepareSyncSeqId=0, win=Window{7188c57 u0 com.anonymous.androidrn/com.anonymous.androidrn.MainActivity}
02-09 20:37:43.618  2827  6485 V WindowManager: Setting visibility of Window{7188c57 u0 com.anonymous.androidrn/com.anonymous.androidrn.MainActivity}: true, caller=com.android.server.wm.WindowContainer.sendAppVisibilityToClients:19 com.android.server.wm.WindowToken.setClientVisible:48 com.android.server.wm.ActivityRecord.setVisibility:486 com.android.server.wm.TaskFragment.resumeTopActivity:1662 com.android.server.wm.Task.resumeTopActivityInnerLocked:119 
02-09 20:37:43.618  2827  6485 D ActivityTaskManager: scheduleTopResumedActivityChanged, onTop=true, r=ActivityRecord{128028621 u0 com.anonymous.androidrn/.MainActivity t1202}, caller=com.android.server.wm.ActivityTaskSupervisor.scheduleTopResumedActivityStateIfNeeded:18 com.android.server.wm.ActivityTaskSupervisor.updateTopResumedActivityIfNeeded:54 com.android.server.wm.TaskFragment.setResumedActivity:30 com.android.server.wm.ActivityRecord.setState:100 com.android.server.wm.TaskFragment.resumeTopActivity:1705 com.android.server.wm.Task.resumeTopActivityInnerLocked:119 
02-09 20:37:43.618  2827  6485 D WindowManager: rotationForOrientation, orientationSource=ActivityRecord{128028621 u0 com.anonymous.androidrn/.MainActivity t1202}
02-09 20:37:43.618  2827  6485 D WindowManagerServiceExt: updateTaskbarTargetIfNeeded: cn=ComponentInfo{com.anonymous.androidrn/com.anonymous.androidrn.MainActivity} occludesParent=true isInSplitScreenMode=false
02-09 20:37:43.618  2827  6485 V WindowManager: Add starting ActivityRecord{128028621 u0 com.anonymous.androidrn/.MainActivity t1202}: startingData=SnapshotStartingData{3ddb52f removeAfterTransaction= 0}
02-09 20:37:43.619  2827  6485 V WindowManager: Added starting ActivityRecord{128028621 u0 com.anonymous.androidrn/.MainActivity t1202}: startingWindow=null startingView=com.android.server.wm.StartingSurfaceController$StartingSurface@3f4a73c
02-09 20:37:43.629  2827  3061 D SGM:FgCheckThread: noteResumeComponent(), received pkgName: com.anonymous.androidrn, userId: 0
02-09 20:37:43.630  2827  4458 D SGM:FgCheckThread: onLooperPrepared(), msg: MSG_APP_RESUME, pkgName: com.anonymous.androidrn, userid: 0
02-09 20:37:43.630  2827  5672 D BLASTSyncEngine: SyncGroup 12122:  Unfinished container: ActivityRecord{128028621 u0 com.anonymous.androidrn/.MainActivity t1202} mSyncState=2
02-09 20:37:43.630  2827  6483 V WindowManager: addWindow: ActivityRecord{128028621 u0 com.anonymous.androidrn/.MainActivity t1202} startingWindow=Window{bc6c61a u0 SnapshotStartingWindow for taskId=1202}
02-09 20:37:43.630  7906  7953 I SDHMS:k : handleResumeComponent : put = com.anonymous.androidrn, userid = 0 instanceid =257647507
02-09 20:37:43.631  2827  6483 D BLASTSyncEngine: SyncGroup 12122:  Unfinished container: ActivityRecord{128028621 u0 com.anonymous.androidrn/.MainActivity t1202} mSyncState=2
02-09 20:37:43.632  2827  3062 D ChangeTransitionController:    ChangeInfo{c02fb28 container=ActivityRecord{128028621 u0 com.anonymous.androidrn/.MainActivity t1202} flags=0x0}
02-09 20:37:43.632  2827  3062 D ChangeTransitionController:    ChangeInfo{b7b29e6 container=Task{f28e082 #1202 type=standard A=10500:com.anonymous.androidrn} flags=0x0}
02-09 20:37:43.632  2827  3062 V WindowManager: Start calculating TransitionInfo based on participants: {ActivityRecord{128028621 u0 com.anonymous.androidrn/.MainActivity t1202}}
02-09 20:37:43.632  2827  3062 V WindowManager:   Final targets: [ChangeInfo{b7b29e6 container=Task{f28e082 #1202 type=standard A=10500:com.anonymous.androidrn} flags=0x10}, ChangeInfo{ebb5041 container=DefaultTaskDisplayArea_d0@157825962 flags=0x10}]
02-09 20:37:43.633  2827  3062 V WindowManager:         {WCT{RemoteToken{c0aaa25 Task{f28e082 #1202 type=standard A=10500:com.anonymous.androidrn}}} m=TO_FRONT f=NONE p=WCT{RemoteToken{b741bcf DefaultTaskDisplayArea_d0@157825962}} leash=Surface(name=Task=1202)/@0x9df5b8f sb=Rect(0, 0 - 1080, 2340) eb=Rect(0, 0 - 1080, 2340) epz=Point(1080, 2340) d=0 taskParent=-1 inset=Rect(0, 91 - 0, 144)},
02-09 20:37:43.633  2827  3058 V WindowManager:         {WCT{RemoteToken{c0aaa25 Task{f28e082 #1202 type=standard A=10500:com.anonymous.androidrn}}} m=TO_FRONT f=NONE p=WCT{RemoteToken{b741bcf DefaultTaskDisplayArea_d0@157825962}} leash=Surface(name=Task=1202)/@0x9df5b8f sb=Rect(0, 0 - 1080, 2340) eb=Rect(0, 0 - 1080, 2340) epz=Point(1080, 2340) d=0 taskParent=-1 inset=Rect(0, 91 - 0, 144)},
02-09 20:37:43.639  2827  3062 D InsetsSourceProvider: updateFakeControlTarget: fakeControl=InsetsSourceControl: {fcb20000 mType=statusBars mSurfacePosition=Point(0, 0) mInsetsHint=Insets{left=0, top=0, right=0, bottom=0}}, fakeTarget=Window{7188c57 u0 com.anonymous.androidrn/com.anonymous.androidrn.MainActivity}
02-09 20:37:43.639  2827  3062 D InsetsSourceProvider: updateFakeControlTarget: fakeControl=InsetsSourceControl: {f9470001 mType=navigationBars mSurfacePosition=Point(0, 0) mInsetsHint=Insets{left=0, top=0, right=0, bottom=0}}, fakeTarget=Window{7188c57 u0 com.anonymous.androidrn/com.anonymous.androidrn.MainActivity}
02-09 20:37:43.643  2827 12697 D WindowManager: makeSurface duration=0 name=com.anonymous.androidrn/com.anonymous.androidrn.MainActivity$_10270
02-09 20:37:43.644  2827 12697 D WindowManager: updateSystemBarAttributes: displayId=0, focusedCanBeNavColorWin=false, win=Window{54fd7ce u0 NotificationShade}, navColorWin=Window{7188c57 u0 com.anonymous.androidrn/com.anonymous.androidrn.MainActivity}, caller=com.android.server.wm.DisplayPolicy.finishPostLayoutPolicyLw:17 com.android.server.wm.RootWindowContainer.applySurfaceChangesTransaction$1:195 com.android.server.wm.RootWindowContainer.performSurfacePlacementNoTrace:59 
02-09 20:37:43.648  2827  6483 D WindowManager: finishDrawingWindow: Window{7188c57 u0 com.anonymous.androidrn/com.anonymous.androidrn.MainActivity} mDrawState=DRAW_PENDING seqId=0
02-09 20:37:43.649  2827  3062 V WindowManager: Finish starting ActivityRecord{128028621 u0 com.anonymous.androidrn/.MainActivity t1202}: first real window is shown, no animation
02-09 20:37:43.649  2827  3062 V WindowManager: Schedule remove starting ActivityRecord{128028621 u0 com.anonymous.androidrn/.MainActivity t1202} startingWindow=Window{bc6c61a u0 SnapshotStartingWindow for taskId=1202} animate=false Callers=com.android.server.wm.ActivityRecord.removeStartingWindow:178 com.android.server.wm.WindowState.performShowLocked:155 com.android.server.wm.WindowStateAnimator.commitFinishDrawingLocked:73 com.android.server.wm.DisplayContent$$ExternalSyntheticLambda1.accept$com$android$server$wm$DisplayContent$$ExternalSyntheticLambda37:23 com.android.server.wm.DisplayContent$$ExternalSyntheticLambda1.accept:143 
02-09 20:37:43.649  2827  3062 V WindowManager: performShowLocked: mDrawState=HAS_DRAWN in Window{7188c57 u0 com.anonymous.androidrn/com.anonymous.androidrn.MainActivity}
02-09 20:37:43.694  2827  6483 D WindowManager: Changing focus from Window{54fd7ce u0 NotificationShade} to Window{7188c57 u0 com.anonymous.androidrn/com.anonymous.androidrn.MainActivity} displayId=0 Callers=com.android.server.wm.WindowManagerService.relayoutWindow:1350 com.android.server.wm.Session.relayout:27 com.android.server.wm.Session.relayoutAsync:14 android.view.IWindowSession$Stub.onTransact:854 
02-09 20:37:43.694  2827  6483 D InsetsSourceProvider: updateControlForTarget: control=InsetsSourceControl: {fcb20000 mType=statusBars initiallyVisible mSurfacePosition=Point(0, 0) mInsetsHint=Insets{left=0, top=91, right=0, bottom=0}}, target=Window{7188c57 u0 com.anonymous.androidrn/com.anonymous.androidrn.MainActivity}, from=com.android.server.wm.InsetsStateController.onControlTargetChanged:83 com.android.server.wm.InsetsPolicy.updateBarControlTarget:212 com.android.server.wm.DisplayPolicy.updateSystemBarAttributes:262 com.android.server.wm.WindowManagerService.updateFocusedWindowLocked:372 com.android.server.wm.WindowManagerService.relayoutWindow:1350 
02-09 20:37:43.694  2827  6483 D InsetsSourceProvider: updateControlForTarget: control=InsetsSourceControl: {f9470001 mType=navigationBars initiallyVisible mSurfacePosition=Point(0, 2196) mInsetsHint=Insets{left=0, top=0, right=0, bottom=144}}, target=Window{7188c57 u0 com.anonymous.androidrn/com.anonymous.androidrn.MainActivity}, from=com.android.server.wm.InsetsStateController.onControlTargetChanged:83 com.android.server.wm.InsetsPolicy.updateBarControlTarget:225 com.android.server.wm.DisplayPolicy.updateSystemBarAttributes:262 com.android.server.wm.WindowManagerService.updateFocusedWindowLocked:372 com.android.server.wm.WindowManagerService.relayoutWindow:1350 
02-09 20:37:43.694  2827  6483 D WindowManager: updateSystemBarAttributes: displayId=0, focusedCanBeNavColorWin=false, win=Window{7188c57 u0 com.anonymous.androidrn/com.anonymous.androidrn.MainActivity}, navColorWin=Window{7188c57 u0 com.anonymous.androidrn/com.anonymous.androidrn.MainActivity}, caller=com.android.server.wm.WindowManagerService.updateFocusedWindowLocked:372 com.android.server.wm.WindowManagerService.relayoutWindow:1350 com.android.server.wm.Session.relayout:27 
02-09 20:37:43.694  2827  6483 V SystemKeyManager: updateFocusedWindow() is called, com.anonymous.androidrn/com.anonymous.androidrn.MainActivity
02-09 20:37:43.750  2827  8313 I WindowManager: Reparenting to leash, surface=Surface(name=bc6c61a SnapshotStartingWindow for taskId=1202)/@0xe5962b3, leashParent=Surface(name=ActivityRecord{128028621 u0 com.anonymous.androidrn/.MainActivity t1202})/@0xfd37961
02-09 20:37:43.908  2827  3062 I WindowManager: Reparenting to original parent: Surface(name=ActivityRecord{128028621 u0 com.anonymous.androidrn/.MainActivity t1202})/@0xfd37961, destroy=true, surface=Surface(name=bc6c61a SnapshotStartingWindow for taskId=1202)/@0xe5962b3
02-09 20:37:44.011  2827  6484 V WindowManager:    ChangeInfo{c02fb28 container=ActivityRecord{128028621 u0 com.anonymous.androidrn/.MainActivity t1202} flags=0x0}
02-09 20:37:44.011  2827  6484 V WindowManager:    ChangeInfo{b7b29e6 container=Task{f28e082 #1202 type=standard A=10500:com.anonymous.androidrn} flags=0x10}
02-09 20:37:44.011  2827  6484 D ChangeTransitionController:    ChangeInfo{c02fb28 container=ActivityRecord{128028621 u0 com.anonymous.androidrn/.MainActivity t1202} flags=0x0}
02-09 20:37:44.011  2827  6484 D ChangeTransitionController:    ChangeInfo{b7b29e6 container=Task{f28e082 #1202 type=standard A=10500:com.anonymous.androidrn} flags=0x10}
02-09 20:37:44.038  2827  7728 D SGM:GameManager: identifyGamePackage. com.anonymous.androidrn, mCurrentUserId: 0, callingMethodInfo: com.samsung.android.game.IGameManagerService$Stub.onTransact(IGameManagerService.java:247)
02-09 20:37:44.043  2827  2827 D MdnieScenarioControlService:  packageName : com.anonymous.androidrn    className : com.anonymous.androidrn.MainActivity
02-09 20:37:44.044  2827  4458 D SGM:FgCheckThread:   handleUserPresent(). resume signal is needed for com.anonymous.androidrn
02-09 20:37:44.152  2827  6485 D SGM:GameManager: identifyForegroundApp. com.anonymous.androidrn, mCurrentUserId: 0, callerUserId: 0
02-09 20:37:44.212  2827  3061 D SGM:GameManager: identifyForegroundApp. com.anonymous.androidrn, mCurrentUserId: 0, callerUserId: 0
02-09 20:42:13.551  2827  7728 D SGM:GameManager: identifyForegroundApp. com.anonymous.androidrn, mCurrentUserId: 0, callerUserId: 0
02-09 20:42:13.572  2827  6484 D SGM:GameManager: identifyForegroundApp. com.anonymous.androidrn, mCurrentUserId: 0, callerUserId: 0
02-09 20:42:13.576  2827  5671 D SGM:GameManager: identifyForegroundApp. com.anonymous.androidrn, mCurrentUserId: 0, callerUserId: 0
02-09 20:42:13.586  2827  6484 D SGM:GameManager: identifyForegroundApp. com.anonymous.androidrn, mCurrentUserId: 0, callerUserId: 0
02-09 20:42:16.747  2827  6484 D SGM:GameManager: identifyForegroundApp. com.anonymous.androidrn, mCurrentUserId: 0, callerUserId: 0
02-09 20:47:44.047  2827  3185 D ActivityTaskManager: scheduleTopResumedActivityChanged, onTop=false, r=ActivityRecord{128028621 u0 com.anonymous.androidrn/.MainActivity t1202}, caller=com.android.server.wm.ActivityTaskSupervisor.scheduleTopResumedActivityStateLossIfNeeded:19 com.android.server.wm.ActivityTaskSupervisor.updateTopResumedActivityIfNeeded:20 com.android.server.wm.TaskFragment.setResumedActivity:30 com.android.server.wm.ActivityRecord.setState:91 com.android.server.wm.TaskFragment.startPausing$1:209 com.android.server.wm.Task$$ExternalSyntheticLambda37.accept:150 
02-09 20:47:44.056  2827  5915 D WindowManager: Changing focus from Window{7188c57 u0 com.anonymous.androidrn/com.anonymous.androidrn.MainActivity} to null displayId=0 Callers=com.android.server.wm.ActivityRecord.commitVisibility:161 com.android.server.wm.ActivityRecord.setVisibility:623 com.android.server.wm.ActivityRecord.makeInvisible:32 com.android.server.wm.EnsureActivitiesVisibleHelper.process:542 
02-09 20:47:44.056  2827  5915 V WindowManager: Setting visibility of Window{7188c57 u0 com.anonymous.androidrn/com.anonymous.androidrn.MainActivity}: false, caller=com.android.server.wm.WindowContainer.sendAppVisibilityToClients:19 com.android.server.wm.WindowToken.setClientVisible:48 com.android.server.wm.ActivityRecord.commitVisibility:186 com.android.server.wm.ActivityRecord.setVisibility:623 com.android.server.wm.ActivityRecord.makeInvisible:32 
02-09 20:47:44.057  2827  3061 D SGM:FgCheckThread: notePauseComponent(), received pkgName: com.anonymous.androidrn, userId: 0
02-09 20:47:44.057  2827  3061 D SGM:GameManager: identifyGamePackage. com.anonymous.androidrn, mCurrentUserId: 0, callingMethodInfo: com.samsung.android.game.SemGameManager.isGamePackage(SemGameManager.java:106)
02-09 20:47:44.057  2827  3061 D SGM:SemGameManager: isGamePackage(), pkgName=com.anonymous.androidrn, ret=false
02-09 20:47:44.072  2827  3061 D SGM:FgCheckThread: getForegroundApp(), foregroundPkgName=com.anonymous.androidrn
02-09 20:47:44.072  2827  7844 E WindowManager: win=Window{7188c57 u0 com.anonymous.androidrn/com.anonymous.androidrn.MainActivity} destroySurfaces: appStopped=true cleanupOnResume=false win.mWindowRemovalAllowed=false win.mRemoveOnExit=false win.mViewVisibility=8 caller=com.android.server.wm.ActivityRecord.destroySurfaces:25 com.android.server.wm.ActivityRecord.activityStopped:192 com.android.server.wm.ActivityClientController.activityStopped:97 android.app.IActivityClientController$Stub.onTransact:740 com.android.server.wm.ActivityClientController.onTransact:1 android.os.Binder.execTransactInternal:1462 android.os.Binder.execTransact:1401 
02-09 20:47:44.072  2827  3061 D SGM:FgCheckThread: pkgName: com.anonymous.androidrn is not in foreground
02-09 20:47:44.277  2827  4544 D SGM:GameManager: identifyForegroundApp. com.anonymous.androidrn, mCurrentUserId: 0, callerUserId: 0
02-09 20:47:44.277  2827  5671 D SGM:GameManager: identifyForegroundApp. com.anonymous.androidrn, mCurrentUserId: 0, callerUserId: 0
02-09 20:47:44.298  2827  5671 D SGM:GameManager: identifyForegroundApp. com.anonymous.androidrn, mCurrentUserId: 0, callerUserId: 0
02-09 20:47:49.285  2827  3160 D FreecessController: Try to make pkg idle: <com.anonymous.androidrn, 10500>.
02-09 20:47:49.285  2827  3160 W ActivityManager: Idling uid u0a500 from package com.anonymous.androidrn user 0
02-09 20:47:49.287  2827  3160 D FreecessController: FZ : com.anonymous.androidrn(10500) [10270] reason: LEV [cached:O
02-09 20:53:27.631  2827  4632 D MdnieScenarioControlService:  packageName : com.anonymous.androidrn    className : com.anonymous.androidrn.MainActivity
02-09 20:53:27.642  2827  2827 D FreecessController: UFZ : com.anonymous.androidrn(10500) [10270] reason: TopApp-ScreenOn
02-09 20:53:28.380  2827  5671 V WindowManager: Collecting in transition 12125: ActivityRecord{128028621 u0 com.anonymous.androidrn/.MainActivity t1202}, caller=com.android.server.wm.TransitionController.collect:7 com.android.server.wm.ActivityRecord.setVisibility:132 com.android.server.wm.TaskFragment.resumeTopActivity:1662 com.android.server.wm.Task.resumeTopActivityInnerLocked:119 com.android.server.wm.Task.resumeTopActivityUncheckedLocked:23 
02-09 20:53:28.380  2827  5671 D WindowManager: prepareSync <SYNC_STATE_WAITING_FOR_DRAW>, mPrepareSyncSeqId=0, win=Window{7188c57 u0 com.anonymous.androidrn/com.anonymous.androidrn.MainActivity}
02-09 20:53:28.380  2827  5671 V WindowManager: Setting visibility of Window{7188c57 u0 com.anonymous.androidrn/com.anonymous.androidrn.MainActivity}: true, caller=com.android.server.wm.WindowContainer.sendAppVisibilityToClients:19 com.android.server.wm.WindowToken.setClientVisible:48 com.android.server.wm.ActivityRecord.setVisibility:486 com.android.server.wm.TaskFragment.resumeTopActivity:1662 com.android.server.wm.Task.resumeTopActivityInnerLocked:119 
02-09 20:53:28.380  2827  5671 D ActivityTaskManager: scheduleTopResumedActivityChanged, onTop=true, r=ActivityRecord{128028621 u0 com.anonymous.androidrn/.MainActivity t1202}, caller=com.android.server.wm.ActivityTaskSupervisor.scheduleTopResumedActivityStateIfNeeded:18 com.android.server.wm.ActivityTaskSupervisor.updateTopResumedActivityIfNeeded:54 com.android.server.wm.TaskFragment.setResumedActivity:30 com.android.server.wm.ActivityRecord.setState:100 com.android.server.wm.TaskFragment.resumeTopActivity:1705 com.android.server.wm.Task.resumeTopActivityInnerLocked:119 
02-09 20:53:28.380  2827  5671 D WindowManager: rotationForOrientation, orientationSource=ActivityRecord{128028621 u0 com.anonymous.androidrn/.MainActivity t1202}
02-09 20:53:28.380  2827  3061 D SGM:FgCheckThread: noteResumeComponent(), received pkgName: com.anonymous.androidrn, userId: 0
