02-09 20:24:46.644  2827  5672 D ActivityTaskManager: TaskLaunchParamsModifier:task=null activity=ActivityRecord{40941233 u0 com.anonymous.androidrn/.MainActivity t-1} display-area-from-current-params=null display-area-from-default-fallback=DefaultTaskDisplayArea_d0@157825962 display-id=0 task-display-area-windowing-mode=1 suggested-display-area=DefaultTaskDisplayArea_d0@157825962
02-09 20:24:46.644  2827  5672 D [secipm]: mSecIpmManager Preload com.anonymous.androidrn dex files
02-09 20:24:46.644  2827  5672 D ActivityTaskManager: DesktopModeLaunchParamsModifier: task=null activity=ActivityRecord{40941233 u0 com.anonymous.androidrn/.MainActivity t-1} task null, skipping
02-09 20:24:46.644  2827  5672 D ActivityTaskManager: TaskLaunchParamsModifier:task=null activity=ActivityRecord{40941233 u0 com.anonymous.androidrn/.MainActivity t-1} display-area-from-current-params=null display-area-from-default-fallback=DefaultTaskDisplayArea_d0@157825962 display-id=0 task-display-area-windowing-mode=1 suggested-display-area=DefaultTaskDisplayArea_d0@157825962 non-freeform-task-display-area display-area=DefaultTaskDisplayArea_d0@157825962 activity-requested-portrait freeform-size-mismatch=Rect(81, 558 - 999, 1728)
02-09 20:24:46.646  2827  5672 D ActivityTaskManager: DesktopModeLaunchParamsModifier: task=Task{fff7f17 #1201 type=standard A=10500:com.anonymous.androidrn} activity=ActivityRecord{40941233 u0 com.anonymous.androidrn/.MainActivity t-1} non-desktop, skipping
02-09 20:24:46.646  2827  5672 D ActivityTaskManager: TaskLaunchParamsModifier:task=Task{fff7f17 #1201 type=standard A=10500:com.anonymous.androidrn} activity=ActivityRecord{40941233 u0 com.anonymous.androidrn/.MainActivity t-1} display-from-task=0 display-id=0 task-display-area-windowing-mode=1 suggested-display-area=DefaultTaskDisplayArea_d0@157825962 inherit-from-task=fullscreen non-freeform-task-display-area display-area=DefaultTaskDisplayArea_d0@157825962 activity-requested-portrait freeform-size-mismatch=Rect(81, 558 - 999, 1728)
02-09 20:24:46.646  2827  5672 V WindowManager: Collecting in transition 12115: Task{fff7f17 #1201 type=standard A=10500:com.anonymous.androidrn}, caller=com.android.server.wm.Transition.collectExistenceChange:40 com.android.server.wm.ActivityStarter.setNewTask:43 com.android.server.wm.ActivityStarter.startActivityInner:289 com.android.server.wm.ActivityStarter.startActivityUnchecked:111 com.android.server.wm.ActivityStarter.executeRequest:3651 
02-09 20:24:46.646  2827  5672 V WindowManager: Add starting ActivityRecord{40941233 u0 com.anonymous.androidrn/.MainActivity t1201}: startingData=SplashScreenStartingData{a90ced removeAfterTransaction= 0}
02-09 20:24:46.647  2827  5672 V WindowManager: Added starting ActivityRecord{40941233 u0 com.anonymous.androidrn/.MainActivity t1201}: startingWindow=null startingView=com.android.server.wm.StartingSurfaceController$StartingSurface@638e722
02-09 20:24:46.647  2827  5672 V WindowManager: Collecting in transition 12115: ActivityRecord{40941233 u0 com.anonymous.androidrn/.MainActivity t1201}, caller=com.android.server.wm.Transition.collectExistenceChange:40 com.android.server.wm.ActivityStarter.handleStartResult:761 com.android.server.wm.ActivityStarter.startActivityUnchecked:124 com.android.server.wm.ActivityStarter.executeRequest:3651 com.android.server.wm.ActivityStarter.execute:2552 
02-09 20:24:46.648  2827  5672 I ActivityTaskManager: START u0 {flg=0x10000000 xflg=0x1 cmp=com.anonymous.androidrn/.MainActivity} with LAUNCH_SINGLE_TASK from uid 2000 (BAL_ALLOW_PERMISSION) result code=0
02-09 20:24:46.652  2827  5672 D WindowManager: prepareSync <SYNC_STATE_WAITING_FOR_DRAW>, mPrepareSyncSeqId=0, win=Window{1a2536e u0 Splash Screen com.anonymous.androidrn}
02-09 20:24:46.653  2827  5672 V WindowManager: addWindow: ActivityRecord{40941233 u0 com.anonymous.androidrn/.MainActivity t1201} startingWindow=Window{1a2536e u0 Splash Screen com.anonymous.androidrn}
02-09 20:24:46.668  2827  5602 D CoreBackPreview: Window{1a2536e u0 Splash Screen com.anonymous.androidrn}: Setting back callback OnBackInvokedCallbackInfo{mCallback=android.window.IOnBackInvokedCallback$Stub$Proxy@cfa54f7, mPriority=0, mIsAnimationCallback=false, mOverrideBehavior=0}
02-09 20:24:46.669  2827  4365 D WindowManager: makeSurface duration=1 name=Splash Screen com.anonymous.androidrn$_4827
02-09 20:24:46.673  2827  4365 D WindowManager: finishDrawingWindow: Window{1a2536e u0 Splash Screen com.anonymous.androidrn} mDrawState=DRAW_PENDING seqId=0
02-09 20:24:46.673  2827  4365 V WindowManager: Finishing drawing window Window{1a2536e u0 Splash Screen com.anonymous.androidrn}: mDrawState=DRAW_PENDING
02-09 20:24:46.673  2827  4365 V WindowManager: Draw state now committed in Window{1a2536e u0 Splash Screen com.anonymous.androidrn}
02-09 20:24:46.717  2827  5554 D ChangeTransitionController:    ChangeInfo{8952b92 container=ActivityRecord{40941233 u0 com.anonymous.androidrn/.MainActivity t1201} flags=0x0}
02-09 20:24:46.717  2827  5554 D ChangeTransitionController:    ChangeInfo{ac52e19 container=Task{fff7f17 #1201 type=standard A=10500:com.anonymous.androidrn} flags=0x0}
02-09 20:24:46.717  2827  5554 V WindowManager: Start calculating TransitionInfo based on participants: {ActivityRecord{40941233 u0 com.anonymous.androidrn/.MainActivity t1201}, ActivityRecord{49585651 u0 com.azure.authenticator/com.microsoft.authenticator.commonuilibrary.ui.AppLockActivity t1198}, ActivityRecord{224624948 u0 com.azure.authenticator/com.microsoft.authenticator.commonuilibrary.ui.localauth.DeviceScreenUnlockActivity t1198}, ActivityRecord{267617741 u0 com.android.settings/.password.ConfirmDeviceCredentialActivity t1198}, Task{fff7f17 #1201 type=standard A=10500:com.anonymous.androidrn}}
02-09 20:24:46.720  2827  8023 V WindowManager:    ChangeInfo{8952b92 container=ActivityRecord{40941233 u0 com.anonymous.androidrn/.MainActivity t1201} flags=0x0}
02-09 20:24:46.720  2827  8023 V WindowManager:    ChangeInfo{ac52e19 container=Task{fff7f17 #1201 type=standard A=10500:com.anonymous.androidrn} flags=0x0}
02-09 20:24:46.720  2827  8023 D ChangeTransitionController:    ChangeInfo{8952b92 container=ActivityRecord{40941233 u0 com.anonymous.androidrn/.MainActivity t1201} flags=0x0}
02-09 20:24:46.720  2827  8023 D ChangeTransitionController:    ChangeInfo{ac52e19 container=Task{fff7f17 #1201 type=standard A=10500:com.anonymous.androidrn} flags=0x0}
02-09 20:25:19.973  2827  5554 V WindowManager: Schedule remove starting ActivityRecord{40941233 u0 com.anonymous.androidrn/.MainActivity t1201} startingWindow=Window{1a2536e u0 Splash Screen com.anonymous.androidrn} animate=false Callers=com.android.server.wm.EnsureActivitiesVisibleHelper.process:361 com.android.server.wm.TaskFragment.updateActivityVisibilities:12 com.android.server.wm.Task$$ExternalSyntheticLambda37.accept:37 com.android.server.wm.Task.forAllLeafTasks:6 com.android.server.wm.Task.ensureActivitiesVisible:16 
02-09 20:25:19.986  2827  4365 D WindowManager: Starting window removed Window{1a2536e u0 Splash Screen com.anonymous.androidrn}
02-09 20:25:19.986  2827  4365 V WindowManager: Remove Window{1a2536e u0 Splash Screen com.anonymous.androidrn}: mSurfaceControl=Surface(name=Splash Screen com.anonymous.androidrn$_4827)/@0xeab28b mAnimatingExit=false mRemoveOnExit=false mHasSurface=true surfaceShowing=false animating=false app-animation=false callers=com.android.server.wm.Session.remove:16 android.view.IWindowSession$Stub.onTransact:804 com.android.server.wm.Session.onTransact:1 android.os.Binder.execTransactInternal:1462 android.os.Binder.execTransact:1401 <bottom of call stack> 
02-09 20:25:21.316  2827  5915 V WindowManager: Collecting in transition 12116: ActivityRecord{68255498 u0 com.anonymous.androidrn/.MainActivity, caller=com.android.server.wm.TransitionController.collect:7 com.android.server.wm.ActivityStarter.startActivityUnchecked:98 com.android.server.wm.ActivityStarter.executeRequest:3651 com.android.server.wm.ActivityStarter.execute:2552 com.android.server.wm.ActivityTaskManagerService.startActivityAsUser:95 
02-09 20:25:21.316  2827  5915 D ActivityTaskManager: DesktopModeLaunchParamsModifier: task=null activity=ActivityRecord{68255498 u0 com.anonymous.androidrn/.MainActivity t-1} task null, skipping
02-09 20:25:21.316  2827  5915 D ActivityTaskManager: TaskLaunchParamsModifier:task=null activity=ActivityRecord{68255498 u0 com.anonymous.androidrn/.MainActivity t-1} display-area-from-current-params=null display-area-from-default-fallback=DefaultTaskDisplayArea_d0@157825962 display-id=0 task-display-area-windowing-mode=1 suggested-display-area=DefaultTaskDisplayArea_d0@157825962
02-09 20:25:21.316  2827  5915 D ActivityTaskManager: DesktopModeLaunchParamsModifier: task=Task{fff7f17 #1201 type=standard A=10500:com.anonymous.androidrn} activity=ActivityRecord{68255498 u0 com.anonymous.androidrn/.MainActivity t-1} non-desktop, skipping
02-09 20:25:21.316  2827  5915 D ActivityTaskManager: TaskLaunchParamsModifier:task=Task{fff7f17 #1201 type=standard A=10500:com.anonymous.androidrn} activity=ActivityRecord{68255498 u0 com.anonymous.androidrn/.MainActivity t-1} display-from-task=0 display-id=0 task-display-area-windowing-mode=1 suggested-display-area=DefaultTaskDisplayArea_d0@157825962 inherit-from-task=fullscreen non-freeform-task-display-area display-area=DefaultTaskDisplayArea_d0@157825962 activity-requested-portrait freeform-size-mismatch=Rect(81, 558 - 999, 1728)
02-09 20:25:21.316  2827  5915 D ActivityTaskManager: DesktopModeLaunchParamsModifier: task=Task{fff7f17 #1201 type=standard A=10500:com.anonymous.androidrn} activity=ActivityRecord{68255498 u0 com.anonymous.androidrn/.MainActivity t-1} non-desktop, skipping
02-09 20:25:21.316  2827  5915 D ActivityTaskManager: TaskLaunchParamsModifier:task=Task{fff7f17 #1201 type=standard A=10500:com.anonymous.androidrn} activity=ActivityRecord{68255498 u0 com.anonymous.androidrn/.MainActivity t-1} display-from-task=0 display-id=0 task-display-area-windowing-mode=1 suggested-display-area=DefaultTaskDisplayArea_d0@157825962 inherit-from-task=fullscreen non-freeform-task-display-area display-area=DefaultTaskDisplayArea_d0@157825962 activity-requested-portrait freeform-size-mismatch=Rect(81, 558 - 999, 1728)
02-09 20:25:21.316  2827  5915 I Pageboost: moveTaskToFront : 10500:com.anonymous.androidrn
02-09 20:25:21.317  2827  5915 V WindowManager: Add starting ActivityRecord{40941233 u0 com.anonymous.androidrn/.MainActivity t1201}: startingData=SplashScreenStartingData{dc93598 removeAfterTransaction= 0}
02-09 20:25:21.317  2827  5915 V WindowManager: Added starting ActivityRecord{40941233 u0 com.anonymous.androidrn/.MainActivity t1201}: startingWindow=null startingView=com.android.server.wm.StartingSurfaceController$StartingSurface@89051f1
02-09 20:25:21.318  2827  5915 I AppsFilter: interaction: PackageSetting{dee8e58 com.axon.demo/10486} -> PackageSetting{fd081d6 com.anonymous.androidrn/10500} BLOCKED
02-09 20:25:21.318  2827  5915 I AppsFilter: interaction: PackageSetting{56896 com.android.microdroid.empty_payload/10330} -> PackageSetting{fd081d6 com.anonymous.androidrn/10500} BLOCKED
02-09 20:25:21.318  2827  5915 D WindowManager: App launched activity=ActivityRecord{40941233 u0 com.anonymous.androidrn/.MainActivity t1201}, state=1
02-09 20:25:21.318  2827  5915 D WindowManager: App launched activity=ActivityRecord{40941233 u0 com.anonymous.androidrn/.MainActivity t1201}, state=1
02-09 20:25:21.318  2827  5915 V WindowManager: Collecting in transition 12116: ActivityRecord{68255498 u0 com.anonymous.androidrn/.MainActivity t-1}, caller=com.android.server.wm.Transition.collectExistenceChange:40 com.android.server.wm.ActivityStarter.handleStartResult:761 com.android.server.wm.ActivityStarter.startActivityUnchecked:124 com.android.server.wm.ActivityStarter.executeRequest:3651 com.android.server.wm.ActivityStarter.execute:2552 
02-09 20:25:21.318  2827  5915 V WindowManager:    ChangeInfo{4daac57 container=ActivityRecord{68255498 u0 com.anonymous.androidrn/.MainActivity t-1} flags=0x0}
02-09 20:25:21.319  2827  5915 I ActivityTaskManager: START u0 {flg=0x10000000 xflg=0x1 cmp=com.anonymous.androidrn/.MainActivity} with LAUNCH_SINGLE_TASK from uid 2000 (BAL_ALLOW_PERMISSION) result code=2
02-09 20:25:21.319  4827  4990 V WindowManagerShell: Transition requested (#12116): android.os.BinderProxy@766f5f2 TransitionRequestInfo { type = OPEN, triggerTask = TaskInfo{userId=0 taskId=1201 effectiveUid=10500 displayId=0 isRunning=true baseIntent=Intent { flg=0x10000000 cmp=com.anonymous.androidrn/.MainActivity } baseActivity=ComponentInfo{com.anonymous.androidrn/com.anonymous.androidrn.MainActivity} topActivity=ComponentInfo{com.anonymous.androidrn/com.anonymous.androidrn.MainActivity} origActivity=null realActivity=ComponentInfo{com.anonymous.androidrn/com.anonymous.androidrn.MainActivity} numActivities=1 lastActiveTime=772835445 supportsMultiWindow=true resizeMode=1 isResizeable=true minWidth=-1 minHeight=-1 maxWidth=-1 maxHeight=-1 defaultMinSize=220 desktopDefaultMinSize=304 token=WCT{android.window.IWindowContainerToken$Stub$Proxy@f2a443} topActivityType=1 pictureInPictureParams=null shouldDockBigOverlays=false launchIntoPipHostTaskId=-1 lastParentTaskIdBeforePip=-1 displayCutoutSafeInsets=Rect(0, 91 - 0, 0) topActivityInfo=ActivityInfo{42e8ac0 com.anonymous.androidrn.MainActivity} launchCookies=[] positionInParent=Point(0, 0) parentTaskId=-1 isFocused=false isVisible=false isVisibleRequested=false isTopActivityNoDisplay=false isSleeping=true locusId=null displayAreaFeatureId=1 isTopActivityTransparent=false isActivityStackTransparent=false lastNonFullscreenBounds=Rect(81, 558 - 999, 1728) capturedLink=null capturedLinkTimestamp=0 requestedVisibleTypes=-9 topActivityRequestOpenInBrowserEducationTimestamp=0 appCompatTaskInfo=AppCompatTaskInfo { topActivityInSizeCompat=false eligibleForLetterboxEducation= false isLetterboxEducationEnabled= false isLetterboxDoubleTapEnabled= false eligibleForUserAspectRatioButton= false topActivityBoundsLetterboxed= false isFromLetterboxDoubleTap= false topActivityLetterboxVerticalPosition= -1 topActivityLetterboxHorizontalPosition= -1 topActivityLetterboxWidth=-1 topActivityLetterboxHeight=-1 topActivityAppBounds=Rect(0, 0 - 1080, 2340) isUserFullscreenOverrideEnabled=false isSystemFullscreenOverrideEnabled=false hasMinAspectRatioOverride=false topActivityLetterboxBounds=null cameraCompatTaskInfo=CameraCompatTaskInfo { freeformCameraCompatMode=inactive} topActivityBounds=null topActivityInDisplayCompat=false singleTapFromLetterbox=false} topActivityMainWindowFrame=null originallySupportedMultiWindow=true hasWallpaper=false rootAffinity=10500:com.anonymous.androidrn isTopTaskInStage=false CoverLauncherWidgetTask=false LaunchedFromAppsCoverLauncherTask=false LaunchedFromMultistarCoverLauncherTask=false isAllowedSeamlessRotation=false isTopTransparentActivity=false isAliasManaged=false hasConfigChanged=false snappingGuideBounds=null isAiKeyRemoveAppTask=false lastDesktopWindowingBounds=null lastExternalDesktopWindowingBounds=null safeCutoutInsets=null}, pipChange = null, remoteTransition = null, displayChange = null, flags = 0, debugId = 12116 }
02-09 20:25:21.321  4827  4990 D WindowManagerShell: onActivityRestartAttempt: topActivity=ComponentInfo{com.anonymous.androidrn/com.anonymous.androidrn.MainActivity}, wasVisible=false
02-09 20:25:21.322  2827  6484 V WindowManager: addWindow: ActivityRecord{40941233 u0 com.anonymous.androidrn/.MainActivity t1201} startingWindow=Window{b264e29 u0 Splash Screen com.anonymous.androidrn}
02-09 20:25:21.324  2827  4821 D CoreBackPreview: Window{b264e29 u0 Splash Screen com.anonymous.androidrn}: Setting back callback OnBackInvokedCallbackInfo{mCallback=android.window.IOnBackInvokedCallback$Stub$Proxy@f121399, mPriority=0, mIsAnimationCallback=false, mOverrideBehavior=0}
02-09 20:25:21.325  2827  5672 D WindowManager: makeSurface duration=0 name=Splash Screen com.anonymous.androidrn$_4827
02-09 20:25:21.326  2827  5672 D ChangeTransitionController:    ChangeInfo{4daac57 container=ActivityRecord{68255498 u0 com.anonymous.androidrn/.MainActivity t-1} flags=0x0}
02-09 20:25:21.326  2827  5672 V WindowManager: Start calculating TransitionInfo based on participants: {ActivityRecord{68255498 u0 com.anonymous.androidrn/.MainActivity t-1}, Task{fff7f17 #1201 type=standard A=10500:com.anonymous.androidrn}}
02-09 20:25:21.326  2827  3058 V WindowManager: Sent Transition (#12116) createdAt=02-09 20:25:21.316 via request=TransitionRequestInfo { type = OPEN, triggerTask = TaskInfo{userId=0 taskId=1201 effectiveUid=10500 displayId=0 isRunning=true baseIntent=Intent { flg=0x10000000 cmp=com.anonymous.androidrn/.MainActivity } baseActivity=ComponentInfo{com.anonymous.androidrn/com.anonymous.androidrn.MainActivity} topActivity=ComponentInfo{com.anonymous.androidrn/com.anonymous.androidrn.MainActivity} origActivity=null realActivity=ComponentInfo{com.anonymous.androidrn/com.anonymous.androidrn.MainActivity} numActivities=1 lastActiveTime=772835445 supportsMultiWindow=true resizeMode=1 isResizeable=true minWidth=-1 minHeight=-1 maxWidth=-1 maxHeight=-1 defaultMinSize=220 desktopDefaultMinSize=304 token=WCT{RemoteToken{e01265e Task{fff7f17 #1201 type=standard A=10500:com.anonymous.androidrn}}} topActivityType=1 pictureInPictureParams=null shouldDockBigOverlays=false launchIntoPipHostTaskId=-1 lastParentTaskIdBeforePip=-1 displayCutoutSafeInsets=Rect(0, 91 - 0, 0) topActivityInfo=ActivityInfo{ae22a3f com.anonymous.androidrn.MainActivity} launchCookies=[] positionInParent=Point(0, 0) parentTaskId=-1 isFocused=false isVisible=false isVisibleRequested=false isTopActivityNoDisplay=false isSleeping=true locusId=null displayAreaFeatureId=1 isTopActivityTransparent=false isActivityStackTransparent=false lastNonFullscreenBounds=Rect(81, 558 - 999, 1728) capturedLink=null capturedLinkTimestamp=0 requestedVisibleTypes=-9 topActivityRequestOpenInBrowserEducationTimestamp=0 appCompatTaskInfo=AppCompatTaskInfo { topActivityInSizeCompat=false eligibleForLetterboxEducation= false isLetterboxEducationEnabled= false isLetterboxDoubleTapEnabled= false eligibleForUserAspectRatioButton= false topActivityBoundsLetterboxed= false isFromLetterboxDoubleTap= false topActivityLetterboxVerticalPosition= -1 topActivityLetterboxHorizontalPosition= -1 topActivityLetterboxWidth=-1 topActivityLetterboxHeight=-1 topActivityAppBounds=Rect(0, 0 - 1080, 2340) isUserFullscreenOverrideEnabled=false isSystemFullscreenOverrideEnabled=false hasMinAspectRatioOverride=false topActivityLetterboxBounds=null cameraCompatTaskInfo=CameraCompatTaskInfo { freeformCameraCompatMode=inactive} topActivityBounds=null topActivityInDisplayCompat=false singleTapFromLetterbox=false} topActivityMainWindowFrame=null originallySupportedMultiWindow=true hasWallpaper=false rootAffinity=10500:com.anonymous.androidrn isTopTaskInStage=false CoverLauncherWidgetTask=false LaunchedFromAppsCoverLauncherTask=false LaunchedFromMultistarCoverLauncherTask=false isAllowedSeamlessRotation=false isTopTransparentActivity=false isAliasManaged=false hasConfigChanged=false snappingGuideBounds=null isAiKeyRemoveAppTask=false lastDesktopWindowingBounds=null lastExternalDesktopWindowingBounds=null safeCutoutInsets=null}, pipChange = null, remoteTransition = null, displayChange = null, flags = 0, debugId = 12116 }
02-09 20:25:21.327  2827  5915 V WindowManager:    ChangeInfo{4daac57 container=ActivityRecord{68255498 u0 com.anonymous.androidrn/.MainActivity t-1} flags=0x0}
02-09 20:25:21.327  2827  5915 V WindowManager:    ChangeInfo{1d92b5b container=Task{fff7f17 #1201 type=standard A=10500:com.anonymous.androidrn} flags=0x20}
02-09 20:25:21.327  2827  5915 D ChangeTransitionController:    ChangeInfo{4daac57 container=ActivityRecord{68255498 u0 com.anonymous.androidrn/.MainActivity t-1} flags=0x0}
02-09 20:25:21.327  2827  5915 D ChangeTransitionController:    ChangeInfo{1d92b5b container=Task{fff7f17 #1201 type=standard A=10500:com.anonymous.androidrn} flags=0x20}
02-09 20:25:21.330  2827  5915 D WindowManager: finishDrawingWindow: Window{b264e29 u0 Splash Screen com.anonymous.androidrn} mDrawState=DRAW_PENDING seqId=0
02-09 20:25:21.330  2827  5915 V WindowManager: Finishing drawing window Window{b264e29 u0 Splash Screen com.anonymous.androidrn}: mDrawState=DRAW_PENDING
02-09 20:25:21.330  2827  5915 V WindowManager: Draw state now committed in Window{b264e29 u0 Splash Screen com.anonymous.androidrn}
02-09 20:25:21.332  2827  3091 I ActivityManager: Start proc 5416:com.anonymous.androidrn/u0a500 for top-activity {com.anonymous.androidrn/com.anonymous.androidrn.MainActivity}
02-09 20:25:21.344  2827  3059 D HardcoderService: FG change to com.anonymous.androidrn (10500, 5416)
02-09 20:25:21.344  2827  3059 D HardcoderService: FG change to com.anonymous.androidrn (10500, 5416)
02-09 20:25:21.347  2827  5554 D SGM:GameManager: identifyGamePackage. com.anonymous.androidrn, mCurrentUserId: 0, callingMethodInfo: com.samsung.android.game.IGameManagerService$Stub.onTransact(IGameManagerService.java:247)
02-09 20:25:21.360  5416  5416 D ActivityThread: com.anonymous.androidrn will use render engine as VK
02-09 20:25:21.362  2827  6484 D WindowManager: App launched activity=ActivityRecord{40941233 u0 com.anonymous.androidrn/.MainActivity t1201}, state=1
02-09 20:25:21.362  2827  6484 D SGM:FgCheckThread: notifyAppCreated(), packageName: com.anonymous.androidrn, userId: 0, sendRet: true
02-09 20:25:21.362  2827  4458 D SGM:FgCheckThread: onLooperPrepared(), msg: MSG_APP_CREATE, pkgName: com.anonymous.androidrn, userId: 0
02-09 20:25:21.363  2827  6484 D SGM:FgCheckThread:   sendRunningComponentFocus(), pkgName: com.anonymous.androidrn, userId: 0
02-09 20:25:21.363  2827  4458 D SGM:FgCheckThread: onLooperPrepared(), msg: MSG_TASK_FOCUSED, pkgName: com.anonymous.androidrn, userId: 0
02-09 20:25:21.363  2827  4458 D SGM:FgCheckThread:   handleTaskFocused(), pkgName: com.anonymous.androidrn, userID:0
02-09 20:25:21.363  2827  6484 D ActivityTaskManager: scheduleTopResumedActivityChanged, onTop=true, r=ActivityRecord{40941233 u0 com.anonymous.androidrn/.MainActivity t1201}, caller=com.android.server.wm.ActivityTaskSupervisor.scheduleTopResumedActivityStateIfNeeded:18 com.android.server.wm.ActivityTaskSupervisor.updateTopResumedActivityIfNeeded:54 com.android.server.wm.TaskFragment.setResumedActivity:30 com.android.server.wm.ActivityRecord.setState:100 com.android.server.wm.ActivityTaskSupervisor.realStartActivityLocked:487 com.android.server.wm.RootWindowContainer.attachApplication:100 
02-09 20:25:21.363  2827  6484 D ActivityTaskManager: scheduleTopResumedActivityChanged, onTop=false, r=ActivityRecord{40941233 u0 com.anonymous.androidrn/.MainActivity t1201}, caller=com.android.server.wm.ActivityTaskSupervisor.scheduleTopResumedActivityStateLossIfNeeded:19 com.android.server.wm.ActivityTaskSupervisor.updateTopResumedActivityIfNeeded:20 com.android.server.wm.TaskFragment.setResumedActivity:30 com.android.server.wm.ActivityRecord.setState:91 com.android.server.wm.TaskFragment.startPausing$1:209 com.android.server.wm.Task$$ExternalSyntheticLambda37.accept:150 
02-09 20:25:21.363  2827  3061 D SGM:FgCheckThread: noteResumeComponent(), received pkgName: com.anonymous.androidrn, userId: 0
02-09 20:25:21.363  2827  4458 D SGM:FgCheckThread: onLooperPrepared(), msg: MSG_APP_RESUME, pkgName: com.anonymous.androidrn, userid: 0
02-09 20:25:21.363  2827  3061 D SGM:GameManager: identifyGamePackage. com.anonymous.androidrn, mCurrentUserId: 0, callingMethodInfo: com.samsung.android.game.SemGameManager.isGamePackage(SemGameManager.java:106)
02-09 20:25:21.363  2827  3061 D SGM:SemGameManager: isGamePackage(), pkgName=com.anonymous.androidrn, ret=false
02-09 20:25:21.363  7906 10928 I SDHMS:k : handleResumeComponent : put = com.anonymous.androidrn, userid = 0 instanceid =189550340
02-09 20:25:21.365  5416  5416 D ActivityThread: com.anonymous.androidrn will use render engine as VK
02-09 20:25:21.411  2827  3061 D SGM:FgCheckThread: notePauseComponent(), received pkgName: com.anonymous.androidrn, userId: 0
02-09 20:25:21.411  2827  3061 D SGM:GameManager: identifyGamePackage. com.anonymous.androidrn, mCurrentUserId: 0, callingMethodInfo: com.samsung.android.game.SemGameManager.isGamePackage(SemGameManager.java:106)
02-09 20:25:21.411  2827  3061 D SGM:SemGameManager: isGamePackage(), pkgName=com.anonymous.androidrn, ret=false
02-09 20:25:21.412  2827  4821 D CoreBackPreview: Window{55d2507 u0 com.anonymous.androidrn/com.anonymous.androidrn.MainActivity}: Setting back callback OnBackInvokedCallbackInfo{mCallback=android.window.IOnBackInvokedCallback$Stub$Proxy@fd72b1b, mPriority=0, mIsAnimationCallback=false, mOverrideBehavior=0}
02-09 20:25:21.412  2827  3059 D SGM:GameManager: identifyForegroundApp. com.anonymous.androidrn, mCurrentUserId: 0, callerUserId: 0
02-09 20:25:21.413  2827  3059 D SGM:GameManager: identifyForegroundApp. com.anonymous.androidrn, mCurrentUserId: 0, callerUserId: 0
02-09 20:25:21.413  2827  3059 D SGM:GameManager: identifyForegroundApp. com.anonymous.androidrn, mCurrentUserId: 0, callerUserId: 0
02-09 20:25:21.418  2827  6484 D WindowManager: makeSurface duration=0 name=com.anonymous.androidrn/com.anonymous.androidrn.MainActivity$_5416
02-09 20:25:21.425  2827  4821 D WindowManager: finishDrawingWindow: Window{55d2507 u0 com.anonymous.androidrn/com.anonymous.androidrn.MainActivity} mDrawState=DRAW_PENDING seqId=0
02-09 20:25:21.425  2827  3062 V WindowManager: Finish starting ActivityRecord{40941233 u0 com.anonymous.androidrn/.MainActivity t1201}: first real window is shown, no animation
02-09 20:25:21.425  2827  3062 V WindowManager: Schedule remove starting ActivityRecord{40941233 u0 com.anonymous.androidrn/.MainActivity t1201} startingWindow=Window{b264e29 u0 Splash Screen com.anonymous.androidrn} animate=true Callers=com.android.server.wm.ActivityRecord.removeStartingWindow:178 com.android.server.wm.WindowState.performShowLocked:155 com.android.server.wm.WindowStateAnimator.commitFinishDrawingLocked:73 com.android.server.wm.DisplayContent$$ExternalSyntheticLambda1.accept$com$android$server$wm$DisplayContent$$ExternalSyntheticLambda37:23 com.android.server.wm.DisplayContent$$ExternalSyntheticLambda1.accept:143 
02-09 20:25:21.425  2827  3062 D TaskOrganizerController: applyStartingWindowAnimation, window=Window{55d2507 u0 com.anonymous.androidrn/com.anonymous.androidrn.MainActivity}, caller=com.android.server.wm.TaskOrganizerController.removeStartingWindow:132 com.android.server.wm.StartingSurfaceController$StartingSurface.remove:23 com.android.server.wm.ActivityRecord.removeStartingWindowAnimation:171 
02-09 20:25:21.425  2827  3062 I WindowManager: Reparenting to leash, surface=Surface(name=55d2507 com.anonymous.androidrn/com.anonymous.androidrn.MainActivity)/@0x210291, leashParent=Surface(name=ActivityRecord{40941233 u0 com.anonymous.androidrn/.MainActivity t1201})/@0x9fc75f6
02-09 20:25:21.425  2827  3062 D WindowManager: makeSurface duration=0 leash=Surface(name=Surface(name=55d2507 com.anonymous.androidrn/com.anonymous.androidrn.MainActivity)/@0x210291 - animation-leash of starting_reveal)/@0xeb35df7
02-09 20:25:21.429  2827  3058 I Pageboost: Launch time gathered : pid 5416 com.anonymous.androidrn 110
02-09 20:25:21.435  2827  3061 D SGM:FgCheckThread: getForegroundApp(), foregroundPkgName=com.anonymous.androidrn
02-09 20:25:21.435  2827  4821 V WindowManager: Setting visibility of Window{55d2507 u0 com.anonymous.androidrn/com.anonymous.androidrn.MainActivity}: false, caller=com.android.server.wm.WindowContainer.sendAppVisibilityToClients:19 com.android.server.wm.WindowToken.setClientVisible:48 com.android.server.wm.ActivityRecord.activityStopped:189 com.android.server.wm.ActivityClientController.activityStopped:97 android.app.IActivityClientController$Stub.onTransact:740 
02-09 20:25:21.435  2827  4821 E WindowManager: win=Window{55d2507 u0 com.anonymous.androidrn/com.anonymous.androidrn.MainActivity} destroySurfaces: appStopped=true cleanupOnResume=false win.mWindowRemovalAllowed=false win.mRemoveOnExit=false win.mViewVisibility=4 caller=com.android.server.wm.ActivityRecord.destroySurfaces:25 com.android.server.wm.ActivityRecord.activityStopped:192 com.android.server.wm.ActivityClientController.activityStopped:97 android.app.IActivityClientController$Stub.onTransact:740 com.android.server.wm.ActivityClientController.onTransact:1 android.os.Binder.execTransactInternal:1462 android.os.Binder.execTransact:1401 
02-09 20:25:21.435  2827  3061 D SGM:FgCheckThread: pkgName: com.anonymous.androidrn is not in foreground
02-09 20:25:21.484  2827  4821 E WindowManager: win=Window{b264e29 u0 Splash Screen com.anonymous.androidrn} destroySurfaces: appStopped=true cleanupOnResume=false win.mWindowRemovalAllowed=false win.mRemoveOnExit=false win.mViewVisibility=8 caller=com.android.server.wm.WindowManagerService.tryStartExitingAnimation:134 com.android.server.wm.WindowManagerService.relayoutWindow:1138 com.android.server.wm.Session.relayout:27 android.view.IWindowSession$Stub.onTransact:829 com.android.server.wm.Session.onTransact:1 android.os.Binder.execTransactInternal:1462 android.os.Binder.execTransact:1401 
02-09 20:25:21.486  2827  4821 D CoreBackPreview: Window{b264e29 u0 Splash Screen com.anonymous.androidrn}: Setting back callback null
02-09 20:25:21.486  2827  4821 D WindowManager: Starting window removed Window{b264e29 u0 Splash Screen com.anonymous.androidrn}
02-09 20:25:21.486  2827  4821 I WindowManager: Cancelling animation restarting=false, leash=Surface(name=Surface(name=55d2507 com.anonymous.androidrn/com.anonymous.androidrn.MainActivity)/@0x210291 - animation-leash of starting_reveal)/@0xeb35df7
02-09 20:25:21.486  2827  4821 I WindowManager: Reparenting to original parent: Surface(name=ActivityRecord{40941233 u0 com.anonymous.androidrn/.MainActivity t1201})/@0x9fc75f6, destroy=false, surface=Surface(name=55d2507 com.anonymous.androidrn/com.anonymous.androidrn.MainActivity)/@0x210291
02-09 20:25:21.486  2827  4821 V WindowManager: Remove Window{b264e29 u0 Splash Screen com.anonymous.androidrn}: mSurfaceControl=null mAnimatingExit=false mRemoveOnExit=false mHasSurface=false surfaceShowing=false animating=false app-animation=false callers=com.android.server.wm.Session.remove:16 android.view.IWindowSession$Stub.onTransact:804 com.android.server.wm.Session.onTransact:1 android.os.Binder.execTransactInternal:1462 android.os.Binder.execTransact:1401 <bottom of call stack> 
02-09 20:25:21.543  2827  4632 D MdnieScenarioControlService:  packageName : com.anonymous.androidrn    className : com.anonymous.androidrn.MainActivity
02-09 20:25:24.274  2827  5915 V WindowManager: Collecting in transition 12117: ActivityRecord{40941233 u0 com.anonymous.androidrn/.MainActivity t1201}, caller=com.android.server.wm.TransitionController.collect:7 com.android.server.wm.ActivityRecord.setVisibility:132 com.android.server.wm.TaskFragment.resumeTopActivity:1662 com.android.server.wm.Task.resumeTopActivityInnerLocked:119 com.android.server.wm.Task.resumeTopActivityUncheckedLocked:23 
02-09 20:25:24.274  2827  5915 D WindowManager: prepareSync <SYNC_STATE_WAITING_FOR_DRAW>, mPrepareSyncSeqId=0, win=Window{55d2507 u0 com.anonymous.androidrn/com.anonymous.androidrn.MainActivity}
02-09 20:25:24.274  2827  5915 V WindowManager: Setting visibility of Window{55d2507 u0 com.anonymous.androidrn/com.anonymous.androidrn.MainActivity}: true, caller=com.android.server.wm.WindowContainer.sendAppVisibilityToClients:19 com.android.server.wm.WindowToken.setClientVisible:48 com.android.server.wm.ActivityRecord.setVisibility:486 com.android.server.wm.TaskFragment.resumeTopActivity:1662 com.android.server.wm.Task.resumeTopActivityInnerLocked:119 
02-09 20:25:24.275  2827  5915 D ActivityTaskManager: scheduleTopResumedActivityChanged, onTop=true, r=ActivityRecord{40941233 u0 com.anonymous.androidrn/.MainActivity t1201}, caller=com.android.server.wm.ActivityTaskSupervisor.scheduleTopResumedActivityStateIfNeeded:18 com.android.server.wm.ActivityTaskSupervisor.updateTopResumedActivityIfNeeded:54 com.android.server.wm.TaskFragment.setResumedActivity:30 com.android.server.wm.ActivityRecord.setState:100 com.android.server.wm.TaskFragment.resumeTopActivity:1705 com.android.server.wm.Task.resumeTopActivityInnerLocked:119 
02-09 20:25:24.275  2827  5915 D WindowManager: rotationForOrientation, orientationSource=ActivityRecord{40941233 u0 com.anonymous.androidrn/.MainActivity t1201}
02-09 20:25:24.275  2827  3061 D SGM:FgCheckThread: noteResumeComponent(), received pkgName: com.anonymous.androidrn, userId: 0
02-09 20:25:24.275  2827  5915 D WindowManagerServiceExt: updateTaskbarTargetIfNeeded: cn=ComponentInfo{com.anonymous.androidrn/com.anonymous.androidrn.MainActivity} occludesParent=true isInSplitScreenMode=false
02-09 20:25:24.275  2827  4458 D SGM:FgCheckThread: onLooperPrepared(), msg: MSG_APP_RESUME, pkgName: com.anonymous.androidrn, userid: 0
02-09 20:25:24.275  2827  5915 V WindowManager: Add starting ActivityRecord{40941233 u0 com.anonymous.androidrn/.MainActivity t1201}: startingData=SplashScreenStartingData{cc2b0c7 removeAfterTransaction= 0}
02-09 20:25:24.275  2827  5915 V WindowManager: Added starting ActivityRecord{40941233 u0 com.anonymous.androidrn/.MainActivity t1201}: startingWindow=null startingView=com.android.server.wm.StartingSurfaceController$StartingSurface@1ac16f4
02-09 20:25:24.277  2827  3062 D BLASTSyncEngine: SyncGroup 12117:  Unfinished container: ActivityRecord{40941233 u0 com.anonymous.androidrn/.MainActivity t1201} mSyncState=2
02-09 20:25:24.277  7906 10928 I SDHMS:k : handleResumeComponent : put = com.anonymous.androidrn, userid = 0 instanceid =189550340
02-09 20:25:24.278  2827  7728 D WindowManager: prepareSync <SYNC_STATE_WAITING_FOR_DRAW>, mPrepareSyncSeqId=0, win=Window{7a84892 u0 Splash Screen com.anonymous.androidrn}
02-09 20:25:24.278  2827  7728 V WindowManager: addWindow: ActivityRecord{40941233 u0 com.anonymous.androidrn/.MainActivity t1201} startingWindow=Window{7a84892 u0 Splash Screen com.anonymous.androidrn}
02-09 20:25:24.282  2827  7728 D CoreBackPreview: Window{7a84892 u0 Splash Screen com.anonymous.androidrn}: Setting back callback OnBackInvokedCallbackInfo{mCallback=android.window.IOnBackInvokedCallback$Stub$Proxy@bbaeadb, mPriority=0, mIsAnimationCallback=false, mOverrideBehavior=0}
02-09 20:25:24.283  2827  5915 D WindowManager: makeSurface duration=1 name=Splash Screen com.anonymous.androidrn$_4827
02-09 20:25:24.283  2827  5915 D BLASTSyncEngine: SyncGroup 12117:  Unfinished container: ActivityRecord{40941233 u0 com.anonymous.androidrn/.MainActivity t1201} mSyncState=2
02-09 20:25:24.284  2827  5672 D WindowManager: makeSurface duration=0 name=com.anonymous.androidrn/com.anonymous.androidrn.MainActivity$_5416
02-09 20:25:24.284  2827  5672 D BLASTSyncEngine: SyncGroup 12117:  Unfinished container: ActivityRecord{40941233 u0 com.anonymous.androidrn/.MainActivity t1201} mSyncState=2
02-09 20:25:24.285  2827  3062 D BLASTSyncEngine: SyncGroup 12117:  Unfinished container: ActivityRecord{40941233 u0 com.anonymous.androidrn/.MainActivity t1201} mSyncState=2
02-09 20:25:24.288  2827  7728 D WindowManager: finishDrawingWindow: Window{7a84892 u0 Splash Screen com.anonymous.androidrn} mDrawState=DRAW_PENDING seqId=0
02-09 20:25:24.288  2827  7728 V WindowManager: Finishing drawing window Window{7a84892 u0 Splash Screen com.anonymous.androidrn}: mDrawState=DRAW_PENDING
02-09 20:25:24.288  2827  7728 V WindowManager: Draw state now committed in Window{7a84892 u0 Splash Screen com.anonymous.androidrn}
02-09 20:25:24.289  2827  3062 V WindowManager: performShowLocked: mDrawState=HAS_DRAWN in Window{7a84892 u0 Splash Screen com.anonymous.androidrn}
02-09 20:25:24.289  2827  3062 D ChangeTransitionController:    ChangeInfo{9642851 container=ActivityRecord{40941233 u0 com.anonymous.androidrn/.MainActivity t1201} flags=0x0}
02-09 20:25:24.289  2827  3062 D ChangeTransitionController:    ChangeInfo{37359b7 container=Task{fff7f17 #1201 type=standard A=10500:com.anonymous.androidrn} flags=0x0}
02-09 20:25:24.289  2827  3062 V WindowManager: Start calculating TransitionInfo based on participants: {ActivityRecord{40941233 u0 com.anonymous.androidrn/.MainActivity t1201}}
02-09 20:25:24.289  2827  3062 V WindowManager:   Final targets: [ChangeInfo{37359b7 container=Task{fff7f17 #1201 type=standard A=10500:com.anonymous.androidrn} flags=0x10}, ChangeInfo{39408b6 container=DefaultTaskDisplayArea_d0@157825962 flags=0x10}]
02-09 20:25:24.289  2827  3062 V WindowManager:         {WCT{RemoteToken{e01265e Task{fff7f17 #1201 type=standard A=10500:com.anonymous.androidrn}}} m=TO_FRONT f=NONE p=WCT{RemoteToken{b741bcf DefaultTaskDisplayArea_d0@157825962}} leash=Surface(name=Task=1201)/@0x7fd2524 sb=Rect(0, 0 - 1080, 2340) eb=Rect(0, 0 - 1080, 2340) epz=Point(1080, 2340) d=0 taskParent=-1 inset=Rect(0, 91 - 0, 144)},
02-09 20:25:24.290  2827  3058 V WindowManager:         {WCT{RemoteToken{e01265e Task{fff7f17 #1201 type=standard A=10500:com.anonymous.androidrn}}} m=TO_FRONT f=NONE p=WCT{RemoteToken{b741bcf DefaultTaskDisplayArea_d0@157825962}} leash=Surface(name=Task=1201)/@0x7fd2524 sb=Rect(0, 0 - 1080, 2340) eb=Rect(0, 0 - 1080, 2340) epz=Point(1080, 2340) d=0 taskParent=-1 inset=Rect(0, 91 - 0, 144)},
02-09 20:25:24.293  2827  5672 D WindowManager: finishDrawingWindow: Window{55d2507 u0 com.anonymous.androidrn/com.anonymous.androidrn.MainActivity} mDrawState=DRAW_PENDING seqId=0
02-09 20:25:24.293  2827  3062 D WindowManager: updateSystemBarAttributes: displayId=0, focusedCanBeNavColorWin=false, win=Window{54295df u0 Bouncer}, navColorWin=Window{7a84892 u0 Splash Screen com.anonymous.androidrn}, caller=com.android.server.wm.DisplayPolicy.finishPostLayoutPolicyLw:17 com.android.server.wm.RootWindowContainer.applySurfaceChangesTransaction$1:195 com.android.server.wm.RootWindowContainer.performSurfacePlacementNoTrace:59 
02-09 20:25:24.293  2827  3062 V WindowManager: Finish starting ActivityRecord{40941233 u0 com.anonymous.androidrn/.MainActivity t1201}: first real window is shown, no animation
02-09 20:25:24.294  2827  3062 V WindowManager: performShowLocked: mDrawState=HAS_DRAWN in Window{55d2507 u0 com.anonymous.androidrn/com.anonymous.androidrn.MainActivity}
02-09 20:25:24.300  2827  5672 D InsetsSourceProvider: updateFakeControlTarget: fakeControl=InsetsSourceControl: {fcb20000 mType=statusBars mSurfacePosition=Point(0, 0) mInsetsHint=Insets{left=0, top=0, right=0, bottom=0}}, fakeTarget=Window{7a84892 u0 Splash Screen com.anonymous.androidrn}
02-09 20:25:24.300  2827  5672 D InsetsSourceProvider: updateFakeControlTarget: fakeControl=InsetsSourceControl: {f9470001 mType=navigationBars mSurfacePosition=Point(0, 0) mInsetsHint=Insets{left=0, top=0, right=0, bottom=0}}, fakeTarget=Window{7a84892 u0 Splash Screen com.anonymous.androidrn}
02-09 20:25:24.300  2827  5672 D WindowManager: updateSystemBarAttributes: displayId=0, focusedCanBeNavColorWin=false, win=Window{54fd7ce u0 NotificationShade}, navColorWin=Window{7a84892 u0 Splash Screen com.anonymous.androidrn}, caller=com.android.server.wm.WindowManagerService.updateFocusedWindowLocked:372 com.android.server.wm.WindowManagerService.relayoutWindow:1350 com.android.server.wm.Session.relayout:27 
02-09 20:25:24.300  2827  7728 V WindowManager: Schedule remove starting ActivityRecord{40941233 u0 com.anonymous.androidrn/.MainActivity t1201} startingWindow=Window{7a84892 u0 Splash Screen com.anonymous.androidrn} animate=true Callers=com.android.server.wm.ActivityRecord.onSyncTransactionCommitted:16 com.android.server.wm.BLASTSyncEngine$SyncGroup$1CommitCallback.onCommitted:104 com.android.server.wm.BLASTSyncEngine$SyncGroup$$ExternalSyntheticLambda0.onTransactionCommitted:8 android.view.SurfaceControl$Transaction$$ExternalSyntheticLambda4.run:0 com.android.server.SystemServerInitThreadPool$$ExternalSyntheticLambda0.execute:1 
02-09 20:25:24.300  2827  7728 D TaskOrganizerController: applyStartingWindowAnimation, window=Window{55d2507 u0 com.anonymous.androidrn/com.anonymous.androidrn.MainActivity}, caller=com.android.server.wm.TaskOrganizerController.removeStartingWindow:132 com.android.server.wm.StartingSurfaceController$StartingSurface.remove:23 com.android.server.wm.ActivityRecord.removeStartingWindowAnimation:171 
02-09 20:25:24.300  2827  7728 I WindowManager: Reparenting to leash, surface=Surface(name=55d2507 com.anonymous.androidrn/com.anonymous.androidrn.MainActivity)/@0x210291, leashParent=Surface(name=ActivityRecord{40941233 u0 com.anonymous.androidrn/.MainActivity t1201})/@0x9fc75f6
02-09 20:25:24.300  2827  7728 D WindowManager: makeSurface duration=0 leash=Surface(name=Surface(name=55d2507 com.anonymous.androidrn/com.anonymous.androidrn.MainActivity)/@0x210291 - animation-leash of starting_reveal)/@0x42df4bc
02-09 20:25:24.312  2827  4458 D SGM:FgCheckThread:   handleUserPresent(). resume signal is needed for com.anonymous.androidrn
02-09 20:25:24.313  2827  2827 D MdnieScenarioControlService:  packageName : com.anonymous.androidrn    className : com.anonymous.androidrn.MainActivity
02-09 20:25:24.316  2827  3062 I WindowManager: notifyInsetsControlChanged, removed=false, win=Window{7a84892 u0 Splash Screen com.anonymous.androidrn}, caller=com.android.server.wm.InsetsStateController$$ExternalSyntheticLambda1.run:137 com.android.server.wm.WindowAnimator$$ExternalSyntheticLambda2.onTransactionCommitted:26 android.view.SurfaceControl$Transaction$$ExternalSyntheticLambda4.run:0 android.os.Handler.handleCallback:995 android.os.Handler.dispatchMessage:103 android.os.Looper.loopOnce:273 
02-09 20:25:24.326  2827  6482 V WindowManager:    ChangeInfo{9642851 container=ActivityRecord{40941233 u0 com.anonymous.androidrn/.MainActivity t1201} flags=0x0}
02-09 20:25:24.326  2827  6482 V WindowManager:    ChangeInfo{37359b7 container=Task{fff7f17 #1201 type=standard A=10500:com.anonymous.androidrn} flags=0x10}
02-09 20:25:24.327  2827  6482 D ChangeTransitionController:    ChangeInfo{9642851 container=ActivityRecord{40941233 u0 com.anonymous.androidrn/.MainActivity t1201} flags=0x0}
02-09 20:25:24.327  2827  6482 D ChangeTransitionController:    ChangeInfo{37359b7 container=Task{fff7f17 #1201 type=standard A=10500:com.anonymous.androidrn} flags=0x10}
02-09 20:25:24.346  2827  7728 D WindowManager: Changing focus from Window{54fd7ce u0 NotificationShade} to Window{55d2507 u0 com.anonymous.androidrn/com.anonymous.androidrn.MainActivity} displayId=0 Callers=com.android.server.wm.WindowManagerService.relayoutWindow:1350 com.android.server.wm.Session.relayout:27 com.android.server.wm.Session.relayoutAsync:14 android.view.IWindowSession$Stub.onTransact:854 
02-09 20:25:24.346  2827  7728 D InsetsSourceProvider: updateControlForTarget: control=InsetsSourceControl: {fcb20000 mType=statusBars initiallyVisible mSurfacePosition=Point(0, 0) mInsetsHint=Insets{left=0, top=91, right=0, bottom=0}}, target=Window{55d2507 u0 com.anonymous.androidrn/com.anonymous.androidrn.MainActivity}, from=com.android.server.wm.InsetsStateController.onControlTargetChanged:83 com.android.server.wm.InsetsPolicy.updateBarControlTarget:212 com.android.server.wm.DisplayPolicy.updateSystemBarAttributes:262 com.android.server.wm.WindowManagerService.updateFocusedWindowLocked:372 com.android.server.wm.WindowManagerService.relayoutWindow:1350 
02-09 20:25:24.346  2827  7728 D InsetsSourceProvider: updateControlForTarget: control=InsetsSourceControl: {f9470001 mType=navigationBars initiallyVisible mSurfacePosition=Point(0, 2196) mInsetsHint=Insets{left=0, top=0, right=0, bottom=144}}, target=Window{55d2507 u0 com.anonymous.androidrn/com.anonymous.androidrn.MainActivity}, from=com.android.server.wm.InsetsStateController.onControlTargetChanged:83 com.android.server.wm.InsetsPolicy.updateBarControlTarget:225 com.android.server.wm.DisplayPolicy.updateSystemBarAttributes:262 com.android.server.wm.WindowManagerService.updateFocusedWindowLocked:372 com.android.server.wm.WindowManagerService.relayoutWindow:1350 
02-09 20:25:24.346  2827  7728 D WindowManager: updateSystemBarAttributes: displayId=0, focusedCanBeNavColorWin=false, win=Window{55d2507 u0 com.anonymous.androidrn/com.anonymous.androidrn.MainActivity}, navColorWin=Window{7a84892 u0 Splash Screen com.anonymous.androidrn}, caller=com.android.server.wm.WindowManagerService.updateFocusedWindowLocked:372 com.android.server.wm.WindowManagerService.relayoutWindow:1350 com.android.server.wm.Session.relayout:27 
02-09 20:25:24.346  2827  7728 V SystemKeyManager: updateFocusedWindow() is called, com.anonymous.androidrn/com.anonymous.androidrn.MainActivity
02-09 20:25:24.358  2827  3062 I WindowManager: notifyInsetsControlChanged, removed=false, win=Window{7a84892 u0 Splash Screen com.anonymous.androidrn}, caller=com.android.server.wm.InsetsStateController$$ExternalSyntheticLambda1.run:137 com.android.server.wm.WindowAnimator$$ExternalSyntheticLambda2.onTransactionCommitted:26 android.view.SurfaceControl$Transaction$$ExternalSyntheticLambda4.run:0 android.os.Handler.handleCallback:995 android.os.Handler.dispatchMessage:103 android.os.Looper.loopOnce:273 
02-09 20:25:24.359  2827  7734 D CoreBackPreview: Window{7a84892 u0 Splash Screen com.anonymous.androidrn}: Setting back callback null
02-09 20:25:24.359  2827  5672 D WindowManager: Starting window removed Window{7a84892 u0 Splash Screen com.anonymous.androidrn}
02-09 20:25:24.359  2827  5672 I WindowManager: Cancelling animation restarting=false, leash=Surface(name=Surface(name=55d2507 com.anonymous.androidrn/com.anonymous.androidrn.MainActivity)/@0x210291 - animation-leash of starting_reveal)/@0x42df4bc
02-09 20:25:24.359  2827  5672 I WindowManager: Reparenting to original parent: Surface(name=ActivityRecord{40941233 u0 com.anonymous.androidrn/.MainActivity t1201})/@0x9fc75f6, destroy=false, surface=Surface(name=55d2507 com.anonymous.androidrn/com.anonymous.androidrn.MainActivity)/@0x210291
02-09 20:25:24.360  2827  5672 V WindowManager: Remove Window{7a84892 u0 Splash Screen com.anonymous.androidrn}: mSurfaceControl=Surface(name=Splash Screen com.anonymous.androidrn$_4827)/@0x33dc898 mAnimatingExit=false mRemoveOnExit=false mHasSurface=true surfaceShowing=true animating=false app-animation=false callers=com.android.server.wm.Session.remove:16 android.view.IWindowSession$Stub.onTransact:804 com.android.server.wm.Session.onTransact:1 android.os.Binder.execTransactInternal:1462 android.os.Binder.execTransact:1401 <bottom of call stack> 
02-09 20:25:24.360  2827  5672 D WindowManager: updateSystemBarAttributes: displayId=0, focusedCanBeNavColorWin=false, win=Window{55d2507 u0 com.anonymous.androidrn/com.anonymous.androidrn.MainActivity}, navColorWin=Window{55d2507 u0 com.anonymous.androidrn/com.anonymous.androidrn.MainActivity}, caller=com.android.server.wm.DisplayPolicy.finishPostLayoutPolicyLw:17 com.android.server.wm.RootWindowContainer.applySurfaceChangesTransaction$1:195 com.android.server.wm.RootWindowContainer.performSurfacePlacementNoTrace:59 
02-09 20:25:24.364  2827  7734 D InsetsSourceProvider: updateControlForTarget: control=InsetsSourceControl: {3 mType=ime mSurfacePosition=Point(0, 91) mInsetsHint=Insets{left=0, top=0, right=0, bottom=932}}, target=Window{55d2507 u0 com.anonymous.androidrn/com.anonymous.androidrn.MainActivity}, from=com.android.server.wm.ImeInsetsSourceProvider.updateControlForTarget:17 com.android.server.wm.InsetsStateController.onControlTargetChanged:83 com.android.server.wm.DisplayContent.updateImeControlTarget:21 com.android.server.wm.DisplayContent.updateImeInputAndControlTarget:156 com.android.server.wm.WindowManagerService$LocalService.updateInputMethodTargetWindow:64 
02-09 20:25:24.809  2827  4365 D SGM:GameManager: identifyGamePackage. com.anonymous.androidrn, mCurrentUserId: 0, callingMethodInfo: com.samsung.android.game.IGameManagerService$Stub.onTransact(IGameManagerService.java:247)
02-09 20:25:24.810  2827  7728 D SGM:GameManager: identifyForegroundApp. com.anonymous.androidrn, mCurrentUserId: 0, callerUserId: 0
02-09 20:25:24.864  2827  3061 D SGM:GameManager: identifyForegroundApp. com.anonymous.androidrn, mCurrentUserId: 0, callerUserId: 0
02-09 20:25:27.007  2827  5554 D SGM:GameManager: identifyGamePackage. com.anonymous.androidrn, mCurrentUserId: 0, callingMethodInfo: com.samsung.android.game.IGameManagerService$Stub.onTransact(IGameManagerService.java:247)
02-09 20:33:28.476  2827  5672 I ActivityManager: Force stopping com.anonymous.androidrn appid=10500 user=0: from pid 10236
02-09 20:33:28.477  2827  5672 I ActivityManager: Killing 5416:com.anonymous.androidrn/u0a500 (adj 0): stop com.anonymous.androidrn due to from pid 10236
02-09 20:33:28.479  2827  5672 D ActivityManager: proc ProcessRecord{2aae562 5416:com.anonymous.androidrn/u0a500} already removed. so we skip next process.
02-09 20:33:28.479  2827  5672 W ActivityTaskManager: Force removing ActivityRecord{40941233 u0 com.anonymous.androidrn/.MainActivity t1201 f}}: app died, no saved state
02-09 20:33:28.480  2827  5672 V WindowManager: Collecting in transition 12118: Task{fff7f17 #1201 type=standard A=10500:com.anonymous.androidrn}, caller=com.android.server.wm.Transition.collectExistenceChange:40 com.android.server.wm.Transition.collectClose:7 com.android.server.wm.WindowProcessController.handleAppDied$1:602 com.android.server.am.ActivityManagerService.handleAppDiedLocked:248 com.android.server.am.ProcessList.removeProcessLocked:198 
02-09 20:33:28.480  2827  5672 D WindowManager: prepareSync <SYNC_STATE_WAITING_FOR_DRAW>, mPrepareSyncSeqId=0, win=Window{55d2507 u0 com.anonymous.androidrn/com.anonymous.androidrn.MainActivity}
