02-09 20:10:21.064  2827  4352 D InstallDependencyHelper: No missing dependency for com.anonymous.androidrn
02-09 20:10:21.068  2827  4352 I PackageManager:           pkg{com.anonymous.androidrn}
02-09 20:10:21.083  2827  3542 I PackageManager: Update package com.anonymous.androidrn code path from /data/app/~~vYN3-XxxGo7stEt0nCaEGQ==/com.anonymous.androidrn-K1eHp-cnFACwWKFyB3OYGw== to /data/app/vmdl521641303.tmp; Retain data and using new
02-09 20:10:22.104  2827  3542 I AppsFilter: interaction: PackageSetting{6be8a7e com.axon.demo/10486} -> PackageSetting{50604ce com.anonymous.androidrn/10500} BLOCKED
02-09 20:10:22.104  2827  3542 I AppsFilter: interaction: PackageSetting{fbd5864 com.android.microdroid.empty_payload/10330} -> PackageSetting{50604ce com.anonymous.androidrn/10500} BLOCKED
02-09 20:10:22.105  2827  3542 I AppsFilter: interaction: PackageSetting{6be8a7e com.axon.demo/10486} -> PackageSetting{df52b2b com.anonymous.androidrn/10500} BLOCKED
02-09 20:10:22.105  2827  3542 I AppsFilter: interaction: PackageSetting{fbd5864 com.android.microdroid.empty_payload/10330} -> PackageSetting{df52b2b com.anonymous.androidrn/10500} BLOCKED
02-09 20:10:22.131  2827  3542 D PermissionService: setAllowlistedRestrictedPermissionsUnchecked called for package - com.anonymous.androidrn
02-09 20:10:22.131  2827  3542 D PermissionService: updateAdminPermissionsInternalcom.anonymous.androidrn
02-09 20:10:22.154  2827  3090 I ActivityManager: Force stopping com.anonymous.androidrn appid=10500 user=-1: installPackageLI
02-09 20:10:22.156  2827  3542 I PackageManager: installation completed for package:com.anonymous.androidrn. Final code path: /data/app/~~k1yBigyPMN2INQFLV44xzA==/com.anonymous.androidrn-HBCa856juyVvCUsfSrKfhw==
02-09 20:10:22.156  2827  3542 I AppsFilter: interaction: PackageSetting{dee8e58 com.axon.demo/10486} -> PackageSetting{cb83830 com.anonymous.androidrn/10500} BLOCKED
02-09 20:10:22.156  2827  3542 I AppsFilter: interaction: PackageSetting{56896 com.android.microdroid.empty_payload/10330} -> PackageSetting{cb83830 com.anonymous.androidrn/10500} BLOCKED
02-09 20:10:22.170  2827  3542 I ActivityManager: Force stopping com.anonymous.androidrn appid=10500 user=0: pkg removed
02-09 20:10:22.182  2827  3089 I SGM:GameManager: PkgUpdateReceiver, onPackageRemoved(). pkgName=com.anonymous.androidrn, userId=0
02-09 20:10:22.182  2827  3089 D SGM:Util: isPkgInstalled(). pkgName=com.anonymous.androidrn, userId=0, installed=true
02-09 20:10:22.185  2827  4366 D OverlayManager: reconcileSettingsForPackage pkgName=com.anonymous.androidrn userId=0
02-09 20:10:22.185  2827  4366 I OverlayManager: updateOverlaysForTarget() called with: targetPackage = [com.anonymous.androidrn], userId = [0], flags = [2]
02-09 20:10:22.194  2827  2827 D KNOX_MDM_SettingsProvider: isChangeAllowed() : name = com.samsung.android.core_app_jump_block_com.anonymous.androidrn
02-09 20:10:22.195  2827  2827 I Telecom : CarModeTracker: Package com.anonymous.androidrn is not tracked.: SSH.oR@pNs
02-09 20:10:22.196  2827  4366 D OverlayManager: reconcileSettingsForPackage pkgName=com.anonymous.androidrn userId=0
02-09 20:10:22.196  2827  4366 I OverlayManager: updateOverlaysForTarget() called with: targetPackage = [com.anonymous.androidrn], userId = [0], flags = [0]
02-09 20:10:22.197  2827  4824 I Pageboost: remove app @ runtime : com.anonymous.androidrn
02-09 20:10:22.198  2827  4679 D ShortcutService: replacing package: com.anonymous.androidrn userId=0
02-09 20:10:22.198  2827  4639 D SGM:GameManager: identifyGamePackage. com.anonymous.androidrn, mCurrentUserId: 0, callingMethodInfo: com.samsung.android.game.SemGameManager.isGamePackage(SemGameManager.java:106)
02-09 20:10:22.198  2827  4639 D SGM:SemGameManager: isGamePackage(), pkgName=com.anonymous.androidrn, ret=false
02-09 20:10:22.201  2827  4463 W PackageConfigPersister: App-specific configuration not found for packageName: com.anonymous.androidrn and userId: 0
02-09 20:10:22.202  4924  4924 D ActivityThread: Package [com.anonymous.androidrn] reported as REPLACED, but missing application info. Assuming REMOVED.
02-09 20:10:22.203  8052  8052 D ActivityThread: Package [com.anonymous.androidrn] reported as REPLACED, but missing application info. Assuming REMOVED.
02-09 20:10:22.203  2827  3089 D MetaDataCollector: onReceive: done pkgName=com.anonymous.androidrn
02-09 20:10:22.203 19000 19000 D ActivityThread: Package [com.anonymous.androidrn] reported as REPLACED, but missing application info. Assuming REMOVED.
02-09 20:10:22.203  5185  5185 D ActivityThread: Package [com.anonymous.androidrn] reported as REPLACED, but missing application info. Assuming REMOVED.
02-09 20:10:22.204 29955 29955 D ActivityThread: Package [com.anonymous.androidrn] reported as REPLACED, but missing application info. Assuming REMOVED.
02-09 20:10:22.204 15152 15152 D ActivityThread: Package [com.anonymous.androidrn] reported as REPLACED, but missing application info. Assuming REMOVED.
02-09 20:10:22.204  1816  1816 D ActivityThread: Package [com.anonymous.androidrn] reported as REPLACED, but missing application info. Assuming REMOVED.
02-09 20:10:22.205 13666 13666 D ActivityThread: Package [com.anonymous.androidrn] reported as REPLACED, but missing application info. Assuming REMOVED.
02-09 20:10:22.205 31295 31295 D ActivityThread: Package [com.anonymous.androidrn] reported as REPLACED, but missing application info. Assuming REMOVED.
02-09 20:10:22.206  7755  7755 D ActivityThread: Package [com.anonymous.androidrn] reported as REPLACED, but missing application info. Assuming REMOVED.
02-09 20:10:22.206  9168  9168 D ActivityThread: Package [com.anonymous.androidrn] reported as REPLACED, but missing application info. Assuming REMOVED.
02-09 20:10:22.206  7100  7100 D ActivityThread: Package [com.anonymous.androidrn] reported as REPLACED, but missing application info. Assuming REMOVED.
02-09 20:10:22.207  6516  6516 D ActivityThread: Package [com.anonymous.androidrn] reported as REPLACED, but missing application info. Assuming REMOVED.
02-09 20:10:22.207  8525  8525 D ActivityThread: Package [com.anonymous.androidrn] reported as REPLACED, but missing application info. Assuming REMOVED.
02-09 20:10:22.207 28099 28099 D ActivityThread: Package [com.anonymous.androidrn] reported as REPLACED, but missing application info. Assuming REMOVED.
02-09 20:10:22.207 11171 11171 D ActivityThread: Package [com.anonymous.androidrn] reported as REPLACED, but missing application info. Assuming REMOVED.
02-09 20:10:22.208 23944 23944 D ActivityThread: Package [com.anonymous.androidrn] reported as REPLACED, but missing application info. Assuming REMOVED.
02-09 20:10:22.208 27377 27377 D ActivityThread: Package [com.anonymous.androidrn] reported as REPLACED, but missing application info. Assuming REMOVED.
02-09 20:10:22.208 31897 31897 D ActivityThread: Package [com.anonymous.androidrn] reported as REPLACED, but missing application info. Assuming REMOVED.
02-09 20:10:22.213 28757 28757 D ActivityThread: Package [com.anonymous.androidrn] reported as REPLACED, but missing application info. Assuming REMOVED.
02-09 20:10:22.213 25836 25836 D ActivityThread: Package [com.anonymous.androidrn] reported as REPLACED, but missing application info. Assuming REMOVED.
02-09 20:10:22.221 21154 21154 D ActivityThread: Package [com.anonymous.androidrn] reported as REPLACED, but missing application info. Assuming REMOVED.
02-09 20:10:22.224 21303 21303 D ActivityThread: Package [com.anonymous.androidrn] reported as REPLACED, but missing application info. Assuming REMOVED.
02-09 20:10:22.224 16095 16095 D ActivityThread: Package [com.anonymous.androidrn] reported as REPLACED, but missing application info. Assuming REMOVED.
02-09 20:10:22.229  8680  8680 D ActivityThread: Package [com.anonymous.androidrn] reported as REPLACED, but missing application info. Assuming REMOVED.
02-09 20:10:22.229 25305 25305 D ActivityThread: Package [com.anonymous.androidrn] reported as REPLACED, but missing application info. Assuming REMOVED.
02-09 20:10:22.230  5204  5204 D ActivityThread: Package [com.anonymous.androidrn] reported as REPLACED, but missing application info. Assuming REMOVED.
02-09 20:10:22.230  6243  6243 D ActivityThread: Package [com.anonymous.androidrn] reported as REPLACED, but missing application info. Assuming REMOVED.
02-09 20:10:22.231  4924  4924 D ActivityThread: Package [com.anonymous.androidrn] reported as REPLACED, but missing application info. Assuming REMOVED.
02-09 20:10:22.231 19000 19000 D ActivityThread: Package [com.anonymous.androidrn] reported as REPLACED, but missing application info. Assuming REMOVED.
02-09 20:10:22.231  8052  8052 D ActivityThread: Package [com.anonymous.androidrn] reported as REPLACED, but missing application info. Assuming REMOVED.
02-09 20:10:22.231  5185  5185 D ActivityThread: Package [com.anonymous.androidrn] reported as REPLACED, but missing application info. Assuming REMOVED.
02-09 20:10:22.231  4827  4827 D ActivityThread: Package [com.anonymous.androidrn] reported as REPLACED, but missing application info. Assuming REMOVED.
02-09 20:10:22.231 29955 29955 D ActivityThread: Package [com.anonymous.androidrn] reported as REPLACED, but missing application info. Assuming REMOVED.
02-09 20:10:22.231 15152 15152 D ActivityThread: Package [com.anonymous.androidrn] reported as REPLACED, but missing application info. Assuming REMOVED.
02-09 20:10:22.232 21154 21154 D ActivityThread: Package [com.anonymous.androidrn] reported as REPLACED, but missing application info. Assuming REMOVED.
02-09 20:10:22.232 13666 13666 D ActivityThread: Package [com.anonymous.androidrn] reported as REPLACED, but missing application info. Assuming REMOVED.
02-09 20:10:22.233 31897 31897 D ActivityThread: Package [com.anonymous.androidrn] reported as REPLACED, but missing application info. Assuming REMOVED.
02-09 20:10:22.233  8525  8525 D ActivityThread: Package [com.anonymous.androidrn] reported as REPLACED, but missing application info. Assuming REMOVED.
02-09 20:10:22.233  1816  1816 D ActivityThread: Package [com.anonymous.androidrn] reported as REPLACED, but missing application info. Assuming REMOVED.
02-09 20:10:22.233 31295 31295 D ActivityThread: Package [com.anonymous.androidrn] reported as REPLACED, but missing application info. Assuming REMOVED.
02-09 20:10:22.233  6516  6516 D ActivityThread: Package [com.anonymous.androidrn] reported as REPLACED, but missing application info. Assuming REMOVED.
02-09 20:10:22.233  9168  9168 D ActivityThread: Package [com.anonymous.androidrn] reported as REPLACED, but missing application info. Assuming REMOVED.
02-09 20:10:22.234 25836 25836 D ActivityThread: Package [com.anonymous.androidrn] reported as REPLACED, but missing application info. Assuming REMOVED.
02-09 20:10:22.234  7755  7755 D ActivityThread: Package [com.anonymous.androidrn] reported as REPLACED, but missing application info. Assuming REMOVED.
02-09 20:10:22.234 16095 16095 D ActivityThread: Package [com.anonymous.androidrn] reported as REPLACED, but missing application info. Assuming REMOVED.
02-09 20:10:22.234 21303 21303 D ActivityThread: Package [com.anonymous.androidrn] reported as REPLACED, but missing application info. Assuming REMOVED.
02-09 20:10:22.234 28757 28757 D ActivityThread: Package [com.anonymous.androidrn] reported as REPLACED, but missing application info. Assuming REMOVED.
02-09 20:10:22.234  8680  8680 D ActivityThread: Package [com.anonymous.androidrn] reported as REPLACED, but missing application info. Assuming REMOVED.
02-09 20:10:22.234 28099 28099 D ActivityThread: Package [com.anonymous.androidrn] reported as REPLACED, but missing application info. Assuming REMOVED.
02-09 20:10:22.234 23944 23944 D ActivityThread: Package [com.anonymous.androidrn] reported as REPLACED, but missing application info. Assuming REMOVED.
02-09 20:10:22.234  7100  7100 D ActivityThread: Package [com.anonymous.androidrn] reported as REPLACED, but missing application info. Assuming REMOVED.
02-09 20:10:22.234 25305 25305 D ActivityThread: Package [com.anonymous.androidrn] reported as REPLACED, but missing application info. Assuming REMOVED.
02-09 20:10:22.235  7735  7735 D ActivityThread: Package [com.anonymous.androidrn] reported as REPLACED, but missing application info. Assuming REMOVED.
02-09 20:10:22.235  5218  5218 D ActivityThread: Package [com.anonymous.androidrn] reported as REPLACED, but missing application info. Assuming REMOVED.
02-09 20:10:22.236  5114  5114 D ActivityThread: Package [com.anonymous.androidrn] reported as REPLACED, but missing application info. Assuming REMOVED.
02-09 20:10:22.236  5162  5162 D ActivityThread: Package [com.anonymous.androidrn] reported as REPLACED, but missing application info. Assuming REMOVED.
02-09 20:10:22.236 27377 27377 D ActivityThread: Package [com.anonymous.androidrn] reported as REPLACED, but missing application info. Assuming REMOVED.
02-09 20:10:22.236 18300 18300 D ActivityThread: Package [com.anonymous.androidrn] reported as REPLACED, but missing application info. Assuming REMOVED.
02-09 20:10:22.237 11171 11171 D ActivityThread: Package [com.anonymous.androidrn] reported as REPLACED, but missing application info. Assuming REMOVED.
02-09 20:10:22.238  7735  7735 D ActivityThread: Package [com.anonymous.androidrn] reported as REPLACED, but missing application info. Assuming REMOVED.
02-09 20:10:22.238  5114  5114 D ActivityThread: Package [com.anonymous.androidrn] reported as REPLACED, but missing application info. Assuming REMOVED.
02-09 20:10:22.238  4827  4827 D ActivityThread: Package [com.anonymous.androidrn] reported as REPLACED, but missing application info. Assuming REMOVED.
02-09 20:10:22.238  5162  5162 D ActivityThread: Package [com.anonymous.androidrn] reported as REPLACED, but missing application info. Assuming REMOVED.
02-09 20:10:22.238  5204  5204 D ActivityThread: Package [com.anonymous.androidrn] reported as REPLACED, but missing application info. Assuming REMOVED.
02-09 20:10:22.239  5218  5218 D ActivityThread: Package [com.anonymous.androidrn] reported as REPLACED, but missing application info. Assuming REMOVED.
02-09 20:10:22.239 18300 18300 D ActivityThread: Package [com.anonymous.androidrn] reported as REPLACED, but missing application info. Assuming REMOVED.
02-09 20:10:22.239  6243  6243 D ActivityThread: Package [com.anonymous.androidrn] reported as REPLACED, but missing application info. Assuming REMOVED.
02-09 20:10:22.240  5632  5632 D ActivityThread: Package [com.anonymous.androidrn] reported as REPLACED, but missing application info. Assuming REMOVED.
02-09 20:10:22.240  5632  5632 D ActivityThread: Package [com.anonymous.androidrn] reported as REPLACED, but missing application info. Assuming REMOVED.
02-09 20:10:22.242  5135  5135 D ActivityThread: Package [com.anonymous.androidrn] reported as REPLACED, but missing application info. Assuming REMOVED.
02-09 20:10:22.242  5183  5183 D ActivityThread: Package [com.anonymous.androidrn] reported as REPLACED, but missing application info. Assuming REMOVED.
02-09 20:10:22.242  5135  5135 D ActivityThread: Package [com.anonymous.androidrn] reported as REPLACED, but missing application info. Assuming REMOVED.
02-09 20:10:22.242  5183  5183 D ActivityThread: Package [com.anonymous.androidrn] reported as REPLACED, but missing application info. Assuming REMOVED.
02-09 20:10:22.250 16850 16850 D ActivityThread: Package [com.anonymous.androidrn] reported as REPLACED, but missing application info. Assuming REMOVED.
02-09 20:10:22.251  7636  7636 D ActivityThread: Package [com.anonymous.androidrn] reported as REPLACED, but missing application info. Assuming REMOVED.
02-09 20:10:22.252 16850 16850 D ActivityThread: Package [com.anonymous.androidrn] reported as REPLACED, but missing application info. Assuming REMOVED.
02-09 20:10:22.252  2249  2249 D ActivityThread: Package [com.anonymous.androidrn] reported as REPLACED, but missing application info. Assuming REMOVED.
02-09 20:10:22.252  2249  2249 D ActivityThread: Package [com.anonymous.androidrn] reported as REPLACED, but missing application info. Assuming REMOVED.
02-09 20:10:22.253  7636  7636 D ActivityThread: Package [com.anonymous.androidrn] reported as REPLACED, but missing application info. Assuming REMOVED.
02-09 20:10:22.255  2827  3090 W BroadcastQueue: intent:Intent { act=android.intent.action.MY_PACKAGE_REPLACED flg=0x4000010 pkg=com.anonymous.androidrn (has extras) } is skipped in RestrictedPackage to com.anonymous.androidrn/expo.modules.notifications.service.NotificationsService
02-09 20:10:22.264  2827  2827 I Telecom : SamsungOpenCommunicationPlatformPolicyPackageBroadcastReceiver : action : android.intent.action.PACKAGE_ADDED / packageName : com.anonymous.androidrn
02-09 20:10:22.264  2827  4824 D SGM:GameManager: identifyGamePackage. com.anonymous.androidrn, mCurrentUserId: 0, callingMethodInfo: com.samsung.android.game.SemGameManager.isGamePackage(SemGameManager.java:106)
02-09 20:10:22.264  2827  4824 D SGM:SemGameManager: isGamePackage(), pkgName=com.anonymous.androidrn, ret=false
02-09 20:10:22.264  2827  4824 I Pageboost: appinfo : com.anonymous.androidrn 0 0 0 0
02-09 20:10:22.264  2827  4824 D SGM:GameManager: identifyGamePackage. com.anonymous.androidrn, mCurrentUserId: 0, callingMethodInfo: com.samsung.android.game.SemGameManager.isGamePackage(SemGameManager.java:106)
02-09 20:10:22.264  2827  4824 D SGM:SemGameManager: isGamePackage(), pkgName=com.anonymous.androidrn, ret=false
02-09 20:10:22.264  2827  4824 I Pageboost: Reset this app info : com.anonymous.androidrn 
02-09 20:10:22.265  2827  5573 I Telecom : SamsungOpenCommunicationPlatformPolicyPackageHandler : handleMessage : { when=-1ms what=0 obj=com.anonymous.androidrn target=com.samsung.server.telecom.advancedcall.ocp.policy.broadcast.SamsungOpenCommunicationPlatformPolicyPackageHandler }.what
02-09 20:10:22.267  2827  4728 D SGM:GameManager: identifyGamePackage. com.anonymous.androidrn, mCurrentUserId: 0, callingMethodInfo: com.samsung.android.game.SemGameManager.isGamePackage(SemGameManager.java:106)
02-09 20:10:22.267  2827  4728 D SGM:SemGameManager: isGamePackage(), pkgName=com.anonymous.androidrn, ret=false
02-09 20:10:22.271  2827  4824 I Pageboost: add app to global @ runtime: com.anonymous.androidrn
02-09 20:10:22.274  2827  2827 W AlarmManager: Package com.anonymous.androidrn, uid 10500 lost permission to set exact alarms!
02-09 20:10:22.274  2827  2827 D ActivityThread: Package [com.anonymous.androidrn] reported as REPLACED, but missing application info. Assuming REMOVED.
02-09 20:10:22.274  2827  2827 D ActivityThread: Package [com.anonymous.androidrn] reported as REPLACED, but missing application info. Assuming REMOVED.
02-09 20:10:22.329  2827  8107 I AppWidgetServiceImpl: getInstalledProvidersForProfiles lock in com.anonymous.androidrn
02-09 20:10:22.331  2827  4728 D SGM:GameManager: identifyGamePackage. com.anonymous.androidrn, mCurrentUserId: 0, callingMethodInfo: com.samsung.android.game.SemGameManager.isGamePackage(SemGameManager.java:106)
02-09 20:10:22.331  2827  4728 D SGM:SemGameManager: isGamePackage(), pkgName=com.anonymous.androidrn, ret=false
02-09 20:10:22.333 24485 24485 D ActivityThread: Package [com.anonymous.androidrn] reported as REPLACED, but missing application info. Assuming REMOVED.
02-09 20:10:22.334 24485 24485 D ActivityThread: Package [com.anonymous.androidrn] reported as REPLACED, but missing application info. Assuming REMOVED.
02-09 20:10:22.467  2827  3089 D LauncherAppsService: Calling onPackageRemoved: com.anonymous.androidrn, EXTRA_REPLACING: true
02-09 20:10:22.754  2827  3089 I SGM:GameManager: PkgUpdateReceiver, onPackageAdded : com.anonymous.androidrn userHandle : UserHandle{0} userId : 0
02-09 20:10:22.754  2827  3089 D SGM:GosNotifyThread: sendPackageMessage(), changeType=0, pkgName=com.anonymous.androidrn, userHandleId=0
02-09 20:10:22.754  2827  4459 D SGM:GosNotifyThread: notifyPackageChangedToGos(), before send intent to GOS. type:15, changeType: 0, pkgName:com.anonymous.androidrn, userHandleId:0
02-09 20:10:22.754  2827  4459 D SGM:PmAppCategoryManager: getManifestCategory(), manifestCategory=-1, packageName=com.anonymous.androidrn
02-09 20:10:22.754  2827  4459 D SGM:PmAppCategoryManager: getCategoryOverride(), categoryOverride=-1, packageName=com.anonymous.androidrn
02-09 20:10:22.754  2827  4459 I SGM:GosNotifyThread: notifyPackageChangedToGos(), category from pm: com.anonymous.androidrn, [-1/-1]
02-09 20:10:22.772  2827 12697 D SGM:GameManager: setPackageConfigurations(). category=4, pkgName=com.anonymous.androidrn
02-09 20:10:22.772  2827 12697 D SGM:PmAppCategoryManager: setOrUnsetGameCategory(). isGame=false, packageName=com.anonymous.androidrn
02-09 20:10:22.772  2827 12697 D SGM:PmAppCategoryManager: getFilteredCategoryHintFromAllUsers(). packageName=com.anonymous.androidrn, resultCategory=-1, categoryInfo=[-1, -1, -1, -1, -1]
02-09 20:10:22.772  2827 12697 D SGM:PmAppCategoryManager: isGameFromAllUsers(). categoryHint=-1, packageName=com.anonymous.androidrn
02-09 20:10:22.772  2827 12697 D SGM:PmAppCategoryManager: setOrUnsetGameCategoryInternal(). The game category status is already the same. isGame=false, packageName=com.anonymous.androidrn
02-09 20:10:22.772  2827 12697 D SGM:GameManager: setPackageConfiguration(). configuration: packageName: com.anonymous.androidrn, performancePolicyForSsrm: null, optimalAspectRatio: 1.7777778, dynamicSurfaceScaling: 1.0, category: 4, categoryByUser: 4, fillBlackSurfaceOnMargins: false, userId: null
02-09 20:10:22.772  2827 12697 D SGM:GameManager: setPackageConfiguration(). pkgName=com.anonymous.androidrn
02-09 20:10:22.772  2827 12697 D SGM:Util: isPkgInstalled(). pkgName=com.anonymous.androidrn, userId=0, installed=true
02-09 20:10:22.843  2827  3089 D MetaDataCollector: onReceive: done pkgName=com.anonymous.androidrn
02-09 20:10:22.843  2827  3089 I SGM:GameManager: PkgUpdateReceiver, onPackageReplaced : com.anonymous.androidrn userID : UserHandle{0}
02-09 20:10:22.843  2827  3089 D SGM:GosNotifyThread: sendPackageMessage(), changeType=8, pkgName=com.anonymous.androidrn, userHandleId=0
02-09 20:10:22.843  2827  3089 D MetaDataCollector: onReceive: done pkgName=com.anonymous.androidrn
02-09 20:10:22.843  2827  4459 D SGM:GosNotifyThread: notifyPackageChangedToGos(), before send intent to GOS. type:15, changeType: 8, pkgName:com.anonymous.androidrn, userHandleId:0
02-09 20:10:22.843  2827  4459 D SGM:PmAppCategoryManager: getManifestCategory(), manifestCategory=-1, packageName=com.anonymous.androidrn
02-09 20:10:22.843  2827  4459 D SGM:PmAppCategoryManager: getCategoryOverride(), categoryOverride=-1, packageName=com.anonymous.androidrn
02-09 20:10:22.843  2827  4459 I SGM:GosNotifyThread: notifyPackageChangedToGos(), category from pm: com.anonymous.androidrn, [-1/-1]
02-09 20:10:57.355 31346 31346 D ActivityThread: Package [com.anonymous.androidrn] reported as REPLACED, but missing application info. Assuming REMOVED.
02-09 20:10:57.356 31346 31346 D ActivityThread: Package [com.anonymous.androidrn] reported as REPLACED, but missing application info. Assuming REMOVED.
02-09 20:10:57.358 31356 31356 D ActivityThread: Package [com.anonymous.androidrn] reported as REPLACED, but missing application info. Assuming REMOVED.
02-09 20:10:57.359 31356 31356 D ActivityThread: Package [com.anonymous.androidrn] reported as REPLACED, but missing application info. Assuming REMOVED.
02-09 20:11:41.101  2827  5367 I Pageboost: onAppLaunch : com.anonymous.androidrn
02-09 20:11:41.101  2827  4824 I Pageboost: Record App IO : com.anonymous.androidrn pid 0
02-09 20:11:41.101  2827  5367 D MARsPolicyManager: cancelDisablePolicy com.anonymous.androidrn(0) false|0|autorun(2)
02-09 20:11:41.105  2827  5367 V WindowManager: Collecting in transition 12097: ActivityRecord{91341084 u0 com.anonymous.androidrn/.MainActivity, caller=com.android.server.wm.TransitionController.collect:7 com.android.server.wm.ActivityStarter.startActivityUnchecked:98 com.android.server.wm.ActivityStarter.executeRequest:3651 com.android.server.wm.ActivityStarter.execute:2552 com.android.server.wm.ActivityTaskManagerService.startActivityAsUser:95 
02-09 20:11:41.105  2827  5367 D ActivityTaskManager: DesktopModeLaunchParamsModifier: task=null activity=ActivityRecord{91341084 u0 com.anonymous.androidrn/.MainActivity t-1} task null, skipping
02-09 20:11:41.105  2827  5367 D ActivityTaskManager: TaskLaunchParamsModifier:task=null activity=ActivityRecord{91341084 u0 com.anonymous.androidrn/.MainActivity t-1} display-area-from-current-params=null display-area-from-default-fallback=DefaultTaskDisplayArea_d0@157825962 display-id=0 task-display-area-windowing-mode=1 suggested-display-area=DefaultTaskDisplayArea_d0@157825962
02-09 20:11:41.105  2827  5367 D [secipm]: mSecIpmManager Preload com.anonymous.androidrn dex files
02-09 20:11:41.105  2827  5367 D ActivityTaskManager: DesktopModeLaunchParamsModifier: task=null activity=ActivityRecord{91341084 u0 com.anonymous.androidrn/.MainActivity t-1} task null, skipping
02-09 20:11:41.105  2827  5367 D ActivityTaskManager: TaskLaunchParamsModifier:task=null activity=ActivityRecord{91341084 u0 com.anonymous.androidrn/.MainActivity t-1} display-area-from-current-params=null display-area-from-default-fallback=DefaultTaskDisplayArea_d0@157825962 display-id=0 task-display-area-windowing-mode=1 suggested-display-area=DefaultTaskDisplayArea_d0@157825962 non-freeform-task-display-area display-area=DefaultTaskDisplayArea_d0@157825962 activity-requested-portrait freeform-size-mismatch=Rect(81, 558 - 999, 1728)
02-09 20:11:41.106  2827  5367 D ActivityTaskManager: DesktopModeLaunchParamsModifier: task=Task{96722fa #1195 type=standard A=10500:com.anonymous.androidrn} activity=ActivityRecord{91341084 u0 com.anonymous.androidrn/.MainActivity t-1} non-desktop, skipping
02-09 20:11:41.106  2827  5367 D ActivityTaskManager: TaskLaunchParamsModifier:task=Task{96722fa #1195 type=standard A=10500:com.anonymous.androidrn} activity=ActivityRecord{91341084 u0 com.anonymous.androidrn/.MainActivity t-1} display-from-task=0 display-id=0 task-display-area-windowing-mode=1 suggested-display-area=DefaultTaskDisplayArea_d0@157825962 inherit-from-task=fullscreen non-freeform-task-display-area display-area=DefaultTaskDisplayArea_d0@157825962 activity-requested-portrait freeform-size-mismatch=Rect(81, 558 - 999, 1728)
02-09 20:11:41.106  2827  5367 V WindowManager: Collecting in transition 12097: Task{96722fa #1195 type=standard A=10500:com.anonymous.androidrn}, caller=com.android.server.wm.Transition.collectExistenceChange:40 com.android.server.wm.ActivityStarter.setNewTask:43 com.android.server.wm.ActivityStarter.startActivityInner:289 com.android.server.wm.ActivityStarter.startActivityUnchecked:111 com.android.server.wm.ActivityStarter.executeRequest:3651 
02-09 20:11:41.107  2827  5367 V WindowManager: Add starting ActivityRecord{91341084 u0 com.anonymous.androidrn/.MainActivity t1195}: startingData=SplashScreenStartingData{e7474c6 removeAfterTransaction= 0}
02-09 20:11:41.107  2827  5367 V WindowManager: Added starting ActivityRecord{91341084 u0 com.anonymous.androidrn/.MainActivity t1195}: startingWindow=null startingView=com.android.server.wm.StartingSurfaceController$StartingSurface@a4e3c87
02-09 20:11:41.108  2827  5367 V WindowManager: Collecting in transition 12097: ActivityRecord{91341084 u0 com.anonymous.androidrn/.MainActivity t1195}, caller=com.android.server.wm.Transition.collectExistenceChange:40 com.android.server.wm.ActivityStarter.handleStartResult:761 com.android.server.wm.ActivityStarter.startActivityUnchecked:124 com.android.server.wm.ActivityStarter.executeRequest:3651 com.android.server.wm.ActivityStarter.execute:2552 
02-09 20:11:41.108  2827  5367 V WindowManager:    ChangeInfo{2c81a23 container=ActivityRecord{91341084 u0 com.anonymous.androidrn/.MainActivity t1195} flags=0x0}
02-09 20:11:41.108  2827  5367 V WindowManager:    ChangeInfo{13bfb20 container=Task{96722fa #1195 type=standard A=10500:com.anonymous.androidrn} flags=0x0}
02-09 20:11:41.108  2827  5367 I ActivityTaskManager: START u0 {act=android.intent.action.MAIN cat=[android.intent.category.LAUNCHER] flg=0x10200000 cmp=com.anonymous.androidrn/.MainActivity} with LAUNCH_SINGLE_TASK from uid 2000 (BAL_ALLOW_PERMISSION) result code=0
02-09 20:11:41.108  4827  4990 V WindowManagerShell: Transition requested (#12097): android.os.BinderProxy@8dfa819 TransitionRequestInfo { type = OPEN, triggerTask = TaskInfo{userId=0 taskId=1195 effectiveUid=10500 displayId=0 isRunning=true baseIntent=Intent { act=android.intent.action.MAIN cat=[android.intent.category.LAUNCHER] flg=0x10200000 cmp=com.anonymous.androidrn/.MainActivity } baseActivity=ComponentInfo{com.anonymous.androidrn/com.anonymous.androidrn.MainActivity} topActivity=ComponentInfo{com.anonymous.androidrn/com.anonymous.androidrn.MainActivity} origActivity=null realActivity=ComponentInfo{com.anonymous.androidrn/com.anonymous.androidrn.MainActivity} numActivities=1 lastActiveTime=772049906 supportsMultiWindow=true resizeMode=1 isResizeable=true minWidth=-1 minHeight=-1 maxWidth=-1 maxHeight=-1 defaultMinSize=220 desktopDefaultMinSize=304 token=WCT{android.window.IWindowContainerToken$Stub$Proxy@48912bf} topActivityType=1 pictureInPictureParams=null shouldDockBigOverlays=false launchIntoPipHostTaskId=-1 lastParentTaskIdBeforePip=-1 displayCutoutSafeInsets=Rect(0, 91 - 0, 0) topActivityInfo=ActivityInfo{cd5d8c com.anonymous.androidrn.MainActivity} launchCookies=[] positionInParent=Point(0, 0) parentTaskId=-1 isFocused=false isVisible=false isVisibleRequested=false isTopActivityNoDisplay=false isSleeping=false locusId=null displayAreaFeatureId=1 isTopActivityTransparent=false isActivityStackTransparent=false lastNonFullscreenBounds=Rect(81, 558 - 999, 1728) capturedLink=null capturedLinkTimestamp=0 requestedVisibleTypes=-9 topActivityRequestOpenInBrowserEducationTimestamp=0 appCompatTaskInfo=AppCompatTaskInfo { topActivityInSizeCompat=false eligibleForLetterboxEducation= false isLetterboxEducationEnabled= false isLetterboxDoubleTapEnabled= false eligibleForUserAspectRatioButton= false topActivityBoundsLetterboxed= false isFromLetterboxDoubleTap= false topActivityLetterboxVerticalPosition= -1 topActivityLetterboxHorizontalPosition= -1 topActivityLetterboxWidth=-1 topActivityLetterboxHeight=-1 topActivityAppBounds=Rect(0, 0 - 1080, 2340) isUserFullscreenOverrideEnabled=false isSystemFullscreenOverrideEnabled=false hasMinAspectRatioOverride=false topActivityLetterboxBounds=null cameraCompatTaskInfo=CameraCompatTaskInfo { freeformCameraCompatMode=inactive} topActivityBounds=null topActivityInDisplayCompat=false singleTapFromLetterbox=false} topActivityMainWindowFrame=null originallySupportedMultiWindow=true hasWallpaper=false rootAffinity=10500:com.anonymous.androidrn isTopTaskInStage=false CoverLauncherWidgetTask=false LaunchedFromAppsCoverLauncherTask=false LaunchedFromMultistarCoverLauncherTask=false isAllowedSeamlessRotation=false isTopTransparentActivity=false isAliasManaged=false hasConfigChanged=false snappingGuideBounds=null isAiKeyRemoveAppTask=false lastDesktopWindowingBounds=null lastExternalDesktopWindowingBounds=null safeCutoutInsets=null}, pipChange = null, remoteTransition = null, displayChange = null, flags = 0, debugId = 12097 }
02-09 20:11:41.113  2827  4641 D WindowManager: prepareSync <SYNC_STATE_WAITING_FOR_DRAW>, mPrepareSyncSeqId=0, win=Window{4e4aa9b u0 Splash Screen com.anonymous.androidrn}
02-09 20:11:41.114  2827  4641 V WindowManager: addWindow: ActivityRecord{91341084 u0 com.anonymous.androidrn/.MainActivity t1195} startingWindow=Window{4e4aa9b u0 Splash Screen com.anonymous.androidrn}
02-09 20:11:41.116  2827  4821 V WindowManager: Collecting in transition 12097: ActivityRecord{91341084 u0 com.anonymous.androidrn/.MainActivity t1195}, caller=com.android.server.wm.TransitionController.collect:7 com.android.server.wm.ActivityRecord.setVisibility:132 com.android.server.wm.EnsureActivitiesVisibleHelper.process:459 com.android.server.wm.TaskFragment.updateActivityVisibilities:12 com.android.server.wm.Task$$ExternalSyntheticLambda37.accept:37 
02-09 20:11:41.132  2827  8107 D WindowManager: makeSurface duration=0 name=Splash Screen com.anonymous.androidrn$_4827
02-09 20:11:41.133  2827  7742 D CoreBackPreview: Window{4e4aa9b u0 Splash Screen com.anonymous.androidrn}: Setting back callback OnBackInvokedCallbackInfo{mCallback=android.window.IOnBackInvokedCallback$Stub$Proxy@a5a0a, mPriority=0, mIsAnimationCallback=false, mOverrideBehavior=0}
02-09 20:11:41.137  2827  3091 I ActivityManager: Start proc 16698:com.anonymous.androidrn/u0a500 for next-top-activity {com.anonymous.androidrn/com.anonymous.androidrn.MainActivity}
02-09 20:11:41.142  2827  5672 D WindowManager: finishDrawingWindow: Window{4e4aa9b u0 Splash Screen com.anonymous.androidrn} mDrawState=DRAW_PENDING seqId=0
02-09 20:11:41.142  2827  5672 V WindowManager: Finishing drawing window Window{4e4aa9b u0 Splash Screen com.anonymous.androidrn}: mDrawState=DRAW_PENDING
02-09 20:11:41.142  2827  5672 V WindowManager: Draw state now committed in Window{4e4aa9b u0 Splash Screen com.anonymous.androidrn}
02-09 20:11:41.143  2827  3062 V WindowManager: performShowLocked: mDrawState=HAS_DRAWN in Window{4e4aa9b u0 Splash Screen com.anonymous.androidrn}
02-09 20:11:41.143  2827  3062 D WindowManagerServiceExt: updateTaskbarTargetIfNeeded: cn=ComponentInfo{com.anonymous.androidrn/com.anonymous.androidrn.MainActivity} occludesParent=true isInSplitScreenMode=false
02-09 20:11:41.144  2827  3062 D ChangeTransitionController:    ChangeInfo{2c81a23 container=ActivityRecord{91341084 u0 com.anonymous.androidrn/.MainActivity t1195} flags=0x0}
02-09 20:11:41.144  2827  3062 D ChangeTransitionController:    ChangeInfo{13bfb20 container=Task{96722fa #1195 type=standard A=10500:com.anonymous.androidrn} flags=0x0}
02-09 20:11:41.144  2827  3062 V WindowManager: Start calculating TransitionInfo based on participants: {ActivityRecord{91341084 u0 com.anonymous.androidrn/.MainActivity t1195}, ActivityRecord{143001929 u0 com.xingin.xhs/com.xingin.matrix.detail.activity.DetailFeedActivity t1194}, Task{96722fa #1195 type=standard A=10500:com.anonymous.androidrn}}
02-09 20:11:41.144  2827  3062 V WindowManager:   Final targets: [ChangeInfo{13bfb20 container=Task{96722fa #1195 type=standard A=10500:com.anonymous.androidrn} flags=0x10}, ChangeInfo{437a56a container=Task{3042893 #1194 type=standard A=10297:com.xingin.xhs} flags=0x10}]
02-09 20:11:41.145  2827  3062 V WindowManager:         {WCT{RemoteToken{b1cd137 Task{96722fa #1195 type=standard A=10500:com.anonymous.androidrn}}} m=OPEN f=NONE leash=Surface(name=Task=1195)/@0x497f3d1 sb=Rect(0, 0 - 1080, 2340) eb=Rect(0, 0 - 1080, 2340) epz=Point(1080, 2340) d=0 taskParent=-1 inset=Rect(0, 91 - 0, 144) dim=true},
02-09 20:11:41.149  2827  3058 V WindowManager: Sent Transition (#12097) createdAt=02-09 20:11:41.104 via request=TransitionRequestInfo { type = OPEN, triggerTask = TaskInfo{userId=0 taskId=1195 effectiveUid=10500 displayId=0 isRunning=true baseIntent=Intent { act=android.intent.action.MAIN cat=[android.intent.category.LAUNCHER] flg=0x10200000 cmp=com.anonymous.androidrn/.MainActivity } baseActivity=ComponentInfo{com.anonymous.androidrn/com.anonymous.androidrn.MainActivity} topActivity=ComponentInfo{com.anonymous.androidrn/com.anonymous.androidrn.MainActivity} origActivity=null realActivity=ComponentInfo{com.anonymous.androidrn/com.anonymous.androidrn.MainActivity} numActivities=1 lastActiveTime=772049906 supportsMultiWindow=true resizeMode=1 isResizeable=true minWidth=-1 minHeight=-1 maxWidth=-1 maxHeight=-1 defaultMinSize=220 desktopDefaultMinSize=304 token=WCT{RemoteToken{b1cd137 Task{96722fa #1195 type=standard A=10500:com.anonymous.androidrn}}} topActivityType=1 pictureInPictureParams=null shouldDockBigOverlays=false launchIntoPipHostTaskId=-1 lastParentTaskIdBeforePip=-1 displayCutoutSafeInsets=Rect(0, 91 - 0, 0) topActivityInfo=ActivityInfo{b8eb02f com.anonymous.androidrn.MainActivity} launchCookies=[] positionInParent=Point(0, 0) parentTaskId=-1 isFocused=false isVisible=false isVisibleRequested=false isTopActivityNoDisplay=false isSleeping=false locusId=null displayAreaFeatureId=1 isTopActivityTransparent=false isActivityStackTransparent=false lastNonFullscreenBounds=Rect(81, 558 - 999, 1728) capturedLink=null capturedLinkTimestamp=0 requestedVisibleTypes=-9 topActivityRequestOpenInBrowserEducationTimestamp=0 appCompatTaskInfo=AppCompatTaskInfo { topActivityInSizeCompat=false eligibleForLetterboxEducation= false isLetterboxEducationEnabled= false isLetterboxDoubleTapEnabled= false eligibleForUserAspectRatioButton= false topActivityBoundsLetterboxed= false isFromLetterboxDoubleTap= false topActivityLetterboxVerticalPosition= -1 topActivityLetterboxHorizontalPosition= -1 topActivityLetterboxWidth=-1 topActivityLetterboxHeight=-1 topActivityAppBounds=Rect(0, 0 - 1080, 2340) isUserFullscreenOverrideEnabled=false isSystemFullscreenOverrideEnabled=false hasMinAspectRatioOverride=false topActivityLetterboxBounds=null cameraCompatTaskInfo=CameraCompatTaskInfo { freeformCameraCompatMode=inactive} topActivityBounds=null topActivityInDisplayCompat=false singleTapFromLetterbox=false} topActivityMainWindowFrame=null originallySupportedMultiWindow=true hasWallpaper=false rootAffinity=10500:com.anonymous.androidrn isTopTaskInStage=false CoverLauncherWidgetTask=false LaunchedFromAppsCoverLauncherTask=false LaunchedFromMultistarCoverLauncherTask=false isAllowedSeamlessRotation=false isTopTransparentActivity=false isAliasManaged=false hasConfigChanged=false snappingGuideBounds=null isAiKeyRemoveAppTask=false lastDesktopWindowingBounds=null lastExternalDesktopWindowingBounds=null safeCutoutInsets=null}, pipChange = null, remoteTransition = null, displayChange = null, flags = 0, debugId = 12097 }
02-09 20:11:41.149  2827  3058 V WindowManager:         {WCT{RemoteToken{b1cd137 Task{96722fa #1195 type=standard A=10500:com.anonymous.androidrn}}} m=OPEN f=NONE leash=Surface(name=Task=1195)/@0x497f3d1 sb=Rect(0, 0 - 1080, 2340) eb=Rect(0, 0 - 1080, 2340) epz=Point(1080, 2340) d=0 taskParent=-1 inset=Rect(0, 91 - 0, 144) dim=true},
02-09 20:11:41.149  2827  3062 D InsetsSourceProvider: updateControlForTarget: control=InsetsSourceControl: {fcb20000 mType=statusBars initiallyVisible mSurfacePosition=Point(0, 0) mInsetsHint=Insets{left=0, top=91, right=0, bottom=0}}, target=Window{4e4aa9b u0 Splash Screen com.anonymous.androidrn}, from=com.android.server.wm.InsetsStateController.onControlTargetChanged:83 com.android.server.wm.InsetsPolicy.updateBarControlTarget:212 com.android.server.wm.DisplayPolicy.updateSystemBarAttributes:262 com.android.server.wm.DisplayPolicy.finishPostLayoutPolicyLw:17 com.android.server.wm.RootWindowContainer.applySurfaceChangesTransaction$1:195 
02-09 20:11:41.150  2827  3062 D InsetsSourceProvider: updateControlForTarget: control=InsetsSourceControl: {f9470001 mType=navigationBars initiallyVisible mSurfacePosition=Point(0, 2196) mInsetsHint=Insets{left=0, top=0, right=0, bottom=144}}, target=Window{4e4aa9b u0 Splash Screen com.anonymous.androidrn}, from=com.android.server.wm.InsetsStateController.onControlTargetChanged:83 com.android.server.wm.InsetsPolicy.updateBarControlTarget:225 com.android.server.wm.DisplayPolicy.updateSystemBarAttributes:262 com.android.server.wm.DisplayPolicy.finishPostLayoutPolicyLw:17 com.android.server.wm.RootWindowContainer.applySurfaceChangesTransaction$1:195 
02-09 20:11:41.150  2827  3062 D WindowManager: updateSystemBarAttributes: displayId=0, focusedCanBeNavColorWin=false, win=Window{4e4aa9b u0 Splash Screen com.anonymous.androidrn}, navColorWin=Window{4e4aa9b u0 Splash Screen com.anonymous.androidrn}, caller=com.android.server.wm.DisplayPolicy.finishPostLayoutPolicyLw:17 com.android.server.wm.RootWindowContainer.applySurfaceChangesTransaction$1:195 com.android.server.wm.RootWindowContainer.performSurfacePlacementNoTrace:59 
02-09 20:11:41.153  2827  3059 D HardcoderService: FG change to com.anonymous.androidrn (10500, 16698)
02-09 20:11:41.154  2827  3059 D HardcoderService: FG change to com.anonymous.androidrn (10500, 16698)
02-09 20:11:41.155  2827  3062 I WindowManager: notifyInsetsControlChanged, removed=false, win=Window{4e4aa9b u0 Splash Screen com.anonymous.androidrn}, caller=com.android.server.wm.InsetsStateController$$ExternalSyntheticLambda1.run:137 com.android.server.wm.WindowAnimator$$ExternalSyntheticLambda2.onTransactionCommitted:26 android.view.SurfaceControl$Transaction$$ExternalSyntheticLambda4.run:0 android.os.Handler.handleCallback:995 android.os.Handler.dispatchMessage:103 android.os.Looper.loopOnce:273 
02-09 20:11:41.165 16698 16698 D ActivityThread: com.anonymous.androidrn will use render engine as VK
02-09 20:11:41.168  2827  4821 D WindowManager: rotationForOrientation, orientationSource=ActivityRecord{91341084 u0 com.anonymous.androidrn/.MainActivity t1195}
02-09 20:11:41.169  2827  4821 D SGM:FgCheckThread: notifyAppCreated(), packageName: com.anonymous.androidrn, userId: 0, sendRet: true
02-09 20:11:41.169  2827  4458 D SGM:FgCheckThread: onLooperPrepared(), msg: MSG_APP_CREATE, pkgName: com.anonymous.androidrn, userId: 0
02-09 20:11:41.169  2827  4821 D SGM:FgCheckThread:   sendRunningComponentFocus(), pkgName: com.anonymous.androidrn, userId: 0
02-09 20:11:41.169  2827  4458 D SGM:FgCheckThread: onLooperPrepared(), msg: MSG_TASK_FOCUSED, pkgName: com.anonymous.androidrn, userId: 0
02-09 20:11:41.169  2827  4458 D SGM:FgCheckThread:   handleTaskFocused(), pkgName: com.anonymous.androidrn, userID:0
02-09 20:11:41.169  2827  4821 D ActivityTaskManager: scheduleTopResumedActivityChanged, onTop=true, r=ActivityRecord{91341084 u0 com.anonymous.androidrn/.MainActivity t1195}, caller=com.android.server.wm.ActivityTaskSupervisor.scheduleTopResumedActivityStateIfNeeded:18 com.android.server.wm.ActivityTaskSupervisor.updateTopResumedActivityIfNeeded:54 com.android.server.wm.TaskFragment.setResumedActivity:30 com.android.server.wm.ActivityRecord.setState:100 com.android.server.wm.ActivityTaskSupervisor.realStartActivityLocked:487 com.android.server.wm.RootWindowContainer.attachApplication:100 
02-09 20:11:41.170  2827  4458 D SGM:FgCheckThread:   handleResume(). pkgName: com.anonymous.androidrn, userId: 0, category: non-game
02-09 20:11:41.170  2827  4458 D SGM:FgCheckThread: notifyFocusInOut(). of pkg: com.anonymous.androidrn, type: 4, isSecGameFamily: false, userId: 0
02-09 20:11:41.174 16698 16698 D ActivityThread: com.anonymous.androidrn will use render engine as VK
02-09 20:11:41.174  2827  3061 D SGM:FgCheckThread: noteResumeComponent(), received pkgName: com.anonymous.androidrn, userId: 0
02-09 20:11:41.174  2827  4458 D SGM:FgCheckThread: onLooperPrepared(), msg: MSG_APP_RESUME, pkgName: com.anonymous.androidrn, userid: 0
02-09 20:11:41.174  2827  4458 D SGM:FgCheckThread:   handleResume(). pkgName: com.anonymous.androidrn, userId: 0, category: non-game
02-09 20:11:41.174  2827  4458 D SGM:FgCheckThread: notifyFocusInOut(). of pkg: com.anonymous.androidrn, type: 4, isSecGameFamily: false, userId: 0
02-09 20:11:41.175  2827  3061 D SGM:GameManager: identifyGamePackage. com.anonymous.androidrn, mCurrentUserId: 0, callingMethodInfo: com.samsung.android.game.SemGameManager.isGamePackage(SemGameManager.java:106)
02-09 20:11:41.175  2827  3061 D SGM:SemGameManager: isGamePackage(), pkgName=com.anonymous.androidrn, ret=false
02-09 20:11:41.174  7906  7953 I SDHMS:k : handleResumeComponent : put = com.anonymous.androidrn, userid = 0 instanceid =246512289
02-09 20:11:41.204  2827  4821 D CoreBackPreview: Window{52d91fb u0 com.anonymous.androidrn/com.anonymous.androidrn.MainActivity}: Setting back callback OnBackInvokedCallbackInfo{mCallback=android.window.IOnBackInvokedCallback$Stub$Proxy@fc5c5cf, mPriority=0, mIsAnimationCallback=false, mOverrideBehavior=0}
02-09 20:11:41.205  2827  8014 D WindowManager: makeSurface duration=0 name=com.anonymous.androidrn/com.anonymous.androidrn.MainActivity$_16698
02-09 20:11:41.206  2827  8014 D WindowManager: Changing focus from null to Window{52d91fb u0 com.anonymous.androidrn/com.anonymous.androidrn.MainActivity} displayId=0 Callers=com.android.server.wm.WindowManagerService.relayoutWindow:1350 com.android.server.wm.Session.relayout:27 android.view.IWindowSession$Stub.onTransact:829 com.android.server.wm.Session.onTransact:1 
02-09 20:11:41.206  2827  8014 D InsetsSourceProvider: updateControlForTarget: control=InsetsSourceControl: {fcb20000 mType=statusBars initiallyVisible mSurfacePosition=Point(0, 0) mInsetsHint=Insets{left=0, top=91, right=0, bottom=0}}, target=Window{52d91fb u0 com.anonymous.androidrn/com.anonymous.androidrn.MainActivity}, from=com.android.server.wm.InsetsStateController.onControlTargetChanged:83 com.android.server.wm.InsetsPolicy.updateBarControlTarget:212 com.android.server.wm.DisplayPolicy.updateSystemBarAttributes:262 com.android.server.wm.WindowManagerService.updateFocusedWindowLocked:372 com.android.server.wm.WindowManagerService.relayoutWindow:1350 
02-09 20:11:41.206  2827  8014 D InsetsSourceProvider: updateControlForTarget: control=InsetsSourceControl: {f9470001 mType=navigationBars initiallyVisible mSurfacePosition=Point(0, 2196) mInsetsHint=Insets{left=0, top=0, right=0, bottom=144}}, target=Window{52d91fb u0 com.anonymous.androidrn/com.anonymous.androidrn.MainActivity}, from=com.android.server.wm.InsetsStateController.onControlTargetChanged:83 com.android.server.wm.InsetsPolicy.updateBarControlTarget:225 com.android.server.wm.DisplayPolicy.updateSystemBarAttributes:262 com.android.server.wm.WindowManagerService.updateFocusedWindowLocked:372 com.android.server.wm.WindowManagerService.relayoutWindow:1350 
02-09 20:11:41.206  2827  8014 D WindowManager: updateSystemBarAttributes: displayId=0, focusedCanBeNavColorWin=false, win=Window{52d91fb u0 com.anonymous.androidrn/com.anonymous.androidrn.MainActivity}, navColorWin=Window{4e4aa9b u0 Splash Screen com.anonymous.androidrn}, caller=com.android.server.wm.WindowManagerService.updateFocusedWindowLocked:372 com.android.server.wm.WindowManagerService.relayoutWindow:1350 com.android.server.wm.Session.relayout:27 
02-09 20:11:41.206  2827  8014 V SystemKeyManager: updateFocusedWindow() is called, com.anonymous.androidrn/com.anonymous.androidrn.MainActivity
02-09 20:11:41.212  2827  8014 D WindowManager: finishDrawingWindow: Window{52d91fb u0 com.anonymous.androidrn/com.anonymous.androidrn.MainActivity} mDrawState=DRAW_PENDING seqId=0
02-09 20:11:41.212  2827  3062 V WindowManager: Finish starting ActivityRecord{91341084 u0 com.anonymous.androidrn/.MainActivity t1195}: first real window is shown, no animation
02-09 20:11:41.212  2827  3062 V WindowManager: Schedule remove starting ActivityRecord{91341084 u0 com.anonymous.androidrn/.MainActivity t1195} startingWindow=Window{4e4aa9b u0 Splash Screen com.anonymous.androidrn} animate=true Callers=com.android.server.wm.ActivityRecord.removeStartingWindow:178 com.android.server.wm.WindowState.performShowLocked:155 com.android.server.wm.WindowStateAnimator.commitFinishDrawingLocked:73 com.android.server.wm.DisplayContent$$ExternalSyntheticLambda1.accept$com$android$server$wm$DisplayContent$$ExternalSyntheticLambda37:23 com.android.server.wm.DisplayContent$$ExternalSyntheticLambda1.accept:143 
02-09 20:11:41.212  2827  3062 D TaskOrganizerController: applyStartingWindowAnimation, window=Window{52d91fb u0 com.anonymous.androidrn/com.anonymous.androidrn.MainActivity}, caller=com.android.server.wm.TaskOrganizerController.removeStartingWindow:132 com.android.server.wm.StartingSurfaceController$StartingSurface.remove:23 com.android.server.wm.ActivityRecord.removeStartingWindowAnimation:171 
02-09 20:11:41.212  2827  3062 I WindowManager: Reparenting to leash, surface=Surface(name=52d91fb com.anonymous.androidrn/com.anonymous.androidrn.MainActivity)/@0x5875d06, leashParent=Surface(name=ActivityRecord{91341084 u0 com.anonymous.androidrn/.MainActivity t1195})/@0x19e9fc7
02-09 20:11:41.212  2827  3062 D WindowManager: makeSurface duration=0 leash=Surface(name=Surface(name=52d91fb com.anonymous.androidrn/com.anonymous.androidrn.MainActivity)/@0x5875d06 - animation-leash of starting_reveal)/@0x22d9f4
02-09 20:11:41.213  2827  3062 I ActivityTaskManager: done cause=notifyWindowsDrawn timestamp=312812732019212 info=TransitionInfo{3f7551d a=ActivityRecord{91341084 u0 com.anonymous.androidrn/.MainActivity t1195} d=true}
02-09 20:11:41.213  2827  3062 V WindowManager: performShowLocked: mDrawState=HAS_DRAWN in Window{52d91fb u0 com.anonymous.androidrn/com.anonymous.androidrn.MainActivity}
02-09 20:11:41.218  2827  3058 I Pageboost: Launch time gathered : pid 16698 com.anonymous.androidrn 111
02-09 20:11:41.221  2827  3062 I WindowManager: notifyInsetsControlChanged, removed=false, win=Window{4e4aa9b u0 Splash Screen com.anonymous.androidrn}, caller=com.android.server.wm.InsetsStateController$$ExternalSyntheticLambda1.run:137 com.android.server.wm.WindowAnimator$$ExternalSyntheticLambda2.onTransactionCommitted:26 android.view.SurfaceControl$Transaction$$ExternalSyntheticLambda4.run:0 android.os.Handler.handleCallback:995 android.os.Handler.dispatchMessage:103 android.os.Looper.loopOnce:273 
02-09 20:11:41.227  2827  4821 D SGM:GameManager: identifyForegroundApp. com.anonymous.androidrn, mCurrentUserId: 0, callerUserId: 0
02-09 20:11:41.227  2827  4821 D SGM:GameManager: identifyGamePackage. com.anonymous.androidrn, mCurrentUserId: 0, callingMethodInfo: com.samsung.android.game.IGameManagerService$Stub.onTransact(IGameManagerService.java:247)
