02-09 20:37:43.632  2827  3062 D ChangeTransitionController:    ChangeInfo{c02fb28 container=ActivityRecord{128028621 u0 com.anonymous.androidrn/.MainActivity t1202} flags=0x0}
02-09 20:37:43.632  2827  3062 D ChangeTransitionController:    ChangeInfo{b7b29e6 container=Task{f28e082 #1202 type=standard A=10500:com.anonymous.androidrn} flags=0x0}
02-09 20:37:43.632  2827  3062 V WindowManager: Start calculating TransitionInfo based on participants: {ActivityRecord{128028621 u0 com.anonymous.androidrn/.MainActivity t1202}}
02-09 20:37:43.632  2827  3062 V WindowManager:   Final targets: [ChangeInfo{b7b29e6 container=Task{f28e082 #1202 type=standard A=10500:com.anonymous.androidrn} flags=0x10}, ChangeInfo{ebb5041 container=DefaultTaskDisplayArea_d0@157825962 flags=0x10}]
02-09 20:37:43.633  2827  3062 V WindowManager:         {WCT{RemoteToken{c0aaa25 Task{f28e082 #1202 type=standard A=10500:com.anonymous.androidrn}}} m=TO_FRONT f=NONE p=WCT{RemoteToken{b741bcf DefaultTaskDisplayArea_d0@157825962}} leash=Surface(name=Task=1202)/@0x9df5b8f sb=Rect(0, 0 - 1080, 2340) eb=Rect(0, 0 - 1080, 2340) epz=Point(1080, 2340) d=0 taskParent=-1 inset=Rect(0, 91 - 0, 144)},
02-09 20:37:43.633  2827  3058 V WindowManager:         {WCT{RemoteToken{c0aaa25 Task{f28e082 #1202 type=standard A=10500:com.anonymous.androidrn}}} m=TO_FRONT f=NONE p=WCT{RemoteToken{b741bcf DefaultTaskDisplayArea_d0@157825962}} leash=Surface(name=Task=1202)/@0x9df5b8f sb=Rect(0, 0 - 1080, 2340) eb=Rect(0, 0 - 1080, 2340) epz=Point(1080, 2340) d=0 taskParent=-1 inset=Rect(0, 91 - 0, 144)},
02-09 20:37:43.639  2827  3062 D InsetsSourceProvider: updateFakeControlTarget: fakeControl=InsetsSourceControl: {fcb20000 mType=statusBars mSurfacePosition=Point(0, 0) mInsetsHint=Insets{left=0, top=0, right=0, bottom=0}}, fakeTarget=Window{7188c57 u0 com.anonymous.androidrn/com.anonymous.androidrn.MainActivity}
02-09 20:37:43.639  2827  3062 D InsetsSourceProvider: updateFakeControlTarget: fakeControl=InsetsSourceControl: {f9470001 mType=navigationBars mSurfacePosition=Point(0, 0) mInsetsHint=Insets{left=0, top=0, right=0, bottom=0}}, fakeTarget=Window{7188c57 u0 com.anonymous.androidrn/com.anonymous.androidrn.MainActivity}
02-09 20:37:43.643  2827 12697 D WindowManager: makeSurface duration=0 name=com.anonymous.androidrn/com.anonymous.androidrn.MainActivity$_10270
02-09 20:37:43.644  2827 12697 D WindowManager: updateSystemBarAttributes: displayId=0, focusedCanBeNavColorWin=false, win=Window{54fd7ce u0 NotificationShade}, navColorWin=Window{7188c57 u0 com.anonymous.androidrn/com.anonymous.androidrn.MainActivity}, caller=com.android.server.wm.DisplayPolicy.finishPostLayoutPolicyLw:17 com.android.server.wm.RootWindowContainer.applySurfaceChangesTransaction$1:195 com.android.server.wm.RootWindowContainer.performSurfacePlacementNoTrace:59 
02-09 20:37:43.648  2827  6483 D WindowManager: finishDrawingWindow: Window{7188c57 u0 com.anonymous.androidrn/com.anonymous.androidrn.MainActivity} mDrawState=DRAW_PENDING seqId=0
02-09 20:37:43.649  2827  3062 V WindowManager: Finish starting ActivityRecord{128028621 u0 com.anonymous.androidrn/.MainActivity t1202}: first real window is shown, no animation
02-09 20:37:43.649  2827  3062 V WindowManager: Schedule remove starting ActivityRecord{128028621 u0 com.anonymous.androidrn/.MainActivity t1202} startingWindow=Window{bc6c61a u0 SnapshotStartingWindow for taskId=1202} animate=false Callers=com.android.server.wm.ActivityRecord.removeStartingWindow:178 com.android.server.wm.WindowState.performShowLocked:155 com.android.server.wm.WindowStateAnimator.commitFinishDrawingLocked:73 com.android.server.wm.DisplayContent$$ExternalSyntheticLambda1.accept$com$android$server$wm$DisplayContent$$ExternalSyntheticLambda37:23 com.android.server.wm.DisplayContent$$ExternalSyntheticLambda1.accept:143 
02-09 20:37:43.649  2827  3062 V WindowManager: performShowLocked: mDrawState=HAS_DRAWN in Window{7188c57 u0 com.anonymous.androidrn/com.anonymous.androidrn.MainActivity}
02-09 20:37:43.694  2827  6483 D WindowManager: Changing focus from Window{54fd7ce u0 NotificationShade} to Window{7188c57 u0 com.anonymous.androidrn/com.anonymous.androidrn.MainActivity} displayId=0 Callers=com.android.server.wm.WindowManagerService.relayoutWindow:1350 com.android.server.wm.Session.relayout:27 com.android.server.wm.Session.relayoutAsync:14 android.view.IWindowSession$Stub.onTransact:854 
02-09 20:37:43.694  2827  6483 D InsetsSourceProvider: updateControlForTarget: control=InsetsSourceControl: {fcb20000 mType=statusBars initiallyVisible mSurfacePosition=Point(0, 0) mInsetsHint=Insets{left=0, top=91, right=0, bottom=0}}, target=Window{7188c57 u0 com.anonymous.androidrn/com.anonymous.androidrn.MainActivity}, from=com.android.server.wm.InsetsStateController.onControlTargetChanged:83 com.android.server.wm.InsetsPolicy.updateBarControlTarget:212 com.android.server.wm.DisplayPolicy.updateSystemBarAttributes:262 com.android.server.wm.WindowManagerService.updateFocusedWindowLocked:372 com.android.server.wm.WindowManagerService.relayoutWindow:1350 
02-09 20:37:43.694  2827  6483 D InsetsSourceProvider: updateControlForTarget: control=InsetsSourceControl: {f9470001 mType=navigationBars initiallyVisible mSurfacePosition=Point(0, 2196) mInsetsHint=Insets{left=0, top=0, right=0, bottom=144}}, target=Window{7188c57 u0 com.anonymous.androidrn/com.anonymous.androidrn.MainActivity}, from=com.android.server.wm.InsetsStateController.onControlTargetChanged:83 com.android.server.wm.InsetsPolicy.updateBarControlTarget:225 com.android.server.wm.DisplayPolicy.updateSystemBarAttributes:262 com.android.server.wm.WindowManagerService.updateFocusedWindowLocked:372 com.android.server.wm.WindowManagerService.relayoutWindow:1350 
02-09 20:37:43.694  2827  6483 D WindowManager: updateSystemBarAttributes: displayId=0, focusedCanBeNavColorWin=false, win=Window{7188c57 u0 com.anonymous.androidrn/com.anonymous.androidrn.MainActivity}, navColorWin=Window{7188c57 u0 com.anonymous.androidrn/com.anonymous.androidrn.MainActivity}, caller=com.android.server.wm.WindowManagerService.updateFocusedWindowLocked:372 com.android.server.wm.WindowManagerService.relayoutWindow:1350 com.android.server.wm.Session.relayout:27 
02-09 20:37:43.694  2827  6483 V SystemKeyManager: updateFocusedWindow() is called, com.anonymous.androidrn/com.anonymous.androidrn.MainActivity
02-09 20:37:43.750  2827  8313 I WindowManager: Reparenting to leash, surface=Surface(name=bc6c61a SnapshotStartingWindow for taskId=1202)/@0xe5962b3, leashParent=Surface(name=ActivityRecord{128028621 u0 com.anonymous.androidrn/.MainActivity t1202})/@0xfd37961
02-09 20:37:43.908  2827  3062 I WindowManager: Reparenting to original parent: Surface(name=ActivityRecord{128028621 u0 com.anonymous.androidrn/.MainActivity t1202})/@0xfd37961, destroy=true, surface=Surface(name=bc6c61a SnapshotStartingWindow for taskId=1202)/@0xe5962b3
02-09 20:37:44.011  2827  6484 V WindowManager:    ChangeInfo{c02fb28 container=ActivityRecord{128028621 u0 com.anonymous.androidrn/.MainActivity t1202} flags=0x0}
02-09 20:37:44.011  2827  6484 V WindowManager:    ChangeInfo{b7b29e6 container=Task{f28e082 #1202 type=standard A=10500:com.anonymous.androidrn} flags=0x10}
02-09 20:37:44.011  2827  6484 D ChangeTransitionController:    ChangeInfo{c02fb28 container=ActivityRecord{128028621 u0 com.anonymous.androidrn/.MainActivity t1202} flags=0x0}
02-09 20:37:44.011  2827  6484 D ChangeTransitionController:    ChangeInfo{b7b29e6 container=Task{f28e082 #1202 type=standard A=10500:com.anonymous.androidrn} flags=0x10}
02-09 20:37:44.038  2827  7728 D SGM:GameManager: identifyGamePackage. com.anonymous.androidrn, mCurrentUserId: 0, callingMethodInfo: com.samsung.android.game.IGameManagerService$Stub.onTransact(IGameManagerService.java:247)
02-09 20:37:44.043  2827  2827 D MdnieScenarioControlService:  packageName : com.anonymous.androidrn    className : com.anonymous.androidrn.MainActivity
02-09 20:37:44.044  2827  4458 D SGM:FgCheckThread:   handleUserPresent(). resume signal is needed for com.anonymous.androidrn
02-09 20:37:44.152  2827  6485 D SGM:GameManager: identifyForegroundApp. com.anonymous.androidrn, mCurrentUserId: 0, callerUserId: 0
02-09 20:37:44.212  2827  3061 D SGM:GameManager: identifyForegroundApp. com.anonymous.androidrn, mCurrentUserId: 0, callerUserId: 0
02-09 20:42:13.551  2827  7728 D SGM:GameManager: identifyForegroundApp. com.anonymous.androidrn, mCurrentUserId: 0, callerUserId: 0
02-09 20:42:13.572  2827  6484 D SGM:GameManager: identifyForegroundApp. com.anonymous.androidrn, mCurrentUserId: 0, callerUserId: 0
02-09 20:42:13.576  2827  5671 D SGM:GameManager: identifyForegroundApp. com.anonymous.androidrn, mCurrentUserId: 0, callerUserId: 0
02-09 20:42:13.586  2827  6484 D SGM:GameManager: identifyForegroundApp. com.anonymous.androidrn, mCurrentUserId: 0, callerUserId: 0
02-09 20:42:16.747  2827  6484 D SGM:GameManager: identifyForegroundApp. com.anonymous.androidrn, mCurrentUserId: 0, callerUserId: 0
02-09 20:47:44.047  2827  3185 D ActivityTaskManager: scheduleTopResumedActivityChanged, onTop=false, r=ActivityRecord{128028621 u0 com.anonymous.androidrn/.MainActivity t1202}, caller=com.android.server.wm.ActivityTaskSupervisor.scheduleTopResumedActivityStateLossIfNeeded:19 com.android.server.wm.ActivityTaskSupervisor.updateTopResumedActivityIfNeeded:20 com.android.server.wm.TaskFragment.setResumedActivity:30 com.android.server.wm.ActivityRecord.setState:91 com.android.server.wm.TaskFragment.startPausing$1:209 com.android.server.wm.Task$$ExternalSyntheticLambda37.accept:150 
02-09 20:47:44.056  2827  5915 D WindowManager: Changing focus from Window{7188c57 u0 com.anonymous.androidrn/com.anonymous.androidrn.MainActivity} to null displayId=0 Callers=com.android.server.wm.ActivityRecord.commitVisibility:161 com.android.server.wm.ActivityRecord.setVisibility:623 com.android.server.wm.ActivityRecord.makeInvisible:32 com.android.server.wm.EnsureActivitiesVisibleHelper.process:542 
02-09 20:47:44.056  2827  5915 V WindowManager: Setting visibility of Window{7188c57 u0 com.anonymous.androidrn/com.anonymous.androidrn.MainActivity}: false, caller=com.android.server.wm.WindowContainer.sendAppVisibilityToClients:19 com.android.server.wm.WindowToken.setClientVisible:48 com.android.server.wm.ActivityRecord.commitVisibility:186 com.android.server.wm.ActivityRecord.setVisibility:623 com.android.server.wm.ActivityRecord.makeInvisible:32 
02-09 20:47:44.057  2827  3061 D SGM:FgCheckThread: notePauseComponent(), received pkgName: com.anonymous.androidrn, userId: 0
02-09 20:47:44.057  2827  3061 D SGM:GameManager: identifyGamePackage. com.anonymous.androidrn, mCurrentUserId: 0, callingMethodInfo: com.samsung.android.game.SemGameManager.isGamePackage(SemGameManager.java:106)
02-09 20:47:44.057  2827  3061 D SGM:SemGameManager: isGamePackage(), pkgName=com.anonymous.androidrn, ret=false
02-09 20:47:44.072  2827  3061 D SGM:FgCheckThread: getForegroundApp(), foregroundPkgName=com.anonymous.androidrn
02-09 20:47:44.072  2827  7844 E WindowManager: win=Window{7188c57 u0 com.anonymous.androidrn/com.anonymous.androidrn.MainActivity} destroySurfaces: appStopped=true cleanupOnResume=false win.mWindowRemovalAllowed=false win.mRemoveOnExit=false win.mViewVisibility=8 caller=com.android.server.wm.ActivityRecord.destroySurfaces:25 com.android.server.wm.ActivityRecord.activityStopped:192 com.android.server.wm.ActivityClientController.activityStopped:97 android.app.IActivityClientController$Stub.onTransact:740 com.android.server.wm.ActivityClientController.onTransact:1 android.os.Binder.execTransactInternal:1462 android.os.Binder.execTransact:1401 
02-09 20:47:44.072  2827  3061 D SGM:FgCheckThread: pkgName: com.anonymous.androidrn is not in foreground
02-09 20:47:44.277  2827  4544 D SGM:GameManager: identifyForegroundApp. com.anonymous.androidrn, mCurrentUserId: 0, callerUserId: 0
02-09 20:47:44.277  2827  5671 D SGM:GameManager: identifyForegroundApp. com.anonymous.androidrn, mCurrentUserId: 0, callerUserId: 0
02-09 20:47:44.298  2827  5671 D SGM:GameManager: identifyForegroundApp. com.anonymous.androidrn, mCurrentUserId: 0, callerUserId: 0
02-09 20:47:49.285  2827  3160 D FreecessController: Try to make pkg idle: <com.anonymous.androidrn, 10500>.
02-09 20:47:49.285  2827  3160 W ActivityManager: Idling uid u0a500 from package com.anonymous.androidrn user 0
02-09 20:47:49.287  2827  3160 D FreecessController: FZ : com.anonymous.androidrn(10500) [10270] reason: LEV [cached:O
02-09 20:53:27.631  2827  4632 D MdnieScenarioControlService:  packageName : com.anonymous.androidrn    className : com.anonymous.androidrn.MainActivity
02-09 20:53:27.642  2827  2827 D FreecessController: UFZ : com.anonymous.androidrn(10500) [10270] reason: TopApp-ScreenOn
02-09 20:53:28.380  2827  5671 V WindowManager: Collecting in transition 12125: ActivityRecord{128028621 u0 com.anonymous.androidrn/.MainActivity t1202}, caller=com.android.server.wm.TransitionController.collect:7 com.android.server.wm.ActivityRecord.setVisibility:132 com.android.server.wm.TaskFragment.resumeTopActivity:1662 com.android.server.wm.Task.resumeTopActivityInnerLocked:119 com.android.server.wm.Task.resumeTopActivityUncheckedLocked:23 
02-09 20:53:28.380  2827  5671 D WindowManager: prepareSync <SYNC_STATE_WAITING_FOR_DRAW>, mPrepareSyncSeqId=0, win=Window{7188c57 u0 com.anonymous.androidrn/com.anonymous.androidrn.MainActivity}
02-09 20:53:28.380  2827  5671 V WindowManager: Setting visibility of Window{7188c57 u0 com.anonymous.androidrn/com.anonymous.androidrn.MainActivity}: true, caller=com.android.server.wm.WindowContainer.sendAppVisibilityToClients:19 com.android.server.wm.WindowToken.setClientVisible:48 com.android.server.wm.ActivityRecord.setVisibility:486 com.android.server.wm.TaskFragment.resumeTopActivity:1662 com.android.server.wm.Task.resumeTopActivityInnerLocked:119 
02-09 20:53:28.380  2827  5671 D ActivityTaskManager: scheduleTopResumedActivityChanged, onTop=true, r=ActivityRecord{128028621 u0 com.anonymous.androidrn/.MainActivity t1202}, caller=com.android.server.wm.ActivityTaskSupervisor.scheduleTopResumedActivityStateIfNeeded:18 com.android.server.wm.ActivityTaskSupervisor.updateTopResumedActivityIfNeeded:54 com.android.server.wm.TaskFragment.setResumedActivity:30 com.android.server.wm.ActivityRecord.setState:100 com.android.server.wm.TaskFragment.resumeTopActivity:1705 com.android.server.wm.Task.resumeTopActivityInnerLocked:119 
02-09 20:53:28.380  2827  5671 D WindowManager: rotationForOrientation, orientationSource=ActivityRecord{128028621 u0 com.anonymous.androidrn/.MainActivity t1202}
02-09 20:53:28.380  2827  3061 D SGM:FgCheckThread: noteResumeComponent(), received pkgName: com.anonymous.androidrn, userId: 0
02-09 20:53:28.380  2827  5671 D WindowManagerServiceExt: updateTaskbarTargetIfNeeded: cn=ComponentInfo{com.anonymous.androidrn/com.anonymous.androidrn.MainActivity} occludesParent=true isInSplitScreenMode=false
02-09 20:53:28.381  2827  5671 V WindowManager: Add starting ActivityRecord{128028621 u0 com.anonymous.androidrn/.MainActivity t1202}: startingData=SnapshotStartingData{dcc170e removeAfterTransaction= 0}
02-09 20:53:28.381  2827  5671 V WindowManager: Added starting ActivityRecord{128028621 u0 com.anonymous.androidrn/.MainActivity t1202}: startingWindow=null startingView=com.android.server.wm.StartingSurfaceController$StartingSurface@1c0452f
02-09 20:53:28.381  2827  4458 D SGM:FgCheckThread: onLooperPrepared(), msg: MSG_APP_RESUME, pkgName: com.anonymous.androidrn, userid: 0
02-09 20:53:28.383  2827  6483 D BLASTSyncEngine: SyncGroup 12125:  Unfinished container: ActivityRecord{128028621 u0 com.anonymous.androidrn/.MainActivity t1202} mSyncState=2
02-09 20:53:28.383  7906 31045 I SDHMS:k : handleResumeComponent : put = com.anonymous.androidrn, userid = 0 instanceid =257647507
02-09 20:53:28.383  2827  3062 D BLASTSyncEngine: SyncGroup 12125:  Unfinished container: ActivityRecord{128028621 u0 com.anonymous.androidrn/.MainActivity t1202} mSyncState=2
02-09 20:53:28.384  2827  7729 V WindowManager: addWindow: ActivityRecord{128028621 u0 com.anonymous.androidrn/.MainActivity t1202} startingWindow=Window{b14bcc5 u0 SnapshotStartingWindow for taskId=1202}
02-09 20:53:28.385  2827  5602 D BLASTSyncEngine: SyncGroup 12125:  Unfinished container: ActivityRecord{128028621 u0 com.anonymous.androidrn/.MainActivity t1202} mSyncState=2
02-09 20:53:28.389  2827  3062 D ChangeTransitionController:    ChangeInfo{597f9e6 container=ActivityRecord{128028621 u0 com.anonymous.androidrn/.MainActivity t1202} flags=0x0}
02-09 20:53:28.389  2827  3062 D ChangeTransitionController:    ChangeInfo{b11f1d4 container=Task{f28e082 #1202 type=standard A=10500:com.anonymous.androidrn} flags=0x0}
02-09 20:53:28.389  2827  3062 V WindowManager: Start calculating TransitionInfo based on participants: {ActivityRecord{128028621 u0 com.anonymous.androidrn/.MainActivity t1202}}
02-09 20:53:28.389  2827  3062 V WindowManager:   Final targets: [ChangeInfo{b11f1d4 container=Task{f28e082 #1202 type=standard A=10500:com.anonymous.androidrn} flags=0x10}, ChangeInfo{dbdab27 container=DefaultTaskDisplayArea_d0@157825962 flags=0x10}]
02-09 20:53:28.390  2827  3062 V WindowManager:         {WCT{RemoteToken{c0aaa25 Task{f28e082 #1202 type=standard A=10500:com.anonymous.androidrn}}} m=TO_FRONT f=NONE p=WCT{RemoteToken{b741bcf DefaultTaskDisplayArea_d0@157825962}} leash=Surface(name=Task=1202)/@0x9df5b8f sb=Rect(0, 0 - 1080, 2340) eb=Rect(0, 0 - 1080, 2340) epz=Point(1080, 2340) d=0 taskParent=-1 inset=Rect(0, 91 - 0, 144)},
02-09 20:53:28.392  2827  3058 V WindowManager:         {WCT{RemoteToken{c0aaa25 Task{f28e082 #1202 type=standard A=10500:com.anonymous.androidrn}}} m=TO_FRONT f=NONE p=WCT{RemoteToken{b741bcf DefaultTaskDisplayArea_d0@157825962}} leash=Surface(name=Task=1202)/@0x9df5b8f sb=Rect(0, 0 - 1080, 2340) eb=Rect(0, 0 - 1080, 2340) epz=Point(1080, 2340) d=0 taskParent=-1 inset=Rect(0, 91 - 0, 144)},
02-09 20:53:28.392  2827  3062 D InsetsSourceProvider: updateFakeControlTarget: fakeControl=InsetsSourceControl: {fcb20000 mType=statusBars mSurfacePosition=Point(0, 0) mInsetsHint=Insets{left=0, top=0, right=0, bottom=0}}, fakeTarget=Window{7188c57 u0 com.anonymous.androidrn/com.anonymous.androidrn.MainActivity}
02-09 20:53:28.392  2827  3062 D InsetsSourceProvider: updateFakeControlTarget: fakeControl=InsetsSourceControl: {f9470001 mType=navigationBars mSurfacePosition=Point(0, 0) mInsetsHint=Insets{left=0, top=0, right=0, bottom=0}}, fakeTarget=Window{7188c57 u0 com.anonymous.androidrn/com.anonymous.androidrn.MainActivity}
02-09 20:53:28.396  2827  6483 D WindowManager: makeSurface duration=0 name=com.anonymous.androidrn/com.anonymous.androidrn.MainActivity$_10270
02-09 20:53:28.397  2827  6483 D WindowManager: updateSystemBarAttributes: displayId=0, focusedCanBeNavColorWin=false, win=Window{54fd7ce u0 NotificationShade}, navColorWin=Window{7188c57 u0 com.anonymous.androidrn/com.anonymous.androidrn.MainActivity}, caller=com.android.server.wm.DisplayPolicy.finishPostLayoutPolicyLw:17 com.android.server.wm.RootWindowContainer.applySurfaceChangesTransaction$1:195 com.android.server.wm.RootWindowContainer.performSurfacePlacementNoTrace:59 
02-09 20:53:28.403  2827  4458 D SGM:FgCheckThread:   handleUserPresent(). resume signal is needed for com.anonymous.androidrn
02-09 20:53:28.403  2827  6484 D WindowManager: finishDrawingWindow: Window{7188c57 u0 com.anonymous.androidrn/com.anonymous.androidrn.MainActivity} mDrawState=DRAW_PENDING seqId=0
02-09 20:53:28.403  2827  3062 V WindowManager: Finish starting ActivityRecord{128028621 u0 com.anonymous.androidrn/.MainActivity t1202}: first real window is shown, no animation
02-09 20:53:28.403  2827  3062 V WindowManager: Schedule remove starting ActivityRecord{128028621 u0 com.anonymous.androidrn/.MainActivity t1202} startingWindow=Window{b14bcc5 u0 SnapshotStartingWindow for taskId=1202} animate=false Callers=com.android.server.wm.ActivityRecord.removeStartingWindow:178 com.android.server.wm.WindowState.performShowLocked:155 com.android.server.wm.WindowStateAnimator.commitFinishDrawingLocked:73 com.android.server.wm.DisplayContent$$ExternalSyntheticLambda1.accept$com$android$server$wm$DisplayContent$$ExternalSyntheticLambda37:23 com.android.server.wm.DisplayContent$$ExternalSyntheticLambda1.accept:143 
02-09 20:53:28.403  2827  3062 V WindowManager: performShowLocked: mDrawState=HAS_DRAWN in Window{7188c57 u0 com.anonymous.androidrn/com.anonymous.androidrn.MainActivity}
02-09 20:53:28.404  2827  2827 D MdnieScenarioControlService:  packageName : com.anonymous.androidrn    className : com.anonymous.androidrn.MainActivity
02-09 20:53:28.464  2827  4821 D WindowManager: Changing focus from Window{54fd7ce u0 NotificationShade} to Window{7188c57 u0 com.anonymous.androidrn/com.anonymous.androidrn.MainActivity} displayId=0 Callers=com.android.server.wm.WindowManagerService.relayoutWindow:1350 com.android.server.wm.Session.relayout:27 com.android.server.wm.Session.relayoutAsync:14 android.view.IWindowSession$Stub.onTransact:854 
02-09 20:53:28.465  2827  4821 D InsetsSourceProvider: updateControlForTarget: control=InsetsSourceControl: {fcb20000 mType=statusBars initiallyVisible mSurfacePosition=Point(0, 0) mInsetsHint=Insets{left=0, top=91, right=0, bottom=0}}, target=Window{7188c57 u0 com.anonymous.androidrn/com.anonymous.androidrn.MainActivity}, from=com.android.server.wm.InsetsStateController.onControlTargetChanged:83 com.android.server.wm.InsetsPolicy.updateBarControlTarget:212 com.android.server.wm.DisplayPolicy.updateSystemBarAttributes:262 com.android.server.wm.WindowManagerService.updateFocusedWindowLocked:372 com.android.server.wm.WindowManagerService.relayoutWindow:1350 
02-09 20:53:28.465  2827  4821 D InsetsSourceProvider: updateControlForTarget: control=InsetsSourceControl: {f9470001 mType=navigationBars initiallyVisible mSurfacePosition=Point(0, 2196) mInsetsHint=Insets{left=0, top=0, right=0, bottom=144}}, target=Window{7188c57 u0 com.anonymous.androidrn/com.anonymous.androidrn.MainActivity}, from=com.android.server.wm.InsetsStateController.onControlTargetChanged:83 com.android.server.wm.InsetsPolicy.updateBarControlTarget:225 com.android.server.wm.DisplayPolicy.updateSystemBarAttributes:262 com.android.server.wm.WindowManagerService.updateFocusedWindowLocked:372 com.android.server.wm.WindowManagerService.relayoutWindow:1350 
02-09 20:53:28.465  2827  4821 D WindowManager: updateSystemBarAttributes: displayId=0, focusedCanBeNavColorWin=false, win=Window{7188c57 u0 com.anonymous.androidrn/com.anonymous.androidrn.MainActivity}, navColorWin=Window{7188c57 u0 com.anonymous.androidrn/com.anonymous.androidrn.MainActivity}, caller=com.android.server.wm.WindowManagerService.updateFocusedWindowLocked:372 com.android.server.wm.WindowManagerService.relayoutWindow:1350 com.android.server.wm.Session.relayout:27 
02-09 20:53:28.465  2827  4821 V SystemKeyManager: updateFocusedWindow() is called, com.anonymous.androidrn/com.anonymous.androidrn.MainActivity
02-09 20:53:28.505  2827  4821 I WindowManager: Reparenting to leash, surface=Surface(name=b14bcc5 SnapshotStartingWindow for taskId=1202)/@0x900c2a7, leashParent=Surface(name=ActivityRecord{128028621 u0 com.anonymous.androidrn/.MainActivity t1202})/@0xfd37961
02-09 20:53:28.664  2827  3062 I WindowManager: Reparenting to original parent: Surface(name=ActivityRecord{128028621 u0 com.anonymous.androidrn/.MainActivity t1202})/@0xfd37961, destroy=true, surface=Surface(name=b14bcc5 SnapshotStartingWindow for taskId=1202)/@0x900c2a7
02-09 20:53:28.757  2827  8023 V WindowManager:    ChangeInfo{597f9e6 container=ActivityRecord{128028621 u0 com.anonymous.androidrn/.MainActivity t1202} flags=0x0}
02-09 20:53:28.757  2827  8023 V WindowManager:    ChangeInfo{b11f1d4 container=Task{f28e082 #1202 type=standard A=10500:com.anonymous.androidrn} flags=0x10}
02-09 20:53:28.758  2827  8023 D ChangeTransitionController:    ChangeInfo{597f9e6 container=ActivityRecord{128028621 u0 com.anonymous.androidrn/.MainActivity t1202} flags=0x0}
02-09 20:53:28.758  2827  8023 D ChangeTransitionController:    ChangeInfo{b11f1d4 container=Task{f28e082 #1202 type=standard A=10500:com.anonymous.androidrn} flags=0x10}
02-09 20:53:28.902  2827  8023 D SGM:GameManager: identifyGamePackage. com.anonymous.androidrn, mCurrentUserId: 0, callingMethodInfo: com.samsung.android.game.IGameManagerService$Stub.onTransact(IGameManagerService.java:247)
02-09 20:53:28.904  2827  8023 D SGM:GameManager: identifyForegroundApp. com.anonymous.androidrn, mCurrentUserId: 0, callerUserId: 0
02-09 20:53:28.983  2827  3061 D SGM:GameManager: identifyForegroundApp. com.anonymous.androidrn, mCurrentUserId: 0, callerUserId: 0
02-09 20:53:36.294  2827  3059 D ActivityTaskManager: scheduleTopResumedActivityChanged, onTop=false, r=ActivityRecord{128028621 u0 com.anonymous.androidrn/.MainActivity t1202}, caller=com.android.server.wm.ActivityTaskSupervisor.scheduleTopResumedActivityStateLossIfNeeded:19 com.android.server.wm.ActivityTaskSupervisor.updateTopResumedActivityIfNeeded:20 com.android.server.wm.TaskDisplayArea.positionChildAt:252 com.android.server.wm.WindowContainer.positionChildAt:84 com.android.server.wm.Task.positionChildAt:19 com.android.server.wm.Task.moveToFront:258 
02-09 20:53:36.294  2827  3059 V WindowManager: Collecting in transition 12126: ActivityRecord{128028621 u0 com.anonymous.androidrn/.MainActivity t1202}, caller=com.android.server.wm.TransitionController.collect:7 com.android.server.wm.ActivityRecord.setVisibility:132 com.android.server.wm.ActivityRecord.makeInvisible:32 com.android.server.wm.EnsureActivitiesVisibleHelper.process:542 com.android.server.wm.TaskFragment.updateActivityVisibilities:12 
02-09 20:53:36.294  2827  3059 D WindowManager: prepareSync <SYNC_STATE_WAITING_FOR_DRAW>, mPrepareSyncSeqId=0, win=Window{7188c57 u0 com.anonymous.androidrn/com.anonymous.androidrn.MainActivity}
02-09 20:53:36.295  2827  3059 D WindowManager: Changing focus from Window{7188c57 u0 com.anonymous.androidrn/com.anonymous.androidrn.MainActivity} to null displayId=0 Callers=com.android.server.wm.ActivityTaskManagerService.setLastResumedActivityUncheckLocked:264 com.android.server.wm.ActivityTaskSupervisor.updateTopResumedActivityIfNeeded:51 com.android.server.wm.TaskFragment.setResumedActivity:30 com.android.server.wm.ActivityRecord.setState:100 
02-09 20:53:36.296  2827  3059 V WindowManager:    ChangeInfo{8f83537 container=ActivityRecord{128028621 u0 com.anonymous.androidrn/.MainActivity t1202} flags=0x0}
02-09 20:53:36.296  2827  3059 V WindowManager:    ChangeInfo{1712bc2 container=Task{f28e082 #1202 type=standard A=10500:com.anonymous.androidrn} flags=0x0}
02-09 20:53:36.298  2827  3061 D SGM:FgCheckThread: notePauseComponent(), received pkgName: com.anonymous.androidrn, userId: 0
02-09 20:53:36.298  2827  3061 D SGM:GameManager: identifyGamePackage. com.anonymous.androidrn, mCurrentUserId: 0, callingMethodInfo: com.samsung.android.game.SemGameManager.isGamePackage(SemGameManager.java:106)
02-09 20:53:36.298  2827  3061 D SGM:SemGameManager: isGamePackage(), pkgName=com.anonymous.androidrn, ret=false
02-09 20:53:36.317  2827  4641 D WindowManager: updateSystemBarAttributes: displayId=0, focusedCanBeNavColorWin=false, win=Window{52e2d18 u0 com.sec.android.app.launcher/com.sec.android.app.launcher.activities.LauncherActivity}, navColorWin=Window{7188c57 u0 com.anonymous.androidrn/com.anonymous.androidrn.MainActivity}, caller=com.android.server.wm.WindowManagerService.updateFocusedWindowLocked:372 com.android.server.wm.WindowManagerService.relayoutWindow:1350 com.android.server.wm.Session.relayout:27 
02-09 20:53:36.329  2827  3062 D ChangeTransitionController:    ChangeInfo{8f83537 container=ActivityRecord{128028621 u0 com.anonymous.androidrn/.MainActivity t1202} flags=0x0}
02-09 20:53:36.329  2827  3062 D ChangeTransitionController:    ChangeInfo{1712bc2 container=Task{f28e082 #1202 type=standard A=10500:com.anonymous.androidrn} flags=0x0}
02-09 20:53:36.329  2827  3062 V WindowManager: Start calculating TransitionInfo based on participants: {Task{168e56f #1 type=home}, Task{3b8f3b2 #99 type=home I=com.sec.android.app.launcher/.activities.LauncherActivity}, ActivityRecord{63320509 u0 com.sec.android.app.launcher/.activities.LauncherActivity t99}, ActivityRecord{128028621 u0 com.anonymous.androidrn/.MainActivity t1202}, ActivityRecord{185973589 u0 com.sec.android.app.launcher/.activities.LauncherActivity t-1}, WallpaperWindowToken{b54de9b showWhenLocked=false}_<system>}
02-09 20:53:36.329  2827  3062 V WindowManager:   Final targets: [ChangeInfo{8410e5b container=Task{168e56f #1 type=home} flags=0x30}, ChangeInfo{1712bc2 container=Task{f28e082 #1202 type=standard A=10500:com.anonymous.androidrn} flags=0x10}, ChangeInfo{c36e71f container=WallpaperWindowToken{b54de9b showWhenLocked=false}_<system> flags=0x0}]
02-09 20:53:36.329  2827  3062 V WindowManager:         {WCT{RemoteToken{c0aaa25 Task{f28e082 #1202 type=standard A=10500:com.anonymous.androidrn}}} m=TO_BACK f=NONE leash=Surface(name=Task=1202)/@0x9df5b8f sb=Rect(0, 0 - 1080, 2340) eb=Rect(0, 0 - 1080, 2340) epz=Point(1080, 2340) d=0 taskParent=-1 inset=Rect(0, 91 - 0, 144)},
02-09 20:53:36.334  2827  3058 V WindowManager:         {WCT{RemoteToken{c0aaa25 Task{f28e082 #1202 type=standard A=10500:com.anonymous.androidrn}}} m=TO_BACK f=NONE leash=Surface(name=Task=1202)/@0x9df5b8f sb=Rect(0, 0 - 1080, 2340) eb=Rect(0, 0 - 1080, 2340) epz=Point(1080, 2340) d=0 taskParent=-1 inset=Rect(0, 91 - 0, 144)},
02-09 20:53:36.692  2827  4641 V WindowManager:    ChangeInfo{8f83537 container=ActivityRecord{128028621 u0 com.anonymous.androidrn/.MainActivity t1202} flags=0x0}
02-09 20:53:36.692  2827  4641 V WindowManager:    ChangeInfo{1712bc2 container=Task{f28e082 #1202 type=standard A=10500:com.anonymous.androidrn} flags=0x10}
02-09 20:53:36.692  2827  4641 V WindowManager: Setting visibility of Window{7188c57 u0 com.anonymous.androidrn/com.anonymous.androidrn.MainActivity}: false, caller=com.android.server.wm.WindowContainer.sendAppVisibilityToClients:19 com.android.server.wm.WindowToken.setClientVisible:48 com.android.server.wm.ActivityRecord.commitVisibility:186 com.android.server.wm.TransitionController.finishTransition:846 com.android.server.wm.WindowOrganizerController.finishTransitionInner:31 
02-09 20:53:36.693  2827  4641 D ChangeTransitionController:    ChangeInfo{8f83537 container=ActivityRecord{128028621 u0 com.anonymous.androidrn/.MainActivity t1202} flags=0x0}
02-09 20:53:36.693  2827  4641 D ChangeTransitionController:    ChangeInfo{1712bc2 container=Task{f28e082 #1202 type=standard A=10500:com.anonymous.androidrn} flags=0x10}
02-09 20:53:36.712  2827  4821 E WindowManager: win=Window{7188c57 u0 com.anonymous.androidrn/com.anonymous.androidrn.MainActivity} destroySurfaces: appStopped=true cleanupOnResume=false win.mWindowRemovalAllowed=false win.mRemoveOnExit=false win.mViewVisibility=8 caller=com.android.server.wm.ActivityRecord.destroySurfaces:25 com.android.server.wm.ActivityRecord.activityStopped:192 com.android.server.wm.ActivityClientController.activityStopped:97 android.app.IActivityClientController$Stub.onTransact:740 com.android.server.wm.ActivityClientController.onTransact:1 android.os.Binder.execTransactInternal:1462 android.os.Binder.execTransact:1401 
02-09 20:53:36.712  2827  3061 D SGM:FgCheckThread: pkgName: com.anonymous.androidrn is not in foreground
02-09 20:53:36.712  2827  3061 D SGM:FgCheckThread: noteStopComponent(), received pkgName: com.anonymous.androidrn, focusedPkgName: com.sec.android.app.launcher, userId: 0
02-09 20:53:38.366  2827  3061 I ActivityManager: Force stopping com.anonymous.androidrn appid=10500 user=0: MARs #2
02-09 20:53:38.367  2827  3061 I ActivityManager: Killing 10270:com.anonymous.androidrn/u0a500 (adj 900): stop com.anonymous.androidrn due to MARs #2
02-09 20:53:38.368  2827  3061 D ActivityManager: proc ProcessRecord{959713a 10270:com.anonymous.androidrn/u0a500} already removed. so we skip next process.
02-09 20:53:38.368  2827  3061 W ActivityTaskManager: Force removing ActivityRecord{128028621 u0 com.anonymous.androidrn/.MainActivity t1202 f}}: app died, no saved state
02-09 20:53:38.369  2827  3061 V WindowManager: Remove Window{7188c57 u0 com.anonymous.androidrn/com.anonymous.androidrn.MainActivity}: mSurfaceControl=null mAnimatingExit=false mRemoveOnExit=false mHasSurface=false surfaceShowing=false animating=false app-animation=false callers=com.android.server.wm.WindowToken.removeAllWindowsIfPossible:45 com.android.server.wm.WindowToken.removeIfPossible:16 com.android.server.wm.ActivityRecord.onRemovedFromDisplay:407 com.android.server.wm.ActivityRecord.removeFromHistory:212 com.android.server.wm.WindowProcessController.handleAppDied$1:662 com.android.server.am.ActivityManagerService.handleAppDiedLocked:248 
02-09 20:53:38.375  2827  3061 V MARsPolicyManager: Recent_Kill: add mRestrictedPackages com.anonymous.androidrn policy --autorun(2)
02-09 20:53:38.375  2827  3061 D SGM:FgCheckThread: pkgName: com.anonymous.androidrn is not in foreground
02-09 20:53:38.375  2827  3061 D SGM:FgCheckThread: noteStopComponent(), received pkgName: com.anonymous.androidrn, focusedPkgName: com.sec.android.app.launcher, userId: 0
02-09 20:53:38.375  2827  4379 W UsageStatsService: Unexpected activity event reported! (com.anonymous.androidrn/com.anonymous.androidrn.MainActivity event : 23 instanceId : 257647507)
02-09 20:53:38.398  2827  5602 V ActivityManager: Got obituary of 10270:com.anonymous.androidrn
02-09 21:00:55.857  2827  4821 I ActivityManager: Force stopping com.anonymous.androidrn appid=10500 user=0: from pid 31500
02-09 21:00:55.859  2827  4821 I AppsFilter: interaction: PackageSetting{dee8e58 com.axon.demo/10486} -> PackageSetting{3431a83 com.anonymous.androidrn/10500} BLOCKED
02-09 21:00:55.859  2827  4821 I AppsFilter: interaction: PackageSetting{56896 com.android.microdroid.empty_payload/10330} -> PackageSetting{3431a83 com.anonymous.androidrn/10500} BLOCKED
02-09 21:00:55.863  2827  4630 D LocationManagerService: package com.anonymous.androidrn reset
02-09 21:00:55.865  5135  5135 D CarrierSvcBindHelper: onHandleForceStop: [com.anonymous.androidrn]
02-09 21:00:55.865  4827  4827 D Navbar.Store: handleEvent(0) OnPackageRemoved(packageName=com.anonymous.androidrn) [Module] NavBarStoreImpl
02-09 21:00:55.866  4827  4827 D SecSTQuickControlRequestReceiver: onReceiveForPackage action = android.intent.action.PACKAGE_RESTARTED, pkgName = com.anonymous.androidrn
02-09 21:00:55.866 17602 17675 D BaseStreamManager: Promised side-channel cancel-all @ r#21002 for com.anonymous.androidrn (@21001)
02-09 21:00:55.893  2827  7741 D MARsPolicyManager: cancelDisablePolicy com.anonymous.androidrn(0) false|0|autorun(2)
02-09 21:00:55.894  2827  7741 V WindowManager: Collecting in transition 12175: ActivityRecord{131725914 u0 com.anonymous.androidrn/.MainActivity, caller=com.android.server.wm.TransitionController.collect:7 com.android.server.wm.ActivityStarter.startActivityUnchecked:98 com.android.server.wm.ActivityStarter.executeRequest:3651 com.android.server.wm.ActivityStarter.execute:2552 com.android.server.wm.ActivityTaskManagerService.startActivityAsUser:95 
02-09 21:00:55.894  2827  7741 D ActivityTaskManager: DesktopModeLaunchParamsModifier: task=null activity=ActivityRecord{131725914 u0 com.anonymous.androidrn/.MainActivity t-1} task null, skipping
02-09 21:00:55.894  2827  7741 D ActivityTaskManager: TaskLaunchParamsModifier:task=null activity=ActivityRecord{131725914 u0 com.anonymous.androidrn/.MainActivity t-1} display-area-from-current-params=null display-area-from-default-fallback=DefaultTaskDisplayArea_d0@157825962 display-id=0 task-display-area-windowing-mode=1 suggested-display-area=DefaultTaskDisplayArea_d0@157825962
02-09 21:00:55.894  2827  7741 D [secipm]: mSecIpmManager Preload com.anonymous.androidrn dex files
02-09 21:00:55.894  2827  7741 D PkgPredictorService-SecIpmManagerServiceImpl: dexFilePreload :com.anonymous.androidrn
02-09 21:00:55.894  2827  7741 D PkgPredictorService-SecIpmManagerServiceImpl: dexFilePreload  uid=10500 pkgName:com.anonymous.androidrn path:/data/app/~~k1yBigyPMN2INQFLV44xzA==/com.anonymous.androidrn-HBCa856juyVvCUsfSrKfhw==
02-09 21:00:55.894  2827  7741 D ActivityTaskManager: DesktopModeLaunchParamsModifier: task=null activity=ActivityRecord{131725914 u0 com.anonymous.androidrn/.MainActivity t-1} task null, skipping
02-09 21:00:55.894  2827  7252 D PkgPredictorService-IpmAdcpController: create a new DexPreloadTask pkg:com.anonymous.androidrn  path:/data/app/~~k1yBigyPMN2INQFLV44xzA==/com.anonymous.androidrn-HBCa856juyVvCUsfSrKfhw==
02-09 21:00:55.894  2827  7741 D ActivityTaskManager: TaskLaunchParamsModifier:task=null activity=ActivityRecord{131725914 u0 com.anonymous.androidrn/.MainActivity t-1} display-area-from-current-params=null display-area-from-default-fallback=DefaultTaskDisplayArea_d0@157825962 display-id=0 task-display-area-windowing-mode=1 suggested-display-area=DefaultTaskDisplayArea_d0@157825962 non-freeform-task-display-area display-area=DefaultTaskDisplayArea_d0@157825962 activity-requested-portrait freeform-size-mismatch=Rect(81, 558 - 999, 1728)
02-09 21:00:55.895  2827  7252 D PkgPredictorService-IpmAdcpController: /data/app/~~k1yBigyPMN2INQFLV44xzA==/com.anonymous.androidrn-HBCa856juyVvCUsfSrKfhw==/oat/arm64/base.art size 1206144
02-09 21:00:55.895  2827  7741 D ActivityTaskManager: DesktopModeLaunchParamsModifier: task=Task{4bc74bd #1205 type=standard A=10500:com.anonymous.androidrn} activity=ActivityRecord{131725914 u0 com.anonymous.androidrn/.MainActivity t-1} non-desktop, skipping
02-09 21:00:55.895  2827  7741 D ActivityTaskManager: TaskLaunchParamsModifier:task=Task{4bc74bd #1205 type=standard A=10500:com.anonymous.androidrn} activity=ActivityRecord{131725914 u0 com.anonymous.androidrn/.MainActivity t-1} display-from-task=0 display-id=0 task-display-area-windowing-mode=1 suggested-display-area=DefaultTaskDisplayArea_d0@157825962 inherit-from-task=fullscreen non-freeform-task-display-area display-area=DefaultTaskDisplayArea_d0@157825962 activity-requested-portrait freeform-size-mismatch=Rect(81, 558 - 999, 1728)
02-09 21:00:55.895  2827  7741 V WindowManager: Collecting in transition 12175: Task{4bc74bd #1205 type=standard A=10500:com.anonymous.androidrn}, caller=com.android.server.wm.Transition.collectExistenceChange:40 com.android.server.wm.ActivityStarter.setNewTask:43 com.android.server.wm.ActivityStarter.startActivityInner:289 com.android.server.wm.ActivityStarter.startActivityUnchecked:111 com.android.server.wm.ActivityStarter.executeRequest:3651 
02-09 21:00:55.896  1970  2123 I SurfaceFlinger: id=130265 createSurf, flag=84004, ActivityRecord{131725914 u0 com.anonymous.androidrn/.MainActivity t1205}#130265
02-09 21:00:55.896  2827  7741 V WindowManager: Add starting ActivityRecord{131725914 u0 com.anonymous.androidrn/.MainActivity t1205}: startingData=SplashScreenStartingData{6467d80 removeAfterTransaction= 0}
02-09 21:00:55.896  2827  7741 V WindowManager: Added starting ActivityRecord{131725914 u0 com.anonymous.androidrn/.MainActivity t1205}: startingWindow=null startingView=com.android.server.wm.StartingSurfaceController$StartingSurface@7409fb9
02-09 21:00:55.896  7906 14934 I FASProvider: makeValuesForFasUpdate contentValues = package_name=com.anonymous.androidrn extras=0 reason=deleted_from_mars_auto disableReason=default disableResetTime=1770642055895 uid=10500 mode=1 level=2 resetTime=0
02-09 21:00:55.896  2827  7741 V WindowManager: Collecting in transition 12175: ActivityRecord{131725914 u0 com.anonymous.androidrn/.MainActivity t1205}, caller=com.android.server.wm.Transition.collectExistenceChange:40 com.android.server.wm.ActivityStarter.handleStartResult:761 com.android.server.wm.ActivityStarter.startActivityUnchecked:124 com.android.server.wm.ActivityStarter.executeRequest:3651 com.android.server.wm.ActivityStarter.execute:2552 
02-09 21:00:55.896  2827  7741 V WindowManager:    ChangeInfo{b55ae0a container=Task{4bc74bd #1205 type=standard A=10500:com.anonymous.androidrn} flags=0x0}
02-09 21:00:55.896  2827  7741 V WindowManager:    ChangeInfo{43e567b container=ActivityRecord{131725914 u0 com.anonymous.androidrn/.MainActivity t1205} flags=0x0}
02-09 21:00:55.896  4827  4990 V WindowManagerShell: Transition requested (#12175): android.os.BinderProxy@77c6956 TransitionRequestInfo { type = OPEN, triggerTask = TaskInfo{userId=0 taskId=1205 effectiveUid=10500 displayId=0 isRunning=true baseIntent=Intent { flg=0x10000000 cmp=com.anonymous.androidrn/.MainActivity } baseActivity=ComponentInfo{com.anonymous.androidrn/com.anonymous.androidrn.MainActivity} topActivity=ComponentInfo{com.anonymous.androidrn/com.anonymous.androidrn.MainActivity} origActivity=null realActivity=ComponentInfo{com.anonymous.androidrn/com.anonymous.androidrn.MainActivity} numActivities=1 lastActiveTime=775004695 supportsMultiWindow=true resizeMode=1 isResizeable=true minWidth=-1 minHeight=-1 maxWidth=-1 maxHeight=-1 defaultMinSize=220 desktopDefaultMinSize=304 token=WCT{android.window.IWindowContainerToken$Stub$Proxy@6953dd7} topActivityType=1 pictureInPictureParams=null shouldDockBigOverlays=false launchIntoPipHostTaskId=-1 lastParentTaskIdBeforePip=-1 displayCutoutSafeInsets=Rect(0, 91 - 0, 0) topActivityInfo=ActivityInfo{1ad06c4 com.anonymous.androidrn.MainActivity} launchCookies=[] positionInParent=Point(0, 0) parentTaskId=-1 isFocused=false isVisible=false isVisibleRequested=false isTopActivityNoDisplay=false isSleeping=false locusId=null displayAreaFeatureId=1 isTopActivityTransparent=false isActivityStackTransparent=false lastNonFullscreenBounds=Rect(81, 558 - 999, 1728) capturedLink=null capturedLinkTimestamp=0 requestedVisibleTypes=-9 topActivityRequestOpenInBrowserEducationTimestamp=0 appCompatTaskInfo=AppCompatTaskInfo { topActivityInSizeCompat=false eligibleForLetterboxEducation= false isLetterboxEducationEnabled= false isLetterboxDoubleTapEnabled= false eligibleForUserAspectRatioButton= false topActivityBoundsLetterboxed= false isFromLetterboxDoubleTap= false topActivityLetterboxVerticalPosition= -1 topActivityLetterboxHorizontalPosition= -1 topActivityLetterboxWidth=-1 topActivityLetterboxHeight=-1 topActivityAppBounds=Rect(0, 0 - 1080, 2340) isUserFullscreenOverrideEnabled=false isSystemFullscreenOverrideEnabled=false hasMinAspectRatioOverride=false topActivityLetterboxBounds=null cameraCompatTaskInfo=CameraCompatTaskInfo { freeformCameraCompatMode=inactive} topActivityBounds=null topActivityInDisplayCompat=false singleTapFromLetterbox=false} topActivityMainWindowFrame=null originallySupportedMultiWindow=true hasWallpaper=false rootAffinity=10500:com.anonymous.androidrn isTopTaskInStage=false CoverLauncherWidgetTask=false LaunchedFromAppsCoverLauncherTask=false LaunchedFromMultistarCoverLauncherTask=false isAllowedSeamlessRotation=false isTopTransparentActivity=false isAliasManaged=false hasConfigChanged=false snappingGuideBounds=null isAiKeyRemoveAppTask=false lastDesktopWindowingBounds=null lastExternalDesktopWindowingBounds=null safeCutoutInsets=null}, pipChange = null, remoteTransition = null, displayChange = null, flags = 0, debugId = 12175 }
02-09 21:00:55.896  2827  7741 I ActivityTaskManager: START u0 {flg=0x10000000 xflg=0x1 cmp=com.anonymous.androidrn/.MainActivity} with LAUNCH_SINGLE_TASK from uid 2000 (BAL_ALLOW_PERMISSION) result code=0
02-09 21:00:55.900  5336  5420 I HoneySpace.TopTaskUseCase: topTasks 1205 ComponentInfo{com.anonymous.androidrn/com.anonymous.androidrn.MainActivity}[displayId=0]
02-09 21:00:55.903  1970  1970 I SurfaceFlinger: [ActivityRecord{131725914 u0 com.anonymous.androidrn/.MainActivity t1205}#130265] attach to parent LayerHierarchy{RequestedLayerState{Task=1205#130264 parentId=10} 1 children}
02-09 21:00:55.921  2827  3091 I ActivityManager: Start proc 31515:com.anonymous.androidrn/u0a500 for next-top-activity {com.anonymous.androidrn/com.anonymous.androidrn.MainActivity}
02-09 21:00:55.922  4827  5003 I AppIconSolution: start to load, pkg=com.anonymous.androidrn, bg=144-144, dr=216-216, forDefault=false, density=0
02-09 21:00:55.923  4827  5003 I AppIconSolution: getIconScale, pkg=com.anonymous.androidrn, size=216, iconScale=IconScale[alpha=2, scale=0.65, isCrop=false]
02-09 21:00:55.923  4827  5003 I AppIconSolution: fromTheme2, pkg=com.anonymous.androidrn, bg=144-144, dr=216-216, tarScale=0.65, relScale=0.44150943, mask=false, isCropInTheme = false, isNight = false
02-09 21:00:55.928  2827  4544 D WindowManager: prepareSync <SYNC_STATE_WAITING_FOR_DRAW>, mPrepareSyncSeqId=0, win=Window{3862972 u0 Splash Screen com.anonymous.androidrn}
02-09 21:00:55.928  1970  2123 I SurfaceFlinger: id=130266 createSurf, flag=84004, 3862972 Splash Screen com.anonymous.androidrn#130266
02-09 21:00:55.928  2827  4544 V WindowManager: addWindow: ActivityRecord{131725914 u0 com.anonymous.androidrn/.MainActivity t1205} startingWindow=Window{3862972 u0 Splash Screen com.anonymous.androidrn}
02-09 21:00:55.929  2827  3062 D SurfaceComposerClient: setCornerRadius ## 3862972 Splash Screen com.anonymous.androidrn#130266 cornerRadius=0.000000
02-09 21:00:55.933  4827  5002 I InsetsController: onStateChanged: host=Splash Screen com.anonymous.androidrn, from=android.view.ViewRootImpl.onInsetsStateChanged:3026, state=InsetsState: {mDisplayFrame=Rect(0, 0 - 1080, 2340), mDisplayCutout=DisplayCutout{insets=Rect(0, 91 - 0, 0) waterfall=Insets{left=0, top=0, right=0, bottom=0} boundingRect={Bounds=[Rect(0, 0 - 0, 0), Rect(511, 0 - 569, 91), Rect(0, 0 - 0, 0), Rect(0, 0 - 0, 0)]} cutoutPathParserInfo={CutoutPathParserInfo{displayWidth=1080 displayHeight=2340 physicalDisplayWidth=1080 physicalDisplayHeight=2340 density={3.0} cutoutSpec={M 0,0 H -9.666666666666667 V 30.33333333333333 H 9.666666666666667 V 0 H 0 Z @dp} rotation={0} scale={1.0} physicalPixelDisplaySizeRatio={1.0}}} sideOverrides={}}, mRoundedCorners=RoundedCorners{[RoundedCorner{position=TopLeft, radius=102, center=Point(102, 102)}, RoundedCorner{position=TopRight, radius=102, center=Point(978, 102)}, RoundedCorner{position=BottomRight, radius=102, center=Point(978, 2238)}, RoundedCorner{position=BottomLeft, radius=102, center=Point(102, 2238)}]}  mRoundedCornerFrame=Rect(0, 0 - 1080, 2340), mPrivacyIndicatorBounds=PrivacyIndicatorBounds {static bounds=Rect(948, 0 - 1080, 91) rotation=0}, mDisplayShape=DisplayShape{ spec=-311912193 displayWidth=1080 displayHeight=2340 physicalPixelDisplaySizeRatio=1.0 rotation=0 offsetX=0 offsetY=0 scale=1.0}, mSources= { InsetsSource: {f9470001 mType=navigationBars mFrame=[0,2196][1080,2340] mVisible=true mFlags= mSideHint=BOTTOM mBoundingRects=null}, InsetsSource: {f9470004 mType=systemGestures mFrame=[0,0][0,0] mVisible=true mFlags= mSideHint=NONE mBoundingRects=null}, InsetsSource: {f9470005 mType=mandatorySystemGestures mFrame=[0,2196][1080,2340] mVisible=true mFlags= mSideHint=BOTTOM mBoundingRects=null}, InsetsSource: {f9470006 mType=tappableElement mFrame=[0,2196][1080,2340] mVisible=true mFlags= mSideHint=BOTTOM mBoundingRects=null}, InsetsSource: {f9470024 mType=systemGestures mFrame=[0,0][0,0] mVisible=true mFlags= mSideHint=NONE mBoundingRects=null}, InsetsSource: {fcb20000 mType=statusBars mFrame=[0,0][1080,91] mVisible=true mFlags= mSideHint=TOP mBoundingRects=null}, InsetsSource: {fcb20005 mType=mandatorySystemGestures mFrame=[0,0][1080,127] mVisible=true mFlags= mSideHint=TOP mBoundingRects=null}, InsetsSource: {fcb20006 mType=tappableElement mFrame=[0,0][1080,91] mVisible=true mFlags= mSideHint=TOP mBoundingRects=null}, InsetsSource: {27 mType=displayCutout mFrame=[0,0][1080,91] mVisible=true mFlags= mSideHint=TOP mBoundingRects=null} }
02-09 21:00:55.936  1970  1970 I SurfaceFlinger: [3862972 Splash Screen com.anonymous.androidrn#130266] attach to parent LayerHierarchy{RequestedLayerState{ActivityRecord{131725914 u0 com.anonymous.androidrn/.MainActivity t1205}#130265 parentId=130264} 1 children}
02-09 21:00:55.940  2827  6508 D CoreBackPreview: Window{3862972 u0 Splash Screen com.anonymous.androidrn}: Setting back callback OnBackInvokedCallbackInfo{mCallback=android.window.IOnBackInvokedCallback$Stub$Proxy@543ff6e, mPriority=0, mIsAnimationCallback=false, mOverrideBehavior=0}
02-09 21:00:55.940  2827  7741 I WindowManager: Relayout Window{3862972 u0 Splash Screen com.anonymous.androidrn}: viewVisibility=0 req=1080x2340 ty=3 d0
02-09 21:00:55.940  1970  2123 I SurfaceFlinger: id=130267 createSurf, flag=44004, Splash Screen com.anonymous.androidrn$_4827#130267
02-09 21:00:55.940  2827  7741 D WindowManager: makeSurface duration=0 name=Splash Screen com.anonymous.androidrn$_4827
02-09 21:00:55.940  2827  7741 D SurfaceComposerClient: setCornerRadius ## 3862972 Splash Screen com.anonymous.androidrn#130266 cornerRadius=0.000000
02-09 21:00:55.941  2827  4404 D SmartManagerService: com.anonymous.androidrn:0 not target
02-09 21:00:55.941  2827  3090 I AppsFilter: interaction: PackageSetting{dee8e58 com.axon.demo/10486} -> PackageSetting{86288a5 com.anonymous.androidrn/10500} BLOCKED
02-09 21:00:55.943  2827  3090 I AppsFilter: interaction: PackageSetting{56896 com.android.microdroid.empty_payload/10330} -> PackageSetting{86288a5 com.anonymous.androidrn/10500} BLOCKED
02-09 21:00:55.944  1970  1970 I SurfaceFlinger: [Splash Screen com.anonymous.androidrn$_4827#130267] attach to parent LayerHierarchy{RequestedLayerState{3862972 Splash Screen com.anonymous.androidrn#130266 parentId=130265} 1 children}
02-09 21:00:55.945  1970  2123 I SurfaceFlinger: [Splash Screen com.anonymous.androidrn$_4827#130267] setTransactionState with the first frame. bufferData(ID: 20731807177018, frameNumber: 1)
