02-09 20:13:06.624 32130 32130 D ActivityThread: Package [com.anonymous.androidrn] reported as REPLACED, but missing application info. Assuming REMOVED.
02-09 20:13:06.626 32349 32349 D ActivityThread: Package [com.anonymous.androidrn] reported as REPLACED, but missing application info. Assuming REMOVED.
02-09 20:13:06.631 32130 32130 D ActivityThread: Package [com.anonymous.androidrn] reported as REPLACED, but missing application info. Assuming REMOVED.
02-09 20:13:06.633 32349 32349 D ActivityThread: Package [com.anonymous.androidrn] reported as REPLACED, but missing application info. Assuming REMOVED.
02-09 20:13:06.635 24958 24958 D ActivityThread: Package [com.anonymous.androidrn] reported as REPLACED, but missing application info. Assuming REMOVED.
02-09 20:13:06.637 24958 24958 D ActivityThread: Package [com.anonymous.androidrn] reported as REPLACED, but missing application info. Assuming REMOVED.
02-09 20:13:06.652 31374 31374 D ActivityThread: Package [com.anonymous.androidrn] reported as REPLACED, but missing application info. Assuming REMOVED.
02-09 20:13:06.652 31374 31374 D ActivityThread: Package [com.anonymous.androidrn] reported as REPLACED, but missing application info. Assuming REMOVED.
02-09 20:13:06.756 29385 29385 D ActivityThread: Package [com.anonymous.androidrn] reported as REPLACED, but missing application info. Assuming REMOVED.
02-09 20:13:06.758 29385 29385 D ActivityThread: Package [com.anonymous.androidrn] reported as REPLACED, but missing application info. Assuming REMOVED.
02-09 20:13:08.235  2827  5692 D FreecessController: Try to make pkg idle: <com.anonymous.androidrn, 10500>.
02-09 20:13:08.235  2827  5692 W ActivityManager: Idling uid u0a500 from package com.anonymous.androidrn user 0
02-09 20:13:08.237  2827  5692 D FreecessController: FZ : com.anonymous.androidrn(10500) [16698] reason: Bg [cached:O
02-09 20:13:08.237  2827  5692 D FreecessHandler: freeze com.anonymous.androidrn(10500) result : 0
02-09 20:13:08.237  2827 20959 D PerProcessNandswap$NandswapMsgHandler: startNandswapProcess Frozen-ppn com.anonymous.androidrn
02-09 20:13:10.246  2827 20936 D PerProcessNandswap$NandswapHandler: nandswap start for activity com.anonymous.androidrn(pid 16698) action:16 adj:700 type:3
02-09 20:13:10.286 23941 23941 D ActivityThread: Package [com.anonymous.androidrn] reported as REPLACED, but missing application info. Assuming REMOVED.
02-09 20:13:10.288 23941 23941 D ActivityThread: Package [com.anonymous.androidrn] reported as REPLACED, but missing application info. Assuming REMOVED.
02-09 20:13:10.385 23525 23525 D ActivityThread: Package [com.anonymous.androidrn] reported as REPLACED, but missing application info. Assuming REMOVED.
02-09 20:13:10.386 23525 23525 D ActivityThread: Package [com.anonymous.androidrn] reported as REPLACED, but missing application info. Assuming REMOVED.
02-09 20:13:10.388  2827 20936 D PerProcessNandswap$NandswapHandler: nandswap end for activity com.anonymous.androidrn(pid 16698) ret:46410924032 adj:700
02-09 20:13:16.053  2827  2852 D GMR     : bg_async : 16698 com.anonymous.androidrn 700->900 state:15->16
02-09 20:13:18.063  2827  3100 D GMR     : bg : 16698 com.anonymous.androidrn
02-09 20:13:19.981  2827  5692 D FreecessController: BG freezed, skip OLAF unfreeze for (com.anonymous.androidrn, 10500)
02-09 20:13:30.329  2827  5692 D FreecessController: BG freezed, skip OLAF unfreeze for (com.anonymous.androidrn, 10500)
02-09 20:13:30.496  2827  5692 D FreecessController: BG freezed, skip OLAF unfreeze for (com.anonymous.androidrn, 10500)
02-09 20:19:24.113  2827  6485 I ActivityManager: Force stopping com.anonymous.androidrn appid=10500 user=0: from pid 607
02-09 20:19:24.113  2827  6485 I ActivityManager: Killing 16698:com.anonymous.androidrn/u0a500 (adj 900): stop com.anonymous.androidrn due to from pid 607
02-09 20:19:24.118  2827  5640 D FreecessController: UFZ : com.anonymous.androidrn(10500) [16698] reason: Signal
02-09 20:19:24.118  2827  6485 D ActivityManager: proc ProcessRecord{fb5a94c 16698:com.anonymous.androidrn/u0a500} already removed. so we skip next process.
02-09 20:19:24.119  2827  6485 W ActivityTaskManager: Force removing ActivityRecord{91341084 u0 com.anonymous.androidrn/.MainActivity t1195 f}}: app died, no saved state
02-09 20:19:24.121  2827  4379 W UsageStatsService: Unexpected activity event reported! (com.anonymous.androidrn/com.anonymous.androidrn.MainActivity event : 23 instanceId : 246512289)
02-09 20:19:24.121  2827  6485 V WindowManager: Remove Window{52d91fb u0 com.anonymous.androidrn/com.anonymous.androidrn.MainActivity}: mSurfaceControl=null mAnimatingExit=false mRemoveOnExit=false mHasSurface=false surfaceShowing=false animating=false app-animation=false callers=com.android.server.wm.WindowToken.removeAllWindowsIfPossible:45 com.android.server.wm.WindowToken.removeIfPossible:16 com.android.server.wm.ActivityRecord.onRemovedFromDisplay:407 com.android.server.wm.ActivityRecord.removeFromHistory:212 com.android.server.wm.WindowProcessController.handleAppDied$1:662 com.android.server.am.ActivityManagerService.handleAppDiedLocked:248 
02-09 20:19:24.124  2827  3061 D SGM:FgCheckThread: pkgName: com.anonymous.androidrn is not in foreground
02-09 20:19:24.124  2827  3061 D SGM:FgCheckThread: noteStopComponent(), received pkgName: com.anonymous.androidrn, focusedPkgName: com.azure.authenticator, userId: 0
02-09 20:19:24.126  2827  6485 I AppsFilter: interaction: PackageSetting{dee8e58 com.axon.demo/10486} -> PackageSetting{9ff com.anonymous.androidrn/10500} BLOCKED
02-09 20:19:24.126  2827  6485 I AppsFilter: interaction: PackageSetting{56896 com.android.microdroid.empty_payload/10330} -> PackageSetting{9ff com.anonymous.androidrn/10500} BLOCKED
02-09 20:19:24.139  2827  7742 V ActivityManager: Got obituary of 16698:com.anonymous.androidrn
02-09 20:19:24.172  2827  4364 V WindowManager: Collecting in transition 12111: ActivityRecord{53776103 u0 com.anonymous.androidrn/.MainActivity, caller=com.android.server.wm.TransitionController.collect:7 com.android.server.wm.ActivityStarter.startActivityUnchecked:98 com.android.server.wm.ActivityStarter.executeRequest:3651 com.android.server.wm.ActivityStarter.execute:2552 com.android.server.wm.ActivityTaskManagerService.startActivityAsUser:95 
02-09 20:19:24.172  2827  4364 D ActivityTaskManager: DesktopModeLaunchParamsModifier: task=null activity=ActivityRecord{53776103 u0 com.anonymous.androidrn/.MainActivity t-1} task null, skipping
02-09 20:19:24.172  2827  4364 D ActivityTaskManager: TaskLaunchParamsModifier:task=null activity=ActivityRecord{53776103 u0 com.anonymous.androidrn/.MainActivity t-1} display-area-from-current-params=null display-area-from-default-fallback=DefaultTaskDisplayArea_d0@157825962 display-id=0 task-display-area-windowing-mode=1 suggested-display-area=DefaultTaskDisplayArea_d0@157825962
02-09 20:19:24.172  2827  4364 D [secipm]: mSecIpmManager Preload com.anonymous.androidrn dex files
02-09 20:19:24.172  2827  4364 D ActivityTaskManager: DesktopModeLaunchParamsModifier: task=null activity=ActivityRecord{53776103 u0 com.anonymous.androidrn/.MainActivity t-1} task null, skipping
02-09 20:19:24.172  2827  4364 D ActivityTaskManager: TaskLaunchParamsModifier:task=null activity=ActivityRecord{53776103 u0 com.anonymous.androidrn/.MainActivity t-1} display-area-from-current-params=null display-area-from-default-fallback=DefaultTaskDisplayArea_d0@157825962 display-id=0 task-display-area-windowing-mode=1 suggested-display-area=DefaultTaskDisplayArea_d0@157825962 non-freeform-task-display-area display-area=DefaultTaskDisplayArea_d0@157825962 activity-requested-portrait freeform-size-mismatch=Rect(81, 558 - 999, 1728)
02-09 20:19:24.173  2827  4364 D ActivityTaskManager: DesktopModeLaunchParamsModifier: task=Task{e8fa93d #1199 type=standard A=10500:com.anonymous.androidrn} activity=ActivityRecord{53776103 u0 com.anonymous.androidrn/.MainActivity t-1} non-desktop, skipping
02-09 20:19:24.173  2827  4364 D ActivityTaskManager: TaskLaunchParamsModifier:task=Task{e8fa93d #1199 type=standard A=10500:com.anonymous.androidrn} activity=ActivityRecord{53776103 u0 com.anonymous.androidrn/.MainActivity t-1} display-from-task=0 display-id=0 task-display-area-windowing-mode=1 suggested-display-area=DefaultTaskDisplayArea_d0@157825962 inherit-from-task=fullscreen non-freeform-task-display-area display-area=DefaultTaskDisplayArea_d0@157825962 activity-requested-portrait freeform-size-mismatch=Rect(81, 558 - 999, 1728)
02-09 20:19:24.173  2827  4364 V WindowManager: Collecting in transition 12111: Task{e8fa93d #1199 type=standard A=10500:com.anonymous.androidrn}, caller=com.android.server.wm.Transition.collectExistenceChange:40 com.android.server.wm.ActivityStarter.setNewTask:43 com.android.server.wm.ActivityStarter.startActivityInner:289 com.android.server.wm.ActivityStarter.startActivityUnchecked:111 com.android.server.wm.ActivityStarter.executeRequest:3651 
02-09 20:19:24.173  2827  4364 V WindowManager: Add starting ActivityRecord{53776103 u0 com.anonymous.androidrn/.MainActivity t1199}: startingData=SplashScreenStartingData{529c39 removeAfterTransaction= 0}
02-09 20:19:24.173  2827  4364 V WindowManager: Added starting ActivityRecord{53776103 u0 com.anonymous.androidrn/.MainActivity t1199}: startingWindow=null startingView=com.android.server.wm.StartingSurfaceController$StartingSurface@bdc127e
02-09 20:19:24.174  2827  4364 V WindowManager: Collecting in transition 12111: ActivityRecord{53776103 u0 com.anonymous.androidrn/.MainActivity t1199}, caller=com.android.server.wm.Transition.collectExistenceChange:40 com.android.server.wm.ActivityStarter.handleStartResult:761 com.android.server.wm.ActivityStarter.startActivityUnchecked:124 com.android.server.wm.ActivityStarter.executeRequest:3651 com.android.server.wm.ActivityStarter.execute:2552 
02-09 20:19:24.174  2827  4364 V WindowManager:    ChangeInfo{eb7c2f5 container=ActivityRecord{53776103 u0 com.anonymous.androidrn/.MainActivity t1199} flags=0x0}
02-09 20:19:24.174  2827  4364 V WindowManager:    ChangeInfo{18c6efb container=Task{e8fa93d #1199 type=standard A=10500:com.anonymous.androidrn} flags=0x0}
02-09 20:19:24.174  4827  4990 V WindowManagerShell: Transition requested (#12111): android.os.BinderProxy@904e7bd TransitionRequestInfo { type = OPEN, triggerTask = TaskInfo{userId=0 taskId=1199 effectiveUid=10500 displayId=0 isRunning=true baseIntent=Intent { flg=0x10000000 cmp=com.anonymous.androidrn/.MainActivity } baseActivity=ComponentInfo{com.anonymous.androidrn/com.anonymous.androidrn.MainActivity} topActivity=ComponentInfo{com.anonymous.androidrn/com.anonymous.androidrn.MainActivity} origActivity=null realActivity=ComponentInfo{com.anonymous.androidrn/com.anonymous.androidrn.MainActivity} numActivities=1 lastActiveTime=772512972 supportsMultiWindow=true resizeMode=1 isResizeable=true minWidth=-1 minHeight=-1 maxWidth=-1 maxHeight=-1 defaultMinSize=220 desktopDefaultMinSize=304 token=WCT{android.window.IWindowContainerToken$Stub$Proxy@ee071b2} topActivityType=1 pictureInPictureParams=null shouldDockBigOverlays=false launchIntoPipHostTaskId=-1 lastParentTaskIdBeforePip=-1 displayCutoutSafeInsets=Rect(0, 91 - 0, 0) topActivityInfo=ActivityInfo{9e0d503 com.anonymous.androidrn.MainActivity} launchCookies=[] positionInParent=Point(0, 0) parentTaskId=-1 isFocused=false isVisible=false isVisibleRequested=false isTopActivityNoDisplay=false isSleeping=false locusId=null displayAreaFeatureId=1 isTopActivityTransparent=false isActivityStackTransparent=false lastNonFullscreenBounds=Rect(81, 558 - 999, 1728) capturedLink=null capturedLinkTimestamp=0 requestedVisibleTypes=-9 topActivityRequestOpenInBrowserEducationTimestamp=0 appCompatTaskInfo=AppCompatTaskInfo { topActivityInSizeCompat=false eligibleForLetterboxEducation= false isLetterboxEducationEnabled= false isLetterboxDoubleTapEnabled= false eligibleForUserAspectRatioButton= false topActivityBoundsLetterboxed= false isFromLetterboxDoubleTap= false topActivityLetterboxVerticalPosition= -1 topActivityLetterboxHorizontalPosition= -1 topActivityLetterboxWidth=-1 topActivityLetterboxHeight=-1 topActivityAppBounds=Rect(0, 0 - 1080, 2340) isUserFullscreenOverrideEnabled=false isSystemFullscreenOverrideEnabled=false hasMinAspectRatioOverride=false topActivityLetterboxBounds=null cameraCompatTaskInfo=CameraCompatTaskInfo { freeformCameraCompatMode=inactive} topActivityBounds=null topActivityInDisplayCompat=false singleTapFromLetterbox=false} topActivityMainWindowFrame=null originallySupportedMultiWindow=true hasWallpaper=false rootAffinity=10500:com.anonymous.androidrn isTopTaskInStage=false CoverLauncherWidgetTask=false LaunchedFromAppsCoverLauncherTask=false LaunchedFromMultistarCoverLauncherTask=false isAllowedSeamlessRotation=false isTopTransparentActivity=false isAliasManaged=false hasConfigChanged=false snappingGuideBounds=null isAiKeyRemoveAppTask=false lastDesktopWindowingBounds=null lastExternalDesktopWindowingBounds=null safeCutoutInsets=null}, pipChange = null, remoteTransition = null, displayChange = null, flags = 0, debugId = 12111 }
02-09 20:19:24.174  2827  4364 I ActivityTaskManager: START u0 {flg=0x10000000 xflg=0x1 cmp=com.anonymous.androidrn/.MainActivity} with LAUNCH_SINGLE_TASK from uid 2000 (BAL_ALLOW_PERMISSION) result code=0
02-09 20:19:24.178  2827  5672 I AppsFilter: interaction: PackageSetting{dee8e58 com.axon.demo/10486} -> PackageSetting{893c273 com.anonymous.androidrn/10500} BLOCKED
02-09 20:19:24.178  2827  5672 I AppsFilter: interaction: PackageSetting{56896 com.android.microdroid.empty_payload/10330} -> PackageSetting{893c273 com.anonymous.androidrn/10500} BLOCKED
02-09 20:19:24.179  2827  5672 V WindowManager: Collecting in transition 12111: ActivityRecord{53776103 u0 com.anonymous.androidrn/.MainActivity t1199}, caller=com.android.server.wm.TransitionController.collect:7 com.android.server.wm.ActivityRecord.setVisibility:132 com.android.server.wm.EnsureActivitiesVisibleHelper.process:459 com.android.server.wm.TaskFragment.updateActivityVisibilities:12 com.android.server.wm.Task$$ExternalSyntheticLambda37.accept:37 
02-09 20:19:24.180  2827  7844 D WindowManager: prepareSync <SYNC_STATE_WAITING_FOR_DRAW>, mPrepareSyncSeqId=0, win=Window{2e3445c u0 Splash Screen com.anonymous.androidrn}
02-09 20:19:24.180  2827  7844 V WindowManager: addWindow: ActivityRecord{53776103 u0 com.anonymous.androidrn/.MainActivity t1199} startingWindow=Window{2e3445c u0 Splash Screen com.anonymous.androidrn}
02-09 20:19:24.180  2827  7844 D WindowManager: rotationForOrientation, orientationSource=ActivityRecord{53776103 u0 com.anonymous.androidrn/.MainActivity t1199}
02-09 20:19:24.190  2827  6485 D CoreBackPreview: Window{2e3445c u0 Splash Screen com.anonymous.androidrn}: Setting back callback OnBackInvokedCallbackInfo{mCallback=android.window.IOnBackInvokedCallback$Stub$Proxy@13d24af, mPriority=0, mIsAnimationCallback=false, mOverrideBehavior=0}
02-09 20:19:24.190  2827  7844 D WindowManager: makeSurface duration=0 name=Splash Screen com.anonymous.androidrn$_4827
02-09 20:19:24.199  2827  6485 D WindowManager: finishDrawingWindow: Window{2e3445c u0 Splash Screen com.anonymous.androidrn} mDrawState=DRAW_PENDING seqId=0
02-09 20:19:24.199  2827  6485 V WindowManager: Finishing drawing window Window{2e3445c u0 Splash Screen com.anonymous.androidrn}: mDrawState=DRAW_PENDING
02-09 20:19:24.199  2827  6485 V WindowManager: Draw state now committed in Window{2e3445c u0 Splash Screen com.anonymous.androidrn}
02-09 20:19:24.200  2827  3062 V WindowManager: performShowLocked: mDrawState=HAS_DRAWN in Window{2e3445c u0 Splash Screen com.anonymous.androidrn}
02-09 20:19:24.200  2827  3062 D WindowManagerServiceExt: updateTaskbarTargetIfNeeded: cn=ComponentInfo{com.anonymous.androidrn/com.anonymous.androidrn.MainActivity} occludesParent=true isInSplitScreenMode=false
02-09 20:19:24.201  2827  3062 D ChangeTransitionController:    ChangeInfo{eb7c2f5 container=ActivityRecord{53776103 u0 com.anonymous.androidrn/.MainActivity t1199} flags=0x0}
02-09 20:19:24.201  2827  3062 D ChangeTransitionController:    ChangeInfo{18c6efb container=Task{e8fa93d #1199 type=standard A=10500:com.anonymous.androidrn} flags=0x0}
02-09 20:19:24.201  2827  3062 V WindowManager: Start calculating TransitionInfo based on participants: {ActivityRecord{53776103 u0 com.anonymous.androidrn/.MainActivity t1199}, ActivityRecord{222710150 u0 com.azure.authenticator/.ui.MainActivity t1198}, Task{e8fa93d #1199 type=standard A=10500:com.anonymous.androidrn}}
02-09 20:19:24.201  2827  3062 V WindowManager:   Final targets: [ChangeInfo{18c6efb container=Task{e8fa93d #1199 type=standard A=10500:com.anonymous.androidrn} flags=0x10}, ChangeInfo{aa198d9 container=Task{9ac4ac8 #1198 type=standard A=10391:com.azure.authenticator} flags=0x10}]
02-09 20:19:24.201  2827  3062 V WindowManager:         {WCT{RemoteToken{9ba869b Task{e8fa93d #1199 type=standard A=10500:com.anonymous.androidrn}}} m=OPEN f=NONE leash=Surface(name=Task=1199)/@0x909e995 sb=Rect(0, 0 - 1080, 2340) eb=Rect(0, 0 - 1080, 2340) epz=Point(1080, 2340) d=0 taskParent=-1 inset=Rect(0, 91 - 0, 144) dim=true},
02-09 20:19:24.202  2827  3058 V WindowManager: Sent Transition (#12111) createdAt=02-09 20:19:24.172 via request=TransitionRequestInfo { type = OPEN, triggerTask = TaskInfo{userId=0 taskId=1199 effectiveUid=10500 displayId=0 isRunning=true baseIntent=Intent { flg=0x10000000 cmp=com.anonymous.androidrn/.MainActivity } baseActivity=ComponentInfo{com.anonymous.androidrn/com.anonymous.androidrn.MainActivity} topActivity=ComponentInfo{com.anonymous.androidrn/com.anonymous.androidrn.MainActivity} origActivity=null realActivity=ComponentInfo{com.anonymous.androidrn/com.anonymous.androidrn.MainActivity} numActivities=1 lastActiveTime=772512972 supportsMultiWindow=true resizeMode=1 isResizeable=true minWidth=-1 minHeight=-1 maxWidth=-1 maxHeight=-1 defaultMinSize=220 desktopDefaultMinSize=304 token=WCT{RemoteToken{9ba869b Task{e8fa93d #1199 type=standard A=10500:com.anonymous.androidrn}}} topActivityType=1 pictureInPictureParams=null shouldDockBigOverlays=false launchIntoPipHostTaskId=-1 lastParentTaskIdBeforePip=-1 displayCutoutSafeInsets=Rect(0, 91 - 0, 0) topActivityInfo=ActivityInfo{a6c8a11 com.anonymous.androidrn.MainActivity} launchCookies=[] positionInParent=Point(0, 0) parentTaskId=-1 isFocused=false isVisible=false isVisibleRequested=false isTopActivityNoDisplay=false isSleeping=false locusId=null displayAreaFeatureId=1 isTopActivityTransparent=false isActivityStackTransparent=false lastNonFullscreenBounds=Rect(81, 558 - 999, 1728) capturedLink=null capturedLinkTimestamp=0 requestedVisibleTypes=-9 topActivityRequestOpenInBrowserEducationTimestamp=0 appCompatTaskInfo=AppCompatTaskInfo { topActivityInSizeCompat=false eligibleForLetterboxEducation= false isLetterboxEducationEnabled= false isLetterboxDoubleTapEnabled= false eligibleForUserAspectRatioButton= false topActivityBoundsLetterboxed= false isFromLetterboxDoubleTap= false topActivityLetterboxVerticalPosition= -1 topActivityLetterboxHorizontalPosition= -1 topActivityLetterboxWidth=-1 topActivityLetterboxHeight=-1 topActivityAppBounds=Rect(0, 0 - 1080, 2340) isUserFullscreenOverrideEnabled=false isSystemFullscreenOverrideEnabled=false hasMinAspectRatioOverride=false topActivityLetterboxBounds=null cameraCompatTaskInfo=CameraCompatTaskInfo { freeformCameraCompatMode=inactive} topActivityBounds=null topActivityInDisplayCompat=false singleTapFromLetterbox=false} topActivityMainWindowFrame=null originallySupportedMultiWindow=true hasWallpaper=false rootAffinity=10500:com.anonymous.androidrn isTopTaskInStage=false CoverLauncherWidgetTask=false LaunchedFromAppsCoverLauncherTask=false LaunchedFromMultistarCoverLauncherTask=false isAllowedSeamlessRotation=false isTopTransparentActivity=false isAliasManaged=false hasConfigChanged=false snappingGuideBounds=null isAiKeyRemoveAppTask=false lastDesktopWindowingBounds=null lastExternalDesktopWindowingBounds=null safeCutoutInsets=null}, pipChange = null, remoteTransition = null, displayChange = null, flags = 0, debugId = 12111 }
02-09 20:19:24.202  2827  3058 V WindowManager:         {WCT{RemoteToken{9ba869b Task{e8fa93d #1199 type=standard A=10500:com.anonymous.androidrn}}} m=OPEN f=NONE leash=Surface(name=Task=1199)/@0x909e995 sb=Rect(0, 0 - 1080, 2340) eb=Rect(0, 0 - 1080, 2340) epz=Point(1080, 2340) d=0 taskParent=-1 inset=Rect(0, 91 - 0, 144) dim=true},
02-09 20:19:24.202  2827  3062 D InsetsSourceProvider: updateControlForTarget: control=InsetsSourceControl: {fcb20000 mType=statusBars initiallyVisible mSurfacePosition=Point(0, 0) mInsetsHint=Insets{left=0, top=91, right=0, bottom=0}}, target=Window{2e3445c u0 Splash Screen com.anonymous.androidrn}, from=com.android.server.wm.InsetsStateController.onControlTargetChanged:83 com.android.server.wm.InsetsPolicy.updateBarControlTarget:212 com.android.server.wm.DisplayPolicy.updateSystemBarAttributes:262 com.android.server.wm.DisplayPolicy.finishPostLayoutPolicyLw:17 com.android.server.wm.RootWindowContainer.applySurfaceChangesTransaction$1:195 
02-09 20:19:24.202  2827  3062 D InsetsSourceProvider: updateControlForTarget: control=InsetsSourceControl: {f9470001 mType=navigationBars initiallyVisible mSurfacePosition=Point(0, 2196) mInsetsHint=Insets{left=0, top=0, right=0, bottom=144}}, target=Window{2e3445c u0 Splash Screen com.anonymous.androidrn}, from=com.android.server.wm.InsetsStateController.onControlTargetChanged:83 com.android.server.wm.InsetsPolicy.updateBarControlTarget:225 com.android.server.wm.DisplayPolicy.updateSystemBarAttributes:262 com.android.server.wm.DisplayPolicy.finishPostLayoutPolicyLw:17 com.android.server.wm.RootWindowContainer.applySurfaceChangesTransaction$1:195 
02-09 20:19:24.202  2827  3062 D WindowManager: updateSystemBarAttributes: displayId=0, focusedCanBeNavColorWin=false, win=Window{2e3445c u0 Splash Screen com.anonymous.androidrn}, navColorWin=Window{2e3445c u0 Splash Screen com.anonymous.androidrn}, caller=com.android.server.wm.DisplayPolicy.finishPostLayoutPolicyLw:17 com.android.server.wm.RootWindowContainer.applySurfaceChangesTransaction$1:195 com.android.server.wm.RootWindowContainer.performSurfacePlacementNoTrace:59 
02-09 20:19:24.205  2827  3091 I ActivityManager: Start proc 633:com.anonymous.androidrn/u0a500 for next-top-activity {com.anonymous.androidrn/com.anonymous.androidrn.MainActivity}
02-09 20:19:24.211  2827  3062 I WindowManager: notifyInsetsControlChanged, removed=false, win=Window{2e3445c u0 Splash Screen com.anonymous.androidrn}, caller=com.android.server.wm.InsetsStateController$$ExternalSyntheticLambda1.run:137 com.android.server.wm.WindowAnimator$$ExternalSyntheticLambda2.onTransactionCommitted:26 android.view.SurfaceControl$Transaction$$ExternalSyntheticLambda4.run:0 android.os.Handler.handleCallback:995 android.os.Handler.dispatchMessage:103 android.os.Looper.loopOnce:273 
02-09 20:19:24.217  2827  3059 D HardcoderService: FG change to com.anonymous.androidrn (10500, 633)
02-09 20:19:24.218  2827  3059 D HardcoderService: FG change to com.anonymous.androidrn (10500, 633)
02-09 20:19:24.238   633   633 D ActivityThread: com.anonymous.androidrn will use render engine as VK
02-09 20:19:24.240  2827  6485 D SGM:FgCheckThread: notifyAppCreated(), packageName: com.anonymous.androidrn, userId: 0, sendRet: true
02-09 20:19:24.240  2827  4458 D SGM:FgCheckThread: onLooperPrepared(), msg: MSG_APP_CREATE, pkgName: com.anonymous.androidrn, userId: 0
02-09 20:19:24.240  2827  6485 D SGM:FgCheckThread:   sendRunningComponentFocus(), pkgName: com.anonymous.androidrn, userId: 0
02-09 20:19:24.240  2827  4458 D SGM:FgCheckThread: onLooperPrepared(), msg: MSG_TASK_FOCUSED, pkgName: com.anonymous.androidrn, userId: 0
02-09 20:19:24.240  2827  4458 D SGM:FgCheckThread:   handleTaskFocused(), pkgName: com.anonymous.androidrn, userID:0
02-09 20:19:24.240  2827  4458 D SGM:FgCheckThread:   handleResume(). pkgName: com.anonymous.androidrn, userId: 0, category: non-game
02-09 20:19:24.240  2827  4458 D SGM:FgCheckThread: notifyFocusInOut(). of pkg: com.anonymous.androidrn, type: 4, isSecGameFamily: false, userId: 0
02-09 20:19:24.240  2827  6485 D ActivityTaskManager: scheduleTopResumedActivityChanged, onTop=true, r=ActivityRecord{53776103 u0 com.anonymous.androidrn/.MainActivity t1199}, caller=com.android.server.wm.ActivityTaskSupervisor.scheduleTopResumedActivityStateIfNeeded:18 com.android.server.wm.ActivityTaskSupervisor.updateTopResumedActivityIfNeeded:54 com.android.server.wm.TaskFragment.setResumedActivity:30 com.android.server.wm.ActivityRecord.setState:100 com.android.server.wm.ActivityTaskSupervisor.realStartActivityLocked:487 com.android.server.wm.RootWindowContainer.attachApplication:100 
02-09 20:19:24.242   633   633 D ActivityThread: com.anonymous.androidrn will use render engine as VK
02-09 20:19:24.283  2827  5672 D CoreBackPreview: Window{c1eaf41 u0 com.anonymous.androidrn/com.anonymous.androidrn.MainActivity}: Setting back callback OnBackInvokedCallbackInfo{mCallback=android.window.IOnBackInvokedCallback$Stub$Proxy@9bdb958, mPriority=0, mIsAnimationCallback=false, mOverrideBehavior=0}
02-09 20:19:24.287  2827  6485 D WindowManager: makeSurface duration=0 name=com.anonymous.androidrn/com.anonymous.androidrn.MainActivity$_633
02-09 20:19:24.287  2827  6485 D WindowManager: Changing focus from null to Window{c1eaf41 u0 com.anonymous.androidrn/com.anonymous.androidrn.MainActivity} displayId=0 Callers=com.android.server.wm.WindowManagerService.relayoutWindow:1350 com.android.server.wm.Session.relayout:27 android.view.IWindowSession$Stub.onTransact:829 com.android.server.wm.Session.onTransact:1 
02-09 20:19:24.287  2827  6485 D InsetsSourceProvider: updateControlForTarget: control=InsetsSourceControl: {fcb20000 mType=statusBars initiallyVisible mSurfacePosition=Point(0, 0) mInsetsHint=Insets{left=0, top=91, right=0, bottom=0}}, target=Window{c1eaf41 u0 com.anonymous.androidrn/com.anonymous.androidrn.MainActivity}, from=com.android.server.wm.InsetsStateController.onControlTargetChanged:83 com.android.server.wm.InsetsPolicy.updateBarControlTarget:212 com.android.server.wm.DisplayPolicy.updateSystemBarAttributes:262 com.android.server.wm.WindowManagerService.updateFocusedWindowLocked:372 com.android.server.wm.WindowManagerService.relayoutWindow:1350 
02-09 20:19:24.287  2827  6485 D InsetsSourceProvider: updateControlForTarget: control=InsetsSourceControl: {f9470001 mType=navigationBars initiallyVisible mSurfacePosition=Point(0, 2196) mInsetsHint=Insets{left=0, top=0, right=0, bottom=144}}, target=Window{c1eaf41 u0 com.anonymous.androidrn/com.anonymous.androidrn.MainActivity}, from=com.android.server.wm.InsetsStateController.onControlTargetChanged:83 com.android.server.wm.InsetsPolicy.updateBarControlTarget:225 com.android.server.wm.DisplayPolicy.updateSystemBarAttributes:262 com.android.server.wm.WindowManagerService.updateFocusedWindowLocked:372 com.android.server.wm.WindowManagerService.relayoutWindow:1350 
02-09 20:19:24.288  2827  6485 D WindowManager: updateSystemBarAttributes: displayId=0, focusedCanBeNavColorWin=false, win=Window{c1eaf41 u0 com.anonymous.androidrn/com.anonymous.androidrn.MainActivity}, navColorWin=Window{2e3445c u0 Splash Screen com.anonymous.androidrn}, caller=com.android.server.wm.WindowManagerService.updateFocusedWindowLocked:372 com.android.server.wm.WindowManagerService.relayoutWindow:1350 com.android.server.wm.Session.relayout:27 
02-09 20:19:24.288  2827  6485 V SystemKeyManager: updateFocusedWindow() is called, com.anonymous.androidrn/com.anonymous.androidrn.MainActivity
02-09 20:19:24.291  2827  7728 D WindowManager: finishDrawingWindow: Window{c1eaf41 u0 com.anonymous.androidrn/com.anonymous.androidrn.MainActivity} mDrawState=DRAW_PENDING seqId=0
02-09 20:19:24.292  2827  3062 V WindowManager: Finish starting ActivityRecord{53776103 u0 com.anonymous.androidrn/.MainActivity t1199}: first real window is shown, no animation
02-09 20:19:24.292  2827  3062 V WindowManager: Schedule remove starting ActivityRecord{53776103 u0 com.anonymous.androidrn/.MainActivity t1199} startingWindow=Window{2e3445c u0 Splash Screen com.anonymous.androidrn} animate=true Callers=com.android.server.wm.ActivityRecord.removeStartingWindow:178 com.android.server.wm.WindowState.performShowLocked:155 com.android.server.wm.WindowStateAnimator.commitFinishDrawingLocked:73 com.android.server.wm.DisplayContent$$ExternalSyntheticLambda1.accept$com$android$server$wm$DisplayContent$$ExternalSyntheticLambda37:23 com.android.server.wm.DisplayContent$$ExternalSyntheticLambda1.accept:143 
02-09 20:19:24.292  2827  3062 D TaskOrganizerController: applyStartingWindowAnimation, window=Window{c1eaf41 u0 com.anonymous.androidrn/com.anonymous.androidrn.MainActivity}, caller=com.android.server.wm.TaskOrganizerController.removeStartingWindow:132 com.android.server.wm.StartingSurfaceController$StartingSurface.remove:23 com.android.server.wm.ActivityRecord.removeStartingWindowAnimation:171 
02-09 20:19:24.292  2827  3062 I WindowManager: Reparenting to leash, surface=Surface(name=c1eaf41 com.anonymous.androidrn/com.anonymous.androidrn.MainActivity)/@0x5454b22, leashParent=Surface(name=ActivityRecord{53776103 u0 com.anonymous.androidrn/.MainActivity t1199})/@0x9b189b3
02-09 20:19:24.292  2827  3062 D WindowManager: makeSurface duration=0 leash=Surface(name=Surface(name=c1eaf41 com.anonymous.androidrn/com.anonymous.androidrn.MainActivity)/@0x5454b22 - animation-leash of starting_reveal)/@0xbfe5b70
02-09 20:19:24.292  2827  3062 I ActivityTaskManager: done cause=notifyWindowsDrawn timestamp=313275811808879 info=TransitionInfo{3c93ee9 a=ActivityRecord{53776103 u0 com.anonymous.androidrn/.MainActivity t1199} d=true}
02-09 20:19:24.292  2827  3062 V WindowManager: performShowLocked: mDrawState=HAS_DRAWN in Window{c1eaf41 u0 com.anonymous.androidrn/com.anonymous.androidrn.MainActivity}
02-09 20:19:24.296  2827  3058 I Pageboost: Launch time gathered : pid 633 com.anonymous.androidrn 121
02-09 20:19:24.301  2827  3061 D SGM:FgCheckThread: noteResumeComponent(), received pkgName: com.anonymous.androidrn, userId: 0
02-09 20:19:24.301  2827  4458 D SGM:FgCheckThread: onLooperPrepared(), msg: MSG_APP_RESUME, pkgName: com.anonymous.androidrn, userid: 0
02-09 20:19:24.301  7906 13827 I SDHMS:k : handleResumeComponent : put = com.anonymous.androidrn, userid = 0 instanceid =187773571
02-09 20:19:24.301  2827  4458 D SGM:FgCheckThread:   handleResume(). pkgName: com.anonymous.androidrn, userId: 0, category: non-game
02-09 20:19:24.301  2827  4458 D SGM:FgCheckThread: notifyFocusInOut(). of pkg: com.anonymous.androidrn, type: 4, isSecGameFamily: false, userId: 0
02-09 20:19:24.301  2827  3062 I WindowManager: notifyInsetsControlChanged, removed=false, win=Window{2e3445c u0 Splash Screen com.anonymous.androidrn}, caller=com.android.server.wm.InsetsStateController$$ExternalSyntheticLambda1.run:137 com.android.server.wm.WindowAnimator$$ExternalSyntheticLambda2.onTransactionCommitted:26 android.view.SurfaceControl$Transaction$$ExternalSyntheticLambda4.run:0 android.os.Handler.handleCallback:995 android.os.Handler.dispatchMessage:103 android.os.Looper.loopOnce:273 
02-09 20:19:24.302  2827  3061 D SGM:GameManager: identifyGamePackage. com.anonymous.androidrn, mCurrentUserId: 0, callingMethodInfo: com.samsung.android.game.SemGameManager.isGamePackage(SemGameManager.java:106)
02-09 20:19:24.302  2827  3061 D SGM:SemGameManager: isGamePackage(), pkgName=com.anonymous.androidrn, ret=false
02-09 20:19:24.306  2827  4364 D SGM:GameManager: identifyForegroundApp. com.anonymous.androidrn, mCurrentUserId: 0, callerUserId: 0
02-09 20:19:24.307  2827  6485 D SGM:GameManager: identifyGamePackage. com.anonymous.androidrn, mCurrentUserId: 0, callingMethodInfo: com.samsung.android.game.IGameManagerService$Stub.onTransact(IGameManagerService.java:247)
02-09 20:19:24.311  2827  6484 D InsetsSourceProvider: updateControlForTarget: control=InsetsSourceControl: {3 mType=ime mSurfacePosition=Point(0, 91) mInsetsHint=Insets{left=0, top=0, right=0, bottom=932}}, target=Window{c1eaf41 u0 com.anonymous.androidrn/com.anonymous.androidrn.MainActivity}, from=com.android.server.wm.ImeInsetsSourceProvider.updateControlForTarget:17 com.android.server.wm.InsetsStateController.onControlTargetChanged:83 com.android.server.wm.DisplayContent.updateImeControlTarget:21 com.android.server.wm.DisplayContent.updateImeInputAndControlTarget:156 com.android.server.wm.WindowManagerService$LocalService.updateInputMethodTargetWindow:64 
02-09 20:19:24.332  2827  5672 D WindowManager: updateSystemBarAttributes: displayId=0, focusedCanBeNavColorWin=false, win=Window{c1eaf41 u0 com.anonymous.androidrn/com.anonymous.androidrn.MainActivity}, navColorWin=Window{2e3445c u0 Splash Screen com.anonymous.androidrn}, caller=com.android.server.wm.DisplayPolicy.finishPostLayoutPolicyLw:17 com.android.server.wm.RootWindowContainer.applySurfaceChangesTransaction$1:195 com.android.server.wm.RootWindowContainer.performSurfacePlacementNoTrace:59 
02-09 20:19:24.349  2827  4632 D MdnieScenarioControlService:  packageName : com.anonymous.androidrn    className : com.anonymous.androidrn.MainActivity
02-09 20:19:24.354  2827  5672 D CoreBackPreview: Window{2e3445c u0 Splash Screen com.anonymous.androidrn}: Setting back callback null
02-09 20:19:24.354  2827  5672 D WindowManager: Starting window removed Window{2e3445c u0 Splash Screen com.anonymous.androidrn}
02-09 20:19:24.354  2827  5672 I WindowManager: Cancelling animation restarting=false, leash=Surface(name=Surface(name=c1eaf41 com.anonymous.androidrn/com.anonymous.androidrn.MainActivity)/@0x5454b22 - animation-leash of starting_reveal)/@0xbfe5b70
02-09 20:19:24.354  2827  5672 I WindowManager: Reparenting to original parent: Surface(name=ActivityRecord{53776103 u0 com.anonymous.androidrn/.MainActivity t1199})/@0x9b189b3, destroy=false, surface=Surface(name=c1eaf41 com.anonymous.androidrn/com.anonymous.androidrn.MainActivity)/@0x5454b22
02-09 20:19:24.354  2827  5672 V WindowManager: Remove Window{2e3445c u0 Splash Screen com.anonymous.androidrn}: mSurfaceControl=Surface(name=Splash Screen com.anonymous.androidrn$_4827)/@0xea8bde7 mAnimatingExit=false mRemoveOnExit=false mHasSurface=true surfaceShowing=true animating=false app-animation=false callers=com.android.server.wm.Session.remove:16 android.view.IWindowSession$Stub.onTransact:804 com.android.server.wm.Session.onTransact:1 android.os.Binder.execTransactInternal:1462 android.os.Binder.execTransact:1401 <bottom of call stack> 
02-09 20:19:24.660  2827  6485 V WindowManager:    ChangeInfo{eb7c2f5 container=ActivityRecord{53776103 u0 com.anonymous.androidrn/.MainActivity t1199} flags=0x0}
02-09 20:19:24.660  2827  6485 V WindowManager:    ChangeInfo{18c6efb container=Task{e8fa93d #1199 type=standard A=10500:com.anonymous.androidrn} flags=0x10}
02-09 20:19:24.661  2827  6485 D WindowManager: updateSystemBarAttributes: displayId=0, focusedCanBeNavColorWin=false, win=Window{c1eaf41 u0 com.anonymous.androidrn/com.anonymous.androidrn.MainActivity}, navColorWin=Window{c1eaf41 u0 com.anonymous.androidrn/com.anonymous.androidrn.MainActivity}, caller=com.android.server.wm.DisplayPolicy.finishPostLayoutPolicyLw:17 com.android.server.wm.RootWindowContainer.applySurfaceChangesTransaction$1:195 com.android.server.wm.RootWindowContainer.performSurfacePlacementNoTrace:59 
02-09 20:19:24.662  2827  6485 D ChangeTransitionController:    ChangeInfo{eb7c2f5 container=ActivityRecord{53776103 u0 com.anonymous.androidrn/.MainActivity t1199} flags=0x0}
02-09 20:19:24.662  2827  6485 D ChangeTransitionController:    ChangeInfo{18c6efb container=Task{e8fa93d #1199 type=standard A=10500:com.anonymous.androidrn} flags=0x10}
02-09 20:19:24.676  2827  3061 D SGM:FgCheckThread: getForegroundApp(), foregroundPkgName=com.anonymous.androidrn
02-09 20:19:24.676  2827  3061 D SGM:FgCheckThread: noteStopComponent(), received pkgName: com.azure.authenticator, focusedPkgName: com.anonymous.androidrn, userId: 0
02-09 20:19:24.677  2827  3059 D SGM:GameManager: identifyForegroundApp. com.anonymous.androidrn, mCurrentUserId: 0, callerUserId: 0
02-09 20:19:24.677  2827  3059 D SGM:GameManager: identifyForegroundApp. com.anonymous.androidrn, mCurrentUserId: 0, callerUserId: 0
02-09 20:19:24.807  2827  4632 D MdnieScenarioControlService:  packageName : com.anonymous.androidrn    className : com.anonymous.androidrn.MainActivity
02-09 20:19:24.811  2827  3061 D SGM:GameManager: identifyForegroundApp. com.anonymous.androidrn, mCurrentUserId: 0, callerUserId: 0
02-09 20:19:26.524  2827  5672 D SGM:GameManager: identifyGamePackage. com.anonymous.androidrn, mCurrentUserId: 0, callingMethodInfo: com.samsung.android.game.IGameManagerService$Stub.onTransact(IGameManagerService.java:247)
02-09 20:23:07.650  2827  4364 I ActivityManager: Force stopping com.anonymous.androidrn appid=10500 user=0: from pid 3540
02-09 20:23:07.652  2827  4364 I ActivityManager: Killing 633:com.anonymous.androidrn/u0a500 (adj 0): stop com.anonymous.androidrn due to from pid 3540
02-09 20:23:07.653  2827  4364 D ActivityManager: proc ProcessRecord{bbe8a1d 633:com.anonymous.androidrn/u0a500} already removed. so we skip next process.
02-09 20:23:07.654  2827  4364 W ActivityTaskManager: Force removing ActivityRecord{53776103 u0 com.anonymous.androidrn/.MainActivity t1199 f}}: app died, no saved state
02-09 20:23:07.655  2827  4364 V WindowManager: Collecting in transition 12112: Task{e8fa93d #1199 type=standard A=10500:com.anonymous.androidrn}, caller=com.android.server.wm.Transition.collectExistenceChange:40 com.android.server.wm.Transition.collectClose:7 com.android.server.wm.WindowProcessController.handleAppDied$1:602 com.android.server.am.ActivityManagerService.handleAppDiedLocked:248 com.android.server.am.ProcessList.removeProcessLocked:198 
02-09 20:23:07.655  2827  4364 D WindowManager: prepareSync <SYNC_STATE_WAITING_FOR_DRAW>, mPrepareSyncSeqId=0, win=Window{c1eaf41 u0 com.anonymous.androidrn/com.anonymous.androidrn.MainActivity}
02-09 20:23:07.655  2827  3061 D SGM:FgCheckThread: getForegroundApp(), foregroundPkgName=com.anonymous.androidrn
02-09 20:23:07.655  4827  4990 V WindowManagerShell: Transition requested (#12112): android.os.BinderProxy@87c33ab TransitionRequestInfo { type = CLOSE, triggerTask = TaskInfo{userId=0 taskId=1199 effectiveUid=10500 displayId=0 isRunning=false baseIntent=Intent { flg=0x10000000 cmp=com.anonymous.androidrn/.MainActivity } baseActivity=null topActivity=null origActivity=null realActivity=ComponentInfo{com.anonymous.androidrn/com.anonymous.androidrn.MainActivity} numActivities=0 lastActiveTime=772513039 supportsMultiWindow=true resizeMode=1 isResizeable=true minWidth=-1 minHeight=-1 maxWidth=-1 maxHeight=-1 defaultMinSize=220 desktopDefaultMinSize=304 token=WCT{android.window.IWindowContainerToken$Stub$Proxy@5e24a08} topActivityType=1 pictureInPictureParams=null shouldDockBigOverlays=false launchIntoPipHostTaskId=-1 lastParentTaskIdBeforePip=-1 displayCutoutSafeInsets=Rect(0, 0 - 0, 0) topActivityInfo=null launchCookies=[] positionInParent=Point(0, 0) parentTaskId=-1 isFocused=true isVisible=true isVisibleRequested=true isTopActivityNoDisplay=false isSleeping=false locusId=null displayAreaFeatureId=1 isTopActivityTransparent=false isActivityStackTransparent=true lastNonFullscreenBounds=Rect(81, 558 - 999, 1728) capturedLink=null capturedLinkTimestamp=0 requestedVisibleTypes=-9 topActivityRequestOpenInBrowserEducationTimestamp=0 appCompatTaskInfo=AppCompatTaskInfo { topActivityInSizeCompat=false eligibleForLetterboxEducation= false isLetterboxEducationEnabled= false isLetterboxDoubleTapEnabled= false eligibleForUserAspectRatioButton= false topActivityBoundsLetterboxed= false isFromLetterboxDoubleTap= false topActivityLetterboxVerticalPosition= -1 topActivityLetterboxHorizontalPosition= -1 topActivityLetterboxWidth=-1 topActivityLetterboxHeight=-1 topActivityAppBounds=Rect(0, 0 - 0, 0) isUserFullscreenOverrideEnabled=false isSystemFullscreenOverrideEnabled=false hasMinAspectRatioOverride=false topActivityLetterboxBounds=null cameraCompatTaskInfo=CameraCompatTaskInfo { freeformCameraCompatMode=undefined} topActivityBounds=null topActivityInDisplayCompat=false singleTapFromLetterbox=false} topActivityMainWindowFrame=null originallySupportedMultiWindow=true hasWallpaper=false rootAffinity=10500:com.anonymous.androidrn isTopTaskInStage=false CoverLauncherWidgetTask=false LaunchedFromAppsCoverLauncherTask=false LaunchedFromMultistarCoverLauncherTask=false isAllowedSeamlessRotation=false isTopTransparentActivity=false isAliasManaged=false hasConfigChanged=false snappingGuideBounds=null isAiKeyRemoveAppTask=false lastDesktopWindowingBounds=null lastExternalDesktopWindowingBounds=null safeCutoutInsets=null}, pipChange = null, remoteTransition = null, displayChange = null, flags = 0, debugId = 12112 }
02-09 20:23:07.655  2827  4364 V WindowManager: Collecting in transition 12112: ActivityRecord{53776103 u0 com.anonymous.androidrn/.MainActivity t1199 f}}, caller=com.android.server.wm.TransitionController.collect:7 com.android.server.wm.ActivityRecord.onRemovedFromDisplay:258 com.android.server.wm.ActivityRecord.removeFromHistory:212 com.android.server.wm.WindowProcessController.handleAppDied$1:662 com.android.server.am.ActivityManagerService.handleAppDiedLocked:248 
02-09 20:23:07.655  2827  4364 D WindowManager: Changing focus from Window{c1eaf41 u0 com.anonymous.androidrn/com.anonymous.androidrn.MainActivity} to null displayId=0 Callers=com.android.server.wm.ActivityRecord.onRemovedFromDisplay:454 com.android.server.wm.ActivityRecord.removeFromHistory:212 com.android.server.wm.WindowProcessController.handleAppDied$1:662 com.android.server.am.ActivityManagerService.handleAppDiedLocked:248 
02-09 20:23:07.666  2827  3061 D SGM:FgCheckThread: pkgName: com.anonymous.androidrn is not in foreground
02-09 20:23:07.666  2827  4364 I AppsFilter: interaction: PackageSetting{dee8e58 com.axon.demo/10486} -> PackageSetting{38e2ed com.anonymous.androidrn/10500} BLOCKED
02-09 20:23:07.666  2827  4364 I AppsFilter: interaction: PackageSetting{56896 com.android.microdroid.empty_payload/10330} -> PackageSetting{38e2ed com.anonymous.androidrn/10500} BLOCKED
02-09 20:23:07.682  2827  4364 V ActivityManager: Got obituary of 633:com.anonymous.androidrn
02-09 20:23:07.682  2827  6484 I WindowManager: WIN DEATH: Window{c1eaf41 u0 com.anonymous.androidrn/com.anonymous.androidrn.MainActivity}
02-09 20:23:07.682  2827  6484 V WindowManager: Remove Window{c1eaf41 u0 com.anonymous.androidrn/com.anonymous.androidrn.MainActivity}: mSurfaceControl=Surface(name=com.anonymous.androidrn/com.anonymous.androidrn.MainActivity$_633)/@0x7040d64 mAnimatingExit=false mRemoveOnExit=false mHasSurface=true surfaceShowing=true animating=false app-animation=false callers=com.android.server.wm.Session.binderDied:85 android.os.IBinder$DeathRecipient.binderDied:346 android.os.BinderProxy.sendDeathNotice:848 <bottom of call stack> <bottom of call stack> <bottom of call stack> 
02-09 20:23:07.682  2827  6484 D WindowManager: updateSystemBarAttributes: displayId=0, focusedCanBeNavColorWin=false, win=Window{c1eaf41 u0 com.anonymous.androidrn/com.anonymous.androidrn.MainActivity EXITING}, navColorWin=null, caller=com.android.server.wm.DisplayPolicy.finishPostLayoutPolicyLw:17 com.android.server.wm.RootWindowContainer.applySurfaceChangesTransaction$1:195 com.android.server.wm.RootWindowContainer.performSurfacePlacementNoTrace:59 
02-09 20:23:07.710  2827  6481 V WindowManager: Collecting in transition 12112: ActivityRecord{20774225 u0 com.anonymous.androidrn/.MainActivity, caller=com.android.server.wm.TransitionController.collect:7 com.android.server.wm.ActivityStarter.startActivityUnchecked:98 com.android.server.wm.ActivityStarter.executeRequest:3651 com.android.server.wm.ActivityStarter.execute:2552 com.android.server.wm.ActivityTaskManagerService.startActivityAsUser:95 
02-09 20:23:07.710  2827  6481 D ActivityTaskManager: DesktopModeLaunchParamsModifier: task=null activity=ActivityRecord{20774225 u0 com.anonymous.androidrn/.MainActivity t-1} task null, skipping
02-09 20:23:07.710  2827  6481 D ActivityTaskManager: TaskLaunchParamsModifier:task=null activity=ActivityRecord{20774225 u0 com.anonymous.androidrn/.MainActivity t-1} display-area-from-current-params=null display-area-from-default-fallback=DefaultTaskDisplayArea_d0@157825962 display-id=0 task-display-area-windowing-mode=1 suggested-display-area=DefaultTaskDisplayArea_d0@157825962
02-09 20:23:07.710  2827  6481 D [secipm]: mSecIpmManager Preload com.anonymous.androidrn dex files
02-09 20:23:07.711  2827  6481 D ActivityTaskManager: DesktopModeLaunchParamsModifier: task=null activity=ActivityRecord{20774225 u0 com.anonymous.androidrn/.MainActivity t-1} task null, skipping
02-09 20:23:07.711  2827  6481 D ActivityTaskManager: TaskLaunchParamsModifier:task=null activity=ActivityRecord{20774225 u0 com.anonymous.androidrn/.MainActivity t-1} display-area-from-current-params=null display-area-from-default-fallback=DefaultTaskDisplayArea_d0@157825962 display-id=0 task-display-area-windowing-mode=1 suggested-display-area=DefaultTaskDisplayArea_d0@157825962 non-freeform-task-display-area display-area=DefaultTaskDisplayArea_d0@157825962 activity-requested-portrait freeform-size-mismatch=Rect(81, 558 - 999, 1728)
02-09 20:23:07.711  2827  6481 D ActivityTaskManager: DesktopModeLaunchParamsModifier: task=Task{584b6b7 #1200 type=standard A=10500:com.anonymous.androidrn} activity=ActivityRecord{20774225 u0 com.anonymous.androidrn/.MainActivity t-1} non-desktop, skipping
02-09 20:23:07.711  2827  6481 D ActivityTaskManager: TaskLaunchParamsModifier:task=Task{584b6b7 #1200 type=standard A=10500:com.anonymous.androidrn} activity=ActivityRecord{20774225 u0 com.anonymous.androidrn/.MainActivity t-1} display-from-task=0 display-id=0 task-display-area-windowing-mode=1 suggested-display-area=DefaultTaskDisplayArea_d0@157825962 inherit-from-task=fullscreen non-freeform-task-display-area display-area=DefaultTaskDisplayArea_d0@157825962 activity-requested-portrait freeform-size-mismatch=Rect(81, 558 - 999, 1728)
02-09 20:23:07.711  2827  6481 V WindowManager: Collecting in transition 12112: Task{584b6b7 #1200 type=standard A=10500:com.anonymous.androidrn}, caller=com.android.server.wm.Transition.collectExistenceChange:40 com.android.server.wm.ActivityStarter.setNewTask:43 com.android.server.wm.ActivityStarter.startActivityInner:289 com.android.server.wm.ActivityStarter.startActivityUnchecked:111 com.android.server.wm.ActivityStarter.executeRequest:3651 
02-09 20:23:07.711  2827  6481 V WindowManager: Add starting ActivityRecord{20774225 u0 com.anonymous.androidrn/.MainActivity t1200}: startingData=SplashScreenStartingData{b031d8d removeAfterTransaction= 0}
02-09 20:23:07.711  2827  6481 V WindowManager: Added starting ActivityRecord{20774225 u0 com.anonymous.androidrn/.MainActivity t1200}: startingWindow=null startingView=com.android.server.wm.StartingSurfaceController$StartingSurface@b62bb42
02-09 20:23:07.711  2827  6481 I ActivityTaskManager: Add Task{e8fa93d #1199 type=standard A=10500:com.anonymous.androidrn} to hidden list because adding Task{584b6b7 #1200 type=standard A=10500:com.anonymous.androidrn}
02-09 20:23:07.711  2827  6481 V WindowManager: Collecting in transition 12112: ActivityRecord{20774225 u0 com.anonymous.androidrn/.MainActivity t1200}, caller=com.android.server.wm.Transition.collectExistenceChange:40 com.android.server.wm.ActivityStarter.handleStartResult:761 com.android.server.wm.ActivityStarter.startActivityUnchecked:124 com.android.server.wm.ActivityStarter.executeRequest:3651 com.android.server.wm.ActivityStarter.execute:2552 
02-09 20:23:07.712  2827  6481 I ActivityTaskManager: START u0 {flg=0x10000000 xflg=0x1 cmp=com.anonymous.androidrn/.MainActivity} with LAUNCH_SINGLE_TASK from uid 2000 (BAL_ALLOW_PERMISSION) result code=0
02-09 20:23:07.714  2827  6481 D WindowManager: prepareSync <SYNC_STATE_WAITING_FOR_DRAW>, mPrepareSyncSeqId=0, win=Window{582adbc u0 Splash Screen com.anonymous.androidrn}
02-09 20:23:07.715  2827  6481 V WindowManager: addWindow: ActivityRecord{20774225 u0 com.anonymous.androidrn/.MainActivity t1200} startingWindow=Window{582adbc u0 Splash Screen com.anonymous.androidrn}
02-09 20:23:07.723  2827  6484 D CoreBackPreview: Window{582adbc u0 Splash Screen com.anonymous.androidrn}: Setting back callback OnBackInvokedCallbackInfo{mCallback=android.window.IOnBackInvokedCallback$Stub$Proxy@c33dc97, mPriority=0, mIsAnimationCallback=false, mOverrideBehavior=0}
02-09 20:23:07.723  2827  6481 D WindowManager: makeSurface duration=0 name=Splash Screen com.anonymous.androidrn$_4827
02-09 20:23:07.726  2827  6481 D WindowManager: finishDrawingWindow: Window{582adbc u0 Splash Screen com.anonymous.androidrn} mDrawState=DRAW_PENDING seqId=0
02-09 20:23:07.726  2827  6481 V WindowManager: Finishing drawing window Window{582adbc u0 Splash Screen com.anonymous.androidrn}: mDrawState=DRAW_PENDING
02-09 20:23:07.726  2827  6481 V WindowManager: Draw state now committed in Window{582adbc u0 Splash Screen com.anonymous.androidrn}
02-09 20:23:07.729  2827  6484 I AppsFilter: interaction: PackageSetting{dee8e58 com.axon.demo/10486} -> PackageSetting{e78a420 com.anonymous.androidrn/10500} BLOCKED
02-09 20:23:07.729  2827  6484 I AppsFilter: interaction: PackageSetting{56896 com.android.microdroid.empty_payload/10330} -> PackageSetting{e78a420 com.anonymous.androidrn/10500} BLOCKED
