02-09 21:00:55.981 31515 31515 D nativeloader: Load /data/app/~~k1yBigyPMN2INQFLV44xzA==/com.anonymous.androidrn-HBCa856juyVvCUsfSrKfhw==/base.apk!/lib/arm64-v8a/libc++_shared.so using class loader ns clns-9 (caller=/data/app/~~k1yBigyPMN2INQFLV44xzA==/com.anonymous.androidrn-HBCa856juyVvCUsfSrKfhw==/base.apk): ok
02-09 21:00:55.983 31515 31515 D nativeloader: Load /data/app/~~k1yBigyPMN2INQFLV44xzA==/com.anonymous.androidrn-HBCa856juyVvCUsfSrKfhw==/base.apk!/lib/arm64-v8a/libjsi.so using class loader ns clns-9 (caller=/data/app/~~k1yBigyPMN2INQFLV44xzA==/com.anonymous.androidrn-HBCa856juyVvCUsfSrKfhw==/base.apk): ok
02-09 21:00:55.984 31515 31515 D nativeloader: Load /data/app/~~k1yBigyPMN2INQFLV44xzA==/com.anonymous.androidrn-HBCa856juyVvCUsfSrKfhw==/base.apk!/lib/arm64-v8a/libfbjni.so using class loader ns clns-9 (caller=/data/app/~~k1yBigyPMN2INQFLV44xzA==/com.anonymous.androidrn-HBCa856juyVvCUsfSrKfhw==/base.apk): ok
02-09 21:00:55.991 31515 31515 D nativeloader: Load /data/app/~~k1yBigyPMN2INQFLV44xzA==/com.anonymous.androidrn-HBCa856juyVvCUsfSrKfhw==/base.apk!/lib/arm64-v8a/libreactnative.so using class loader ns clns-9 (caller=/data/app/~~k1yBigyPMN2INQFLV44xzA==/com.anonymous.androidrn-HBCa856juyVvCUsfSrKfhw==/base.apk): ok
02-09 21:00:56.000 31515 31515 D nativeloader: Load /data/app/~~k1yBigyPMN2INQFLV44xzA==/com.anonymous.androidrn-HBCa856juyVvCUsfSrKfhw==/base.apk!/lib/arm64-v8a/libhermes.so using class loader ns clns-9 (caller=/data/app/~~k1yBigyPMN2INQFLV44xzA==/com.anonymous.androidrn-HBCa856juyVvCUsfSrKfhw==/base.apk): ok
02-09 21:00:56.002 31515 31515 D nativeloader: Load /data/app/~~k1yBigyPMN2INQFLV44xzA==/com.anonymous.androidrn-HBCa856juyVvCUsfSrKfhw==/base.apk!/lib/arm64-v8a/libhermestooling.so using class loader ns clns-9 (caller=/data/app/~~k1yBigyPMN2INQFLV44xzA==/com.anonymous.androidrn-HBCa856juyVvCUsfSrKfhw==/base.apk): ok
02-09 21:00:56.046  1970  2783 I SurfaceFlinger: id=130271 createSurf, flag=84004, d766548 com.anonymous.androidrn/com.anonymous.androidrn.MainActivity#130271
02-09 21:00:56.049 31515 31515 I InsetsController: onStateChanged: host=com.anonymous.androidrn/com.anonymous.androidrn.MainActivity, from=android.view.ViewRootImpl.onInsetsStateChanged:3026, state=InsetsState: {mDisplayFrame=Rect(0, 0 - 1080, 2340), mDisplayCutout=DisplayCutout{insets=Rect(0, 91 - 0, 0) waterfall=Insets{left=0, top=0, right=0, bottom=0} boundingRect={Bounds=[Rect(0, 0 - 0, 0), Rect(511, 0 - 569, 91), Rect(0, 0 - 0, 0), Rect(0, 0 - 0, 0)]} cutoutPathParserInfo={CutoutPathParserInfo{displayWidth=1080 displayHeight=2340 physicalDisplayWidth=1080 physicalDisplayHeight=2340 density={3.0} cutoutSpec={M 0,0 H -9.666666666666667 V 30.33333333333333 H 9.666666666666667 V 0 H 0 Z @dp} rotation={0} scale={1.0} physicalPixelDisplaySizeRatio={1.0}}} sideOverrides={}}, mRoundedCorners=RoundedCorners{[RoundedCorner{position=TopLeft, radius=102, center=Point(102, 102)}, RoundedCorner{position=TopRight, radius=102, center=Point(978, 102)}, RoundedCorner{position=BottomRight, radius=102, center=Point(978, 2238)}, RoundedCorner{position=BottomLeft, radius=102, center=Point(102, 2238)}]}  mRoundedCornerFrame=Rect(0, 0 - 1080, 2340), mPrivacyIndicatorBounds=PrivacyIndicatorBounds {static bounds=Rect(948, 0 - 1080, 91) rotation=0}, mDisplayShape=DisplayShape{ spec=-311912193 displayWidth=1080 displayHeight=2340 physicalPixelDisplaySizeRatio=1.0 rotation=0 offsetX=0 offsetY=0 scale=1.0}, mSources= { InsetsSource: {f9470001 mType=navigationBars mFrame=[0,2196][1080,2340] mVisible=true mFlags= mSideHint=BOTTOM mBoundingRects=null}, InsetsSource: {f9470004 mType=systemGestures mFrame=[0,0][0,0] mVisible=true mFlags= mSideHint=NONE mBoundingRects=null}, InsetsSource: {f9470005 mType=mandatorySystemGestures mFrame=[0,2196][1080,2340] mVisible=true mFlags= mSideHint=BOTTOM mBoundingRects=null}, InsetsSource: {f9470006 mType=tappableElement mFrame=[0,2196][1080,2340] mVisible=true mFlags= mSideHint=BOTTOM mBoundingRects=null}, InsetsSource: {f9470024 mType=systemGestures mFrame=[0,0][0,0] mVisible=true mFlags= mSideHint=NONE mBoundingRects=null}, InsetsSource: {fcb20000 mType=statusBars mFrame=[0,0][1080,91] mVisible=true mFlags= mSideHint=TOP mBoundingRects=null}, InsetsSource: {fcb20005 mType=mandatorySystemGestures mFrame=[0,0][1080,127] mVisible=true mFlags= mSideHint=TOP mBoundingRects=null}, InsetsSource: {fcb20006 mType=tappableElement mFrame=[0,0][1080,91] mVisible=true mFlags= mSideHint=TOP mBoundingRects=null}, InsetsSource: {3 mType=ime mFrame=[0,0][0,0] mVisible=false mFlags= mSideHint=NONE mBoundingRects=null}, InsetsSource: {27 mType=displayCutout mFrame=[0,0][1080,91] mVisible=true mFlags= mSideHint=TOP mBoundingRects=null} }
02-09 21:00:56.051 31515 31560 D nativeloader: Load /data/app/~~k1yBigyPMN2INQFLV44xzA==/com.anonymous.androidrn-HBCa856juyVvCUsfSrKfhw==/base.apk!/lib/arm64-v8a/libexpo-modules-core.so using class loader ns clns-9 (caller=/data/app/~~k1yBigyPMN2INQFLV44xzA==/com.anonymous.androidrn-HBCa856juyVvCUsfSrKfhw==/base.apk): ok
02-09 21:00:56.052  1970  1970 I SurfaceFlinger: [d766548 com.anonymous.androidrn/com.anonymous.androidrn.MainActivity#130271] attach to parent LayerHierarchy{RequestedLayerState{ActivityRecord{131725914 u0 com.anonymous.androidrn/.MainActivity t1205}#130265 parentId=130264} 3 children}
02-09 21:00:56.055 31515 31515 I IDS_TAG : Getting Shared Preference for com.anonymous.androidrn.MainApplication@e337bff uid = 10500
02-09 21:00:56.056 31515 31515 I IDS_TAG : App com.anonymous.androidrn.MainApplication@e337bff has not finished training
02-09 21:00:56.057 31515 31515 I IDS_TAG : Getting Shared Preference for com.anonymous.androidrn.MainApplication@e337bff uid = 10500
02-09 21:00:56.057 31515 31515 I IDS_TAG : IDS count updated to 6 for com.anonymous.androidrn.MainApplication@e337bff
02-09 21:00:56.059  2827  5367 D CoreBackPreview: Window{d766548 u0 com.anonymous.androidrn/com.anonymous.androidrn.MainActivity}: Setting back callback OnBackInvokedCallbackInfo{mCallback=android.window.IOnBackInvokedCallback$Stub$Proxy@e560cb7, mPriority=0, mIsAnimationCallback=false, mOverrideBehavior=0}
02-09 21:00:56.059  2827  8023 I WindowManager: Relayout Window{d766548 u0 com.anonymous.androidrn/com.anonymous.androidrn.MainActivity}: viewVisibility=0 req=1080x2340 ty=1 d0
02-09 21:00:56.060  1970  2784 I SurfaceFlinger: id=130272 createSurf, flag=44004, com.anonymous.androidrn/com.anonymous.androidrn.MainActivity$_31515#130272
02-09 21:00:56.060  2827  8023 D WindowManager: makeSurface duration=1 name=com.anonymous.androidrn/com.anonymous.androidrn.MainActivity$_31515
02-09 21:00:56.060  2827  8023 D SurfaceComposerClient: setCornerRadius ## 3862972 Splash Screen com.anonymous.androidrn#130266 cornerRadius=0.000000
02-09 21:00:56.060  2827  8023 D SurfaceComposerClient: setCornerRadius ## d766548 com.anonymous.androidrn/com.anonymous.androidrn.MainActivity#130271 cornerRadius=0.000000
02-09 21:00:56.060  2827  8023 D InsetsSourceProvider: updateControlForTarget: control=InsetsSourceControl: {fcb20000 mType=statusBars initiallyVisible mSurfacePosition=Point(0, 0) mInsetsHint=Insets{left=0, top=91, right=0, bottom=0}}, target=Window{3862972 u0 Splash Screen com.anonymous.androidrn}, from=com.android.server.wm.InsetsStateController.onControlTargetChanged:83 com.android.server.wm.InsetsPolicy.updateBarControlTarget:212 com.android.server.wm.DisplayPolicy.updateSystemBarAttributes:262 com.android.server.wm.DisplayPolicy.finishPostLayoutPolicyLw:17 com.android.server.wm.RootWindowContainer.applySurfaceChangesTransaction$1:195 
02-09 21:00:56.060  2827  8023 D InsetsSourceProvider: updateControlForTarget: control=InsetsSourceControl: {f9470001 mType=navigationBars initiallyVisible mSurfacePosition=Point(0, 2196) mInsetsHint=Insets{left=0, top=0, right=0, bottom=144}}, target=Window{3862972 u0 Splash Screen com.anonymous.androidrn}, from=com.android.server.wm.InsetsStateController.onControlTargetChanged:83 com.android.server.wm.InsetsPolicy.updateBarControlTarget:225 com.android.server.wm.DisplayPolicy.updateSystemBarAttributes:262 com.android.server.wm.DisplayPolicy.finishPostLayoutPolicyLw:17 com.android.server.wm.RootWindowContainer.applySurfaceChangesTransaction$1:195 
02-09 21:00:56.060  2827  8023 D WindowManager: updateSystemBarAttributes: displayId=0, focusedCanBeNavColorWin=false, win=Window{3862972 u0 Splash Screen com.anonymous.androidrn}, navColorWin=Window{3862972 u0 Splash Screen com.anonymous.androidrn}, caller=com.android.server.wm.DisplayPolicy.finishPostLayoutPolicyLw:17 com.android.server.wm.RootWindowContainer.applySurfaceChangesTransaction$1:195 com.android.server.wm.RootWindowContainer.performSurfacePlacementNoTrace:59 
02-09 21:00:56.061  1970  1970 I SurfaceFlinger: RequestedLayer [d766548 com.anonymous.androidrn/com.anonymous.androidrn.MainActivity#130271] hidden!! flag  from(1) --> to(0)
02-09 21:00:56.061  2827  8023 D SurfaceComposerClient: setCornerRadius ## 3862972 Splash Screen com.anonymous.androidrn#130266 cornerRadius=0.000000
02-09 21:00:56.061  2827  8023 D SurfaceComposerClient: setCornerRadius ## d766548 com.anonymous.androidrn/com.anonymous.androidrn.MainActivity#130271 cornerRadius=0.000000
02-09 21:00:56.061  1970  1970 I SurfaceFlinger: [com.anonymous.androidrn/com.anonymous.androidrn.MainActivity$_31515#130272] attach to parent LayerHierarchy{RequestedLayerState{d766548 com.anonymous.androidrn/com.anonymous.androidrn.MainActivity#130271 parentId=130265} 1 children}
02-09 21:00:56.061  2827  8023 D WindowManager: Changing focus from null to Window{d766548 u0 com.anonymous.androidrn/com.anonymous.androidrn.MainActivity} displayId=0 Callers=com.android.server.wm.WindowManagerService.relayoutWindow:1350 com.android.server.wm.Session.relayout:27 android.view.IWindowSession$Stub.onTransact:829 com.android.server.wm.Session.onTransact:1 
02-09 21:00:56.061  2827  8023 D InsetsSourceProvider: updateControlForTarget: control=InsetsSourceControl: {fcb20000 mType=statusBars initiallyVisible mSurfacePosition=Point(0, 0) mInsetsHint=Insets{left=0, top=91, right=0, bottom=0}}, target=Window{d766548 u0 com.anonymous.androidrn/com.anonymous.androidrn.MainActivity}, from=com.android.server.wm.InsetsStateController.onControlTargetChanged:83 com.android.server.wm.InsetsPolicy.updateBarControlTarget:212 com.android.server.wm.DisplayPolicy.updateSystemBarAttributes:262 com.android.server.wm.WindowManagerService.updateFocusedWindowLocked:372 com.android.server.wm.WindowManagerService.relayoutWindow:1350 
02-09 21:00:56.061  2827  8023 D InsetsSourceProvider: updateControlForTarget: control=InsetsSourceControl: {f9470001 mType=navigationBars initiallyVisible mSurfacePosition=Point(0, 2196) mInsetsHint=Insets{left=0, top=0, right=0, bottom=144}}, target=Window{d766548 u0 com.anonymous.androidrn/com.anonymous.androidrn.MainActivity}, from=com.android.server.wm.InsetsStateController.onControlTargetChanged:83 com.android.server.wm.InsetsPolicy.updateBarControlTarget:225 com.android.server.wm.DisplayPolicy.updateSystemBarAttributes:262 com.android.server.wm.WindowManagerService.updateFocusedWindowLocked:372 com.android.server.wm.WindowManagerService.relayoutWindow:1350 
02-09 21:00:56.061  2827  8023 D WindowManager: updateSystemBarAttributes: displayId=0, focusedCanBeNavColorWin=false, win=Window{d766548 u0 com.anonymous.androidrn/com.anonymous.androidrn.MainActivity}, navColorWin=Window{3862972 u0 Splash Screen com.anonymous.androidrn}, caller=com.android.server.wm.WindowManagerService.updateFocusedWindowLocked:372 com.android.server.wm.WindowManagerService.relayoutWindow:1350 com.android.server.wm.Session.relayout:27 
02-09 21:00:56.061  2827  8023 V SystemKeyManager: updateFocusedWindow() is called, com.anonymous.androidrn/com.anonymous.androidrn.MainActivity
02-09 21:00:56.061  2827  8023 I SystemKeyManager: requested systemKeyInfo size=1 focusedWindow=com.anonymous.androidrn/com.anonymous.androidrn.MainActivity
02-09 21:00:56.061  2827  8023 I SystemKeyManager: requested systemKeyInfo size=1 focusedWindow=com.anonymous.androidrn/com.anonymous.androidrn.MainActivity
02-09 21:00:56.062 31515 31560 I ReactNativeJS: Running "main"
02-09 21:00:56.063  7906 16149 I FASProvider: makeValuesForFasUpdate contentValues = package_name=com.anonymous.androidrn extras=0 reason=deleted_from_mars_auto disableReason=default disableResetTime=1770642056061 uid=10500 mode=1 level=2 resetTime=0
02-09 21:00:56.069 31515 31560 W ReactNativeJS: The app is running using the Legacy Architecture. The Legacy Architecture is deprecated and will be removed in a future version of React Native. Please consider migrating to the New Architecture. For more information, please see https://reactnative.dev/blog/2024/10/23/the-new-architecture-is-here
02-09 21:00:56.071  4827  4827 D NavigationBar: onSystemBarAttributesChanged() -  displayId:0, appearance:16, packageName: com.anonymous.androidrn (APPEARANCE_LIGHT_NAVIGATION_BARS ), navbarColorManagedByIme:false
02-09 21:00:56.073  2827  3062 I WindowManager: notifyInsetsControlChanged, removed=false, win=Window{3862972 u0 Splash Screen com.anonymous.androidrn}, caller=com.android.server.wm.InsetsStateController$$ExternalSyntheticLambda1.run:137 com.android.server.wm.WindowAnimator$$ExternalSyntheticLambda2.onTransactionCommitted:26 android.view.SurfaceControl$Transaction$$ExternalSyntheticLambda4.run:0 android.os.Handler.handleCallback:995 android.os.Handler.dispatchMessage:103 android.os.Looper.loopOnce:273 
02-09 21:00:56.073  4827  5002 I InsetsController: onStateChanged: host=Splash Screen com.anonymous.androidrn, from=android.view.ViewRootImpl.onInsetsStateChanged:3026, state=InsetsState: {mDisplayFrame=Rect(0, 0 - 1080, 2340), mDisplayCutout=DisplayCutout{insets=Rect(0, 91 - 0, 0) waterfall=Insets{left=0, top=0, right=0, bottom=0} boundingRect={Bounds=[Rect(0, 0 - 0, 0), Rect(511, 0 - 569, 91), Rect(0, 0 - 0, 0), Rect(0, 0 - 0, 0)]} cutoutPathParserInfo={CutoutPathParserInfo{displayWidth=1080 displayHeight=2340 physicalDisplayWidth=1080 physicalDisplayHeight=2340 density={3.0} cutoutSpec={M 0,0 H -9.666666666666667 V 30.33333333333333 H 9.666666666666667 V 0 H 0 Z @dp} rotation={0} scale={1.0} physicalPixelDisplaySizeRatio={1.0}}} sideOverrides={}}, mRoundedCorners=RoundedCorners{[RoundedCorner{position=TopLeft, radius=102, center=Point(102, 102)}, RoundedCorner{position=TopRight, radius=102, center=Point(978, 102)}, RoundedCorner{position=BottomRight, radius=102, center=Point(978, 2238)}, RoundedCorner{position=BottomLeft, radius=102, center=Point(102, 2238)}]}  mRoundedCornerFrame=Rect(0, 0 - 1080, 2340), mPrivacyIndicatorBounds=PrivacyIndicatorBounds {static bounds=Rect(948, 0 - 1080, 91) rotation=0}, mDisplayShape=DisplayShape{ spec=-311912193 displayWidth=1080 displayHeight=2340 physicalPixelDisplaySizeRatio=1.0 rotation=0 offsetX=0 offsetY=0 scale=1.0}, mSources= { InsetsSource: {f9470001 mType=navigationBars mFrame=[0,2196][1080,2340] mVisible=true mFlags= mSideHint=BOTTOM mBoundingRects=null}, InsetsSource: {f9470004 mType=systemGestures mFrame=[0,0][0,0] mVisible=true mFlags= mSideHint=NONE mBoundingRects=null}, InsetsSource: {f9470005 mType=mandatorySystemGestures mFrame=[0,2196][1080,2340] mVisible=true mFlags= mSideHint=BOTTOM mBoundingRects=null}, InsetsSource: {f9470006 mType=tappableElement mFrame=[0,2196][1080,2340] mVisible=true mFlags= mSideHint=BOTTOM mBoundingRects=null}, InsetsSource: {f9470024 mType=systemGestures mFrame=[0,0][0,0] mVisible=true mFlags= mSideHint=NONE mBoundingRects=null}, InsetsSource: {fcb20000 mType=statusBars mFrame=[0,0][1080,91] mVisible=true mFlags= mSideHint=TOP mBoundingRects=null}, InsetsSource: {fcb20005 mType=mandatorySystemGestures mFrame=[0,0][1080,127] mVisible=true mFlags= mSideHint=TOP mBoundingRects=null}, InsetsSource: {fcb20006 mType=tappableElement mFrame=[0,0][1080,91] mVisible=true mFlags= mSideHint=TOP mBoundingRects=null}, InsetsSource: {3 mType=ime mFrame=[0,0][0,0] mVisible=false mFlags= mSideHint=NONE mBoundingRects=null}, InsetsSource: {27 mType=displayCutout mFrame=[0,0][1080,91] mVisible=true mFlags= mSideHint=TOP mBoundingRects=null} }
02-09 21:00:56.075  2827  4632 D MdnieScenarioControlService:  packageName : com.anonymous.androidrn    className : com.anonymous.androidrn.MainActivity
02-09 21:00:56.076  1970  5313 I SurfaceFlinger: [com.anonymous.androidrn/com.anonymous.androidrn.MainActivity$_31515#130272] setTransactionState with the first frame. bufferData(ID: 135355894333440, frameNumber: 1)
02-09 21:00:56.076  2827  5367 D WindowManager: finishDrawingWindow: Window{d766548 u0 com.anonymous.androidrn/com.anonymous.androidrn.MainActivity} mDrawState=DRAW_PENDING seqId=0
02-09 21:00:56.076  2827  3062 D SurfaceComposerClient: setCornerRadius ## 3862972 Splash Screen com.anonymous.androidrn#130266 cornerRadius=0.000000
02-09 21:00:56.076  2827  3062 D SurfaceComposerClient: setCornerRadius ## d766548 com.anonymous.androidrn/com.anonymous.androidrn.MainActivity#130271 cornerRadius=0.000000
02-09 21:00:56.077  2827  3062 D SurfaceComposerClient: setCornerRadius ## 3862972 Splash Screen com.anonymous.androidrn#130266 cornerRadius=0.000000
02-09 21:00:56.077  2827  3062 V WindowManager: Finish starting ActivityRecord{131725914 u0 com.anonymous.androidrn/.MainActivity t1205}: first real window is shown, no animation
02-09 21:00:56.077  2827  3062 V WindowManager: Schedule remove starting ActivityRecord{131725914 u0 com.anonymous.androidrn/.MainActivity t1205} startingWindow=Window{3862972 u0 Splash Screen com.anonymous.androidrn} animate=true Callers=com.android.server.wm.ActivityRecord.removeStartingWindow:178 com.android.server.wm.WindowState.performShowLocked:155 com.android.server.wm.WindowStateAnimator.commitFinishDrawingLocked:73 com.android.server.wm.DisplayContent$$ExternalSyntheticLambda1.accept$com$android$server$wm$DisplayContent$$ExternalSyntheticLambda37:23 com.android.server.wm.DisplayContent$$ExternalSyntheticLambda1.accept:143 
02-09 21:00:56.077  2827  3062 D TaskOrganizerController: applyStartingWindowAnimation, window=Window{d766548 u0 com.anonymous.androidrn/com.anonymous.androidrn.MainActivity}, caller=com.android.server.wm.TaskOrganizerController.removeStartingWindow:132 com.android.server.wm.StartingSurfaceController$StartingSurface.remove:23 com.android.server.wm.ActivityRecord.removeStartingWindowAnimation:171 
02-09 21:00:56.077  2827  3062 I WindowManager: Reparenting to leash, surface=Surface(name=d766548 com.anonymous.androidrn/com.anonymous.androidrn.MainActivity)/@0x65dc6f2, leashParent=Surface(name=ActivityRecord{131725914 u0 com.anonymous.androidrn/.MainActivity t1205})/@0x9b7a143
02-09 21:00:56.077  1970  5313 I SurfaceFlinger: id=130277 createSurf, flag=24000, Surface(name=d766548 com.anonymous.androidrn/com.anonymous.androidrn.MainActivity)/@0x65dc6f2 - animation-leash of starting_reveal#130277
02-09 21:00:56.078  2827  3062 D WindowManager: makeSurface duration=1 leash=Surface(name=Surface(name=d766548 com.anonymous.androidrn/com.anonymous.androidrn.MainActivity)/@0x65dc6f2 - animation-leash of starting_reveal)/@0x32443c0
02-09 21:00:56.078  1970  1970 I SurfaceFlinger: [Surface(name=d766548 com.anonymous.androidrn/com.anonymous.androidrn.MainActivity)/@0x65dc6f2 - animation-leash of starting_reveal#130277] attach to parent LayerHierarchy{RequestedLayerState{ActivityRecord{131725914 u0 com.anonymous.androidrn/.MainActivity t1205}#130265 parentId=130264} 4 children}
02-09 21:00:56.078  2827  3062 I ActivityTaskManager: done cause=notifyWindowsDrawn timestamp=315767597108762 info=TransitionInfo{99588f9 a=ActivityRecord{131725914 u0 com.anonymous.androidrn/.MainActivity t1205} d=true}
02-09 21:00:56.078  2827  3062 V WindowManager: performShowLocked: mDrawState=HAS_DRAWN in Window{d766548 u0 com.anonymous.androidrn/com.anonymous.androidrn.MainActivity}
02-09 21:00:56.078  2827  3062 D SurfaceComposerClient: setCornerRadius ## d766548 com.anonymous.androidrn/com.anonymous.androidrn.MainActivity#130271 cornerRadius=0.000000
02-09 21:00:56.078  2827  3062 D SurfaceComposerClient: setCornerRadius ## 3862972 Splash Screen com.anonymous.androidrn#130266 cornerRadius=0.000000
02-09 21:00:56.078  2827  3062 D SurfaceComposerClient: setCornerRadius ## d766548 com.anonymous.androidrn/com.anonymous.androidrn.MainActivity#130271 cornerRadius=0.000000
02-09 21:00:56.078  2827  3062 D SurfaceComposerClient: setCornerRadius ## 3862972 Splash Screen com.anonymous.androidrn#130266 cornerRadius=0.000000
02-09 21:00:56.078  2827  3062 D SurfaceComposerClient: setCornerRadius ## d766548 com.anonymous.androidrn/com.anonymous.androidrn.MainActivity#130271 cornerRadius=0.000000
02-09 21:00:56.079 31515 31515 I InsetsSourceConsumer: applyRequestedVisibilityToControl: visible=true, type=statusBars, host=com.anonymous.androidrn/com.anonymous.androidrn.MainActivity
02-09 21:00:56.079 31515 31515 I InsetsSourceConsumer: applyRequestedVisibilityToControl: visible=true, type=navigationBars, host=com.anonymous.androidrn/com.anonymous.androidrn.MainActivity
02-09 21:00:56.080  1970  2723 D SurfaceFlinger: [input] setFocusedWindow: d766548 com.anonymous.androidrn/com.anonymous.androidrn.MainActivity
02-09 21:00:56.080  2827 12697 D InputDispatcher: Once focus requested (0): d766548 com.anonymous.androidrn/com.anonymous.androidrn.MainActivity
02-09 21:00:56.080  2827 12697 D InputDispatcher: Focus request (0): d766548 com.anonymous.androidrn/com.anonymous.androidrn.MainActivity but waiting because NO_WINDOW
02-09 21:00:56.084  2827  3058 I PkgPredictorService-SecIpmManagerServiceImpl: reportToNAP uid:10500 com.anonymous.androidrn/com.anonymous.androidrn.MainActivity thisTime:184
02-09 21:00:56.085  2827  3058 I ActivityTaskManager: Displayed com.anonymous.androidrn/.MainActivity for user 0: +184ms
02-09 21:00:56.085  2827  3058 I Pageboost: Launch time gathered : pid 31515 com.anonymous.androidrn 184
02-09 21:00:56.086  1970  1970 I SurfaceFlinger: RequestedLayer [com.anonymous.androidrn/com.anonymous.androidrn.MainActivity$_31515#130272] hidden!! flag  from(1) --> to(0)
02-09 21:00:56.086  1970  1970 I SurfaceFlinger: [LayerHierarchy{RequestedLayerState{d766548 com.anonymous.androidrn/com.anonymous.androidrn.MainActivity#130271 parentId=130277} 1 children}] reparent to LayerHierarchy{RequestedLayerState{Surface(name=d766548 com.anonymous.androidrn/com.anonymous.androidrn.MainActivity)/@0x65dc6f2 - animation-leash of starting_reveal#130277 parentId=130265} 1 children}
02-09 21:00:56.088  1970  1970 D SurfaceFlinger:        DEVICE |          135355894333440 | 00002102 | RGBA_8888    |    0.0    0.0  826.0 2340.0 |  254    0 1080 2340 | com.anonymous.androidrn/com.anonymous.androidrn.MainActivity$_31515#130272 (1)
02-09 21:00:56.088  1970  1970 D SurfaceFlinger:        DEVICE |           20731807177018 | 00002100 | RGBA_8888    |    0.0    0.0  826.0 2340.0 |  254    0 1080 2340 | Splash Screen com.anonymous.androidrn$_4827#130267 (1)
02-09 21:00:56.088  2827  5367 D InputDispatcher: Focus entered window (0): d766548 com.anonymous.androidrn/com.anonymous.androidrn.MainActivity
02-09 21:00:56.090  2827  3062 D SurfaceComposerClient: setCornerRadius ## 3862972 Splash Screen com.anonymous.androidrn#130266 cornerRadius=0.000000
02-09 21:00:56.090  2827  3062 D SurfaceComposerClient: setCornerRadius ## d766548 com.anonymous.androidrn/com.anonymous.androidrn.MainActivity#130271 cornerRadius=0.000000
02-09 21:00:56.091  2827  4439 I ImeTracker: com.anonymous.androidrn:2bb77064: onRequestHide at ORIGIN_SERVER reason HIDE_UNSPECIFIED_WINDOW fromUser false
02-09 21:00:56.092 31515 31515 I ImeTracker: com.anonymous.androidrn:2bb77064: onCancelled at PHASE_CLIENT_ALREADY_HIDDEN
02-09 21:00:56.098  2827  4544 D InsetsSourceProvider: updateControlForTarget: control=InsetsSourceControl: {3 mType=ime mSurfacePosition=Point(0, 91) mInsetsHint=Insets{left=0, top=0, right=0, bottom=932}}, target=Window{d766548 u0 com.anonymous.androidrn/com.anonymous.androidrn.MainActivity}, from=com.android.server.wm.ImeInsetsSourceProvider.updateControlForTarget:17 com.android.server.wm.InsetsStateController.onControlTargetChanged:83 com.android.server.wm.DisplayContent.updateImeControlTarget:21 com.android.server.wm.DisplayContent.updateImeInputAndControlTarget:156 com.android.server.wm.WindowManagerService$LocalService.updateInputMethodTargetWindow:64 
02-09 21:00:56.099  2827  3062 D SurfaceComposerClient: setCornerRadius ## 3862972 Splash Screen com.anonymous.androidrn#130266 cornerRadius=0.000000
02-09 21:00:56.099  2827  3062 D SurfaceComposerClient: setCornerRadius ## d766548 com.anonymous.androidrn/com.anonymous.androidrn.MainActivity#130271 cornerRadius=0.000000
02-09 21:00:56.111  1970  1970 I SurfaceFlinger: [LayerHierarchy{RequestedLayerState{ImeContainer#15 parentId=130265 relativeParentId=130265 z=3} 1 children}] reparent to LayerHierarchy{RequestedLayerState{ActivityRecord{131725914 u0 com.anonymous.androidrn/.MainActivity t1205}#130265 parentId=130264} 4 children}
02-09 21:00:56.139  2827  7741 I WindowManager: Relayout Window{3862972 u0 Splash Screen com.anonymous.androidrn}: viewVisibility=8 req=1080x2340 ty=3 d0
02-09 21:00:56.139  2827  7741 D SurfaceComposerClient: setCornerRadius ## d766548 com.anonymous.androidrn/com.anonymous.androidrn.MainActivity#130271 cornerRadius=0.000000
02-09 21:00:56.139  2827  7741 D SurfaceComposerClient: setCornerRadius ## 3862972 Splash Screen com.anonymous.androidrn#130266 cornerRadius=0.000000
02-09 21:00:56.139  2827  7741 D SurfaceComposerClient: setCornerRadius ## d766548 com.anonymous.androidrn/com.anonymous.androidrn.MainActivity#130271 cornerRadius=0.000000
02-09 21:00:56.140  2827  7741 D CoreBackPreview: Window{3862972 u0 Splash Screen com.anonymous.androidrn}: Setting back callback null
02-09 21:00:56.140  2827  7741 D WindowManager: Starting window removed Window{3862972 u0 Splash Screen com.anonymous.androidrn}
02-09 21:00:56.140  2827  7741 I WindowManager: Cancelling animation restarting=false, leash=Surface(name=Surface(name=d766548 com.anonymous.androidrn/com.anonymous.androidrn.MainActivity)/@0x65dc6f2 - animation-leash of starting_reveal)/@0x32443c0
02-09 21:00:56.140  2827  7741 I WindowManager: Reparenting to original parent: Surface(name=ActivityRecord{131725914 u0 com.anonymous.androidrn/.MainActivity t1205})/@0x9b7a143, destroy=false, surface=Surface(name=d766548 com.anonymous.androidrn/com.anonymous.androidrn.MainActivity)/@0x65dc6f2
02-09 21:00:56.141  2827  7741 V WindowManager: Remove Window{3862972 u0 Splash Screen com.anonymous.androidrn}: mSurfaceControl=Surface(name=Splash Screen com.anonymous.androidrn$_4827)/@0x840738b mAnimatingExit=false mRemoveOnExit=false mHasSurface=true surfaceShowing=true animating=false app-animation=false callers=com.android.server.wm.Session.remove:16 android.view.IWindowSession$Stub.onTransact:804 com.android.server.wm.Session.onTransact:1 android.os.Binder.execTransactInternal:1462 android.os.Binder.execTransact:1401 <bottom of call stack> 
02-09 21:00:56.141  2827  7741 D SurfaceComposerClient: setCornerRadius ## d766548 com.anonymous.androidrn/com.anonymous.androidrn.MainActivity#130271 cornerRadius=0.000000
02-09 21:00:56.141  2827  7741 D SurfaceComposerClient: setCornerRadius ## d766548 com.anonymous.androidrn/com.anonymous.androidrn.MainActivity#130271 cornerRadius=0.000000
02-09 21:00:56.141  2827  3062 D SurfaceComposerClient: setCornerRadius ## d766548 com.anonymous.androidrn/com.anonymous.androidrn.MainActivity#130271 cornerRadius=0.000000
02-09 21:00:56.145  2827  3062 D SurfaceComposerClient: setCornerRadius ## d766548 com.anonymous.androidrn/com.anonymous.androidrn.MainActivity#130271 cornerRadius=0.000000
02-09 21:00:56.153  1970  1970 I SurfaceFlinger: RequestedLayer [Splash Screen com.anonymous.androidrn$_4827#130267] hidden!! flag  from(0) --> to(1)
02-09 21:00:56.153  1970  1970 I SurfaceFlinger: [LayerHierarchy{RequestedLayerState{Surface(name=d766548 com.anonymous.androidrn/com.anonymous.androidrn.MainActivity)/@0x65dc6f2 - animation-leash of starting_reveal#130277} 1 children}] reparent to OffscreenRoot
02-09 21:00:56.153  1970  1970 I SurfaceFlinger: [LayerHierarchy{RequestedLayerState{Surface(name=d766548 com.anonymous.androidrn/com.anonymous.androidrn.MainActivity)/@0x65dc6f2 - animation-leash of starting_reveal#130277} 1 children}] RelativeParent to null
02-09 21:00:56.153  1970  1970 I SurfaceFlinger: [LayerHierarchy{RequestedLayerState{d766548 com.anonymous.androidrn/com.anonymous.androidrn.MainActivity#130271 parentId=130265} 1 children}] reparent to LayerHierarchy{RequestedLayerState{ActivityRecord{131725914 u0 com.anonymous.androidrn/.MainActivity t1205}#130265 parentId=130264} 4 children}
02-09 21:00:56.155  1970  1970 D SurfaceFlinger:        DEVICE |          135355894333441 | 00002102 | RGBA_8888    |    0.0    0.0  962.0 2340.0 |  118    0 1080 2340 | com.anonymous.androidrn/com.anonymous.androidrn.MainActivity$_31515#130272 (8)
02-09 21:00:56.172  4827  4827 I {OngoingActivityDataHelper}: setBaseActivityComponentName:ComponentInfo{com.anonymous.androidrn/com.anonymous.androidrn.MainActivity}
02-09 21:00:56.275 10391 31514 I Notification4WatchManager_AM: PhoneAppsRepository.addApp-[option:IGNORE|com.anonymous.androidrn|userId:0|shouldTurnOn : false]
02-09 21:00:56.412  1970  1970 D SurfaceFlinger:        DEVICE |          135355894333442 | 00002102 | RGBA_8888    |    0.0    0.0 1080.0 2340.0 |    0    0 1080 2340 | com.anonymous.androidrn/com.anonymous.androidrn.MainActivity$_31515#130272 (19)
02-09 21:00:56.420  2827  5367 V WindowManager:    ChangeInfo{b55ae0a container=Task{4bc74bd #1205 type=standard A=10500:com.anonymous.androidrn} flags=0x10}
02-09 21:00:56.420  2827  5367 V WindowManager:    ChangeInfo{43e567b container=ActivityRecord{131725914 u0 com.anonymous.androidrn/.MainActivity t1205} flags=0x0}
02-09 21:00:56.421  2827  5367 D SurfaceComposerClient: setCornerRadius ## d766548 com.anonymous.androidrn/com.anonymous.androidrn.MainActivity#130271 cornerRadius=0.000000
02-09 21:00:56.421  2827  5367 D WindowManager: updateSystemBarAttributes: displayId=0, focusedCanBeNavColorWin=false, win=Window{d766548 u0 com.anonymous.androidrn/com.anonymous.androidrn.MainActivity}, navColorWin=Window{d766548 u0 com.anonymous.androidrn/com.anonymous.androidrn.MainActivity}, caller=com.android.server.wm.DisplayPolicy.finishPostLayoutPolicyLw:17 com.android.server.wm.RootWindowContainer.applySurfaceChangesTransaction$1:195 com.android.server.wm.RootWindowContainer.performSurfacePlacementNoTrace:59 
02-09 21:00:56.422  2827  5367 D SurfaceComposerClient: setCornerRadius ## d766548 com.anonymous.androidrn/com.anonymous.androidrn.MainActivity#130271 cornerRadius=0.000000
02-09 21:00:56.422  2827  5367 D ChangeTransitionController:    ChangeInfo{b55ae0a container=Task{4bc74bd #1205 type=standard A=10500:com.anonymous.androidrn} flags=0x10}
02-09 21:00:56.422  2827  5367 D ChangeTransitionController:    ChangeInfo{43e567b container=ActivityRecord{131725914 u0 com.anonymous.androidrn/.MainActivity t1205} flags=0x0}
02-09 21:00:56.429  2827  3062 D SurfaceComposerClient: setCornerRadius ## d766548 com.anonymous.androidrn/com.anonymous.androidrn.MainActivity#130271 cornerRadius=0.000000
02-09 21:00:56.436  1970  1970 I SurfaceFlinger: [LayerHierarchy{RequestedLayerState{ImeContainer#15 parentId=130265 relativeParentId=130271 z=1} 1 children}] RelativeParent to LayerHierarchy{RequestedLayerState{d766548 com.anonymous.androidrn/com.anonymous.androidrn.MainActivity#130271 parentId=130265} 2 children}
02-09 21:00:56.436  1970  1970 I SurfaceFlinger: [LayerHierarchy{RequestedLayerState{3862972 Splash Screen com.anonymous.androidrn#130266 z=2147483647} 1 children}] reparent to OffscreenRoot
02-09 21:00:56.436  1970  1970 I SurfaceFlinger: [LayerHierarchy{RequestedLayerState{3862972 Splash Screen com.anonymous.androidrn#130266 z=2147483647} 1 children}] RelativeParent to null
02-09 21:00:56.436  1970  1970 I SurfaceFlinger: [LayerHierarchy{RequestedLayerState{Splash Screen com.anonymous.androidrn$_4827#130267} no children}] reparent to OffscreenRoot
02-09 21:00:56.436  1970  1970 I SurfaceFlinger: [LayerHierarchy{RequestedLayerState{Splash Screen com.anonymous.androidrn$_4827#130267} no children}] RelativeParent to null
02-09 21:00:56.436  1970  1970 I SurfaceFlinger: id=130266 Removed 3862972 Splash Screen com.anonymous.androidrn#130266 (187)
02-09 21:00:56.436  1970  1970 I SurfaceFlinger: id=130267 Removed Splash Screen com.anonymous.androidrn$_4827#130267 (187)
02-09 21:00:56.444  1970  1970 I SurfaceFlinger: destroyed 3862972 Splash Screen com.anonymous.androidrn#130266 form LifecycleManager
02-09 21:00:56.444  1970  1970 I SurfaceFlinger: destroyed Splash Screen com.anonymous.androidrn$_4827#130267 form LifecycleManager
02-09 21:00:56.444  1970  1970 I SurfaceFlinger: id=130266 onLayerDestroyed from LayerHierarchyBuilder(RequestedLayerState{3862972 Splash Screen com.anonymous.androidrn#130266 !handle z=2147483647})
02-09 21:00:56.444  1970  1970 I SurfaceFlinger: id=130267 onLayerDestroyed from LayerHierarchyBuilder(RequestedLayerState{Splash Screen com.anonymous.androidrn$_4827#130267 !handle})
02-09 21:00:56.444  1970  1970 I Layer   : id=130266 Destroyed 3862972 Splash Screen com.anonymous.androidrn#130266
02-09 21:00:56.444  1970  1970 I Layer   : id=130267 Destroyed Splash Screen com.anonymous.androidrn$_4827#130267
02-09 21:00:56.446  2827  4544 D SurfaceComposerClient: setCornerRadius ## d766548 com.anonymous.androidrn/com.anonymous.androidrn.MainActivity#130271 cornerRadius=0.000000
02-09 21:00:56.446  2827  4544 D SurfaceComposerClient: setCornerRadius ## d766548 com.anonymous.androidrn/com.anonymous.androidrn.MainActivity#130271 cornerRadius=0.000000
02-09 21:00:56.470  2827  3061 D SGM:FgCheckThread: getForegroundApp(), foregroundPkgName=com.anonymous.androidrn
02-09 21:00:56.470  2827  3061 D SGM:FgCheckThread: noteStopComponent(), received pkgName: com.tencent.mm, focusedPkgName: com.anonymous.androidrn, userId: 0
02-09 21:00:56.471  2827  3059 D SGM:GameManager: identifyForegroundApp. com.anonymous.androidrn, mCurrentUserId: 0, callerUserId: 0
02-09 21:00:56.472  2827  3059 D SGM:GameManager: identifyForegroundApp. com.anonymous.androidrn, mCurrentUserId: 0, callerUserId: 0
02-09 21:00:56.482 15248 16922 I SAMSUNGWALLET: [Hint_SimpleHintProcessMonitor] isHomePackageRunning topPkgName = com.anonymous.androidrn, topClsName = com.anonymous.androidrn.MainActivity, return false , se : false
02-09 21:00:56.598  2827  3061 D SGM:GameManager: identifyForegroundApp. com.anonymous.androidrn, mCurrentUserId: 0, callerUserId: 0
02-09 21:00:56.603  2827  4632 D MdnieScenarioControlService:  packageName : com.anonymous.androidrn    className : com.anonymous.androidrn.MainActivity
02-09 21:00:57.160  2827  4821 D SGM:GameManager: identifyForegroundApp. com.anonymous.androidrn, mCurrentUserId: 0, callerUserId: 0
02-09 21:00:59.261  2827  7734 D SGM:GameManager: identifyForegroundApp. com.anonymous.androidrn, mCurrentUserId: 0, callerUserId: 0
02-09 21:01:00.385  1970  2123 I SurfaceFlinger: id=130277 Removed Surface(name=d766548 com.anonymous.androidrn/com.anonymous.androidrn.MainActivity)/@0x65dc6f2 - animation-leash of starting_reveal#130277 (176)
02-09 21:01:00.392  1970  1970 I SurfaceFlinger: destroyed Surface(name=d766548 com.anonymous.androidrn/com.anonymous.androidrn.MainActivity)/@0x65dc6f2 - animation-leash of starting_reveal#130277 form LifecycleManager
02-09 21:01:00.392  1970  1970 I SurfaceFlinger: id=130277 onLayerDestroyed from LayerHierarchyBuilder(RequestedLayerState{Surface(name=d766548 com.anonymous.androidrn/com.anonymous.androidrn.MainActivity)/@0x65dc6f2 - animation-leash of starting_reveal#130277 !handle})
02-09 21:01:00.393  1970  1970 I Layer   : id=130277 Destroyed Surface(name=d766548 com.anonymous.androidrn/com.anonymous.androidrn.MainActivity)/@0x65dc6f2 - animation-leash of starting_reveal#130277
02-09 21:01:01.212  1970  2123 I SurfaceFlinger: Capture layer list: 	 com.anonymous.androidrn/com.anonymous.androidrn.MainActivity$_31515#130272(seamlessTransition:0)
02-09 21:01:01.212  1970  2181 D RenderEngine: [SEC_SF_EFFECTS] drawLayersInternal,1483, Rendering layer com.anonymous.androidrn/com.anonymous.androidrn.MainActivity$_31515#130272 at index 1
02-09 21:01:01.983 31515 32225 D ProfileInstaller: Installing profile for com.anonymous.androidrn
02-09 21:01:05.206  2827  7844 D SurfaceComposerClient: setCornerRadius ## d766548 com.anonymous.androidrn/com.anonymous.androidrn.MainActivity#130271 cornerRadius=0.000000
02-09 21:01:05.206  2827  7844 D SurfaceComposerClient: setCornerRadius ## d766548 com.anonymous.androidrn/com.anonymous.androidrn.MainActivity#130271 cornerRadius=0.000000
02-09 21:01:06.075  1970  1970 I LayerHistory: com.anonymous.androidrn/com.anonymous.androidrn.MainActivity$_31515#130272 is infrequent
02-09 21:01:06.085  2827  3059 D SurfaceComposerClient: setCornerRadius ## d766548 com.anonymous.androidrn/com.anonymous.androidrn.MainActivity#130271 cornerRadius=0.000000
02-09 21:01:06.679  1970  2123 I SurfaceFlinger: Capture layer list: 	 com.anonymous.androidrn/com.anonymous.androidrn.MainActivity$_31515#130272(seamlessTransition:0)
02-09 21:01:06.679  1970  2181 D RenderEngine: [SEC_SF_EFFECTS] drawLayersInternal,1483, Rendering layer com.anonymous.androidrn/com.anonymous.androidrn.MainActivity$_31515#130272 at index 1
02-09 21:01:07.376  2827  3059 D SurfaceComposerClient: setCornerRadius ## d766548 com.anonymous.androidrn/com.anonymous.androidrn.MainActivity#130271 cornerRadius=0.000000
02-09 21:01:08.548  1970  1970 I LayerHistory: com.anonymous.androidrn/com.anonymous.androidrn.MainActivity$_31515#130272 is infrequent
02-09 21:01:08.558  2827  3059 D SurfaceComposerClient: setCornerRadius ## d766548 com.anonymous.androidrn/com.anonymous.androidrn.MainActivity#130271 cornerRadius=0.000000
02-09 21:01:08.892  1970  1970 I LayerHistory: com.anonymous.androidrn/com.anonymous.androidrn.MainActivity$_31515#130272 Max (can't resolve refresh rate)
02-09 21:01:08.923  1970  1970 I SurfaceFlinger: [com.anonymous.androidrn/com.anonymous.androidrn.MainActivity$_31515#130272] setFrameRateCategory: HighHint
02-09 21:01:08.923  2827  3059 D SurfaceComposerClient: setCornerRadius ## d766548 com.anonymous.androidrn/com.anonymous.androidrn.MainActivity#130271 cornerRadius=0.000000
02-09 21:01:11.268  1970  2123 I SurfaceFlinger: Capture layer list: 	 com.anonymous.androidrn/com.anonymous.androidrn.MainActivity$_31515#130272(seamlessTransition:0)
02-09 21:01:11.269  1970  2181 D RenderEngine: [SEC_SF_EFFECTS] drawLayersInternal,1483, Rendering layer com.anonymous.androidrn/com.anonymous.androidrn.MainActivity$_31515#130272 at index 1
02-09 21:01:12.163  1970  1970 I SurfaceFlinger: [com.anonymous.androidrn/com.anonymous.androidrn.MainActivity$_31515#130272] setFrameRateCategory: NoPreference
02-09 21:01:14.388  1970  2125 I SurfaceFlinger: Capture layer list: 	 com.anonymous.androidrn/com.anonymous.androidrn.MainActivity$_31515#130272(seamlessTransition:0)
02-09 21:01:14.389  1970  2181 D RenderEngine: [SEC_SF_EFFECTS] drawLayersInternal,1483, Rendering layer com.anonymous.androidrn/com.anonymous.androidrn.MainActivity$_31515#130272 at index 1
02-09 21:01:18.546  1970  1970 I LayerHistory: com.anonymous.androidrn/com.anonymous.androidrn.MainActivity$_31515#130272 is infrequent
02-09 21:01:18.556  2827  3059 D SurfaceComposerClient: setCornerRadius ## d766548 com.anonymous.androidrn/com.anonymous.androidrn.MainActivity#130271 cornerRadius=0.000000
02-09 21:01:20.305  2827  3059 D SurfaceComposerClient: setCornerRadius ## d766548 com.anonymous.androidrn/com.anonymous.androidrn.MainActivity#130271 cornerRadius=0.000000
02-09 21:01:21.046  1970  1970 I LayerHistory: com.anonymous.androidrn/com.anonymous.androidrn.MainActivity$_31515#130272 is infrequent
02-09 21:01:21.056  2827  3059 D SurfaceComposerClient: setCornerRadius ## d766548 com.anonymous.androidrn/com.anonymous.androidrn.MainActivity#130271 cornerRadius=0.000000
02-09 21:01:22.306  2827  3059 D SurfaceComposerClient: setCornerRadius ## d766548 com.anonymous.androidrn/com.anonymous.androidrn.MainActivity#130271 cornerRadius=0.000000
02-09 21:01:23.488  1970  1970 I LayerHistory: com.anonymous.androidrn/com.anonymous.androidrn.MainActivity$_31515#130272 is infrequent
02-09 21:01:23.499  2827  3059 D SurfaceComposerClient: setCornerRadius ## d766548 com.anonymous.androidrn/com.anonymous.androidrn.MainActivity#130271 cornerRadius=0.000000
02-09 21:01:25.289  2827  3059 D SurfaceComposerClient: setCornerRadius ## d766548 com.anonymous.androidrn/com.anonymous.androidrn.MainActivity#130271 cornerRadius=0.000000
02-09 21:01:25.936  1970  1970 I LayerHistory: com.anonymous.androidrn/com.anonymous.androidrn.MainActivity$_31515#130272 is infrequent
02-09 21:01:25.946  2827  3059 D SurfaceComposerClient: setCornerRadius ## d766548 com.anonymous.androidrn/com.anonymous.androidrn.MainActivity#130271 cornerRadius=0.000000
02-09 21:01:26.972  2827 12697 D SurfaceComposerClient: setCornerRadius ## d766548 com.anonymous.androidrn/com.anonymous.androidrn.MainActivity#130271 cornerRadius=0.000000
02-09 21:01:26.973  2827 12697 D SurfaceComposerClient: setCornerRadius ## d766548 com.anonymous.androidrn/com.anonymous.androidrn.MainActivity#130271 cornerRadius=0.000000
02-09 21:01:26.978  2827 12697 D SurfaceComposerClient: setCornerRadius ## d766548 com.anonymous.androidrn/com.anonymous.androidrn.MainActivity#130271 cornerRadius=0.000000
02-09 21:01:26.978  2827 12697 D SurfaceComposerClient: setCornerRadius ## d766548 com.anonymous.androidrn/com.anonymous.androidrn.MainActivity#130271 cornerRadius=0.000000
02-09 21:01:27.008  2827  3062 D SurfaceComposerClient: setCornerRadius ## d766548 com.anonymous.androidrn/com.anonymous.androidrn.MainActivity#130271 cornerRadius=0.000000
02-09 21:01:27.008  2827  3062 D SurfaceComposerClient: setCornerRadius ## d766548 com.anonymous.androidrn/com.anonymous.androidrn.MainActivity#130271 cornerRadius=0.000000
02-09 21:01:27.061  1970  1970 I LayerHistory: com.anonymous.androidrn/com.anonymous.androidrn.MainActivity$_31515#130272 is infrequent
02-09 21:01:27.072  1970  1970 D SurfaceFlinger:        CLIENT |          135355894333443 | 00002102 | RGBA_8888    |    0.0    0.0 1080.0 2340.0 |    0    0 1080 2340 | com.anonymous.androidrn/com.anonymous.androidrn.MainActivity$_31515#130272 (90)
02-09 21:01:27.104  2827  3059 D SurfaceComposerClient: setCornerRadius ## d766548 com.anonymous.androidrn/com.anonymous.androidrn.MainActivity#130271 cornerRadius=0.000000
02-09 21:01:30.927  1970  1970 I LayerHistory: com.anonymous.androidrn/com.anonymous.androidrn.MainActivity$_31515#130272 is infrequent
02-09 21:01:30.937  2827  3059 D SurfaceComposerClient: setCornerRadius ## d766548 com.anonymous.androidrn/com.anonymous.androidrn.MainActivity#130271 cornerRadius=0.000000
02-09 21:01:30.989  1970  1970 I LayerHistory: com.anonymous.androidrn/com.anonymous.androidrn.MainActivity$_31515#130272 Max (can't resolve refresh rate)
02-09 21:01:30.992  2827  5367 I SystemKeyManager: requested systemKeyInfo size=1 focusedWindow=com.anonymous.androidrn/com.anonymous.androidrn.MainActivity
02-09 21:01:30.992  2827  5367 I SystemKeyManager: requested systemKeyInfo size=1 focusedWindow=com.anonymous.androidrn/com.anonymous.androidrn.MainActivity
02-09 21:01:30.994  2827  4423 I SystemKeyManager: requested systemKeyInfo size=1 focusedWindow=com.anonymous.androidrn/com.anonymous.androidrn.MainActivity
02-09 21:01:30.994  2827  4423 I SystemKeyManager: requested systemKeyInfo size=1 focusedWindow=com.anonymous.androidrn/com.anonymous.androidrn.MainActivity
02-09 21:01:30.994  2827  4423 I SystemKeyManager: requested systemKeyInfo size=1 focusedWindow=com.anonymous.androidrn/com.anonymous.androidrn.MainActivity
02-09 21:01:31.021  2827  5367 I SystemKeyManager: requested systemKeyInfo size=1 focusedWindow=com.anonymous.androidrn/com.anonymous.androidrn.MainActivity
02-09 21:01:31.021  2827  5367 I SystemKeyManager: requested systemKeyInfo size=1 focusedWindow=com.anonymous.androidrn/com.anonymous.androidrn.MainActivity
02-09 21:01:31.021  2827  4423 I SystemKeyManager: requested systemKeyInfo size=1 focusedWindow=com.anonymous.androidrn/com.anonymous.androidrn.MainActivity
02-09 21:01:31.021  2827  4423 I SystemKeyManager: requested systemKeyInfo size=1 focusedWindow=com.anonymous.androidrn/com.anonymous.androidrn.MainActivity
02-09 21:01:31.021  2827  4423 I SystemKeyManager: requested systemKeyInfo size=1 focusedWindow=com.anonymous.androidrn/com.anonymous.androidrn.MainActivity
02-09 21:01:31.029  2827  3059 D ActivityTaskManager: scheduleTopResumedActivityChanged, onTop=false, r=ActivityRecord{131725914 u0 com.anonymous.androidrn/.MainActivity t1205}, caller=com.android.server.wm.ActivityTaskSupervisor.scheduleTopResumedActivityStateLossIfNeeded:19 com.android.server.wm.ActivityTaskSupervisor.updateTopResumedActivityIfNeeded:20 com.android.server.wm.TaskDisplayArea.positionChildAt:252 com.android.server.wm.WindowContainer.positionChildAt:84 com.android.server.wm.Task.positionChildAt:19 com.android.server.wm.Task.moveToFront:258 
02-09 21:01:31.029  2827  3059 V WindowManager: Collecting in transition 12176: ActivityRecord{131725914 u0 com.anonymous.androidrn/.MainActivity t1205}, caller=com.android.server.wm.TransitionController.collect:7 com.android.server.wm.ActivityRecord.setVisibility:132 com.android.server.wm.ActivityRecord.makeInvisible:32 com.android.server.wm.EnsureActivitiesVisibleHelper.process:542 com.android.server.wm.TaskFragment.updateActivityVisibilities:12 
02-09 21:01:31.029  2827  3059 D WindowManager: prepareSync <SYNC_STATE_WAITING_FOR_DRAW>, mPrepareSyncSeqId=0, win=Window{d766548 u0 com.anonymous.androidrn/com.anonymous.androidrn.MainActivity}
02-09 21:01:31.030  2827  3059 D WindowManager: Changing focus from Window{d766548 u0 com.anonymous.androidrn/com.anonymous.androidrn.MainActivity} to null displayId=0 Callers=com.android.server.wm.ActivityTaskManagerService.setLastResumedActivityUncheckLocked:264 com.android.server.wm.ActivityTaskSupervisor.updateTopResumedActivityIfNeeded:51 com.android.server.wm.TaskFragment.setResumedActivity:30 com.android.server.wm.ActivityRecord.setState:100 
02-09 21:01:31.031  7906 17117 I FASProvider: makeValuesForFasUpdate contentValues = package_name=com.anonymous.androidrn extras=0 reason=deleted_from_mars_auto disableReason=default disableResetTime=1770642091030 uid=10500 mode=1 level=2 resetTime=0
02-09 21:01:31.031  2827  3059 V WindowManager:    ChangeInfo{291c842 container=Task{4bc74bd #1205 type=standard A=10500:com.anonymous.androidrn} flags=0x0}
02-09 21:01:31.031  2827  3059 V WindowManager:    ChangeInfo{8229053 container=ActivityRecord{131725914 u0 com.anonymous.androidrn/.MainActivity t1205} flags=0x0}
02-09 21:01:31.032  2827  3061 D SGM:FgCheckThread: notePauseComponent(), received pkgName: com.anonymous.androidrn, userId: 0
02-09 21:01:31.033  2827  3061 D SGM:GameManager: identifyGamePackage. com.anonymous.androidrn, mCurrentUserId: 0, callingMethodInfo: com.samsung.android.game.SemGameManager.isGamePackage(SemGameManager.java:106)
02-09 21:01:31.033  2827  3061 D SGM:SemGameManager: isGamePackage(), pkgName=com.anonymous.androidrn, ret=false
02-09 21:01:31.055  2827  7844 D WindowManager: updateSystemBarAttributes: displayId=0, focusedCanBeNavColorWin=false, win=Window{52e2d18 u0 com.sec.android.app.launcher/com.sec.android.app.launcher.activities.LauncherActivity}, navColorWin=Window{d766548 u0 com.anonymous.androidrn/com.anonymous.androidrn.MainActivity}, caller=com.android.server.wm.WindowManagerService.updateFocusedWindowLocked:372 com.android.server.wm.WindowManagerService.relayoutWindow:1350 com.android.server.wm.Session.relayout:27 
02-09 21:01:31.060  2827  7844 D InputDispatcher: Focus left window (0): d766548 com.anonymous.androidrn/com.anonymous.androidrn.MainActivity
02-09 21:01:31.077  2827  3062 D ChangeTransitionController:    ChangeInfo{291c842 container=Task{4bc74bd #1205 type=standard A=10500:com.anonymous.androidrn} flags=0x0}
02-09 21:01:31.077  2827  3062 D ChangeTransitionController:    ChangeInfo{8229053 container=ActivityRecord{131725914 u0 com.anonymous.androidrn/.MainActivity t1205} flags=0x0}
02-09 21:01:31.077  2827  3062 V WindowManager: Start calculating TransitionInfo based on participants: {Task{168e56f #1 type=home}, Task{3b8f3b2 #99 type=home I=com.sec.android.app.launcher/.activities.LauncherActivity}, ActivityRecord{63320509 u0 com.sec.android.app.launcher/.activities.LauncherActivity t99}, ActivityRecord{131725914 u0 com.anonymous.androidrn/.MainActivity t1205}, WallpaperWindowToken{b54de9b showWhenLocked=false}_<system>, ActivityRecord{259434360 u0 com.sec.android.app.launcher/.activities.LauncherActivity t-1}}
02-09 21:01:31.077  2827  3062 V WindowManager:   Final targets: [ChangeInfo{634f6b6 container=Task{168e56f #1 type=home} flags=0x30}, ChangeInfo{291c842 container=Task{4bc74bd #1205 type=standard A=10500:com.anonymous.androidrn} flags=0x10}, ChangeInfo{341e8bb container=WallpaperWindowToken{b54de9b showWhenLocked=false}_<system> flags=0x0}]
02-09 21:01:31.078  2827  3062 V WindowManager:         {WCT{RemoteToken{5253d85 Task{4bc74bd #1205 type=standard A=10500:com.anonymous.androidrn}}} m=TO_BACK f=NONE leash=Surface(name=Task=1205)/@0x5ad27ef sb=Rect(0, 0 - 1080, 2340) eb=Rect(0, 0 - 1080, 2340) epz=Point(1080, 2340) d=0 taskParent=-1 inset=Rect(0, 91 - 0, 144)},
02-09 21:01:31.082  1970  2125 I SurfaceFlinger: Capture layer list: 	 com.anonymous.androidrn/com.anonymous.androidrn.MainActivity$_31515#130272(seamlessTransition:0)
