02-09 21:02:46.396  2827  5367 I WindowManager: Relayout Window{176a4dd u0 com.anonymous.androidrn/com.anonymous.androidrn.MainActivity}: viewVisibility=4 req=1080x2340 ty=1 d0
02-09 21:02:46.397  2827  3061 D SGM:FgCheckThread: getForegroundApp(), foregroundPkgName=com.anonymous.androidrn
02-09 21:02:46.397  2827  5367 V WindowManager: Setting visibility of Window{176a4dd u0 com.anonymous.androidrn/com.anonymous.androidrn.MainActivity}: false, caller=com.android.server.wm.WindowContainer.sendAppVisibilityToClients:19 com.android.server.wm.WindowToken.setClientVisible:48 com.android.server.wm.ActivityRecord.activityStopped:189 com.android.server.wm.ActivityClientController.activityStopped:97 android.app.IActivityClientController$Stub.onTransact:740 
02-09 21:02:46.397  2827  5367 E WindowManager: win=Window{176a4dd u0 com.anonymous.androidrn/com.anonymous.androidrn.MainActivity} destroySurfaces: appStopped=true cleanupOnResume=false win.mWindowRemovalAllowed=false win.mRemoveOnExit=false win.mViewVisibility=4 caller=com.android.server.wm.ActivityRecord.destroySurfaces:25 com.android.server.wm.ActivityRecord.activityStopped:192 com.android.server.wm.ActivityClientController.activityStopped:97 android.app.IActivityClientController$Stub.onTransact:740 com.android.server.wm.ActivityClientController.onTransact:1 android.os.Binder.execTransactInternal:1462 android.os.Binder.execTransact:1401 
02-09 21:02:46.397  2827  3061 D SGM:FgCheckThread: pkgName: com.anonymous.androidrn is not in foreground
02-09 21:02:46.398  1970  1970 I SurfaceFlinger: [LayerHierarchy{RequestedLayerState{com.anonymous.androidrn/com.anonymous.androidrn.MainActivity$_2564#130339} no children}] reparent to OffscreenRoot
02-09 21:02:46.398  1970  1970 I SurfaceFlinger: [LayerHierarchy{RequestedLayerState{com.anonymous.androidrn/com.anonymous.androidrn.MainActivity$_2564#130339} no children}] RelativeParent to null
02-09 21:02:46.398  1970  1970 I SurfaceFlinger: id=130339 Removed com.anonymous.androidrn/com.anonymous.androidrn.MainActivity$_2564#130339 (179)
02-09 21:02:46.406  1970  1970 I SurfaceFlinger: destroyed com.anonymous.androidrn/com.anonymous.androidrn.MainActivity$_2564#130339 form LifecycleManager
02-09 21:02:46.406  1970  1970 I SurfaceFlinger: id=130339 onLayerDestroyed from LayerHierarchyBuilder(RequestedLayerState{com.anonymous.androidrn/com.anonymous.androidrn.MainActivity$_2564#130339 !handle})
02-09 21:02:46.406  1970  1970 I Layer   : id=130339 Destroyed com.anonymous.androidrn/com.anonymous.androidrn.MainActivity$_2564#130339
02-09 21:02:46.433  2827  5367 I WindowManager: Relayout Window{6aeb856 u0 Splash Screen com.anonymous.androidrn}: viewVisibility=8 req=1080x2340 ty=3 d0
02-09 21:02:46.433  2827  5367 E WindowManager: win=Window{6aeb856 u0 Splash Screen com.anonymous.androidrn} destroySurfaces: appStopped=true cleanupOnResume=false win.mWindowRemovalAllowed=false win.mRemoveOnExit=false win.mViewVisibility=8 caller=com.android.server.wm.WindowManagerService.tryStartExitingAnimation:134 com.android.server.wm.WindowManagerService.relayoutWindow:1138 com.android.server.wm.Session.relayout:27 android.view.IWindowSession$Stub.onTransact:829 com.android.server.wm.Session.onTransact:1 android.os.Binder.execTransactInternal:1462 android.os.Binder.execTransact:1401 
02-09 21:02:46.434  2827  5367 D CoreBackPreview: Window{6aeb856 u0 Splash Screen com.anonymous.androidrn}: Setting back callback null
02-09 21:02:46.435  2827  6482 D WindowManager: Starting window removed Window{6aeb856 u0 Splash Screen com.anonymous.androidrn}
02-09 21:02:46.435  2827  6482 I WindowManager: Cancelling animation restarting=false, leash=Surface(name=Surface(name=176a4dd com.anonymous.androidrn/com.anonymous.androidrn.MainActivity)/@0xad26c76 - animation-leash of starting_reveal)/@0xb0f7f4d
02-09 21:02:46.435  2827  6482 I WindowManager: Reparenting to original parent: Surface(name=ActivityRecord{8627969 u0 com.anonymous.androidrn/.MainActivity t1206})/@0x1e85277, destroy=false, surface=Surface(name=176a4dd com.anonymous.androidrn/com.anonymous.androidrn.MainActivity)/@0xad26c76
02-09 21:02:46.435  2827  6482 V WindowManager: Remove Window{6aeb856 u0 Splash Screen com.anonymous.androidrn}: mSurfaceControl=null mAnimatingExit=false mRemoveOnExit=false mHasSurface=false surfaceShowing=false animating=false app-animation=false callers=com.android.server.wm.Session.remove:16 android.view.IWindowSession$Stub.onTransact:804 com.android.server.wm.Session.onTransact:1 android.os.Binder.execTransactInternal:1462 android.os.Binder.execTransact:1401 <bottom of call stack> 
02-09 21:02:46.439  1970  1970 I SurfaceFlinger: [LayerHierarchy{RequestedLayerState{Splash Screen com.anonymous.androidrn$_4827#130337} no children}] reparent to OffscreenRoot
02-09 21:02:46.439  1970  1970 I SurfaceFlinger: [LayerHierarchy{RequestedLayerState{Splash Screen com.anonymous.androidrn$_4827#130337} no children}] RelativeParent to null
02-09 21:02:46.440  1970  1970 I SurfaceFlinger: id=130337 Removed Splash Screen com.anonymous.androidrn$_4827#130337 (178)
02-09 21:02:46.448  1970  1970 I SurfaceFlinger: destroyed Splash Screen com.anonymous.androidrn$_4827#130337 form LifecycleManager
02-09 21:02:46.448  1970  1970 I SurfaceFlinger: [LayerHierarchy{RequestedLayerState{6aeb856 Splash Screen com.anonymous.androidrn#130336 z=2147483647} no children}] reparent to OffscreenRoot
02-09 21:02:46.448  1970  1970 I SurfaceFlinger: [LayerHierarchy{RequestedLayerState{6aeb856 Splash Screen com.anonymous.androidrn#130336 z=2147483647} no children}] RelativeParent to null
02-09 21:02:46.448  1970  1970 I SurfaceFlinger: [LayerHierarchy{RequestedLayerState{Surface(name=176a4dd com.anonymous.androidrn/com.anonymous.androidrn.MainActivity)/@0xad26c76 - animation-leash of starting_reveal#130340} 1 children}] reparent to OffscreenRoot
02-09 21:02:46.448  1970  1970 I SurfaceFlinger: [LayerHierarchy{RequestedLayerState{Surface(name=176a4dd com.anonymous.androidrn/com.anonymous.androidrn.MainActivity)/@0xad26c76 - animation-leash of starting_reveal#130340} 1 children}] RelativeParent to null
02-09 21:02:46.448  1970  1970 I SurfaceFlinger: [LayerHierarchy{RequestedLayerState{176a4dd com.anonymous.androidrn/com.anonymous.androidrn.MainActivity#130338 parentId=130335} no children}] reparent to LayerHierarchy{RequestedLayerState{ActivityRecord{8627969 u0 com.anonymous.androidrn/.MainActivity t1206}#130335 parentId=130334} 1 children}
02-09 21:02:46.448  1970  1970 I SurfaceFlinger: id=130337 onLayerDestroyed from LayerHierarchyBuilder(RequestedLayerState{Splash Screen com.anonymous.androidrn$_4827#130337 !handle})
02-09 21:02:46.448  1970  1970 I Layer   : id=130337 Destroyed Splash Screen com.anonymous.androidrn$_4827#130337
02-09 21:02:46.448  1970  1970 I SurfaceFlinger: id=130336 Removed 6aeb856 Splash Screen com.anonymous.androidrn#130336 (177)
02-09 21:02:46.456  1970  1970 I SurfaceFlinger: destroyed 6aeb856 Splash Screen com.anonymous.androidrn#130336 form LifecycleManager
02-09 21:02:46.456  1970  1970 I SurfaceFlinger: id=130336 onLayerDestroyed from LayerHierarchyBuilder(RequestedLayerState{6aeb856 Splash Screen com.anonymous.androidrn#130336 !handle z=2147483647})
02-09 21:02:46.456  1970  1970 I Layer   : id=130336 Destroyed 6aeb856 Splash Screen com.anonymous.androidrn#130336
02-09 21:02:46.457  2827  2851 I WindowManager: Relayout Window{176a4dd u0 com.anonymous.androidrn/com.anonymous.androidrn.MainActivity}: viewVisibility=8 req=1080x2340 ty=1 d0
02-09 21:02:46.484  2827  4632 D MdnieScenarioControlService:  packageName : com.anonymous.androidrn    className : com.anonymous.androidrn.MainActivity
02-09 21:02:46.671 17602 17714 D BaseStreamManager: Promised side-channel cancel-all @ r#21004 for com.anonymous.androidrn (@21003)
02-09 21:02:47.227  4827  4827 I {OngoingActivityDataHelper}: setBaseActivityComponentName:ComponentInfo{com.anonymous.androidrn/com.anonymous.androidrn.MainActivity}
02-09 21:02:48.105  2827  6482 D SGM:GameManager: identifyGamePackage. com.anonymous.androidrn, mCurrentUserId: 0, callingMethodInfo: com.samsung.android.game.IGameManagerService$Stub.onTransact(IGameManagerService.java:247)
02-09 21:02:50.126  2827  7741 V WindowManager: Collecting in transition 12181: ActivityRecord{8627969 u0 com.anonymous.androidrn/.MainActivity t1206}, caller=com.android.server.wm.TransitionController.collect:7 com.android.server.wm.ActivityRecord.setVisibility:132 com.android.server.wm.TaskFragment.resumeTopActivity:1662 com.android.server.wm.Task.resumeTopActivityInnerLocked:119 com.android.server.wm.Task.resumeTopActivityUncheckedLocked:23 
02-09 21:02:50.126  2827  7741 D WindowManager: prepareSync <SYNC_STATE_WAITING_FOR_DRAW>, mPrepareSyncSeqId=0, win=Window{176a4dd u0 com.anonymous.androidrn/com.anonymous.androidrn.MainActivity}
02-09 21:02:50.126  2827  7741 V WindowManager: Setting visibility of Window{176a4dd u0 com.anonymous.androidrn/com.anonymous.androidrn.MainActivity}: true, caller=com.android.server.wm.WindowContainer.sendAppVisibilityToClients:19 com.android.server.wm.WindowToken.setClientVisible:48 com.android.server.wm.ActivityRecord.setVisibility:486 com.android.server.wm.TaskFragment.resumeTopActivity:1662 com.android.server.wm.Task.resumeTopActivityInnerLocked:119 
02-09 21:02:50.126  7906  8643 I FASProvider: makeValuesForFasUpdate contentValues = package_name=com.anonymous.androidrn extras=0 reason=deleted_from_mars_auto disableReason=default disableResetTime=1770642170125 uid=10500 mode=1 level=2 resetTime=0
02-09 21:02:50.126  2827  7741 D ActivityTaskManager: scheduleTopResumedActivityChanged, onTop=true, r=ActivityRecord{8627969 u0 com.anonymous.androidrn/.MainActivity t1206}, caller=com.android.server.wm.ActivityTaskSupervisor.scheduleTopResumedActivityStateIfNeeded:18 com.android.server.wm.ActivityTaskSupervisor.updateTopResumedActivityIfNeeded:54 com.android.server.wm.TaskFragment.setResumedActivity:30 com.android.server.wm.ActivityRecord.setState:100 com.android.server.wm.TaskFragment.resumeTopActivity:1705 com.android.server.wm.Task.resumeTopActivityInnerLocked:119 
02-09 21:02:50.126  2827  7741 D WindowManager: rotationForOrientation, orientationSource=ActivityRecord{8627969 u0 com.anonymous.androidrn/.MainActivity t1206}
02-09 21:02:50.126  2827  7741 D WindowManagerServiceExt: updateTaskbarTargetIfNeeded: cn=ComponentInfo{com.anonymous.androidrn/com.anonymous.androidrn.MainActivity} occludesParent=true isInSplitScreenMode=false
02-09 21:02:50.127  2827  7741 V WindowManager: Add starting ActivityRecord{8627969 u0 com.anonymous.androidrn/.MainActivity t1206}: startingData=SplashScreenStartingData{e4c43df removeAfterTransaction= 0}
02-09 21:02:50.127  2827  7741 V WindowManager: Added starting ActivityRecord{8627969 u0 com.anonymous.androidrn/.MainActivity t1206}: startingWindow=null startingView=com.android.server.wm.StartingSurfaceController$StartingSurface@a1082c
02-09 21:02:50.127  2827  3061 D SGM:FgCheckThread: noteResumeComponent(), received pkgName: com.anonymous.androidrn, userId: 0
02-09 21:02:50.127  2827  7741 D SurfaceComposerClient: setCornerRadius ## 176a4dd com.anonymous.androidrn/com.anonymous.androidrn.MainActivity#130338 cornerRadius=0.000000
02-09 21:02:50.127  2564  2564 D VRI[MainActivity]@e717555: WindowStopped on com.anonymous.androidrn/com.anonymous.androidrn.MainActivity set to false
02-09 21:02:50.127  2827  4458 D SGM:FgCheckThread: onLooperPrepared(), msg: MSG_APP_RESUME, pkgName: com.anonymous.androidrn, userid: 0
02-09 21:02:50.128  2827  3062 D SurfaceComposerClient: setCornerRadius ## 176a4dd com.anonymous.androidrn/com.anonymous.androidrn.MainActivity#130338 cornerRadius=0.000000
02-09 21:02:50.128  2827  3062 D BLASTSyncEngine: SyncGroup 12181:  Unfinished container: ActivityRecord{8627969 u0 com.anonymous.androidrn/.MainActivity t1206} mSyncState=2
02-09 21:02:50.128  7906 17117 I SDHMS:k : handleResumeComponent : put = com.anonymous.androidrn, userid = 0 instanceid =217329639
02-09 21:02:50.130  5336  5336 I HoneySpace.EdgePanel.EdgePanelContainerViewModel: cocktailHostRepository.edgePanelOperation NoteResumeComponent(componentName=ComponentInfo{com.anonymous.androidrn/com.anonymous.androidrn.MainActivity})
02-09 21:02:50.130  5336  5336 I HoneySpace.EdgePanel.ActivityUtils: HomePackage : com.sec.android.app.launcher, resumePackageName : com.anonymous.androidrn, className : com.anonymous.androidrn.MainActivity
02-09 21:02:50.131  2827  5915 D WindowManager: prepareSync <SYNC_STATE_WAITING_FOR_DRAW>, mPrepareSyncSeqId=0, win=Window{85b3efb u0 Splash Screen com.anonymous.androidrn}
02-09 21:02:50.131  1970  2125 I SurfaceFlinger: id=130341 createSurf, flag=84004, 85b3efb Splash Screen com.anonymous.androidrn#130341
02-09 21:02:50.132  2827  5915 V WindowManager: addWindow: ActivityRecord{8627969 u0 com.anonymous.androidrn/.MainActivity t1206} startingWindow=Window{85b3efb u0 Splash Screen com.anonymous.androidrn}
02-09 21:02:50.132  4827  5002 I InsetsController: onStateChanged: host=Splash Screen com.anonymous.androidrn, from=android.view.ViewRootImpl.onInsetsStateChanged:3026, state=InsetsState: {mDisplayFrame=Rect(0, 0 - 1080, 2340), mDisplayCutout=DisplayCutout{insets=Rect(0, 91 - 0, 0) waterfall=Insets{left=0, top=0, right=0, bottom=0} boundingRect={Bounds=[Rect(0, 0 - 0, 0), Rect(511, 0 - 569, 91), Rect(0, 0 - 0, 0), Rect(0, 0 - 0, 0)]} cutoutPathParserInfo={CutoutPathParserInfo{displayWidth=1080 displayHeight=2340 physicalDisplayWidth=1080 physicalDisplayHeight=2340 density={3.0} cutoutSpec={M 0,0 H -9.666666666666667 V 30.33333333333333 H 9.666666666666667 V 0 H 0 Z @dp} rotation={0} scale={1.0} physicalPixelDisplaySizeRatio={1.0}}} sideOverrides={}}, mRoundedCorners=RoundedCorners{[RoundedCorner{position=TopLeft, radius=102, center=Point(102, 102)}, RoundedCorner{position=TopRight, radius=102, center=Point(978, 102)}, RoundedCorner{position=BottomRight, radius=102, center=Point(978, 2238)}, RoundedCorner{position=BottomLeft, radius=102, center=Point(102, 2238)}]}  mRoundedCornerFrame=Rect(0, 0 - 1080, 2340), mPrivacyIndicatorBounds=PrivacyIndicatorBounds {static bounds=Rect(948, 0 - 1080, 91) rotation=0}, mDisplayShape=DisplayShape{ spec=-311912193 displayWidth=1080 displayHeight=2340 physicalPixelDisplaySizeRatio=1.0 rotation=0 offsetX=0 offsetY=0 scale=1.0}, mSources= { InsetsSource: {f9470001 mType=navigationBars mFrame=[0,2196][1080,2340] mVisible=true mFlags= mSideHint=BOTTOM mBoundingRects=null}, InsetsSource: {f9470004 mType=systemGestures mFrame=[0,0][0,0] mVisible=true mFlags= mSideHint=NONE mBoundingRects=null}, InsetsSource: {f9470005 mType=mandatorySystemGestures mFrame=[0,2196][1080,2340] mVisible=true mFlags= mSideHint=BOTTOM mBoundingRects=null}, InsetsSource: {f9470006 mType=tappableElement mFrame=[0,2196][1080,2340] mVisible=true mFlags= mSideHint=BOTTOM mBoundingRects=null}, InsetsSource: {f9470024 mType=systemGestures mFrame=[0,0][0,0] mVisible=true mFlags= mSideHint=NONE mBoundingRects=null}, InsetsSource: {fcb20000 mType=statusBars mFrame=[0,0][1080,91] mVisible=true mFlags= mSideHint=TOP mBoundingRects=null}, InsetsSource: {fcb20005 mType=mandatorySystemGestures mFrame=[0,0][1080,127] mVisible=true mFlags= mSideHint=TOP mBoundingRects=null}, InsetsSource: {fcb20006 mType=tappableElement mFrame=[0,0][1080,91] mVisible=true mFlags= mSideHint=TOP mBoundingRects=null}, InsetsSource: {3 mType=ime mFrame=[0,0][0,0] mVisible=false mFlags= mSideHint=NONE mBoundingRects=null}, InsetsSource: {27 mType=displayCutout mFrame=[0,0][1080,91] mVisible=true mFlags= mSideHint=TOP mBoundingRects=null} }
02-09 21:02:50.133  2827  3062 D SurfaceComposerClient: setCornerRadius ## 85b3efb Splash Screen com.anonymous.androidrn#130341 cornerRadius=0.000000
02-09 21:02:50.133  2827  3062 D SurfaceComposerClient: setCornerRadius ## 85b3efb Splash Screen com.anonymous.androidrn#130341 cornerRadius=0.000000
02-09 21:02:50.133  2827  3062 D SurfaceComposerClient: setCornerRadius ## 176a4dd com.anonymous.androidrn/com.anonymous.androidrn.MainActivity#130338 cornerRadius=0.000000
02-09 21:02:50.133  2827  3062 D BLASTSyncEngine: SyncGroup 12181:  Unfinished container: ActivityRecord{8627969 u0 com.anonymous.androidrn/.MainActivity t1206} mSyncState=2
02-09 21:02:50.134  2827  8023 I WindowManager: Relayout Window{176a4dd u0 com.anonymous.androidrn/com.anonymous.androidrn.MainActivity}: viewVisibility=0 req=1080x2340 ty=1 d0
02-09 21:02:50.134  1970  2123 I SurfaceFlinger: id=130342 createSurf, flag=44004, com.anonymous.androidrn/com.anonymous.androidrn.MainActivity$_2564#130342
02-09 21:02:50.134  2827  8023 D WindowManager: makeSurface duration=0 name=com.anonymous.androidrn/com.anonymous.androidrn.MainActivity$_2564
02-09 21:02:50.134  2827  8023 D SurfaceComposerClient: setCornerRadius ## 176a4dd com.anonymous.androidrn/com.anonymous.androidrn.MainActivity#130338 cornerRadius=0.000000
02-09 21:02:50.134  2827  8023 D SurfaceComposerClient: setCornerRadius ## 85b3efb Splash Screen com.anonymous.androidrn#130341 cornerRadius=0.000000
02-09 21:02:50.134  2827  8023 D SurfaceComposerClient: setCornerRadius ## 176a4dd com.anonymous.androidrn/com.anonymous.androidrn.MainActivity#130338 cornerRadius=0.000000
02-09 21:02:50.134  2827  8023 D BLASTSyncEngine: SyncGroup 12181:  Unfinished container: ActivityRecord{8627969 u0 com.anonymous.androidrn/.MainActivity t1206} mSyncState=2
02-09 21:02:50.135  2827  5367 D CoreBackPreview: Window{85b3efb u0 Splash Screen com.anonymous.androidrn}: Setting back callback OnBackInvokedCallbackInfo{mCallback=android.window.IOnBackInvokedCallback$Stub$Proxy@c0cd45c, mPriority=0, mIsAnimationCallback=false, mOverrideBehavior=0}
02-09 21:02:50.135  2827  8313 I WindowManager: Relayout Window{85b3efb u0 Splash Screen com.anonymous.androidrn}: viewVisibility=0 req=1080x2340 ty=3 d0
02-09 21:02:50.135  1970  2125 I SurfaceFlinger: id=130343 createSurf, flag=44004, Splash Screen com.anonymous.androidrn$_4827#130343
02-09 21:02:50.135  2827  8313 D WindowManager: makeSurface duration=0 name=Splash Screen com.anonymous.androidrn$_4827
02-09 21:02:50.135  2827  8313 D SurfaceComposerClient: setCornerRadius ## 85b3efb Splash Screen com.anonymous.androidrn#130341 cornerRadius=0.000000
02-09 21:02:50.135  2827  8313 D SurfaceComposerClient: setCornerRadius ## 176a4dd com.anonymous.androidrn/com.anonymous.androidrn.MainActivity#130338 cornerRadius=0.000000
02-09 21:02:50.136  2827  8313 D SurfaceComposerClient: setCornerRadius ## 85b3efb Splash Screen com.anonymous.androidrn#130341 cornerRadius=0.000000
02-09 21:02:50.136  2827  8313 D SurfaceComposerClient: setCornerRadius ## 176a4dd com.anonymous.androidrn/com.anonymous.androidrn.MainActivity#130338 cornerRadius=0.000000
02-09 21:02:50.136  2827  8313 D BLASTSyncEngine: SyncGroup 12181:  Unfinished container: ActivityRecord{8627969 u0 com.anonymous.androidrn/.MainActivity t1206} mSyncState=2
02-09 21:02:50.139  1970  2784 I SurfaceFlinger: [Splash Screen com.anonymous.androidrn$_4827#130343] setTransactionState with the first frame. bufferData(ID: 20731807177053, frameNumber: 1)
02-09 21:02:50.139  1970  1970 I SurfaceFlinger: [85b3efb Splash Screen com.anonymous.androidrn#130341] attach to parent LayerHierarchy{RequestedLayerState{ActivityRecord{8627969 u0 com.anonymous.androidrn/.MainActivity t1206}#130335 parentId=130334} 2 children}
02-09 21:02:50.139  1970  1970 I SurfaceFlinger: [com.anonymous.androidrn/com.anonymous.androidrn.MainActivity$_2564#130342] attach to parent LayerHierarchy{RequestedLayerState{176a4dd com.anonymous.androidrn/com.anonymous.androidrn.MainActivity#130338 parentId=130335} 1 children}
02-09 21:02:50.139  1970  1970 I SurfaceFlinger: [Splash Screen com.anonymous.androidrn$_4827#130343] attach to parent LayerHierarchy{RequestedLayerState{85b3efb Splash Screen com.anonymous.androidrn#130341 parentId=130335} 1 children}
02-09 21:02:50.140  2827  5367 D WindowManager: finishDrawingWindow: Window{85b3efb u0 Splash Screen com.anonymous.androidrn} mDrawState=DRAW_PENDING seqId=0
02-09 21:02:50.140  2827  5367 V WindowManager: Finishing drawing window Window{85b3efb u0 Splash Screen com.anonymous.androidrn}: mDrawState=DRAW_PENDING
02-09 21:02:50.140  2827  5367 V WindowManager: Draw state now committed in Window{85b3efb u0 Splash Screen com.anonymous.androidrn}
02-09 21:02:50.140  2827  3062 D SurfaceComposerClient: setCornerRadius ## 85b3efb Splash Screen com.anonymous.androidrn#130341 cornerRadius=0.000000
02-09 21:02:50.140  2827  3062 D SurfaceComposerClient: setCornerRadius ## 176a4dd com.anonymous.androidrn/com.anonymous.androidrn.MainActivity#130338 cornerRadius=0.000000
02-09 21:02:50.140  2827  3062 D SurfaceComposerClient: setCornerRadius ## 85b3efb Splash Screen com.anonymous.androidrn#130341 cornerRadius=0.000000
02-09 21:02:50.140  2827  3062 D SurfaceComposerClient: setCornerRadius ## 176a4dd com.anonymous.androidrn/com.anonymous.androidrn.MainActivity#130338 cornerRadius=0.000000
02-09 21:02:50.140  2827  3062 V WindowManager: performShowLocked: mDrawState=HAS_DRAWN in Window{85b3efb u0 Splash Screen com.anonymous.androidrn}
02-09 21:02:50.140  2827  3062 D ChangeTransitionController:    ChangeInfo{552a365 container=ActivityRecord{8627969 u0 com.anonymous.androidrn/.MainActivity t1206} flags=0x0}
02-09 21:02:50.140  2827  3062 D ChangeTransitionController:    ChangeInfo{716883a container=Task{b699a6 #1206 type=standard A=10500:com.anonymous.androidrn} flags=0x0}
02-09 21:02:50.140  2827  3062 V WindowManager: Start calculating TransitionInfo based on participants: {ActivityRecord{8627969 u0 com.anonymous.androidrn/.MainActivity t1206}}
02-09 21:02:50.141  2827  3062 V WindowManager:   Final targets: [ChangeInfo{716883a container=Task{b699a6 #1206 type=standard A=10500:com.anonymous.androidrn} flags=0x10}, ChangeInfo{2c0da48 container=DefaultTaskDisplayArea_d0@157825962 flags=0x10}]
02-09 21:02:50.141  2827  3062 I SurfaceControlRegistry: show, t=StartTransaction_SyncId<12181> sc=ActivityRecord{8627969 u0 com.anonymous.androidrn/.MainActivity t1206}, caller=android.view.SurfaceControl$Transaction.show:3557 com.android.server.wm.Transition.onTransactionReady:2048 com.android.server.wm.BLASTSyncEngine$SyncGroup.finishNow:240 com.android.server.wm.BLASTSyncEngine.onSurfacePlacement:263 com.android.server.wm.RootWindowContainer.performSurfacePlacementNoTrace:1083 com.android.server.wm.WindowSurfacePlacer.performSurfacePlacement:166 
02-09 21:02:50.141  2827  3062 V WindowManager:         {WCT{RemoteToken{f72b15c Task{b699a6 #1206 type=standard A=10500:com.anonymous.androidrn}}} m=TO_FRONT f=NONE p=WCT{RemoteToken{b741bcf DefaultTaskDisplayArea_d0@157825962}} leash=Surface(name=Task=1206)/@0xa4f10e1 sb=Rect(0, 0 - 1080, 2340) eb=Rect(0, 0 - 1080, 2340) epz=Point(1080, 2340) d=0 taskParent=-1 inset=Rect(0, 91 - 0, 144)},
02-09 21:02:50.141  2827  3058 V WindowManager:         {WCT{RemoteToken{f72b15c Task{b699a6 #1206 type=standard A=10500:com.anonymous.androidrn}}} m=TO_FRONT f=NONE p=WCT{RemoteToken{b741bcf DefaultTaskDisplayArea_d0@157825962}} leash=Surface(name=Task=1206)/@0xa4f10e1 sb=Rect(0, 0 - 1080, 2340) eb=Rect(0, 0 - 1080, 2340) epz=Point(1080, 2340) d=0 taskParent=-1 inset=Rect(0, 91 - 0, 144)},
02-09 21:02:50.147  1970  2783 I SurfaceFlinger: [com.anonymous.androidrn/com.anonymous.androidrn.MainActivity$_2564#130342] setTransactionState with the first frame. bufferData(ID: 11012296146949, frameNumber: 1)
02-09 21:02:50.147  2827  5367 D WindowManager: finishDrawingWindow: Window{176a4dd u0 com.anonymous.androidrn/com.anonymous.androidrn.MainActivity} mDrawState=DRAW_PENDING seqId=0
02-09 21:02:50.147  2827  3062 D SurfaceComposerClient: setCornerRadius ## 85b3efb Splash Screen com.anonymous.androidrn#130341 cornerRadius=0.000000
02-09 21:02:50.147  2827  3062 D SurfaceComposerClient: setCornerRadius ## 176a4dd com.anonymous.androidrn/com.anonymous.androidrn.MainActivity#130338 cornerRadius=0.000000
02-09 21:02:50.147  2827  3062 D WindowManager: updateSystemBarAttributes: displayId=0, focusedCanBeNavColorWin=false, win=Window{54295df u0 Bouncer}, navColorWin=Window{85b3efb u0 Splash Screen com.anonymous.androidrn}, caller=com.android.server.wm.DisplayPolicy.finishPostLayoutPolicyLw:17 com.android.server.wm.RootWindowContainer.applySurfaceChangesTransaction$1:195 com.android.server.wm.RootWindowContainer.performSurfacePlacementNoTrace:59 
02-09 21:02:50.148  2827  3062 D SurfaceComposerClient: setCornerRadius ## 85b3efb Splash Screen com.anonymous.androidrn#130341 cornerRadius=0.000000
02-09 21:02:50.148  2827  3062 V WindowManager: Finish starting ActivityRecord{8627969 u0 com.anonymous.androidrn/.MainActivity t1206}: first real window is shown, no animation
02-09 21:02:50.148  2827  3062 V WindowManager: performShowLocked: mDrawState=HAS_DRAWN in Window{176a4dd u0 com.anonymous.androidrn/com.anonymous.androidrn.MainActivity}
02-09 21:02:50.148  2827  3062 D SurfaceComposerClient: setCornerRadius ## 176a4dd com.anonymous.androidrn/com.anonymous.androidrn.MainActivity#130338 cornerRadius=0.000000
02-09 21:02:50.148  2827  3062 D SurfaceComposerClient: setCornerRadius ## 85b3efb Splash Screen com.anonymous.androidrn#130341 cornerRadius=0.000000
02-09 21:02:50.148  2827  3062 D SurfaceComposerClient: setCornerRadius ## 176a4dd com.anonymous.androidrn/com.anonymous.androidrn.MainActivity#130338 cornerRadius=0.000000
02-09 21:02:50.149  2827  3062 D SurfaceComposerClient: setCornerRadius ## 85b3efb Splash Screen com.anonymous.androidrn#130341 cornerRadius=0.000000
02-09 21:02:50.149  2827  3062 D SurfaceComposerClient: setCornerRadius ## 176a4dd com.anonymous.androidrn/com.anonymous.androidrn.MainActivity#130338 cornerRadius=0.000000
02-09 21:02:50.149  1970  2123 I SurfaceFlinger: id=130346 createSurf, flag=84000, c69be0b ActivityRecordInputSink com.anonymous.androidrn/.MainActivity#130346
02-09 21:02:50.156  1970  1970 I SurfaceFlinger: RequestedLayer [85b3efb Splash Screen com.anonymous.androidrn#130341] hidden!! flag  from(1) --> to(0)
02-09 21:02:50.156  1970  1970 I SurfaceFlinger: RequestedLayer [Splash Screen com.anonymous.androidrn$_4827#130343] hidden!! flag  from(1) --> to(0)
02-09 21:02:50.156  1970  1970 I SurfaceFlinger: RequestedLayer [ActivityRecord{8627969 u0 com.anonymous.androidrn/.MainActivity t1206}#130335] hidden!! flag  from(1) --> to(0)
02-09 21:02:50.156  1970  1970 I SurfaceFlinger: RequestedLayer [com.anonymous.androidrn/com.anonymous.androidrn.MainActivity$_2564#130342] hidden!! flag  from(1) --> to(0)
02-09 21:02:50.156  1970  1970 I SurfaceFlinger: [c69be0b ActivityRecordInputSink com.anonymous.androidrn/.MainActivity#130346] attach to parent LayerHierarchy{RequestedLayerState{ActivityRecord{8627969 u0 com.anonymous.androidrn/.MainActivity t1206}#130335 parentId=130334} 3 children}
02-09 21:02:50.156  2827  5367 D SurfaceComposerClient: setCornerRadius ## 85b3efb Splash Screen com.anonymous.androidrn#130341 cornerRadius=0.000000
02-09 21:02:50.156  2827  5367 D SurfaceComposerClient: setCornerRadius ## 176a4dd com.anonymous.androidrn/com.anonymous.androidrn.MainActivity#130338 cornerRadius=0.000000
02-09 21:02:50.156  2827  5367 D SurfaceComposerClient: setCornerRadius ## 85b3efb Splash Screen com.anonymous.androidrn#130341 cornerRadius=0.000000
02-09 21:02:50.156  2827  5367 D SurfaceComposerClient: setCornerRadius ## 176a4dd com.anonymous.androidrn/com.anonymous.androidrn.MainActivity#130338 cornerRadius=0.000000
02-09 21:02:50.157  2827  5367 D InsetsSourceProvider: updateFakeControlTarget: fakeControl=InsetsSourceControl: {fcb20000 mType=statusBars mSurfacePosition=Point(0, 0) mInsetsHint=Insets{left=0, top=0, right=0, bottom=0}}, fakeTarget=Window{85b3efb u0 Splash Screen com.anonymous.androidrn}
02-09 21:02:50.157  2827  5367 D InsetsSourceProvider: updateFakeControlTarget: fakeControl=InsetsSourceControl: {f9470001 mType=navigationBars mSurfacePosition=Point(0, 0) mInsetsHint=Insets{left=0, top=0, right=0, bottom=0}}, fakeTarget=Window{85b3efb u0 Splash Screen com.anonymous.androidrn}
02-09 21:02:50.157  2827  5367 D WindowManager: updateSystemBarAttributes: displayId=0, focusedCanBeNavColorWin=false, win=Window{54fd7ce u0 NotificationShade}, navColorWin=Window{85b3efb u0 Splash Screen com.anonymous.androidrn}, caller=com.android.server.wm.WindowManagerService.updateFocusedWindowLocked:372 com.android.server.wm.WindowManagerService.relayoutWindow:1350 com.android.server.wm.Session.relayout:27 
02-09 21:02:50.158  2827  5554 V WindowManager: Schedule remove starting ActivityRecord{8627969 u0 com.anonymous.androidrn/.MainActivity t1206} startingWindow=Window{85b3efb u0 Splash Screen com.anonymous.androidrn} animate=true Callers=com.android.server.wm.ActivityRecord.onSyncTransactionCommitted:16 com.android.server.wm.BLASTSyncEngine$SyncGroup$1CommitCallback.onCommitted:104 com.android.server.wm.BLASTSyncEngine$SyncGroup$$ExternalSyntheticLambda0.onTransactionCommitted:8 android.view.SurfaceControl$Transaction$$ExternalSyntheticLambda4.run:0 com.android.server.SystemServerInitThreadPool$$ExternalSyntheticLambda0.execute:1 
02-09 21:02:50.158  2827  5554 D TaskOrganizerController: applyStartingWindowAnimation, window=Window{176a4dd u0 com.anonymous.androidrn/com.anonymous.androidrn.MainActivity}, caller=com.android.server.wm.TaskOrganizerController.removeStartingWindow:132 com.android.server.wm.StartingSurfaceController$StartingSurface.remove:23 com.android.server.wm.ActivityRecord.removeStartingWindowAnimation:171 
02-09 21:02:50.158  2827  5554 I WindowManager: Reparenting to leash, surface=Surface(name=176a4dd com.anonymous.androidrn/com.anonymous.androidrn.MainActivity)/@0xad26c76, leashParent=Surface(name=ActivityRecord{8627969 u0 com.anonymous.androidrn/.MainActivity t1206})/@0x1e85277
02-09 21:02:50.158  1970  2123 I SurfaceFlinger: id=130349 createSurf, flag=24000, Surface(name=176a4dd com.anonymous.androidrn/com.anonymous.androidrn.MainActivity)/@0xad26c76 - animation-leash of starting_reveal#130349
02-09 21:02:50.158  2827  5554 D WindowManager: makeSurface duration=0 leash=Surface(name=Surface(name=176a4dd com.anonymous.androidrn/com.anonymous.androidrn.MainActivity)/@0xad26c76 - animation-leash of starting_reveal)/@0xc1efe63
02-09 21:02:50.158  2827  5367 D SurfaceComposerClient: setCornerRadius ## 85b3efb Splash Screen com.anonymous.androidrn#130341 cornerRadius=0.000000
02-09 21:02:50.158  2827  5367 D SurfaceComposerClient: setCornerRadius ## 176a4dd com.anonymous.androidrn/com.anonymous.androidrn.MainActivity#130338 cornerRadius=0.000000
02-09 21:02:50.158  1970  1970 D SurfaceFlinger:        CLIENT |           11012296146951 | 00002102 | RGBA_8888    |    0.0    0.0 1080.0 2340.0 |    0    0 1080 2340 | com.anonymous.androidrn/com.anonymous.androidrn.MainActivity$_2564#130342 (2)
02-09 21:02:50.158  1970  1970 D SurfaceFlinger:        CLIENT |           20731807177053 | 00002100 | RGBA_8888    |    0.0    0.0 1080.0 2340.0 |    0    0 1080 2340 | Splash Screen com.anonymous.androidrn$_4827#130343 (1)
02-09 21:02:50.158  2827  5367 D SurfaceComposerClient: setCornerRadius ## 85b3efb Splash Screen com.anonymous.androidrn#130341 cornerRadius=0.000000
02-09 21:02:50.158  2827  5367 D SurfaceComposerClient: setCornerRadius ## 176a4dd com.anonymous.androidrn/com.anonymous.androidrn.MainActivity#130338 cornerRadius=0.000000
02-09 21:02:50.159  2827  3062 D SurfaceComposerClient: setCornerRadius ## 85b3efb Splash Screen com.anonymous.androidrn#130341 cornerRadius=0.000000
02-09 21:02:50.159  2827  3062 D SurfaceComposerClient: setCornerRadius ## 176a4dd com.anonymous.androidrn/com.anonymous.androidrn.MainActivity#130338 cornerRadius=0.000000
02-09 21:02:50.164  1970  1970 I SurfaceFlinger: [Surface(name=176a4dd com.anonymous.androidrn/com.anonymous.androidrn.MainActivity)/@0xad26c76 - animation-leash of starting_reveal#130349] attach to parent LayerHierarchy{RequestedLayerState{ActivityRecord{8627969 u0 com.anonymous.androidrn/.MainActivity t1206}#130335 parentId=130334} 4 children}
02-09 21:02:50.168  2827  2827 D MdnieScenarioControlService:  packageName : com.anonymous.androidrn    className : com.anonymous.androidrn.MainActivity
02-09 21:02:50.169  2827  4458 D SGM:FgCheckThread:   handleUserPresent(). resume signal is needed for com.anonymous.androidrn
02-09 21:02:50.172  1970  1970 I SurfaceFlinger: [LayerHierarchy{RequestedLayerState{176a4dd com.anonymous.androidrn/com.anonymous.androidrn.MainActivity#130338 parentId=130349} 1 children}] reparent to LayerHierarchy{RequestedLayerState{Surface(name=176a4dd com.anonymous.androidrn/com.anonymous.androidrn.MainActivity)/@0xad26c76 - animation-leash of starting_reveal#130349 parentId=130335} 1 children}
02-09 21:02:50.174  2827  3062 I WindowManager: notifyInsetsControlChanged, removed=false, win=Window{85b3efb u0 Splash Screen com.anonymous.androidrn}, caller=com.android.server.wm.InsetsStateController$$ExternalSyntheticLambda1.run:137 com.android.server.wm.WindowAnimator$$ExternalSyntheticLambda2.onTransactionCommitted:26 android.view.SurfaceControl$Transaction$$ExternalSyntheticLambda4.run:0 android.os.Handler.handleCallback:995 android.os.Handler.dispatchMessage:103 android.os.Looper.loopOnce:273 
02-09 21:02:50.174  2827  3061 D SurfaceComposerClient: setCornerRadius ## 85b3efb Splash Screen com.anonymous.androidrn#130341 cornerRadius=0.000000
02-09 21:02:50.174  2827  3061 D SurfaceComposerClient: setCornerRadius ## 176a4dd com.anonymous.androidrn/com.anonymous.androidrn.MainActivity#130338 cornerRadius=0.000000
02-09 21:02:50.175  1970  1970 D SurfaceFlinger:        CLIENT |           11012296146950 | 00002102 | RGBA_8888    |    0.0    0.0 1080.0 2280.0 |    0   60 1080 2340 | com.anonymous.androidrn/com.anonymous.androidrn.MainActivity$_2564#130342 (3)
02-09 21:02:50.175  1970  1970 D SurfaceFlinger:        CLIENT |           20731807177056 | 00002100 | RGBA_8888    |    0.0    0.0 1080.0 2340.0 |    0    0 1080 2340 | Splash Screen com.anonymous.androidrn$_4827#130343 (2)
02-09 21:02:50.178  2827  7741 V WindowManager:    ChangeInfo{552a365 container=ActivityRecord{8627969 u0 com.anonymous.androidrn/.MainActivity t1206} flags=0x0}
02-09 21:02:50.178  2827  7741 V WindowManager:    ChangeInfo{716883a container=Task{b699a6 #1206 type=standard A=10500:com.anonymous.androidrn} flags=0x10}
02-09 21:02:50.179  2827  7741 D ChangeTransitionController:    ChangeInfo{552a365 container=ActivityRecord{8627969 u0 com.anonymous.androidrn/.MainActivity t1206} flags=0x0}
02-09 21:02:50.179  2827  7741 D ChangeTransitionController:    ChangeInfo{716883a container=Task{b699a6 #1206 type=standard A=10500:com.anonymous.androidrn} flags=0x10}
02-09 21:02:50.182  2827  5915 D SurfaceComposerClient: setCornerRadius ## 85b3efb Splash Screen com.anonymous.androidrn#130341 cornerRadius=0.000000
02-09 21:02:50.182  2827  5915 D SurfaceComposerClient: setCornerRadius ## 176a4dd com.anonymous.androidrn/com.anonymous.androidrn.MainActivity#130338 cornerRadius=0.000000
02-09 21:02:50.182  2827  5915 D SurfaceComposerClient: setCornerRadius ## 85b3efb Splash Screen com.anonymous.androidrn#130341 cornerRadius=0.000000
02-09 21:02:50.182  2827  5915 D SurfaceComposerClient: setCornerRadius ## 176a4dd com.anonymous.androidrn/com.anonymous.androidrn.MainActivity#130338 cornerRadius=0.000000
02-09 21:02:50.183  2827  5915 D SurfaceComposerClient: setCornerRadius ## 85b3efb Splash Screen com.anonymous.androidrn#130341 cornerRadius=0.000000
02-09 21:02:50.183  2827  5915 D SurfaceComposerClient: setCornerRadius ## 176a4dd com.anonymous.androidrn/com.anonymous.androidrn.MainActivity#130338 cornerRadius=0.000000
02-09 21:02:50.183  2827  5915 D SurfaceComposerClient: setCornerRadius ## 85b3efb Splash Screen com.anonymous.androidrn#130341 cornerRadius=0.000000
02-09 21:02:50.183  2827  5915 D SurfaceComposerClient: setCornerRadius ## 176a4dd com.anonymous.androidrn/com.anonymous.androidrn.MainActivity#130338 cornerRadius=0.000000
02-09 21:02:50.185  2827  2851 D SurfaceComposerClient: setCornerRadius ## 85b3efb Splash Screen com.anonymous.androidrn#130341 cornerRadius=0.000000
02-09 21:02:50.185  2827  2851 D SurfaceComposerClient: setCornerRadius ## 176a4dd com.anonymous.androidrn/com.anonymous.androidrn.MainActivity#130338 cornerRadius=0.000000
02-09 21:02:50.185  2827  2851 D SurfaceComposerClient: setCornerRadius ## 85b3efb Splash Screen com.anonymous.androidrn#130341 cornerRadius=0.000000
02-09 21:02:50.185  2827  2851 D SurfaceComposerClient: setCornerRadius ## 176a4dd com.anonymous.androidrn/com.anonymous.androidrn.MainActivity#130338 cornerRadius=0.000000
02-09 21:02:50.187 15248 16922 I SAMSUNGWALLET: [Hint_SimpleHintProcessMonitor] isHomePackageRunning topPkgName = com.anonymous.androidrn, topClsName = com.anonymous.androidrn.MainActivity, return false , se : false
02-09 21:02:50.192  2827  2851 D SurfaceComposerClient: setCornerRadius ## 85b3efb Splash Screen com.anonymous.androidrn#130341 cornerRadius=0.000000
02-09 21:02:50.192  2827  2851 D SurfaceComposerClient: setCornerRadius ## 176a4dd com.anonymous.androidrn/com.anonymous.androidrn.MainActivity#130338 cornerRadius=0.000000
02-09 21:02:50.192  2827  2851 D SurfaceComposerClient: setCornerRadius ## 85b3efb Splash Screen com.anonymous.androidrn#130341 cornerRadius=0.000000
02-09 21:02:50.192  2827  2851 D SurfaceComposerClient: setCornerRadius ## 176a4dd com.anonymous.androidrn/com.anonymous.androidrn.MainActivity#130338 cornerRadius=0.000000
02-09 21:02:50.195  2827  7741 D SurfaceComposerClient: setCornerRadius ## 85b3efb Splash Screen com.anonymous.androidrn#130341 cornerRadius=0.000000
02-09 21:02:50.195  2827  7741 D SurfaceComposerClient: setCornerRadius ## 176a4dd com.anonymous.androidrn/com.anonymous.androidrn.MainActivity#130338 cornerRadius=0.000000
02-09 21:02:50.195  2827  7741 D SurfaceComposerClient: setCornerRadius ## 85b3efb Splash Screen com.anonymous.androidrn#130341 cornerRadius=0.000000
02-09 21:02:50.195  2827  7741 D SurfaceComposerClient: setCornerRadius ## 176a4dd com.anonymous.androidrn/com.anonymous.androidrn.MainActivity#130338 cornerRadius=0.000000
02-09 21:02:50.195  2827  7741 D WindowManager: Changing focus from Window{54fd7ce u0 NotificationShade} to Window{176a4dd u0 com.anonymous.androidrn/com.anonymous.androidrn.MainActivity} displayId=0 Callers=com.android.server.wm.WindowManagerService.relayoutWindow:1350 com.android.server.wm.Session.relayout:27 com.android.server.wm.Session.relayoutAsync:14 android.view.IWindowSession$Stub.onTransact:854 
02-09 21:02:50.196  2827  7741 D InsetsSourceProvider: updateControlForTarget: control=InsetsSourceControl: {fcb20000 mType=statusBars initiallyVisible mSurfacePosition=Point(0, 0) mInsetsHint=Insets{left=0, top=91, right=0, bottom=0}}, target=Window{176a4dd u0 com.anonymous.androidrn/com.anonymous.androidrn.MainActivity}, from=com.android.server.wm.InsetsStateController.onControlTargetChanged:83 com.android.server.wm.InsetsPolicy.updateBarControlTarget:212 com.android.server.wm.DisplayPolicy.updateSystemBarAttributes:262 com.android.server.wm.WindowManagerService.updateFocusedWindowLocked:372 com.android.server.wm.WindowManagerService.relayoutWindow:1350 
02-09 21:02:50.196  2827  7741 D InsetsSourceProvider: updateControlForTarget: control=InsetsSourceControl: {f9470001 mType=navigationBars initiallyVisible mSurfacePosition=Point(0, 2196) mInsetsHint=Insets{left=0, top=0, right=0, bottom=144}}, target=Window{176a4dd u0 com.anonymous.androidrn/com.anonymous.androidrn.MainActivity}, from=com.android.server.wm.InsetsStateController.onControlTargetChanged:83 com.android.server.wm.InsetsPolicy.updateBarControlTarget:225 com.android.server.wm.DisplayPolicy.updateSystemBarAttributes:262 com.android.server.wm.WindowManagerService.updateFocusedWindowLocked:372 com.android.server.wm.WindowManagerService.relayoutWindow:1350 
02-09 21:02:50.196  2827  7741 D WindowManager: updateSystemBarAttributes: displayId=0, focusedCanBeNavColorWin=false, win=Window{176a4dd u0 com.anonymous.androidrn/com.anonymous.androidrn.MainActivity}, navColorWin=Window{85b3efb u0 Splash Screen com.anonymous.androidrn}, caller=com.android.server.wm.WindowManagerService.updateFocusedWindowLocked:372 com.android.server.wm.WindowManagerService.relayoutWindow:1350 com.android.server.wm.Session.relayout:27 
02-09 21:02:50.197  2827  7741 V SystemKeyManager: updateFocusedWindow() is called, com.anonymous.androidrn/com.anonymous.androidrn.MainActivity
02-09 21:02:50.197  2827  7741 I SystemKeyManager: requested systemKeyInfo size=1 focusedWindow=com.anonymous.androidrn/com.anonymous.androidrn.MainActivity
02-09 21:02:50.197  2827  7741 I SystemKeyManager: requested systemKeyInfo size=1 focusedWindow=com.anonymous.androidrn/com.anonymous.androidrn.MainActivity
02-09 21:02:50.199  1970  1970 D SurfaceFlinger:        CLIENT |           11012296146948 | 00002102 | RGBA_8888    |    0.0    0.0 1080.0 2333.0 |    0    7 1080 2340 | com.anonymous.androidrn/com.anonymous.androidrn.MainActivity$_2564#130342 (4)
02-09 21:02:50.199  1970  1970 D SurfaceFlinger:        CLIENT |           20731807177053 | 00002100 | RGBA_8888    |    0.0    0.0 1080.0 2340.0 |    0    0 1080 2340 | Splash Screen com.anonymous.androidrn$_4827#130343 (5)
02-09 21:02:50.207  2827  3062 I WindowManager: notifyInsetsControlChanged, removed=false, win=Window{85b3efb u0 Splash Screen com.anonymous.androidrn}, caller=com.android.server.wm.InsetsStateController$$ExternalSyntheticLambda1.run:137 com.android.server.wm.WindowAnimator$$ExternalSyntheticLambda2.onTransactionCommitted:26 android.view.SurfaceControl$Transaction$$ExternalSyntheticLambda4.run:0 android.os.Handler.handleCallback:995 android.os.Handler.dispatchMessage:103 android.os.Looper.loopOnce:273 
02-09 21:02:50.207  2564  2564 I InsetsSourceConsumer: applyRequestedVisibilityToControl: visible=true, type=statusBars, host=com.anonymous.androidrn/com.anonymous.androidrn.MainActivity
02-09 21:02:50.207  2564  2564 I InsetsSourceConsumer: applyRequestedVisibilityToControl: visible=true, type=navigationBars, host=com.anonymous.androidrn/com.anonymous.androidrn.MainActivity
02-09 21:02:50.208  1970  2723 D SurfaceFlinger: [input] setFocusedWindow: 176a4dd com.anonymous.androidrn/com.anonymous.androidrn.MainActivity
02-09 21:02:50.208  2827  7741 D InputDispatcher: Once focus requested (0): 176a4dd com.anonymous.androidrn/com.anonymous.androidrn.MainActivity
02-09 21:02:50.208  2827  7741 D InputDispatcher: Focus entered window (0): 176a4dd com.anonymous.androidrn/com.anonymous.androidrn.MainActivity
02-09 21:02:50.209  2827  6482 D SurfaceComposerClient: setCornerRadius ## 85b3efb Splash Screen com.anonymous.androidrn#130341 cornerRadius=0.000000
02-09 21:02:50.209  2827  6482 D SurfaceComposerClient: setCornerRadius ## 176a4dd com.anonymous.androidrn/com.anonymous.androidrn.MainActivity#130338 cornerRadius=0.000000
02-09 21:02:50.209  2827  6482 D SurfaceComposerClient: setCornerRadius ## 85b3efb Splash Screen com.anonymous.androidrn#130341 cornerRadius=0.000000
02-09 21:02:50.209  2827  6482 D SurfaceComposerClient: setCornerRadius ## 176a4dd com.anonymous.androidrn/com.anonymous.androidrn.MainActivity#130338 cornerRadius=0.000000
02-09 21:02:50.210  2827  4439 I ImeTracker: com.anonymous.androidrn:4c7927cf: onRequestHide at ORIGIN_SERVER reason HIDE_UNSPECIFIED_WINDOW fromUser false
02-09 21:02:50.211  2564  2564 I ImeTracker: com.anonymous.androidrn:4c7927cf: onCancelled at PHASE_CLIENT_ALREADY_HIDDEN
02-09 21:02:50.212  4827  4827 D NavigationBar: onSystemBarAttributesChanged() -  displayId:0, appearance:16, packageName: com.anonymous.androidrn (APPEARANCE_LIGHT_NAVIGATION_BARS ), navbarColorManagedByIme:false
02-09 21:02:50.212  2827  5367 D InsetsSourceProvider: updateControlForTarget: control=InsetsSourceControl: {3 mType=ime mSurfacePosition=Point(0, 91) mInsetsHint=Insets{left=0, top=0, right=0, bottom=932}}, target=Window{176a4dd u0 com.anonymous.androidrn/com.anonymous.androidrn.MainActivity}, from=com.android.server.wm.ImeInsetsSourceProvider.updateControlForTarget:17 com.android.server.wm.InsetsStateController.onControlTargetChanged:83 com.android.server.wm.DisplayContent.updateImeControlTarget:21 com.android.server.wm.DisplayContent.updateImeInputAndControlTarget:156 com.android.server.wm.WindowManagerService$LocalService.updateInputMethodTargetWindow:64 
02-09 21:02:50.213  2827  3062 D SurfaceComposerClient: setCornerRadius ## 85b3efb Splash Screen com.anonymous.androidrn#130341 cornerRadius=0.000000
02-09 21:02:50.213  2827  3062 D SurfaceComposerClient: setCornerRadius ## 176a4dd com.anonymous.androidrn/com.anonymous.androidrn.MainActivity#130338 cornerRadius=0.000000
02-09 21:02:50.215  2827  8023 I WindowManager: Relayout Window{85b3efb u0 Splash Screen com.anonymous.androidrn}: viewVisibility=8 req=1080x2340 ty=3 d0
02-09 21:02:50.215  1970  1970 D SurfaceFlinger:        DEVICE |           11012296146949 | 00002102 | RGBA_8888    |    0.0    0.0 1080.0 2339.0 |    0    1 1080 2340 | com.anonymous.androidrn/com.anonymous.androidrn.MainActivity$_2564#130342 (5)
02-09 21:02:50.215  1970  1970 D SurfaceFlinger:        DEVICE |           20731807177055 | 00002100 | RGBA_8888    |    0.0    0.0 1080.0 2340.0 |    0    0 1080 2340 | Splash Screen com.anonymous.androidrn$_4827#130343 (7)
02-09 21:02:50.215  2827  8023 D SurfaceComposerClient: setCornerRadius ## 176a4dd com.anonymous.androidrn/com.anonymous.androidrn.MainActivity#130338 cornerRadius=0.000000
02-09 21:02:50.215  2827  8023 D SurfaceComposerClient: setCornerRadius ## 85b3efb Splash Screen com.anonymous.androidrn#130341 cornerRadius=0.000000
02-09 21:02:50.215  2827  8023 D SurfaceComposerClient: setCornerRadius ## 176a4dd com.anonymous.androidrn/com.anonymous.androidrn.MainActivity#130338 cornerRadius=0.000000
02-09 21:02:50.218  2827  5554 D CoreBackPreview: Window{85b3efb u0 Splash Screen com.anonymous.androidrn}: Setting back callback null
02-09 21:02:50.219  2827  8023 D WindowManager: Starting window removed Window{85b3efb u0 Splash Screen com.anonymous.androidrn}
02-09 21:02:50.219  2827  8023 I WindowManager: Cancelling animation restarting=false, leash=Surface(name=Surface(name=176a4dd com.anonymous.androidrn/com.anonymous.androidrn.MainActivity)/@0xad26c76 - animation-leash of starting_reveal)/@0xc1efe63
02-09 21:02:50.219  2827  8023 I WindowManager: Reparenting to original parent: Surface(name=ActivityRecord{8627969 u0 com.anonymous.androidrn/.MainActivity t1206})/@0x1e85277, destroy=false, surface=Surface(name=176a4dd com.anonymous.androidrn/com.anonymous.androidrn.MainActivity)/@0xad26c76
02-09 21:02:50.219  2827  8023 V WindowManager: Remove Window{85b3efb u0 Splash Screen com.anonymous.androidrn}: mSurfaceControl=Surface(name=Splash Screen com.anonymous.androidrn$_4827)/@0xf0e4b5f mAnimatingExit=false mRemoveOnExit=false mHasSurface=true surfaceShowing=true animating=false app-animation=false callers=com.android.server.wm.Session.remove:16 android.view.IWindowSession$Stub.onTransact:804 com.android.server.wm.Session.onTransact:1 android.os.Binder.execTransactInternal:1462 android.os.Binder.execTransact:1401 <bottom of call stack> 
02-09 21:02:50.219  2827  8023 D SurfaceComposerClient: setCornerRadius ## 176a4dd com.anonymous.androidrn/com.anonymous.androidrn.MainActivity#130338 cornerRadius=0.000000
02-09 21:02:50.219  2827  8023 D WindowManager: updateSystemBarAttributes: displayId=0, focusedCanBeNavColorWin=false, win=Window{176a4dd u0 com.anonymous.androidrn/com.anonymous.androidrn.MainActivity}, navColorWin=Window{176a4dd u0 com.anonymous.androidrn/com.anonymous.androidrn.MainActivity}, caller=com.android.server.wm.DisplayPolicy.finishPostLayoutPolicyLw:17 com.android.server.wm.RootWindowContainer.applySurfaceChangesTransaction$1:195 com.android.server.wm.RootWindowContainer.performSurfacePlacementNoTrace:59 
02-09 21:02:50.219  2827  8023 D SurfaceComposerClient: setCornerRadius ## 176a4dd com.anonymous.androidrn/com.anonymous.androidrn.MainActivity#130338 cornerRadius=0.000000
02-09 21:02:50.222  1970  1970 I SurfaceFlinger: [LayerHierarchy{RequestedLayerState{ImeContainer#15 parentId=130335 relativeParentId=130335 z=3} 1 children}] reparent to LayerHierarchy{RequestedLayerState{ActivityRecord{8627969 u0 com.anonymous.androidrn/.MainActivity t1206}#130335 parentId=130334} 4 children}
02-09 21:02:50.223  2827  3062 D SurfaceComposerClient: setCornerRadius ## 176a4dd com.anonymous.androidrn/com.anonymous.androidrn.MainActivity#130338 cornerRadius=0.000000
02-09 21:02:50.230  1970  1970 I SurfaceFlinger: [LayerHierarchy{RequestedLayerState{ImeContainer#15 parentId=130335 relativeParentId=130338 z=1} 1 children}] RelativeParent to LayerHierarchy{RequestedLayerState{176a4dd com.anonymous.androidrn/com.anonymous.androidrn.MainActivity#130338 parentId=130335} 2 children}
02-09 21:02:50.230  1970  1970 I SurfaceFlinger: [LayerHierarchy{RequestedLayerState{176a4dd com.anonymous.androidrn/com.anonymous.androidrn.MainActivity#130338 parentId=130335} 2 children}] reparent to LayerHierarchy{RequestedLayerState{ActivityRecord{8627969 u0 com.anonymous.androidrn/.MainActivity t1206}#130335 parentId=130334} 5 children}
02-09 21:02:50.230  1970  1970 I SurfaceFlinger: [LayerHierarchy{RequestedLayerState{85b3efb Splash Screen com.anonymous.androidrn#130341 z=2147483647} 1 children}] reparent to OffscreenRoot
02-09 21:02:50.230  1970  1970 I SurfaceFlinger: [LayerHierarchy{RequestedLayerState{85b3efb Splash Screen com.anonymous.androidrn#130341 z=2147483647} 1 children}] RelativeParent to null
02-09 21:02:50.230  1970  1970 I SurfaceFlinger: [LayerHierarchy{RequestedLayerState{Splash Screen com.anonymous.androidrn$_4827#130343} no children}] reparent to OffscreenRoot
02-09 21:02:50.230  1970  1970 I SurfaceFlinger: [LayerHierarchy{RequestedLayerState{Splash Screen com.anonymous.androidrn$_4827#130343} no children}] RelativeParent to null
