02-09 21:00:55.946  2827  7741 V WindowManager: Collecting in transition 12175: ActivityRecord{131725914 u0 com.anonymous.androidrn/.MainActivity t1205}, caller=com.android.server.wm.TransitionController.collect:7 com.android.server.wm.ActivityRecord.setVisibility:132 com.android.server.wm.ActivityRecord.makeVisibleIfNeeded:36 com.android.server.wm.EnsureActivitiesVisibleHelper.process:538 com.android.server.wm.TaskFragment.updateActivityVisibilities:12 
02-09 21:00:55.946  2827  7741 D WindowManager: rotationForOrientation, orientationSource=ActivityRecord{131725914 u0 com.anonymous.androidrn/.MainActivity t1205}
02-09 21:00:55.946  2827  7741 V WindowManager: Collecting in transition 12175: ActivityRecord{131725914 u0 com.anonymous.androidrn/.MainActivity t1205}, caller=com.android.server.wm.TransitionController.collect:7 com.android.server.wm.ActivityRecord.setVisibility:132 com.android.server.wm.ActivityTaskSupervisor.realStartActivityLocked:213 com.android.server.wm.ActivityTaskSupervisor.startSpecificActivity:27 com.android.server.wm.TaskFragment.resumeTopActivity:2089 
02-09 21:00:55.947  7906 14934 I FASProvider: makeValuesForFasUpdate contentValues = package_name=com.anonymous.androidrn extras=0 reason=deleted_from_mars_auto disableReason=default disableResetTime=1770642055946 uid=10500 mode=1 level=2 resetTime=0
02-09 21:00:55.950  2827  7741 D SGM:FgCheckThread: notifyAppCreated(), packageName: com.anonymous.androidrn, userId: 0, sendRet: true
02-09 21:00:55.951  2827  7741 D SGM:FgCheckThread:   sendRunningComponentFocus(), pkgName: com.anonymous.androidrn, userId: 0
02-09 21:00:55.951  2827  7741 D InputDispatcher: Focused application(0): ActivityRecord{131725914 u0 com.anonymous.androidrn/.MainActivity t1205}
02-09 21:00:55.951  2827  7741 D ActivityTaskManager: scheduleTopResumedActivityChanged, onTop=true, r=ActivityRecord{131725914 u0 com.anonymous.androidrn/.MainActivity t1205}, caller=com.android.server.wm.ActivityTaskSupervisor.scheduleTopResumedActivityStateIfNeeded:18 com.android.server.wm.ActivityTaskSupervisor.updateTopResumedActivityIfNeeded:54 com.android.server.wm.TaskFragment.setResumedActivity:30 com.android.server.wm.ActivityRecord.setState:100 com.android.server.wm.ActivityTaskSupervisor.realStartActivityLocked:487 com.android.server.wm.ActivityTaskSupervisor.startSpecificActivity:27 
02-09 21:00:55.951  2827  7741 D WindowManagerServiceExt: updateTaskbarTargetIfNeeded: cn=ComponentInfo{com.anonymous.androidrn/com.anonymous.androidrn.MainActivity} occludesParent=true isInSplitScreenMode=false
02-09 21:00:55.951  2827  7741 D SurfaceComposerClient: setCornerRadius ## 3862972 Splash Screen com.anonymous.androidrn#130266 cornerRadius=0.000000
02-09 21:00:55.952  2827  7741 D SurfaceComposerClient: setCornerRadius ## 3862972 Splash Screen com.anonymous.androidrn#130266 cornerRadius=0.000000
02-09 21:00:55.952  2827  7741 D BLASTSyncEngine: SyncGroup 12175:  Unfinished container: ActivityRecord{131725914 u0 com.anonymous.androidrn/.MainActivity t1205} mSyncState=2
02-09 21:00:55.952  2827  4821 D WindowManager: finishDrawingWindow: Window{3862972 u0 Splash Screen com.anonymous.androidrn} mDrawState=DRAW_PENDING seqId=0
02-09 21:00:55.952  2827  4821 V WindowManager: Finishing drawing window Window{3862972 u0 Splash Screen com.anonymous.androidrn}: mDrawState=DRAW_PENDING
02-09 21:00:55.952  2827  4821 V WindowManager: Draw state now committed in Window{3862972 u0 Splash Screen com.anonymous.androidrn}
02-09 21:00:55.953  2827  3062 D SurfaceComposerClient: setCornerRadius ## 3862972 Splash Screen com.anonymous.androidrn#130266 cornerRadius=0.000000
02-09 21:00:55.953  2827  3062 D SurfaceComposerClient: setCornerRadius ## 3862972 Splash Screen com.anonymous.androidrn#130266 cornerRadius=0.000000
02-09 21:00:55.953  2827  3062 V WindowManager: performShowLocked: mDrawState=HAS_DRAWN in Window{3862972 u0 Splash Screen com.anonymous.androidrn}
02-09 21:00:55.953  2827  3062 D ChangeTransitionController:    ChangeInfo{b55ae0a container=Task{4bc74bd #1205 type=standard A=10500:com.anonymous.androidrn} flags=0x0}
02-09 21:00:55.953  2827  3062 D ChangeTransitionController:    ChangeInfo{43e567b container=ActivityRecord{131725914 u0 com.anonymous.androidrn/.MainActivity t1205} flags=0x0}
02-09 21:00:55.953  2827  3062 V WindowManager: Start calculating TransitionInfo based on participants: {Task{4bc74bd #1205 type=standard A=10500:com.anonymous.androidrn}, ActivityRecord{131725914 u0 com.anonymous.androidrn/.MainActivity t1205}, ActivityRecord{250611211 u0 com.tencent.mm/.plugin.appbrand.ui.AppBrandUI00 t1204}}
02-09 21:00:55.953  2827  3062 V WindowManager:   Final targets: [ChangeInfo{b55ae0a container=Task{4bc74bd #1205 type=standard A=10500:com.anonymous.androidrn} flags=0x10}, ChangeInfo{10a8dc9 container=Task{e8781a6 #1204 type=standard A=10359:.AppBrandUI00} flags=0x10}]
02-09 21:00:55.953  2827  3062 I SurfaceControlRegistry: show, t=StartTransaction_SyncId<12175> sc=ActivityRecord{131725914 u0 com.anonymous.androidrn/.MainActivity t1205}, caller=android.view.SurfaceControl$Transaction.show:3557 com.android.server.wm.Transition.onTransactionReady:2048 com.android.server.wm.BLASTSyncEngine$SyncGroup.finishNow:240 com.android.server.wm.BLASTSyncEngine.onSurfacePlacement:263 com.android.server.wm.RootWindowContainer.performSurfacePlacementNoTrace:1083 com.android.server.wm.WindowSurfacePlacer.performSurfacePlacement:166 
02-09 21:00:55.953  2827  3062 V WindowManager:         {WCT{RemoteToken{5253d85 Task{4bc74bd #1205 type=standard A=10500:com.anonymous.androidrn}}} m=OPEN f=NONE leash=Surface(name=Task=1205)/@0x5ad27ef sb=Rect(0, 0 - 1080, 2340) eb=Rect(0, 0 - 1080, 2340) epz=Point(1080, 2340) d=0 taskParent=-1 inset=Rect(0, 91 - 0, 144) dim=true},
02-09 21:00:55.957  1970  2783 I SurfaceFlinger: id=130270 createSurf, flag=84000, 8a5317c ActivityRecordInputSink com.anonymous.androidrn/.MainActivity#130270
02-09 21:00:55.957  2827  4458 D SGM:FgCheckThread: onLooperPrepared(), msg: MSG_APP_CREATE, pkgName: com.anonymous.androidrn, userId: 0
02-09 21:00:55.957  2827  4458 D SGM:FgCheckThread: onLooperPrepared(), msg: MSG_TASK_FOCUSED, pkgName: com.anonymous.androidrn, userId: 0
02-09 21:00:55.957  2827  4458 D SGM:FgCheckThread:   handleTaskFocused(), pkgName: com.anonymous.androidrn, userID:0
02-09 21:00:55.957  2827  4458 D SGM:FgCheckThread:   handleResume(). pkgName: com.anonymous.androidrn, userId: 0, category: non-game
02-09 21:00:55.957  2827  4458 D SGM:FgCheckThread: notifyFocusInOut(). of pkg: com.anonymous.androidrn, type: 4, isSecGameFamily: false, userId: 0
02-09 21:00:55.957 31515 31515 D nativeloader: Configuring clns-9 for other apk /data/app/~~k1yBigyPMN2INQFLV44xzA==/com.anonymous.androidrn-HBCa856juyVvCUsfSrKfhw==/base.apk. target_sdk_version=36, uses_libraries=, library_path=/data/app/~~k1yBigyPMN2INQFLV44xzA==/com.anonymous.androidrn-HBCa856juyVvCUsfSrKfhw==/lib/arm64:/data/app/~~k1yBigyPMN2INQFLV44xzA==/com.anonymous.androidrn-HBCa856juyVvCUsfSrKfhw==/base.apk!/lib/arm64-v8a, permitted_path=/data:/mnt/expand:/data/user/0/com.anonymous.androidrn
02-09 21:00:55.958  2827  3058 V WindowManager: Sent Transition (#12175) createdAt=02-09 21:00:55.894 via request=TransitionRequestInfo { type = OPEN, triggerTask = TaskInfo{userId=0 taskId=1205 effectiveUid=10500 displayId=0 isRunning=true baseIntent=Intent { flg=0x10000000 cmp=com.anonymous.androidrn/.MainActivity } baseActivity=ComponentInfo{com.anonymous.androidrn/com.anonymous.androidrn.MainActivity} topActivity=ComponentInfo{com.anonymous.androidrn/com.anonymous.androidrn.MainActivity} origActivity=null realActivity=ComponentInfo{com.anonymous.androidrn/com.anonymous.androidrn.MainActivity} numActivities=1 lastActiveTime=775004695 supportsMultiWindow=true resizeMode=1 isResizeable=true minWidth=-1 minHeight=-1 maxWidth=-1 maxHeight=-1 defaultMinSize=220 desktopDefaultMinSize=304 token=WCT{RemoteToken{5253d85 Task{4bc74bd #1205 type=standard A=10500:com.anonymous.androidrn}}} topActivityType=1 pictureInPictureParams=null shouldDockBigOverlays=false launchIntoPipHostTaskId=-1 lastParentTaskIdBeforePip=-1 displayCutoutSafeInsets=Rect(0, 91 - 0, 0) topActivityInfo=ActivityInfo{f4e540b com.anonymous.androidrn.MainActivity} launchCookies=[] positionInParent=Point(0, 0) parentTaskId=-1 isFocused=false isVisible=false isVisibleRequested=false isTopActivityNoDisplay=false isSleeping=false locusId=null displayAreaFeatureId=1 isTopActivityTransparent=false isActivityStackTransparent=false lastNonFullscreenBounds=Rect(81, 558 - 999, 1728) capturedLink=null capturedLinkTimestamp=0 requestedVisibleTypes=-9 topActivityRequestOpenInBrowserEducationTimestamp=0 appCompatTaskInfo=AppCompatTaskInfo { topActivityInSizeCompat=false eligibleForLetterboxEducation= false isLetterboxEducationEnabled= false isLetterboxDoubleTapEnabled= false eligibleForUserAspectRatioButton= false topActivityBoundsLetterboxed= false isFromLetterboxDoubleTap= false topActivityLetterboxVerticalPosition= -1 topActivityLetterboxHorizontalPosition= -1 topActivityLetterboxWidth=-1 topActivityLetterboxHeight=-1 topActivityAppBounds=Rect(0, 0 - 1080, 2340) isUserFullscreenOverrideEnabled=false isSystemFullscreenOverrideEnabled=false hasMinAspectRatioOverride=false topActivityLetterboxBounds=null cameraCompatTaskInfo=CameraCompatTaskInfo { freeformCameraCompatMode=inactive} topActivityBounds=null topActivityInDisplayCompat=false singleTapFromLetterbox=false} topActivityMainWindowFrame=null originallySupportedMultiWindow=true hasWallpaper=false rootAffinity=10500:com.anonymous.androidrn isTopTaskInStage=false CoverLauncherWidgetTask=false LaunchedFromAppsCoverLauncherTask=false LaunchedFromMultistarCoverLauncherTask=false isAllowedSeamlessRotation=false isTopTransparentActivity=false isAliasManaged=false hasConfigChanged=false snappingGuideBounds=null isAiKeyRemoveAppTask=false lastDesktopWindowingBounds=null lastExternalDesktopWindowingBounds=null safeCutoutInsets=null}, pipChange = null, remoteTransition = null, displayChange = null, flags = 0, debugId = 12175 }
02-09 21:00:55.958  2827  3058 V WindowManager:         {WCT{RemoteToken{5253d85 Task{4bc74bd #1205 type=standard A=10500:com.anonymous.androidrn}}} m=OPEN f=NONE leash=Surface(name=Task=1205)/@0x5ad27ef sb=Rect(0, 0 - 1080, 2340) eb=Rect(0, 0 - 1080, 2340) epz=Point(1080, 2340) d=0 taskParent=-1 inset=Rect(0, 91 - 0, 144) dim=true},
02-09 21:00:55.958  2827  3061 D SGM:FgCheckThread: noteResumeComponent(), received pkgName: com.anonymous.androidrn, userId: 0
02-09 21:00:55.958  7906 31045 I SDHMS:k : handleResumeComponent : put = com.anonymous.androidrn, userid = 0 instanceid =117275314
02-09 21:00:55.958 15248 16922 I SAMSUNGWALLET: [Hint_SimpleHintProcessMonitor] isHomePackageRunning topPkgName = com.anonymous.androidrn, topClsName = com.anonymous.androidrn.MainActivity, return false , se : false
02-09 21:00:55.959  2827  4458 D SGM:FgCheckThread: onLooperPrepared(), msg: MSG_APP_RESUME, pkgName: com.anonymous.androidrn, userid: 0
02-09 21:00:55.959  2827  4458 D SGM:FgCheckThread:   handleResume(). pkgName: com.anonymous.androidrn, userId: 0, category: non-game
02-09 21:00:55.959  2827  4458 D SGM:FgCheckThread: notifyFocusInOut(). of pkg: com.anonymous.androidrn, type: 4, isSecGameFamily: false, userId: 0
02-09 21:00:55.961 31515 31515 V GraphicsEnvironment: com.anonymous.androidrn is not listed in per-application setting
02-09 21:00:55.961 31515 31515 V GraphicsEnvironment: com.anonymous.androidrn is not listed in ANGLE allowlist or settings, returning default
02-09 21:00:55.961  1970  1970 I SurfaceFlinger: RequestedLayer [3862972 Splash Screen com.anonymous.androidrn#130266] hidden!! flag  from(1) --> to(0)
02-09 21:00:55.961  1970  1970 I SurfaceFlinger: RequestedLayer [Splash Screen com.anonymous.androidrn$_4827#130267] hidden!! flag  from(1) --> to(0)
02-09 21:00:55.961  1970  1970 I SurfaceFlinger: [8a5317c ActivityRecordInputSink com.anonymous.androidrn/.MainActivity#130270] attach to parent LayerHierarchy{RequestedLayerState{ActivityRecord{131725914 u0 com.anonymous.androidrn/.MainActivity t1205}#130265 parentId=130264} 2 children}
02-09 21:00:55.964  2827  4544 D GraphicsStatsService: requestRenderEngineFor(com.anonymous.androidrn)
02-09 21:00:55.965 31515 31515 D ActivityThread: com.anonymous.androidrn will use render engine as VK
02-09 21:00:55.967 31515 31515 W SoLoader: Recording new base apk path: /data/app/~~k1yBigyPMN2INQFLV44xzA==/com.anonymous.androidrn-HBCa856juyVvCUsfSrKfhw==/base.apk
02-09 21:00:55.967 31515 31515 I SoLoader: Preparing SO source: DirectApkSoSource[root = [/data/app/~~k1yBigyPMN2INQFLV44xzA==/com.anonymous.androidrn-HBCa856juyVvCUsfSrKfhw==/base.apk!/lib/arm64-v8a]]
02-09 21:00:55.967 31515 31515 I SoLoader: Preparing SO source: ApplicationSoSource[DirectorySoSource[root = /data/app/~~k1yBigyPMN2INQFLV44xzA==/com.anonymous.androidrn-HBCa856juyVvCUsfSrKfhw==/lib/arm64 flags = 0]]
02-09 21:00:55.969 31515 31540 D vulkan  : searching for layers in '/data/app/~~k1yBigyPMN2INQFLV44xzA==/com.anonymous.androidrn-HBCa856juyVvCUsfSrKfhw==/lib/arm64'
02-09 21:00:55.969  2827  7741 D GraphicsStatsService: requestRenderEngineFor(com.anonymous.androidrn)
02-09 21:00:55.969 31515 31515 D ActivityThread: com.anonymous.androidrn will use render engine as VK
02-09 21:00:55.969  2827  3061 D SGM:GameManager: identifyGamePackage. com.anonymous.androidrn, mCurrentUserId: 0, callingMethodInfo: com.samsung.android.game.SemGameManager.isGamePackage(SemGameManager.java:106)
02-09 21:00:55.969  2827  3061 D SGM:SemGameManager: isGamePackage(), pkgName=com.anonymous.androidrn, ret=false
02-09 21:00:55.970  5336  5336 I HoneySpace.EdgePanel.EdgePanelContainerViewModel: cocktailHostRepository.edgePanelOperation NoteResumeComponent(componentName=ComponentInfo{com.anonymous.androidrn/com.anonymous.androidrn.MainActivity})
02-09 21:00:55.970  5336  5336 I HoneySpace.EdgePanel.ActivityUtils: HomePackage : com.sec.android.app.launcher, resumePackageName : com.anonymous.androidrn, className : com.anonymous.androidrn.MainActivity
02-09 21:00:55.972 31515 31540 D vulkan  : searching for layers in '/data/app/~~k1yBigyPMN2INQFLV44xzA==/com.anonymous.androidrn-HBCa856juyVvCUsfSrKfhw==/base.apk!/lib/arm64-v8a'
02-09 21:00:55.975  2827  4821 D SGM:GameManager: identifyGamePackage. com.anonymous.androidrn, mCurrentUserId: 0, callingMethodInfo: com.samsung.android.game.IGameManagerService$Stub.onTransact(IGameManagerService.java:247)
02-09 21:00:55.979  1970  1970 D SurfaceFlinger:        DEVICE |           20731807177018 | 00002100 | RGBA_8888    |    0.0    0.0   49.0 2340.0 | 1031    0 1080 2340 | Splash Screen com.anonymous.androidrn$_4827#130267 (1)
02-09 21:00:55.981 31515 31515 D nativeloader: Load /data/app/~~k1yBigyPMN2INQFLV44xzA==/com.anonymous.androidrn-HBCa856juyVvCUsfSrKfhw==/base.apk!/lib/arm64-v8a/libc++_shared.so using class loader ns clns-9 (caller=/data/app/~~k1yBigyPMN2INQFLV44xzA==/com.anonymous.androidrn-HBCa856juyVvCUsfSrKfhw==/base.apk): ok
02-09 21:00:55.983 31515 31515 D nativeloader: Load /data/app/~~k1yBigyPMN2INQFLV44xzA==/com.anonymous.androidrn-HBCa856juyVvCUsfSrKfhw==/base.apk!/lib/arm64-v8a/libjsi.so using class loader ns clns-9 (caller=/data/app/~~k1yBigyPMN2INQFLV44xzA==/com.anonymous.androidrn-HBCa856juyVvCUsfSrKfhw==/base.apk): ok
02-09 21:00:55.984 31515 31515 D nativeloader: Load /data/app/~~k1yBigyPMN2INQFLV44xzA==/com.anonymous.androidrn-HBCa856juyVvCUsfSrKfhw==/base.apk!/lib/arm64-v8a/libfbjni.so using class loader ns clns-9 (caller=/data/app/~~k1yBigyPMN2INQFLV44xzA==/com.anonymous.androidrn-HBCa856juyVvCUsfSrKfhw==/base.apk): ok
02-09 21:00:55.991 31515 31515 D nativeloader: Load /data/app/~~k1yBigyPMN2INQFLV44xzA==/com.anonymous.androidrn-HBCa856juyVvCUsfSrKfhw==/base.apk!/lib/arm64-v8a/libreactnative.so using class loader ns clns-9 (caller=/data/app/~~k1yBigyPMN2INQFLV44xzA==/com.anonymous.androidrn-HBCa856juyVvCUsfSrKfhw==/base.apk): ok
02-09 21:00:56.000 31515 31515 D nativeloader: Load /data/app/~~k1yBigyPMN2INQFLV44xzA==/com.anonymous.androidrn-HBCa856juyVvCUsfSrKfhw==/base.apk!/lib/arm64-v8a/libhermes.so using class loader ns clns-9 (caller=/data/app/~~k1yBigyPMN2INQFLV44xzA==/com.anonymous.androidrn-HBCa856juyVvCUsfSrKfhw==/base.apk): ok
02-09 21:00:56.002 31515 31515 D nativeloader: Load /data/app/~~k1yBigyPMN2INQFLV44xzA==/com.anonymous.androidrn-HBCa856juyVvCUsfSrKfhw==/base.apk!/lib/arm64-v8a/libhermestooling.so using class loader ns clns-9 (caller=/data/app/~~k1yBigyPMN2INQFLV44xzA==/com.anonymous.androidrn-HBCa856juyVvCUsfSrKfhw==/base.apk): ok
02-09 21:00:56.046  1970  2783 I SurfaceFlinger: id=130271 createSurf, flag=84004, d766548 com.anonymous.androidrn/com.anonymous.androidrn.MainActivity#130271
02-09 21:00:56.049 31515 31515 I InsetsController: onStateChanged: host=com.anonymous.androidrn/com.anonymous.androidrn.MainActivity, from=android.view.ViewRootImpl.onInsetsStateChanged:3026, state=InsetsState: {mDisplayFrame=Rect(0, 0 - 1080, 2340), mDisplayCutout=DisplayCutout{insets=Rect(0, 91 - 0, 0) waterfall=Insets{left=0, top=0, right=0, bottom=0} boundingRect={Bounds=[Rect(0, 0 - 0, 0), Rect(511, 0 - 569, 91), Rect(0, 0 - 0, 0), Rect(0, 0 - 0, 0)]} cutoutPathParserInfo={CutoutPathParserInfo{displayWidth=1080 displayHeight=2340 physicalDisplayWidth=1080 physicalDisplayHeight=2340 density={3.0} cutoutSpec={M 0,0 H -9.666666666666667 V 30.33333333333333 H 9.666666666666667 V 0 H 0 Z @dp} rotation={0} scale={1.0} physicalPixelDisplaySizeRatio={1.0}}} sideOverrides={}}, mRoundedCorners=RoundedCorners{[RoundedCorner{position=TopLeft, radius=102, center=Point(102, 102)}, RoundedCorner{position=TopRight, radius=102, center=Point(978, 102)}, RoundedCorner{position=BottomRight, radius=102, center=Point(978, 2238)}, RoundedCorner{position=BottomLeft, radius=102, center=Point(102, 2238)}]}  mRoundedCornerFrame=Rect(0, 0 - 1080, 2340), mPrivacyIndicatorBounds=PrivacyIndicatorBounds {static bounds=Rect(948, 0 - 1080, 91) rotation=0}, mDisplayShape=DisplayShape{ spec=-311912193 displayWidth=1080 displayHeight=2340 physicalPixelDisplaySizeRatio=1.0 rotation=0 offsetX=0 offsetY=0 scale=1.0}, mSources= { InsetsSource: {f9470001 mType=navigationBars mFrame=[0,2196][1080,2340] mVisible=true mFlags= mSideHint=BOTTOM mBoundingRects=null}, InsetsSource: {f9470004 mType=systemGestures mFrame=[0,0][0,0] mVisible=true mFlags= mSideHint=NONE mBoundingRects=null}, InsetsSource: {f9470005 mType=mandatorySystemGestures mFrame=[0,2196][1080,2340] mVisible=true mFlags= mSideHint=BOTTOM mBoundingRects=null}, InsetsSource: {f9470006 mType=tappableElement mFrame=[0,2196][1080,2340] mVisible=true mFlags= mSideHint=BOTTOM mBoundingRects=null}, InsetsSource: {f9470024 mType=systemGestures mFrame=[0,0][0,0] mVisible=true mFlags= mSideHint=NONE mBoundingRects=null}, InsetsSource: {fcb20000 mType=statusBars mFrame=[0,0][1080,91] mVisible=true mFlags= mSideHint=TOP mBoundingRects=null}, InsetsSource: {fcb20005 mType=mandatorySystemGestures mFrame=[0,0][1080,127] mVisible=true mFlags= mSideHint=TOP mBoundingRects=null}, InsetsSource: {fcb20006 mType=tappableElement mFrame=[0,0][1080,91] mVisible=true mFlags= mSideHint=TOP mBoundingRects=null}, InsetsSource: {3 mType=ime mFrame=[0,0][0,0] mVisible=false mFlags= mSideHint=NONE mBoundingRects=null}, InsetsSource: {27 mType=displayCutout mFrame=[0,0][1080,91] mVisible=true mFlags= mSideHint=TOP mBoundingRects=null} }
02-09 21:00:56.051 31515 31560 D nativeloader: Load /data/app/~~k1yBigyPMN2INQFLV44xzA==/com.anonymous.androidrn-HBCa856juyVvCUsfSrKfhw==/base.apk!/lib/arm64-v8a/libexpo-modules-core.so using class loader ns clns-9 (caller=/data/app/~~k1yBigyPMN2INQFLV44xzA==/com.anonymous.androidrn-HBCa856juyVvCUsfSrKfhw==/base.apk): ok
02-09 21:00:56.052  1970  1970 I SurfaceFlinger: [d766548 com.anonymous.androidrn/com.anonymous.androidrn.MainActivity#130271] attach to parent LayerHierarchy{RequestedLayerState{ActivityRecord{131725914 u0 com.anonymous.androidrn/.MainActivity t1205}#130265 parentId=130264} 3 children}
02-09 21:00:56.055 31515 31515 I IDS_TAG : Getting Shared Preference for com.anonymous.androidrn.MainApplication@e337bff uid = 10500
02-09 21:00:56.056 31515 31515 I IDS_TAG : App com.anonymous.androidrn.MainApplication@e337bff has not finished training
02-09 21:00:56.057 31515 31515 I IDS_TAG : Getting Shared Preference for com.anonymous.androidrn.MainApplication@e337bff uid = 10500
02-09 21:00:56.057 31515 31515 I IDS_TAG : IDS count updated to 6 for com.anonymous.androidrn.MainApplication@e337bff
02-09 21:00:56.059  2827  5367 D CoreBackPreview: Window{d766548 u0 com.anonymous.androidrn/com.anonymous.androidrn.MainActivity}: Setting back callback OnBackInvokedCallbackInfo{mCallback=android.window.IOnBackInvokedCallback$Stub$Proxy@e560cb7, mPriority=0, mIsAnimationCallback=false, mOverrideBehavior=0}
02-09 21:00:56.059  2827  8023 I WindowManager: Relayout Window{d766548 u0 com.anonymous.androidrn/com.anonymous.androidrn.MainActivity}: viewVisibility=0 req=1080x2340 ty=1 d0
02-09 21:00:56.060  1970  2784 I SurfaceFlinger: id=130272 createSurf, flag=44004, com.anonymous.androidrn/com.anonymous.androidrn.MainActivity$_31515#130272
02-09 21:00:56.060  2827  8023 D WindowManager: makeSurface duration=1 name=com.anonymous.androidrn/com.anonymous.androidrn.MainActivity$_31515
02-09 21:00:56.060  2827  8023 D SurfaceComposerClient: setCornerRadius ## 3862972 Splash Screen com.anonymous.androidrn#130266 cornerRadius=0.000000
02-09 21:00:56.060  2827  8023 D SurfaceComposerClient: setCornerRadius ## d766548 com.anonymous.androidrn/com.anonymous.androidrn.MainActivity#130271 cornerRadius=0.000000
02-09 21:00:56.060  2827  8023 D InsetsSourceProvider: updateControlForTarget: control=InsetsSourceControl: {fcb20000 mType=statusBars initiallyVisible mSurfacePosition=Point(0, 0) mInsetsHint=Insets{left=0, top=91, right=0, bottom=0}}, target=Window{3862972 u0 Splash Screen com.anonymous.androidrn}, from=com.android.server.wm.InsetsStateController.onControlTargetChanged:83 com.android.server.wm.InsetsPolicy.updateBarControlTarget:212 com.android.server.wm.DisplayPolicy.updateSystemBarAttributes:262 com.android.server.wm.DisplayPolicy.finishPostLayoutPolicyLw:17 com.android.server.wm.RootWindowContainer.applySurfaceChangesTransaction$1:195 
02-09 21:00:56.060  2827  8023 D InsetsSourceProvider: updateControlForTarget: control=InsetsSourceControl: {f9470001 mType=navigationBars initiallyVisible mSurfacePosition=Point(0, 2196) mInsetsHint=Insets{left=0, top=0, right=0, bottom=144}}, target=Window{3862972 u0 Splash Screen com.anonymous.androidrn}, from=com.android.server.wm.InsetsStateController.onControlTargetChanged:83 com.android.server.wm.InsetsPolicy.updateBarControlTarget:225 com.android.server.wm.DisplayPolicy.updateSystemBarAttributes:262 com.android.server.wm.DisplayPolicy.finishPostLayoutPolicyLw:17 com.android.server.wm.RootWindowContainer.applySurfaceChangesTransaction$1:195 
02-09 21:00:56.060  2827  8023 D WindowManager: updateSystemBarAttributes: displayId=0, focusedCanBeNavColorWin=false, win=Window{3862972 u0 Splash Screen com.anonymous.androidrn}, navColorWin=Window{3862972 u0 Splash Screen com.anonymous.androidrn}, caller=com.android.server.wm.DisplayPolicy.finishPostLayoutPolicyLw:17 com.android.server.wm.RootWindowContainer.applySurfaceChangesTransaction$1:195 com.android.server.wm.RootWindowContainer.performSurfacePlacementNoTrace:59 
02-09 21:00:56.061  1970  1970 I SurfaceFlinger: RequestedLayer [d766548 com.anonymous.androidrn/com.anonymous.androidrn.MainActivity#130271] hidden!! flag  from(1) --> to(0)
02-09 21:00:56.061  2827  8023 D SurfaceComposerClient: setCornerRadius ## 3862972 Splash Screen com.anonymous.androidrn#130266 cornerRadius=0.000000
02-09 21:00:56.061  2827  8023 D SurfaceComposerClient: setCornerRadius ## d766548 com.anonymous.androidrn/com.anonymous.androidrn.MainActivity#130271 cornerRadius=0.000000
02-09 21:00:56.061  1970  1970 I SurfaceFlinger: [com.anonymous.androidrn/com.anonymous.androidrn.MainActivity$_31515#130272] attach to parent LayerHierarchy{RequestedLayerState{d766548 com.anonymous.androidrn/com.anonymous.androidrn.MainActivity#130271 parentId=130265} 1 children}
02-09 21:00:56.061  2827  8023 D WindowManager: Changing focus from null to Window{d766548 u0 com.anonymous.androidrn/com.anonymous.androidrn.MainActivity} displayId=0 Callers=com.android.server.wm.WindowManagerService.relayoutWindow:1350 com.android.server.wm.Session.relayout:27 android.view.IWindowSession$Stub.onTransact:829 com.android.server.wm.Session.onTransact:1 
02-09 21:00:56.061  2827  8023 D InsetsSourceProvider: updateControlForTarget: control=InsetsSourceControl: {fcb20000 mType=statusBars initiallyVisible mSurfacePosition=Point(0, 0) mInsetsHint=Insets{left=0, top=91, right=0, bottom=0}}, target=Window{d766548 u0 com.anonymous.androidrn/com.anonymous.androidrn.MainActivity}, from=com.android.server.wm.InsetsStateController.onControlTargetChanged:83 com.android.server.wm.InsetsPolicy.updateBarControlTarget:212 com.android.server.wm.DisplayPolicy.updateSystemBarAttributes:262 com.android.server.wm.WindowManagerService.updateFocusedWindowLocked:372 com.android.server.wm.WindowManagerService.relayoutWindow:1350 
02-09 21:00:56.061  2827  8023 D InsetsSourceProvider: updateControlForTarget: control=InsetsSourceControl: {f9470001 mType=navigationBars initiallyVisible mSurfacePosition=Point(0, 2196) mInsetsHint=Insets{left=0, top=0, right=0, bottom=144}}, target=Window{d766548 u0 com.anonymous.androidrn/com.anonymous.androidrn.MainActivity}, from=com.android.server.wm.InsetsStateController.onControlTargetChanged:83 com.android.server.wm.InsetsPolicy.updateBarControlTarget:225 com.android.server.wm.DisplayPolicy.updateSystemBarAttributes:262 com.android.server.wm.WindowManagerService.updateFocusedWindowLocked:372 com.android.server.wm.WindowManagerService.relayoutWindow:1350 
02-09 21:00:56.061  2827  8023 D WindowManager: updateSystemBarAttributes: displayId=0, focusedCanBeNavColorWin=false, win=Window{d766548 u0 com.anonymous.androidrn/com.anonymous.androidrn.MainActivity}, navColorWin=Window{3862972 u0 Splash Screen com.anonymous.androidrn}, caller=com.android.server.wm.WindowManagerService.updateFocusedWindowLocked:372 com.android.server.wm.WindowManagerService.relayoutWindow:1350 com.android.server.wm.Session.relayout:27 
02-09 21:00:56.061  2827  8023 V SystemKeyManager: updateFocusedWindow() is called, com.anonymous.androidrn/com.anonymous.androidrn.MainActivity
02-09 21:00:56.061  2827  8023 I SystemKeyManager: requested systemKeyInfo size=1 focusedWindow=com.anonymous.androidrn/com.anonymous.androidrn.MainActivity
02-09 21:00:56.061  2827  8023 I SystemKeyManager: requested systemKeyInfo size=1 focusedWindow=com.anonymous.androidrn/com.anonymous.androidrn.MainActivity
02-09 21:00:56.062 31515 31560 I ReactNativeJS: Running "main"
02-09 21:00:56.063  7906 16149 I FASProvider: makeValuesForFasUpdate contentValues = package_name=com.anonymous.androidrn extras=0 reason=deleted_from_mars_auto disableReason=default disableResetTime=1770642056061 uid=10500 mode=1 level=2 resetTime=0
02-09 21:00:56.069 31515 31560 W ReactNativeJS: The app is running using the Legacy Architecture. The Legacy Architecture is deprecated and will be removed in a future version of React Native. Please consider migrating to the New Architecture. For more information, please see https://reactnative.dev/blog/2024/10/23/the-new-architecture-is-here
02-09 21:00:56.071  4827  4827 D NavigationBar: onSystemBarAttributesChanged() -  displayId:0, appearance:16, packageName: com.anonymous.androidrn (APPEARANCE_LIGHT_NAVIGATION_BARS ), navbarColorManagedByIme:false
02-09 21:00:56.073  2827  3062 I WindowManager: notifyInsetsControlChanged, removed=false, win=Window{3862972 u0 Splash Screen com.anonymous.androidrn}, caller=com.android.server.wm.InsetsStateController$$ExternalSyntheticLambda1.run:137 com.android.server.wm.WindowAnimator$$ExternalSyntheticLambda2.onTransactionCommitted:26 android.view.SurfaceControl$Transaction$$ExternalSyntheticLambda4.run:0 android.os.Handler.handleCallback:995 android.os.Handler.dispatchMessage:103 android.os.Looper.loopOnce:273 
02-09 21:00:56.073  4827  5002 I InsetsController: onStateChanged: host=Splash Screen com.anonymous.androidrn, from=android.view.ViewRootImpl.onInsetsStateChanged:3026, state=InsetsState: {mDisplayFrame=Rect(0, 0 - 1080, 2340), mDisplayCutout=DisplayCutout{insets=Rect(0, 91 - 0, 0) waterfall=Insets{left=0, top=0, right=0, bottom=0} boundingRect={Bounds=[Rect(0, 0 - 0, 0), Rect(511, 0 - 569, 91), Rect(0, 0 - 0, 0), Rect(0, 0 - 0, 0)]} cutoutPathParserInfo={CutoutPathParserInfo{displayWidth=1080 displayHeight=2340 physicalDisplayWidth=1080 physicalDisplayHeight=2340 density={3.0} cutoutSpec={M 0,0 H -9.666666666666667 V 30.33333333333333 H 9.666666666666667 V 0 H 0 Z @dp} rotation={0} scale={1.0} physicalPixelDisplaySizeRatio={1.0}}} sideOverrides={}}, mRoundedCorners=RoundedCorners{[RoundedCorner{position=TopLeft, radius=102, center=Point(102, 102)}, RoundedCorner{position=TopRight, radius=102, center=Point(978, 102)}, RoundedCorner{position=BottomRight, radius=102, center=Point(978, 2238)}, RoundedCorner{position=BottomLeft, radius=102, center=Point(102, 2238)}]}  mRoundedCornerFrame=Rect(0, 0 - 1080, 2340), mPrivacyIndicatorBounds=PrivacyIndicatorBounds {static bounds=Rect(948, 0 - 1080, 91) rotation=0}, mDisplayShape=DisplayShape{ spec=-311912193 displayWidth=1080 displayHeight=2340 physicalPixelDisplaySizeRatio=1.0 rotation=0 offsetX=0 offsetY=0 scale=1.0}, mSources= { InsetsSource: {f9470001 mType=navigationBars mFrame=[0,2196][1080,2340] mVisible=true mFlags= mSideHint=BOTTOM mBoundingRects=null}, InsetsSource: {f9470004 mType=systemGestures mFrame=[0,0][0,0] mVisible=true mFlags= mSideHint=NONE mBoundingRects=null}, InsetsSource: {f9470005 mType=mandatorySystemGestures mFrame=[0,2196][1080,2340] mVisible=true mFlags= mSideHint=BOTTOM mBoundingRects=null}, InsetsSource: {f9470006 mType=tappableElement mFrame=[0,2196][1080,2340] mVisible=true mFlags= mSideHint=BOTTOM mBoundingRects=null}, InsetsSource: {f9470024 mType=systemGestures mFrame=[0,0][0,0] mVisible=true mFlags= mSideHint=NONE mBoundingRects=null}, InsetsSource: {fcb20000 mType=statusBars mFrame=[0,0][1080,91] mVisible=true mFlags= mSideHint=TOP mBoundingRects=null}, InsetsSource: {fcb20005 mType=mandatorySystemGestures mFrame=[0,0][1080,127] mVisible=true mFlags= mSideHint=TOP mBoundingRects=null}, InsetsSource: {fcb20006 mType=tappableElement mFrame=[0,0][1080,91] mVisible=true mFlags= mSideHint=TOP mBoundingRects=null}, InsetsSource: {3 mType=ime mFrame=[0,0][0,0] mVisible=false mFlags= mSideHint=NONE mBoundingRects=null}, InsetsSource: {27 mType=displayCutout mFrame=[0,0][1080,91] mVisible=true mFlags= mSideHint=TOP mBoundingRects=null} }
02-09 21:00:56.075  2827  4632 D MdnieScenarioControlService:  packageName : com.anonymous.androidrn    className : com.anonymous.androidrn.MainActivity
02-09 21:00:56.076  1970  5313 I SurfaceFlinger: [com.anonymous.androidrn/com.anonymous.androidrn.MainActivity$_31515#130272] setTransactionState with the first frame. bufferData(ID: 135355894333440, frameNumber: 1)
02-09 21:00:56.076  2827  5367 D WindowManager: finishDrawingWindow: Window{d766548 u0 com.anonymous.androidrn/com.anonymous.androidrn.MainActivity} mDrawState=DRAW_PENDING seqId=0
02-09 21:00:56.076  2827  3062 D SurfaceComposerClient: setCornerRadius ## 3862972 Splash Screen com.anonymous.androidrn#130266 cornerRadius=0.000000
02-09 21:00:56.076  2827  3062 D SurfaceComposerClient: setCornerRadius ## d766548 com.anonymous.androidrn/com.anonymous.androidrn.MainActivity#130271 cornerRadius=0.000000
02-09 21:00:56.077  2827  3062 D SurfaceComposerClient: setCornerRadius ## 3862972 Splash Screen com.anonymous.androidrn#130266 cornerRadius=0.000000
02-09 21:00:56.077  2827  3062 V WindowManager: Finish starting ActivityRecord{131725914 u0 com.anonymous.androidrn/.MainActivity t1205}: first real window is shown, no animation
02-09 21:00:56.077  2827  3062 V WindowManager: Schedule remove starting ActivityRecord{131725914 u0 com.anonymous.androidrn/.MainActivity t1205} startingWindow=Window{3862972 u0 Splash Screen com.anonymous.androidrn} animate=true Callers=com.android.server.wm.ActivityRecord.removeStartingWindow:178 com.android.server.wm.WindowState.performShowLocked:155 com.android.server.wm.WindowStateAnimator.commitFinishDrawingLocked:73 com.android.server.wm.DisplayContent$$ExternalSyntheticLambda1.accept$com$android$server$wm$DisplayContent$$ExternalSyntheticLambda37:23 com.android.server.wm.DisplayContent$$ExternalSyntheticLambda1.accept:143 
02-09 21:00:56.077  2827  3062 D TaskOrganizerController: applyStartingWindowAnimation, window=Window{d766548 u0 com.anonymous.androidrn/com.anonymous.androidrn.MainActivity}, caller=com.android.server.wm.TaskOrganizerController.removeStartingWindow:132 com.android.server.wm.StartingSurfaceController$StartingSurface.remove:23 com.android.server.wm.ActivityRecord.removeStartingWindowAnimation:171 
02-09 21:00:56.077  2827  3062 I WindowManager: Reparenting to leash, surface=Surface(name=d766548 com.anonymous.androidrn/com.anonymous.androidrn.MainActivity)/@0x65dc6f2, leashParent=Surface(name=ActivityRecord{131725914 u0 com.anonymous.androidrn/.MainActivity t1205})/@0x9b7a143
02-09 21:00:56.077  1970  5313 I SurfaceFlinger: id=130277 createSurf, flag=24000, Surface(name=d766548 com.anonymous.androidrn/com.anonymous.androidrn.MainActivity)/@0x65dc6f2 - animation-leash of starting_reveal#130277
02-09 21:00:56.078  2827  3062 D WindowManager: makeSurface duration=1 leash=Surface(name=Surface(name=d766548 com.anonymous.androidrn/com.anonymous.androidrn.MainActivity)/@0x65dc6f2 - animation-leash of starting_reveal)/@0x32443c0
02-09 21:00:56.078  1970  1970 I SurfaceFlinger: [Surface(name=d766548 com.anonymous.androidrn/com.anonymous.androidrn.MainActivity)/@0x65dc6f2 - animation-leash of starting_reveal#130277] attach to parent LayerHierarchy{RequestedLayerState{ActivityRecord{131725914 u0 com.anonymous.androidrn/.MainActivity t1205}#130265 parentId=130264} 4 children}
02-09 21:00:56.078  2827  3062 I ActivityTaskManager: done cause=notifyWindowsDrawn timestamp=315767597108762 info=TransitionInfo{99588f9 a=ActivityRecord{131725914 u0 com.anonymous.androidrn/.MainActivity t1205} d=true}
02-09 21:00:56.078  2827  3062 V WindowManager: performShowLocked: mDrawState=HAS_DRAWN in Window{d766548 u0 com.anonymous.androidrn/com.anonymous.androidrn.MainActivity}
02-09 21:00:56.078  2827  3062 D SurfaceComposerClient: setCornerRadius ## d766548 com.anonymous.androidrn/com.anonymous.androidrn.MainActivity#130271 cornerRadius=0.000000
02-09 21:00:56.078  2827  3062 D SurfaceComposerClient: setCornerRadius ## 3862972 Splash Screen com.anonymous.androidrn#130266 cornerRadius=0.000000
02-09 21:00:56.078  2827  3062 D SurfaceComposerClient: setCornerRadius ## d766548 com.anonymous.androidrn/com.anonymous.androidrn.MainActivity#130271 cornerRadius=0.000000
02-09 21:00:56.078  2827  3062 D SurfaceComposerClient: setCornerRadius ## 3862972 Splash Screen com.anonymous.androidrn#130266 cornerRadius=0.000000
02-09 21:00:56.078  2827  3062 D SurfaceComposerClient: setCornerRadius ## d766548 com.anonymous.androidrn/com.anonymous.androidrn.MainActivity#130271 cornerRadius=0.000000
02-09 21:00:56.079 31515 31515 I InsetsSourceConsumer: applyRequestedVisibilityToControl: visible=true, type=statusBars, host=com.anonymous.androidrn/com.anonymous.androidrn.MainActivity
02-09 21:00:56.079 31515 31515 I InsetsSourceConsumer: applyRequestedVisibilityToControl: visible=true, type=navigationBars, host=com.anonymous.androidrn/com.anonymous.androidrn.MainActivity
02-09 21:00:56.080  1970  2723 D SurfaceFlinger: [input] setFocusedWindow: d766548 com.anonymous.androidrn/com.anonymous.androidrn.MainActivity
02-09 21:00:56.080  2827 12697 D InputDispatcher: Once focus requested (0): d766548 com.anonymous.androidrn/com.anonymous.androidrn.MainActivity
02-09 21:00:56.080  2827 12697 D InputDispatcher: Focus request (0): d766548 com.anonymous.androidrn/com.anonymous.androidrn.MainActivity but waiting because NO_WINDOW
02-09 21:00:56.084  2827  3058 I PkgPredictorService-SecIpmManagerServiceImpl: reportToNAP uid:10500 com.anonymous.androidrn/com.anonymous.androidrn.MainActivity thisTime:184
02-09 21:00:56.085  2827  3058 I ActivityTaskManager: Displayed com.anonymous.androidrn/.MainActivity for user 0: +184ms
02-09 21:00:56.085  2827  3058 I Pageboost: Launch time gathered : pid 31515 com.anonymous.androidrn 184
02-09 21:00:56.086  1970  1970 I SurfaceFlinger: RequestedLayer [com.anonymous.androidrn/com.anonymous.androidrn.MainActivity$_31515#130272] hidden!! flag  from(1) --> to(0)
02-09 21:00:56.086  1970  1970 I SurfaceFlinger: [LayerHierarchy{RequestedLayerState{d766548 com.anonymous.androidrn/com.anonymous.androidrn.MainActivity#130271 parentId=130277} 1 children}] reparent to LayerHierarchy{RequestedLayerState{Surface(name=d766548 com.anonymous.androidrn/com.anonymous.androidrn.MainActivity)/@0x65dc6f2 - animation-leash of starting_reveal#130277 parentId=130265} 1 children}
02-09 21:00:56.088  1970  1970 D SurfaceFlinger:        DEVICE |          135355894333440 | 00002102 | RGBA_8888    |    0.0    0.0  826.0 2340.0 |  254    0 1080 2340 | com.anonymous.androidrn/com.anonymous.androidrn.MainActivity$_31515#130272 (1)
02-09 21:00:56.088  1970  1970 D SurfaceFlinger:        DEVICE |           20731807177018 | 00002100 | RGBA_8888    |    0.0    0.0  826.0 2340.0 |  254    0 1080 2340 | Splash Screen com.anonymous.androidrn$_4827#130267 (1)
02-09 21:00:56.088  2827  5367 D InputDispatcher: Focus entered window (0): d766548 com.anonymous.androidrn/com.anonymous.androidrn.MainActivity
02-09 21:00:56.090  2827  3062 D SurfaceComposerClient: setCornerRadius ## 3862972 Splash Screen com.anonymous.androidrn#130266 cornerRadius=0.000000
02-09 21:00:56.090  2827  3062 D SurfaceComposerClient: setCornerRadius ## d766548 com.anonymous.androidrn/com.anonymous.androidrn.MainActivity#130271 cornerRadius=0.000000
02-09 21:00:56.091  2827  4439 I ImeTracker: com.anonymous.androidrn:2bb77064: onRequestHide at ORIGIN_SERVER reason HIDE_UNSPECIFIED_WINDOW fromUser false
02-09 21:00:56.092 31515 31515 I ImeTracker: com.anonymous.androidrn:2bb77064: onCancelled at PHASE_CLIENT_ALREADY_HIDDEN
02-09 21:00:56.098  2827  4544 D InsetsSourceProvider: updateControlForTarget: control=InsetsSourceControl: {3 mType=ime mSurfacePosition=Point(0, 91) mInsetsHint=Insets{left=0, top=0, right=0, bottom=932}}, target=Window{d766548 u0 com.anonymous.androidrn/com.anonymous.androidrn.MainActivity}, from=com.android.server.wm.ImeInsetsSourceProvider.updateControlForTarget:17 com.android.server.wm.InsetsStateController.onControlTargetChanged:83 com.android.server.wm.DisplayContent.updateImeControlTarget:21 com.android.server.wm.DisplayContent.updateImeInputAndControlTarget:156 com.android.server.wm.WindowManagerService$LocalService.updateInputMethodTargetWindow:64 
02-09 21:00:56.099  2827  3062 D SurfaceComposerClient: setCornerRadius ## 3862972 Splash Screen com.anonymous.androidrn#130266 cornerRadius=0.000000
02-09 21:00:56.099  2827  3062 D SurfaceComposerClient: setCornerRadius ## d766548 com.anonymous.androidrn/com.anonymous.androidrn.MainActivity#130271 cornerRadius=0.000000
02-09 21:00:56.111  1970  1970 I SurfaceFlinger: [LayerHierarchy{RequestedLayerState{ImeContainer#15 parentId=130265 relativeParentId=130265 z=3} 1 children}] reparent to LayerHierarchy{RequestedLayerState{ActivityRecord{131725914 u0 com.anonymous.androidrn/.MainActivity t1205}#130265 parentId=130264} 4 children}
02-09 21:00:56.139  2827  7741 I WindowManager: Relayout Window{3862972 u0 Splash Screen com.anonymous.androidrn}: viewVisibility=8 req=1080x2340 ty=3 d0
02-09 21:00:56.139  2827  7741 D SurfaceComposerClient: setCornerRadius ## d766548 com.anonymous.androidrn/com.anonymous.androidrn.MainActivity#130271 cornerRadius=0.000000
02-09 21:00:56.139  2827  7741 D SurfaceComposerClient: setCornerRadius ## 3862972 Splash Screen com.anonymous.androidrn#130266 cornerRadius=0.000000
02-09 21:00:56.139  2827  7741 D SurfaceComposerClient: setCornerRadius ## d766548 com.anonymous.androidrn/com.anonymous.androidrn.MainActivity#130271 cornerRadius=0.000000
02-09 21:00:56.140  2827  7741 D CoreBackPreview: Window{3862972 u0 Splash Screen com.anonymous.androidrn}: Setting back callback null
02-09 21:00:56.140  2827  7741 D WindowManager: Starting window removed Window{3862972 u0 Splash Screen com.anonymous.androidrn}
02-09 21:00:56.140  2827  7741 I WindowManager: Cancelling animation restarting=false, leash=Surface(name=Surface(name=d766548 com.anonymous.androidrn/com.anonymous.androidrn.MainActivity)/@0x65dc6f2 - animation-leash of starting_reveal)/@0x32443c0
02-09 21:00:56.140  2827  7741 I WindowManager: Reparenting to original parent: Surface(name=ActivityRecord{131725914 u0 com.anonymous.androidrn/.MainActivity t1205})/@0x9b7a143, destroy=false, surface=Surface(name=d766548 com.anonymous.androidrn/com.anonymous.androidrn.MainActivity)/@0x65dc6f2
02-09 21:00:56.141  2827  7741 V WindowManager: Remove Window{3862972 u0 Splash Screen com.anonymous.androidrn}: mSurfaceControl=Surface(name=Splash Screen com.anonymous.androidrn$_4827)/@0x840738b mAnimatingExit=false mRemoveOnExit=false mHasSurface=true surfaceShowing=true animating=false app-animation=false callers=com.android.server.wm.Session.remove:16 android.view.IWindowSession$Stub.onTransact:804 com.android.server.wm.Session.onTransact:1 android.os.Binder.execTransactInternal:1462 android.os.Binder.execTransact:1401 <bottom of call stack> 
02-09 21:00:56.141  2827  7741 D SurfaceComposerClient: setCornerRadius ## d766548 com.anonymous.androidrn/com.anonymous.androidrn.MainActivity#130271 cornerRadius=0.000000
02-09 21:00:56.141  2827  7741 D SurfaceComposerClient: setCornerRadius ## d766548 com.anonymous.androidrn/com.anonymous.androidrn.MainActivity#130271 cornerRadius=0.000000
02-09 21:00:56.141  2827  3062 D SurfaceComposerClient: setCornerRadius ## d766548 com.anonymous.androidrn/com.anonymous.androidrn.MainActivity#130271 cornerRadius=0.000000
02-09 21:00:56.145  2827  3062 D SurfaceComposerClient: setCornerRadius ## d766548 com.anonymous.androidrn/com.anonymous.androidrn.MainActivity#130271 cornerRadius=0.000000
02-09 21:00:56.153  1970  1970 I SurfaceFlinger: RequestedLayer [Splash Screen com.anonymous.androidrn$_4827#130267] hidden!! flag  from(0) --> to(1)
02-09 21:00:56.153  1970  1970 I SurfaceFlinger: [LayerHierarchy{RequestedLayerState{Surface(name=d766548 com.anonymous.androidrn/com.anonymous.androidrn.MainActivity)/@0x65dc6f2 - animation-leash of starting_reveal#130277} 1 children}] reparent to OffscreenRoot
02-09 21:00:56.153  1970  1970 I SurfaceFlinger: [LayerHierarchy{RequestedLayerState{Surface(name=d766548 com.anonymous.androidrn/com.anonymous.androidrn.MainActivity)/@0x65dc6f2 - animation-leash of starting_reveal#130277} 1 children}] RelativeParent to null
02-09 21:00:56.153  1970  1970 I SurfaceFlinger: [LayerHierarchy{RequestedLayerState{d766548 com.anonymous.androidrn/com.anonymous.androidrn.MainActivity#130271 parentId=130265} 1 children}] reparent to LayerHierarchy{RequestedLayerState{ActivityRecord{131725914 u0 com.anonymous.androidrn/.MainActivity t1205}#130265 parentId=130264} 4 children}
02-09 21:00:56.155  1970  1970 D SurfaceFlinger:        DEVICE |          135355894333441 | 00002102 | RGBA_8888    |    0.0    0.0  962.0 2340.0 |  118    0 1080 2340 | com.anonymous.androidrn/com.anonymous.androidrn.MainActivity$_31515#130272 (8)
02-09 21:00:56.172  4827  4827 I {OngoingActivityDataHelper}: setBaseActivityComponentName:ComponentInfo{com.anonymous.androidrn/com.anonymous.androidrn.MainActivity}
02-09 21:00:56.275 10391 31514 I Notification4WatchManager_AM: PhoneAppsRepository.addApp-[option:IGNORE|com.anonymous.androidrn|userId:0|shouldTurnOn : false]
02-09 21:00:56.412  1970  1970 D SurfaceFlinger:        DEVICE |          135355894333442 | 00002102 | RGBA_8888    |    0.0    0.0 1080.0 2340.0 |    0    0 1080 2340 | com.anonymous.androidrn/com.anonymous.androidrn.MainActivity$_31515#130272 (19)
02-09 21:00:56.420  2827  5367 V WindowManager:    ChangeInfo{b55ae0a container=Task{4bc74bd #1205 type=standard A=10500:com.anonymous.androidrn} flags=0x10}
02-09 21:00:56.420  2827  5367 V WindowManager:    ChangeInfo{43e567b container=ActivityRecord{131725914 u0 com.anonymous.androidrn/.MainActivity t1205} flags=0x0}
02-09 21:00:56.421  2827  5367 D SurfaceComposerClient: setCornerRadius ## d766548 com.anonymous.androidrn/com.anonymous.androidrn.MainActivity#130271 cornerRadius=0.000000
02-09 21:00:56.421  2827  5367 D WindowManager: updateSystemBarAttributes: displayId=0, focusedCanBeNavColorWin=false, win=Window{d766548 u0 com.anonymous.androidrn/com.anonymous.androidrn.MainActivity}, navColorWin=Window{d766548 u0 com.anonymous.androidrn/com.anonymous.androidrn.MainActivity}, caller=com.android.server.wm.DisplayPolicy.finishPostLayoutPolicyLw:17 com.android.server.wm.RootWindowContainer.applySurfaceChangesTransaction$1:195 com.android.server.wm.RootWindowContainer.performSurfacePlacementNoTrace:59 
02-09 21:00:56.422  2827  5367 D SurfaceComposerClient: setCornerRadius ## d766548 com.anonymous.androidrn/com.anonymous.androidrn.MainActivity#130271 cornerRadius=0.000000
02-09 21:00:56.422  2827  5367 D ChangeTransitionController:    ChangeInfo{b55ae0a container=Task{4bc74bd #1205 type=standard A=10500:com.anonymous.androidrn} flags=0x10}
02-09 21:00:56.422  2827  5367 D ChangeTransitionController:    ChangeInfo{43e567b container=ActivityRecord{131725914 u0 com.anonymous.androidrn/.MainActivity t1205} flags=0x0}
02-09 21:00:56.429  2827  3062 D SurfaceComposerClient: setCornerRadius ## d766548 com.anonymous.androidrn/com.anonymous.androidrn.MainActivity#130271 cornerRadius=0.000000
02-09 21:00:56.436  1970  1970 I SurfaceFlinger: [LayerHierarchy{RequestedLayerState{ImeContainer#15 parentId=130265 relativeParentId=130271 z=1} 1 children}] RelativeParent to LayerHierarchy{RequestedLayerState{d766548 com.anonymous.androidrn/com.anonymous.androidrn.MainActivity#130271 parentId=130265} 2 children}
02-09 21:00:56.436  1970  1970 I SurfaceFlinger: [LayerHierarchy{RequestedLayerState{3862972 Splash Screen com.anonymous.androidrn#130266 z=2147483647} 1 children}] reparent to OffscreenRoot
02-09 21:00:56.436  1970  1970 I SurfaceFlinger: [LayerHierarchy{RequestedLayerState{3862972 Splash Screen com.anonymous.androidrn#130266 z=2147483647} 1 children}] RelativeParent to null
02-09 21:00:56.436  1970  1970 I SurfaceFlinger: [LayerHierarchy{RequestedLayerState{Splash Screen com.anonymous.androidrn$_4827#130267} no children}] reparent to OffscreenRoot
02-09 21:00:56.436  1970  1970 I SurfaceFlinger: [LayerHierarchy{RequestedLayerState{Splash Screen com.anonymous.androidrn$_4827#130267} no children}] RelativeParent to null
02-09 21:00:56.436  1970  1970 I SurfaceFlinger: id=130266 Removed 3862972 Splash Screen com.anonymous.androidrn#130266 (187)
02-09 21:00:56.436  1970  1970 I SurfaceFlinger: id=130267 Removed Splash Screen com.anonymous.androidrn$_4827#130267 (187)
02-09 21:00:56.444  1970  1970 I SurfaceFlinger: destroyed 3862972 Splash Screen com.anonymous.androidrn#130266 form LifecycleManager
02-09 21:00:56.444  1970  1970 I SurfaceFlinger: destroyed Splash Screen com.anonymous.androidrn$_4827#130267 form LifecycleManager
02-09 21:00:56.444  1970  1970 I SurfaceFlinger: id=130266 onLayerDestroyed from LayerHierarchyBuilder(RequestedLayerState{3862972 Splash Screen com.anonymous.androidrn#130266 !handle z=2147483647})
02-09 21:00:56.444  1970  1970 I SurfaceFlinger: id=130267 onLayerDestroyed from LayerHierarchyBuilder(RequestedLayerState{Splash Screen com.anonymous.androidrn$_4827#130267 !handle})
02-09 21:00:56.444  1970  1970 I Layer   : id=130266 Destroyed 3862972 Splash Screen com.anonymous.androidrn#130266
02-09 21:00:56.444  1970  1970 I Layer   : id=130267 Destroyed Splash Screen com.anonymous.androidrn$_4827#130267
02-09 21:00:56.446  2827  4544 D SurfaceComposerClient: setCornerRadius ## d766548 com.anonymous.androidrn/com.anonymous.androidrn.MainActivity#130271 cornerRadius=0.000000
02-09 21:00:56.446  2827  4544 D SurfaceComposerClient: setCornerRadius ## d766548 com.anonymous.androidrn/com.anonymous.androidrn.MainActivity#130271 cornerRadius=0.000000
02-09 21:00:56.470  2827  3061 D SGM:FgCheckThread: getForegroundApp(), foregroundPkgName=com.anonymous.androidrn
02-09 21:00:56.470  2827  3061 D SGM:FgCheckThread: noteStopComponent(), received pkgName: com.tencent.mm, focusedPkgName: com.anonymous.androidrn, userId: 0
02-09 21:00:56.471  2827  3059 D SGM:GameManager: identifyForegroundApp. com.anonymous.androidrn, mCurrentUserId: 0, callerUserId: 0
02-09 21:00:56.472  2827  3059 D SGM:GameManager: identifyForegroundApp. com.anonymous.androidrn, mCurrentUserId: 0, callerUserId: 0
02-09 21:00:56.482 15248 16922 I SAMSUNGWALLET: [Hint_SimpleHintProcessMonitor] isHomePackageRunning topPkgName = com.anonymous.androidrn, topClsName = com.anonymous.androidrn.MainActivity, return false , se : false
02-09 21:00:56.598  2827  3061 D SGM:GameManager: identifyForegroundApp. com.anonymous.androidrn, mCurrentUserId: 0, callerUserId: 0
02-09 21:00:56.603  2827  4632 D MdnieScenarioControlService:  packageName : com.anonymous.androidrn    className : com.anonymous.androidrn.MainActivity
02-09 21:00:57.160  2827  4821 D SGM:GameManager: identifyForegroundApp. com.anonymous.androidrn, mCurrentUserId: 0, callerUserId: 0
02-09 21:00:59.261  2827  7734 D SGM:GameManager: identifyForegroundApp. com.anonymous.androidrn, mCurrentUserId: 0, callerUserId: 0
