02-09 19:58:29.989  2249 31057 D ConnectivityManager: StackLog: [android.net.ConnectivityManager.reportNetworkConnectivity(ConnectivityManager.java:3685)] [bwet.a(:com.google.android.gms@260235035@26.02.35 (260400-862924022):15)] [bwgx.n(:com.google.android.gms@260235035@26.02.35 (260400-862924022):6)] [bwgl.run(:com.google.android.gms@260235035@26.02.35 (260400-862924022):656)] [bwhi.run(:com.google.android.gms@260235035@26.02.35 (260400-862924022):5)] [gnkz.run(:com.google.android.gms@260235035@26.02.35 (260400-862924022):19)] [beqw.c(:com.google.android.gms@260235035@26.02.35 (260400-862924022):50)] [beqw.run(:com.google.android.gms@260235035@26.02.35 (260400-862924022):73)] [java.util.concurrent.ThreadPoolExecutor.runWorker(ThreadPoolExecutor.java:1156)] [java.util.concurrent.ThreadPoolExecutor$Worker.run(ThreadPoolExecutor.java:651)] [bewn.run(:com.google.android.gms@260235035@26.02.35 (260400-862924022):8)] [java.lang.Thread.run(Thread.java:1119)]
02-09 19:58:30.337  2249 31103 D ConnectivityManager: StackLog: [android.net.ConnectivityManager.reportNetworkConnectivity(ConnectivityManager.java:3685)] [bwet.a(:com.google.android.gms@260235035@26.02.35 (260400-862924022):15)] [bwgx.n(:com.google.android.gms@260235035@26.02.35 (260400-862924022):6)] [bwgl.run(:com.google.android.gms@260235035@26.02.35 (260400-862924022):656)] [bwhi.run(:com.google.android.gms@260235035@26.02.35 (260400-862924022):5)] [gnkz.run(:com.google.android.gms@260235035@26.02.35 (260400-862924022):19)] [beqw.c(:com.google.android.gms@260235035@26.02.35 (260400-862924022):50)] [beqw.run(:com.google.android.gms@260235035@26.02.35 (260400-862924022):73)] [java.util.concurrent.ThreadPoolExecutor.runWorker(ThreadPoolExecutor.java:1156)] [java.util.concurrent.ThreadPoolExecutor$Worker.run(ThreadPoolExecutor.java:651)] [bewn.run(:com.google.android.gms@260235035@26.02.35 (260400-862924022):8)] [java.lang.Thread.run(Thread.java:1119)]
02-09 19:58:30.576  2827  4730 D SemWifiSwitchForIndividualAppsService: isSkipNetworkCondition - result:6
02-09 19:58:30.818  1882  7564 W SDM     : ScalarConfig::ApplyDestScaleConfig: GetAIScaleSettingsInfo returned error=1
02-09 19:58:30.876  5185  5185 I ImeCloudInspirationMgr: [:5185, ]:fetchTextExpansion
02-09 19:58:31.158  1882  7564 W SDM     : ScalarConfig::ApplyDestScaleConfig: GetAIScaleSettingsInfo returned error=1
02-09 19:58:31.195 31897 31897 V InputMethodManagerUtils: getMaxLengthForEditText InputFilter = java.lang.NoSuchMethodException: com.tencent.mm.ui.tools.r3.getMaxLength []
02-09 19:58:31.195 31897 31897 V InputMethodManagerUtils: getMaxLengthForEditText InputFilter = java.lang.NoSuchMethodException: com.tencent.mm.ui.widget.MMEditText.getMaxLength []
02-09 19:58:31.241  2827  5367 I WindowManager: Relayout Window{ab9c79e u0 InputMethod}: viewVisibility=0 req=1080x2249 ty=2011 d0
02-09 19:58:31.241  5185  5185 I BLASTBufferQueue_Java: update, w= 1080 h= 2249 mName = VRI[InputMethod]@f2dddbf mNativeObject= 0xb4000075d875f300 sc.mNativeObject= 0xb400007658799f50 format= -2 caller= android.view.ViewRootImpl.updateBlastSurfaceIfNeeded:3574 android.view.ViewRootImpl.relayoutWindow:11685 android.view.ViewRootImpl.performTraversals:4804 android.view.ViewRootImpl.doTraversal:3924 android.view.ViewRootImpl$TraversalRunnable.run:12903 android.view.Choreographer$CallbackRecord.run:1901 
02-09 19:58:31.241  5185  5185 I VRI[InputMethod]@f2dddbf: Relayout returned: old=(0,91,1080,2340) new=(0,91,1080,2340) relayoutAsync=true req=(1080,2249)0 dur=0 res=0x0 s={true 0xb4000075287e3d10} ch=false seqId=0
02-09 19:58:31.243  2827  5367 I WindowManager: Relayout hash=ab9c79e, pid=0, syncId=-1: mAttrs={(0,0)(fillxfill) gr=BOTTOM CENTER_VERTICAL sim={adjust=resize} ty=INPUT_METHOD fmt=TRANSPARENT wanim=0x1030056 preferredMinDisplayRefreshRate=60.0 receive insets ignoring z-order
02-09 19:58:31.291  5185  5185 I BLASTBufferQueue_Java: update, w= 1080 h= 2249 mName = VRI[InputMethod]@f2dddbf mNativeObject= 0xb4000075d875f300 sc.mNativeObject= 0xb400007658799f50 format= -2 caller= android.view.ViewRootImpl.updateBlastSurfaceIfNeeded:3574 android.view.ViewRootImpl.relayoutWindow:11685 android.view.ViewRootImpl.performTraversals:4804 android.view.ViewRootImpl.doTraversal:3924 android.view.ViewRootImpl$TraversalRunnable.run:12903 android.view.Choreographer$CallbackRecord.run:1901 
02-09 19:58:31.291  5185  5185 I VRI[InputMethod]@f2dddbf: Relayout returned: old=(0,91,1080,2340) new=(0,91,1080,2340) relayoutAsync=true req=(1080,2249)0 dur=0 res=0x0 s={true 0xb4000075287e3d10} ch=false seqId=0
02-09 19:58:31.292  2827  7741 I WindowManager: Relayout Window{ab9c79e u0 InputMethod}: viewVisibility=0 req=1080x2249 ty=2011 d0
02-09 19:58:31.292  2827  7741 I WindowManager: Relayout hash=ab9c79e, pid=0, syncId=-1: mAttrs={(0,0)(fillxfill) gr=BOTTOM CENTER_VERTICAL sim={adjust=pan} ty=INPUT_METHOD fmt=TRANSPARENT wanim=0x1030056 preferredMinDisplayRefreshRate=60.0 receive insets ignoring z-order
02-09 19:58:31.580  2827  4730 D SemWifiSwitchForIndividualAppsService: isSkipNetworkCondition - result:6
02-09 19:58:31.581  2827  4601 E WifiStaIfaceAidlImpl: getCachedScanData failed with service-specific exception: android.os.ServiceSpecificException:  (code 4)
02-09 19:58:31.618  2827  7741 I WindowManager: Relayout Window{f041d85 u0 com.tencent.mm/com.tencent.mm.ui.LauncherUI}: viewVisibility=0 req=1080x2340 ty=1 d0
02-09 19:58:31.618 31897 31897 I BLASTBufferQueue_Java: update, w= 1080 h= 2340 mName = VRI[LauncherUI]@407c3ae mNativeObject= 0x75d9772330 sc.mNativeObject= 0x76587fa010 format= -1 caller= android.view.ViewRootImpl.updateBlastSurfaceIfNeeded:3574 android.view.ViewRootImpl.relayoutWindow:11685 android.view.ViewRootImpl.performTraversals:4804 android.view.ViewRootImpl.doTraversal:3924 android.view.ViewRootImpl$TraversalRunnable.run:12903 android.view.Choreographer$CallbackRecord.run:1901 
02-09 19:58:31.618 31897 31897 I VRI[LauncherUI]@407c3ae: Relayout returned: old=(0,0,1080,2340) new=(0,0,1080,2340) relayoutAsync=true req=(1080,2340)0 dur=0 res=0x0 s={true 0x7528cfdd30} ch=false seqId=0
02-09 19:58:31.619  2827  7741 I WindowManager: Relayout hash=f041d85, pid=0, syncId=-1: mAttrs={(0,0)(fillxfill) sim={adjust=nothing forwardNavigation} layoutInDisplayCutoutMode=shortEdges ty=BASE_APPLICATION wanim=0x7f1101f4
02-09 19:58:31.950  5185  5185 I BLASTBufferQueue_Java: update, w= 1080 h= 2249 mName = VRI[InputMethod]@f2dddbf mNativeObject= 0xb4000075d875f300 sc.mNativeObject= 0xb400007658799f50 format= -2 caller= android.view.ViewRootImpl.updateBlastSurfaceIfNeeded:3574 android.view.ViewRootImpl.relayoutWindow:11685 android.view.ViewRootImpl.performTraversals:4804 android.view.ViewRootImpl.doTraversal:3924 android.view.ViewRootImpl$TraversalRunnable.run:12903 android.view.Choreographer$CallbackRecord.run:1901 
02-09 19:58:31.950  5185  5185 I VRI[InputMethod]@f2dddbf: Relayout returned: old=(0,91,1080,2340) new=(0,91,1080,2340) relayoutAsync=true req=(1080,2249)0 dur=1 res=0x0 s={true 0xb4000075287e3d10} ch=false seqId=0
02-09 19:58:31.953  2827  6508 I WindowManager: Relayout Window{ab9c79e u0 InputMethod}: viewVisibility=0 req=1080x2249 ty=2011 d0
02-09 19:58:31.954  2827  6508 I WindowManager: Relayout hash=ab9c79e, pid=0, syncId=-1: mAttrs={(0,0)(fillxfill) gr=BOTTOM CENTER_VERTICAL sim={adjust=resize} ty=INPUT_METHOD fmt=TRANSPARENT wanim=0x1030056 preferredMinDisplayRefreshRate=60.0 receive insets ignoring z-order
02-09 19:58:32.258  2827  7741 I WindowManager: Relayout Window{f959889 u0 com.sec.android.app.launcher/com.samsung.app.honeyspace.edge.edgepanel.app.CocktailBarService}: viewVisibility=0 req=67x340 ty=2226 d0
02-09 19:58:32.259  2827  7741 I WindowManager: Relayout hash=f959889, pid=5336, syncId=-1: mAttrs={(0,1298)(67x340) gr=TOP RIGHT CENTER sim={adjust=nothing} layoutInDisplayCutoutMode=always ty=2226 fmt=TRANSPARENT
02-09 19:58:32.260  5336  5336 I BLASTBufferQueue_Java: new BLASTBufferQueue, mName= VRI[CocktailBarService]@e185d11 mNativeObject= 0xb4000075d87f8c90 caller= android.view.ViewRootImpl.updateBlastSurfaceIfNeeded:3585 android.view.ViewRootImpl.relayoutWindow:11685 android.view.ViewRootImpl.performTraversals:4804 android.view.ViewRootImpl.doTraversal:3924 android.view.ViewRootImpl$TraversalRunnable.run:12903 android.view.Choreographer$CallbackRecord.run:1901 android.view.Choreographer$CallbackRecord.run:1910 android.view.Choreographer.doCallbacks:1367 android.view.Choreographer.doFrame:1292 android.view.Choreographer$FrameDisplayEventReceiver.run:1870 
02-09 19:58:32.260  5336  5336 I BLASTBufferQueue_Java: update, w= 67 h= 340 mName = VRI[CocktailBarService]@e185d11 mNativeObject= 0xb4000075d87f8c90 sc.mNativeObject= 0xb400007658751dd0 format= -2 caller= android.view.ViewRootImpl.updateBlastSurfaceIfNeeded:3590 android.view.ViewRootImpl.relayoutWindow:11685 android.view.ViewRootImpl.performTraversals:4804 android.view.ViewRootImpl.doTraversal:3924 android.view.ViewRootImpl$TraversalRunnable.run:12903 android.view.Choreographer$CallbackRecord.run:1901 
02-09 19:58:32.260  5336  5336 I VRI[CocktailBarService]@e185d11: Relayout returned: old=(1013,1298,1080,1638) new=(1013,1298,1080,1638) relayoutAsync=false req=(67,340)0 dur=2 res=0x3 s={true 0xb4000075287c4080} ch=true seqId=90
02-09 19:58:32.267  1882  7564 W SDM     : ScalarConfig::ApplyDestScaleConfig: GetAIScaleSettingsInfo returned error=1
02-09 19:58:32.465  2827  7741 I WindowManager: Relayout Window{ab9c79e u0 InputMethod}: viewVisibility=8 req=1080x2249 ty=2011 d0
02-09 19:58:32.465  2827  7741 E WindowManager: win=Window{ab9c79e u0 InputMethod} destroySurfaces: appStopped=true cleanupOnResume=false win.mWindowRemovalAllowed=false win.mRemoveOnExit=false win.mViewVisibility=8 caller=com.android.server.wm.WindowManagerService.tryStartExitingAnimation:134 com.android.server.wm.WindowManagerService.relayoutWindow:1138 com.android.server.wm.Session.relayout:27 android.view.IWindowSession$Stub.onTransact:829 com.android.server.wm.Session.onTransact:1 android.os.Binder.execTransactInternal:1457 android.os.Binder.execTransact:1401 
02-09 19:58:32.471  2827  7741 I WindowManager: Relayout hash=ab9c79e, pid=5185, syncId=-1: mAttrs={(0,0)(fillxfill) gr=BOTTOM CENTER_VERTICAL sim={adjust=pan} ty=INPUT_METHOD fmt=TRANSPARENT wanim=0x1030056 preferredMinDisplayRefreshRate=60.0 receive insets ignoring z-order
02-09 19:58:32.472  5185  5185 I VRI[InputMethod]@f2dddbf: Relayout returned: old=(0,91,1080,2340) new=(0,91,1080,2340) relayoutAsync=false req=(1080,2249)8 dur=6 res=0x2 s={false 0x0} ch=true seqId=0
02-09 19:58:32.477  1882  7564 W SDM     : ScalarConfig::ApplyDestScaleConfig: GetAIScaleSettingsInfo returned error=1
02-09 19:58:32.589  2827  4730 D SemWifiSwitchForIndividualAppsService: isSkipNetworkCondition - result:6
02-09 19:58:32.775  1882  7564 W SDM     : ScalarConfig::ApplyDestScaleConfig: GetAIScaleSettingsInfo returned error=1
02-09 19:58:32.900  1882  7564 W SDM     : ScalarConfig::ApplyDestScaleConfig: GetAIScaleSettingsInfo returned error=1
02-09 19:58:33.233  2827  7729 I WindowManager: Relayout Window{f041d85 u0 com.tencent.mm/com.tencent.mm.ui.LauncherUI}: viewVisibility=0 req=1080x2340 ty=1 d0
02-09 19:58:33.233 31897 31897 I BLASTBufferQueue_Java: update, w= 1080 h= 2340 mName = VRI[LauncherUI]@407c3ae mNativeObject= 0x75d9772330 sc.mNativeObject= 0x76587fa010 format= -1 caller= android.view.ViewRootImpl.updateBlastSurfaceIfNeeded:3574 android.view.ViewRootImpl.relayoutWindow:11685 android.view.ViewRootImpl.performTraversals:4804 android.view.ViewRootImpl.doTraversal:3924 android.view.ViewRootImpl$TraversalRunnable.run:12903 android.view.Choreographer$CallbackRecord.run:1901 
02-09 19:58:33.234 31897 31897 I VRI[LauncherUI]@407c3ae: Relayout returned: old=(0,0,1080,2340) new=(0,0,1080,2340) relayoutAsync=true req=(1080,2340)0 dur=0 res=0x0 s={true 0x7528cfdd30} ch=false seqId=0
02-09 19:58:33.234  2827  7729 I WindowManager: Relayout hash=f041d85, pid=0, syncId=-1: mAttrs={(0,0)(fillxfill) sim={adjust=nothing} layoutInDisplayCutoutMode=shortEdges ty=BASE_APPLICATION wanim=0x7f1101f4
02-09 19:58:33.358  1882  7564 W SDM     : ScalarConfig::ApplyDestScaleConfig: GetAIScaleSettingsInfo returned error=1
02-09 19:58:33.596  2827  4730 D SemWifiSwitchForIndividualAppsService: isSkipNetworkCondition - result:6
02-09 19:58:34.166  1882  7564 W SDM     : ScalarConfig::ApplyDestScaleConfig: GetAIScaleSettingsInfo returned error=1
02-09 19:58:34.202  1828  1944 E minksocket: MinkIPC ERROR: ( 1828:1944 ) MinkIPC_preProcess:272 Client down, but cannot find corresponding minksession
02-09 19:58:34.202  1828  1931 E minksocket: MinkIPC ERROR: ( 1828:1931 ) MinkIPC_preProcess:272 Client down, but cannot find corresponding minksession
02-09 19:58:34.203  1828  1931 E minksocket: MinkIPC ERROR: ( 1828:1931 ) MinkIPC_preProcess:272 Client down, but cannot find corresponding minksession
02-09 19:58:34.203  1828  1944 E minksocket: MinkIPC ERROR: ( 1828:1944 ) MinkIPC_preProcess:272 Client down, but cannot find corresponding minksession
02-09 19:58:34.204  1828  1944 E minksocket: MinkIPC ERROR: ( 1828:1944 ) MinkIPC_preProcess:272 Client down, but cannot find corresponding minksession
02-09 19:58:34.204  1828  1931 E minksocket: MinkIPC ERROR: ( 1828:1931 ) MinkIPC_preProcess:272 Client down, but cannot find corresponding minksession
02-09 19:58:34.204  1828  1944 E minksocket: MinkIPC ERROR: ( 1828:1944 ) MinkIPC_preProcess:272 Client down, but cannot find corresponding minksession
02-09 19:58:34.204  1828  1931 E minksocket: MinkIPC ERROR: ( 1828:1931 ) MinkIPC_preProcess:272 Client down, but cannot find corresponding minksession
02-09 19:58:34.226  5205  5442 I PaniGenerator<0>: generate: subId=1, network=20, pdn=11
02-09 19:58:34.227  5205  5442 I PaniGenerator<0>: generate: network=20, fallbackPlmn=46000
02-09 19:58:34.228  1853  2050 E LocSvc_APIClientBase: onResponseCb:957] ERROR: 5 ID: 705
02-09 19:58:34.229  5205  5442 I PaniGenerator<0>: generate: subId=1, network=20, pdn=0
02-09 19:58:34.229  5205  5442 I PaniGenerator<0>: generate: network=20, fallbackPlmn=46000
02-09 19:58:34.230  5205  5442 I PaniGenerator<0>: generate: subId=1, network=20, pdn=0
02-09 19:58:34.230  5205  5442 I PaniGenerator<0>: generate: network=20, fallbackPlmn=46000
02-09 19:58:34.236  5654  5763 I XoOutOfSpecErrorDetector_FLP: updateData, OOS=GOOD
02-09 19:58:34.236  5654  5763 I XoFrequencyErrorDetector_FLP: updateData, GOOD,0,0
02-09 19:58:34.236  2827  4630 I GnssLocationProvider: GNSS HAL Requesting location updates from network provider for 10000 millis.
02-09 19:58:34.237  2827  4630 D LocationManagerService: network provider added registration from 1000/android[GnssService]/8B33F1D4 -> Request[@+1s0ms LOW_POWER, duration=+10s0ms, maxUpdates=1, WorkSource{1000 android}]
02-09 19:58:34.237  2827  4630 D LocationManagerService: network provider request changed to ProviderRequest[@+1s0ms, LOW_POWER, WorkSource{1000 android}]
02-09 19:58:34.238  2827  3105 D BatteryExternalStatsWorker: update stats : update-network-download (6)
02-09 19:58:34.238  2827  3105 D BatteryExternalStatsWorker: Fetch WiFi data
02-09 19:58:34.240  5654  5763 E RequestManager_FLP: [LocationManager] Location request 8B33F1D4(Listener) network interval=1000ms (min=166ms) from system(GnssService) (1000_FINE_unknown_false_foreground)
02-09 19:58:34.283  1882  7564 W SDM     : ScalarConfig::ApplyDestScaleConfig: GetAIScaleSettingsInfo returned error=1
02-09 19:58:34.297  2827  5367 D AppLockPolicy: isActivityInExceptionList: 
02-09 19:58:34.298  2827  5367 D AppLockPolicy: isActivityInExceptionList: 
02-09 19:58:34.298  2827  4601 E WifiStaIfaceAidlImpl: getCachedScanData failed with service-specific exception: android.os.ServiceSpecificException:  (code 4)
02-09 19:58:34.317 31897 31929 E FA      : Task exception on worker thread: java.lang.IllegalStateException: AppMeasurement is not initialized: com.google.android.gms.internal.measurement.zzgl.zzch(Unknown Source:9)
02-09 19:58:34.323  2827  7728 D AppLockPolicy: isActivityInExceptionList: 
02-09 19:58:34.346 31897 31929 E FA      : Task exception on worker thread: java.lang.IllegalStateException: AppMeasurement is not initialized: com.google.android.gms.internal.measurement.zzgl.zzch(Unknown Source:9)
02-09 19:58:34.376  2827  7728 I WindowManager: Relayout Window{9471e3 u0 com.tencent.mm/com.tencent.mm.plugin.brandservice.ui.flutter.BizFlutterTLFlutterViewActivity}: viewVisibility=0 req=1080x2340 ty=1 d0
02-09 19:58:34.377  2827  7728 D WindowManager: Changing focus from null to Window{9471e3 u0 com.tencent.mm/com.tencent.mm.plugin.brandservice.ui.flutter.BizFlutterTLFlutterViewActivity} displayId=0 Callers=com.android.server.wm.WindowManagerService.relayoutWindow:1350 com.android.server.wm.Session.relayout:27 android.view.IWindowSession$Stub.onTransact:829 com.android.server.wm.Session.onTransact:1 
02-09 19:58:34.377  2827  7728 D InsetsSourceProvider: updateControlForTarget: control=InsetsSourceControl: {fcb20000 mType=statusBars initiallyVisible mSurfacePosition=Point(0, 0) mInsetsHint=Insets{left=0, top=91, right=0, bottom=0}}, target=Window{9471e3 u0 com.tencent.mm/com.tencent.mm.plugin.brandservice.ui.flutter.BizFlutterTLFlutterViewActivity}, from=com.android.server.wm.InsetsStateController.onControlTargetChanged:83 com.android.server.wm.InsetsPolicy.updateBarControlTarget:212 com.android.server.wm.DisplayPolicy.updateSystemBarAttributes:262 com.android.server.wm.WindowManagerService.updateFocusedWindowLocked:372 com.android.server.wm.WindowManagerService.relayoutWindow:1350 
02-09 19:58:34.378  2827  7728 D InsetsSourceProvider: updateControlForTarget: control=InsetsSourceControl: {f9470001 mType=navigationBars initiallyVisible mSurfacePosition=Point(0, 2196) mInsetsHint=Insets{left=0, top=0, right=0, bottom=144}}, target=Window{9471e3 u0 com.tencent.mm/com.tencent.mm.plugin.brandservice.ui.flutter.BizFlutterTLFlutterViewActivity}, from=com.android.server.wm.InsetsStateController.onControlTargetChanged:83 com.android.server.wm.InsetsPolicy.updateBarControlTarget:225 com.android.server.wm.DisplayPolicy.updateSystemBarAttributes:262 com.android.server.wm.WindowManagerService.updateFocusedWindowLocked:372 com.android.server.wm.WindowManagerService.relayoutWindow:1350 
02-09 19:58:34.378  2827  7728 I WindowManager: Relayout hash=9471e3, pid=31897, syncId=-1: mAttrs={(0,0)(fillxfill) sim={adjust=resize forwardNavigation} layoutInDisplayCutoutMode=shortEdges ty=BASE_APPLICATION fmt=TRANSPARENT
02-09 19:58:34.378 31897 31897 I BLASTBufferQueue_Java: new BLASTBufferQueue, mName= VRI[BizFlutterTLFlutterViewActivity]@4d233dd mNativeObject= 0x75d9a95530 caller= android.view.ViewRootImpl.updateBlastSurfaceIfNeeded:3585 android.view.ViewRootImpl.relayoutWindow:11685 android.view.ViewRootImpl.performTraversals:4804 android.view.ViewRootImpl.doTraversal:3924 android.view.ViewRootImpl$TraversalRunnable.run:12903 android.view.Choreographer$CallbackRecord.run:1901 android.view.Choreographer$CallbackRecord.run:1910 android.view.Choreographer.doCallbacks:1367 android.view.Choreographer.doFrame:1292 android.view.Choreographer$FrameDisplayEventReceiver.run:1870 
02-09 19:58:34.378 31897 31897 I BLASTBufferQueue_Java: update, w= 1080 h= 2340 mName = VRI[BizFlutterTLFlutterViewActivity]@4d233dd mNativeObject= 0x75d9a95530 sc.mNativeObject= 0x76587bc5d0 format= -2 caller= android.view.ViewRootImpl.updateBlastSurfaceIfNeeded:3590 android.view.ViewRootImpl.relayoutWindow:11685 android.view.ViewRootImpl.performTraversals:4804 android.view.ViewRootImpl.doTraversal:3924 android.view.ViewRootImpl$TraversalRunnable.run:12903 android.view.Choreographer$CallbackRecord.run:1901 
02-09 19:58:34.379 31897 31897 I VRI[BizFlutterTLFlutterViewActivity]@4d233dd: Relayout returned: old=(0,0,1080,2340) new=(0,0,1080,2340) relayoutAsync=false req=(1080,2340)0 dur=2 res=0x3 s={true 0x752941ba30} ch=true seqId=0
02-09 19:58:34.403  2827  3058 V WindowManager:     startWCT=WindowContainerTransaction { changes= {} hops= [] errorCallbackToken=null taskFragmentOrganizer=null }
02-09 19:58:34.412  2827  4821 I WindowManager: Relayout Window{9471e3 u0 com.tencent.mm/com.tencent.mm.plugin.brandservice.ui.flutter.BizFlutterTLFlutterViewActivity}: viewVisibility=0 req=1080x2340 ty=1 d0
02-09 19:58:34.412 31897 31897 I BLASTBufferQueue_Java: update, w= 1080 h= 2340 mName = VRI[BizFlutterTLFlutterViewActivity]@4d233dd mNativeObject= 0x75d9a95530 sc.mNativeObject= 0x76587bc5d0 format= -2 caller= android.view.ViewRootImpl.updateBlastSurfaceIfNeeded:3574 android.view.ViewRootImpl.relayoutWindow:11685 android.view.ViewRootImpl.performTraversals:4804 android.view.ViewRootImpl.doTraversal:3924 android.view.ViewRootImpl$TraversalRunnable.run:12903 android.view.Choreographer$CallbackRecord.run:1901 
02-09 19:58:34.412 31897 31897 I VRI[BizFlutterTLFlutterViewActivity]@4d233dd: Relayout returned: old=(0,0,1080,2340) new=(0,0,1080,2340) relayoutAsync=true req=(1080,2340)0 dur=0 res=0x0 s={true 0x752941ba30} ch=false seqId=0
02-09 19:58:34.412  2827  4821 I WindowManager: Relayout hash=9471e3, pid=0, syncId=-1: mAttrs={(0,0)(fillxfill) sim={adjust=resize forwardNavigation} layoutInDisplayCutoutMode=shortEdges ty=BASE_APPLICATION fmt=TRANSPARENT
02-09 19:58:34.448 31897 31897 D ConnectivityManager: StackLog: [android.net.ConnectivityManager.sendRequestForNetwork(ConnectivityManager.java:4736)] [android.net.ConnectivityManager.registerDefaultNetworkCallbackForUid(ConnectivityManager.java:5461)] [android.net.ConnectivityManager.registerDefaultNetworkCallback(ConnectivityManager.java:5428)] [org.chromium.net.NetworkChangeNotifierAutoDetect$ConnectivityManagerDelegate$$ExternalSyntheticApiModelOutline0.m(chromium-pinus.apk-default-1:1)] [org.chromium.net.NetworkChangeNotifierAutoDetect$RegistrationPolicy.register(chromium-pinus.apk-default-1:39)] [org.chromium.net.NetworkChangeNotifierAutoDetect$RegistrationPolicy.onFirstWebViewCreated(chromium-pinus.apk-default-1:1)] [org.chromium.android_webview.AwContentsLifecycleNotifier.onFirstWebViewCreated(chromium-pinus.apk-default-1:19)] [J.N.JJ(Native Method)] [com.tencent.xweb.XWebContents.<init>(chromium-pinus.apk-default-1:484)] [com.tencent.xweb.pinus.PSWebview.init(chromium-pinus.apk-default-1:328)] [com.tencent.xweb.pinus.PSWebview.<init>(chromium-pinus.apk-default-1:5)] [java.lang.reflect.Constructor.newInstance0(Native Method)] [java.lang.reflect.Constructor.newInstance(Constructor.java:343)] [rn5.h0.a(Unknown Source:4)] [com.tencent.xweb.pinus.sdk.WebView.init(Unknown Source:97)] [com.tencent.xweb.pinus.sdk.WebView.<init>(SourceFile:6)] [mn5.h0.<init>(Unknown Source:2)] [mn5.i0.<init>(Unknown Source:89)] [mn5.x.b(Unknown Source:15)] [kn5.j.a(Unknown Source:41)] [com.tencent.xweb.WebView.D0(Unknown Source:305)] [com.tencent.xweb.WebView.<init>(SourceFile:10)] [com.tencent.mm.ui.widget.MMWebView.<init>(SourceFile:3)] [com.tencent.mm.ui.widget.MMWebView.<init>(SourceFile:1)] [mn1.f0.<init>(Unknown Source:6)] [mn1.j0.b(Unknown Source:98)] [mn1.j0.a(Unknown Source:57)] [mn1.h0.queueIdle(Unknown Source:37)]
02-09 19:58:34.448  2827  7844 D ConnectivityService: requestNetwork for uid/pid:10359/31897 activeRequest: null callbackRequest: 28658 [NetworkRequest [ REQUEST id=28659, [ Capabilities: INTERNET&NOT_RESTRICTED&TRUSTED&NOT_VCN_MANAGED&NOT_BANDWIDTH_CONSTRAINED Uid: 10359 RequestorUid: 10359 RequestorPkg: com.tencent.mm UnderlyingNetworks: Null] ]] callback flags: 0 order: 2147483647 isUidTracked: false declaredMethods: AVAIL|LOST|NC|LP
02-09 19:58:34.448 31897 31897 D ConnectivityManager: StackLog: [android.net.ConnectivityManager.sendRequestForNetwork(ConnectivityManager.java:4736)] [android.net.ConnectivityManager.sendRequestForNetwork(ConnectivityManager.java:4904)] [android.net.ConnectivityManager.registerNetworkCallback(ConnectivityManager.java:5321)] [org.chromium.net.NetworkChangeNotifierAutoDetect$ConnectivityManagerDelegate$$ExternalSyntheticApiModelOutline0.m(chromium-pinus.apk-default-1:2)] [org.chromium.net.NetworkChangeNotifierAutoDetect$ConnectivityManagerDelegate.registerNetworkCallback(chromium-pinus.apk-default-1:13)] [org.chromium.net.NetworkChangeNotifierAutoDetect$RegistrationPolicy.register(chromium-pinus.apk-default-1:79)] [org.chromium.net.NetworkChangeNotifierAutoDetect$RegistrationPolicy.onFirstWebViewCreated(chromium-pinus.apk-default-1:1)] [org.chromium.android_webview.AwContentsLifecycleNotifier.onFirstWebViewCreated(chromium-pinus.apk-default-1:19)] [J.N.JJ(Native Method)] [com.tencent.xweb.XWebContents.<init>(chromium-pinus.apk-default-1:484)] [com.tencent.xweb.pinus.PSWebview.init(chromium-pinus.apk-default-1:328)] [com.tencent.xweb.pinus.PSWebview.<init>(chromium-pinus.apk-default-1:5)] [java.lang.reflect.Constructor.newInstance0(Native Method)] [java.lang.reflect.Constructor.newInstance(Constructor.java:343)] [rn5.h0.a(Unknown Source:4)] [com.tencent.xweb.pinus.sdk.WebView.init(Unknown Source:97)] [com.tencent.xweb.pinus.sdk.WebView.<init>(SourceFile:6)] [mn5.h0.<init>(Unknown Source:2)] [mn5.i0.<init>(Unknown Source:89)] [mn5.x.b(Unknown Source:15)] [kn5.j.a(Unknown Source:41)] [com.tencent.xweb.WebView.D0(Unknown Source:305)] [com.tencent.xweb.WebView.<init>(SourceFile:10)] [com.tencent.mm.ui.widget.MMWebView.<init>(SourceFile:3)] [com.tencent.mm.ui.widget.MMWebView.<init>(SourceFile:1)] [mn1.f0.<init>(Unknown Source:6)] [mn1.j0.b(Unknown Source:98)] [mn1.j0.a(Unknown Source:57)] [mn1.h0.queueIdle(Unknown Source:37)]
02-09 19:58:34.450  2827  4620 D ConnectivityService:    accepting network in place of null for NetworkRequest [ REQUEST id=28659, [ Capabilities: INTERNET&NOT_RESTRICTED&TRUSTED&NOT_VCN_MANAGED&NOT_BANDWIDTH_CONSTRAINED Uid: 10359 RequestorUid: 10359 RequestorPkg: com.tencent.mm UnderlyingNetworks: Null] ]
02-09 19:58:34.452  2827  4620 D ConnectivityService: Rematched networks [computed 3ms] [applied 0ms] [issued 1]
02-09 19:58:34.452  2827  4620 D ConnectivityService: NetworkReassignment :
02-09 19:58:34.453  2827  4601 D OemPaidWifiNetworkFactory: got request NetworkRequest [ REQUEST id=28659, [ Capabilities: INTERNET&NOT_RESTRICTED&TRUSTED&NOT_VCN_MANAGED&NOT_BANDWIDTH_CONSTRAINED Uid: 10359 RequestorUid: 10359 RequestorPkg: com.tencent.mm UnderlyingNetworks: Null] ]
02-09 19:58:34.453  2827  4601 D MultiInternetWifiNetworkFactory: got request NetworkRequest [ REQUEST id=28659, [ Capabilities: INTERNET&NOT_RESTRICTED&TRUSTED&NOT_VCN_MANAGED&NOT_BANDWIDTH_CONSTRAINED Uid: 10359 RequestorUid: 10359 RequestorPkg: com.tencent.mm UnderlyingNetworks: Null] ]
02-09 19:58:34.453  2827  4601 D WifiNetworkFactory: got request NetworkRequest [ REQUEST id=28659, [ Capabilities: INTERNET&NOT_RESTRICTED&TRUSTED&NOT_VCN_MANAGED&NOT_BANDWIDTH_CONSTRAINED Uid: 10359 RequestorUid: 10359 RequestorPkg: com.tencent.mm UnderlyingNetworks: Null] ]
02-09 19:58:34.453  2827  4601 D UntrustedWifiNetworkFactory: got request NetworkRequest [ REQUEST id=28659, [ Capabilities: INTERNET&NOT_RESTRICTED&TRUSTED&NOT_VCN_MANAGED&NOT_BANDWIDTH_CONSTRAINED Uid: 10359 RequestorUid: 10359 RequestorPkg: com.tencent.mm UnderlyingNetworks: Null] ]
02-09 19:58:34.454  2827  4620 D ConnectivityService: Rematched networks [computed 0ms] [applied 1ms] [issued 2]
02-09 19:58:34.454  2827  4620 D ConnectivityService: NetworkReassignment : no changes
02-09 19:58:34.473 32124 32382 E XWeb.Core: [0209/195834.473278:ERROR:xweb/xweb_comm/xweb_common_logic.cc:74] [XWEB] initNativeXlog fake_dlopen fail
02-09 19:58:34.473 32083 32484 E XWeb.Core: [0209/195834.473469:ERROR:xweb/xweb_comm/xweb_common_logic.cc:74] [XWEB] initNativeXlog fake_dlopen fail
02-09 19:58:34.476 32124 32382 E XWeb.Core: [0209/195834.476477:ERROR:base/i18n/rtl.cc:160] Failed to set the ICU default locale to . Falling back to en-US.
02-09 19:58:34.508 32083  1719 W XWeb.Core: [0209/195834.508966:WARNING:base/android/library_loader/library_prefetcher.cc:197] Incorrect code ordering
02-09 19:58:34.509 32083  1719 W XWeb.Core: [0209/195834.509017:WARNING:base/android/library_loader/library_prefetcher.cc:266] Cannot prefetch the library. status = 1
02-09 19:58:34.520 32124 32382 D qdgralloc: Fetching IMapper5 from QtiMapper5
02-09 19:58:34.598  2827  4601 E WifiStaIfaceAidlImpl: getCachedScanData failed with service-specific exception: android.os.ServiceSpecificException:  (code 4)
02-09 19:58:34.642  1828  1944 E minksocket: MinkIPC ERROR: ( 1828:1944 ) MinkIPC_preProcess:272 Client down, but cannot find corresponding minksession
02-09 19:58:34.642  1828  1931 E minksocket: MinkIPC ERROR: ( 1828:1931 ) MinkIPC_preProcess:272 Client down, but cannot find corresponding minksession
02-09 19:58:34.719  2827  7844 I WindowManager: Relayout Window{f041d85 u0 com.tencent.mm/com.tencent.mm.ui.LauncherUI}: viewVisibility=8 req=1080x2340 ty=1 d0
02-09 19:58:34.719  2827  7844 I WindowManager: Relayout hash=f041d85, pid=31897, syncId=-1: mAttrs={(0,0)(fillxfill) sim={adjust=nothing} layoutInDisplayCutoutMode=shortEdges ty=BASE_APPLICATION wanim=0x7f1101f4
02-09 19:58:34.720 31897 31897 I VRI[LauncherUI]@407c3ae: Relayout returned: old=(0,0,1080,2340) new=(0,0,1080,2340) relayoutAsync=false req=(1080,2340)8 dur=1 res=0x2 s={false 0x0} ch=true seqId=0
02-09 19:58:34.866  1882  7564 W SDM     : ScalarConfig::ApplyDestScaleConfig: GetAIScaleSettingsInfo returned error=1
02-09 19:58:35.160  1987  2036 W DIAGMON_SDK[605068]: UncaughtExceptionLogging can't be enabled because Configuration is null
02-09 19:58:35.190  1987  2015 I EX/Setting: enableNetwork Announcement: 1
02-09 19:58:35.191  1987  2036 I EX/Setting: enableNetwork Announcement: 1
02-09 19:58:35.833  1882  7564 W SDM     : ScalarConfig::ApplyDestScaleConfig: GetAIScaleSettingsInfo returned error=1
02-09 19:58:36.126  2827  4601 E WifiStaIfaceAidlImpl: getCachedScanData failed with service-specific exception: android.os.ServiceSpecificException:  (code 4)
02-09 19:58:36.128  2827  4732 D WifiConnectivityMonitor: MultiNetwork : false || false
02-09 19:58:36.128  2827  4732 D WifiConnectivityMonitor: MultiNetwork legacy (1000) false
02-09 19:58:36.242  2827  4630 D LocationManagerService: network provider registration 1000/android[GnssService]/8B33F1D4 finished after 1 updates
02-09 19:58:36.242  2827  4630 D LocationManagerService: network provider removed registration from 1000/android[GnssService]/8B33F1D4
02-09 19:58:36.242  2827  4630 D LocationManagerService: network provider request changed to ProviderRequest[OFF]
02-09 19:58:36.242  5654  5763 I LocationRequestData_FLP: Remove in requestInfoList, 8B33F1D4 / ListSize[network]=0
02-09 19:58:36.246  2827  5109 D SLocation: CommonCoreManager - handleCommandCallback - FUNC_TYPE : SET_LOCATION  ERROR_CODE : ERROR_NONE
02-09 19:58:36.441  1882  7564 W SDM     : ScalarConfig::ApplyDestScaleConfig: GetAIScaleSettingsInfo returned error=1
02-09 19:58:36.449  1882  7564 W SDM     : ScalarConfig::ApplyDestScaleConfig: GetAIScaleSettingsInfo returned error=1
02-09 19:58:36.552  2827  7728 D AppLockPolicy: isActivityInExceptionList: 
02-09 19:58:36.554  2827  7728 D AppLockPolicy: isActivityInExceptionList: 
02-09 19:58:36.565 31897 31929 E FA      : Task exception on worker thread: java.lang.IllegalStateException: AppMeasurement is not initialized: com.google.android.gms.internal.measurement.zzgl.zzch(Unknown Source:9)
02-09 19:58:36.568  2827  7728 D AppLockPolicy: isActivityInExceptionList: 
02-09 19:58:36.606  2827  4730 D SemWifiSwitchForIndividualAppsService: isPackageException - result:5, com.tencent.mm
02-09 19:58:36.683 31897 31929 E FA      : Task exception on worker thread: java.lang.IllegalStateException: AppMeasurement is not initialized: com.google.android.gms.internal.measurement.zzgl.zzch(Unknown Source:9)
02-09 19:58:36.699  2827  4821 I WindowManager: Relayout Window{9a042ea u0 com.tencent.mm/com.tencent.mm.plugin.finder.ui.FinderShareFeedRelUI}: viewVisibility=0 req=1080x2340 ty=1 d0
02-09 19:58:36.699  2827  4821 D WindowManager: Changing focus from null to Window{9a042ea u0 com.tencent.mm/com.tencent.mm.plugin.finder.ui.FinderShareFeedRelUI} displayId=0 Callers=com.android.server.wm.WindowManagerService.relayoutWindow:1350 com.android.server.wm.Session.relayout:27 android.view.IWindowSession$Stub.onTransact:829 com.android.server.wm.Session.onTransact:1 
02-09 19:58:36.699  2827  4821 D InsetsSourceProvider: updateControlForTarget: control=InsetsSourceControl: {fcb20000 mType=statusBars initiallyVisible mSurfacePosition=Point(0, 0) mInsetsHint=Insets{left=0, top=91, right=0, bottom=0}}, target=Window{9a042ea u0 com.tencent.mm/com.tencent.mm.plugin.finder.ui.FinderShareFeedRelUI}, from=com.android.server.wm.InsetsStateController.onControlTargetChanged:83 com.android.server.wm.InsetsPolicy.updateBarControlTarget:212 com.android.server.wm.DisplayPolicy.updateSystemBarAttributes:262 com.android.server.wm.WindowManagerService.updateFocusedWindowLocked:372 com.android.server.wm.WindowManagerService.relayoutWindow:1350 
02-09 19:58:36.700  2827  4821 D InsetsSourceProvider: updateControlForTarget: control=InsetsSourceControl: {f9470001 mType=navigationBars initiallyVisible mSurfacePosition=Point(0, 2196) mInsetsHint=Insets{left=0, top=0, right=0, bottom=144}}, target=Window{9a042ea u0 com.tencent.mm/com.tencent.mm.plugin.finder.ui.FinderShareFeedRelUI}, from=com.android.server.wm.InsetsStateController.onControlTargetChanged:83 com.android.server.wm.InsetsPolicy.updateBarControlTarget:225 com.android.server.wm.DisplayPolicy.updateSystemBarAttributes:262 com.android.server.wm.WindowManagerService.updateFocusedWindowLocked:372 com.android.server.wm.WindowManagerService.relayoutWindow:1350 
02-09 19:58:36.700  2827  4821 D WindowManager: updateSystemBarAttributes: displayId=0, focusedCanBeNavColorWin=false, win=Window{9a042ea u0 com.tencent.mm/com.tencent.mm.plugin.finder.ui.FinderShareFeedRelUI}, navColorWin=Window{9471e3 u0 com.tencent.mm/com.tencent.mm.plugin.brandservice.ui.flutter.BizFlutterTLFlutterViewActivity}, caller=com.android.server.wm.WindowManagerService.updateFocusedWindowLocked:372 com.android.server.wm.WindowManagerService.relayoutWindow:1350 com.android.server.wm.Session.relayout:27 
02-09 19:58:36.700  2827  4821 I WindowManager: Relayout hash=9a042ea, pid=31897, syncId=-1: mAttrs={(0,0)(fillxfill) sim={state=hidden adjust=nothing forwardNavigation} layoutInDisplayCutoutMode=shortEdges ty=BASE_APPLICATION fmt=TRANSPARENT wanim=0x7f11020f
02-09 19:58:36.700 31897 31897 I BLASTBufferQueue_Java: new BLASTBufferQueue, mName= VRI[FinderShareFeedRelUI]@e60e410 mNativeObject= 0x75d8b75420 caller= android.view.ViewRootImpl.updateBlastSurfaceIfNeeded:3585 android.view.ViewRootImpl.relayoutWindow:11685 android.view.ViewRootImpl.performTraversals:4804 android.view.ViewRootImpl.doTraversal:3924 android.view.ViewRootImpl$TraversalRunnable.run:12903 android.view.Choreographer$CallbackRecord.run:1901 android.view.Choreographer$CallbackRecord.run:1910 android.view.Choreographer.doCallbacks:1367 android.view.Choreographer.doFrame:1292 android.view.Choreographer$FrameDisplayEventReceiver.run:1870 
02-09 19:58:36.700 31897 31897 I BLASTBufferQueue_Java: update, w= 1080 h= 2340 mName = VRI[FinderShareFeedRelUI]@e60e410 mNativeObject= 0x75d8b75420 sc.mNativeObject= 0x7658828390 format= -2 caller= android.view.ViewRootImpl.updateBlastSurfaceIfNeeded:3590 android.view.ViewRootImpl.relayoutWindow:11685 android.view.ViewRootImpl.performTraversals:4804 android.view.ViewRootImpl.doTraversal:3924 android.view.ViewRootImpl$TraversalRunnable.run:12903 android.view.Choreographer$CallbackRecord.run:1901 
02-09 19:58:36.700 31897 31897 I VRI[FinderShareFeedRelUI]@e60e410: Relayout returned: old=(0,0,1080,2340) new=(0,0,1080,2340) relayoutAsync=false req=(1080,2340)0 dur=1 res=0x3 s={true 0x75293ccc70} ch=true seqId=0
02-09 19:58:36.775  2827  3058 V WindowManager:     startWCT=WindowContainerTransaction { changes= {} hops= [] errorCallbackToken=null taskFragmentOrganizer=null }
02-09 19:58:36.783  1882  7564 W SDM     : ScalarConfig::ApplyDestScaleConfig: GetAIScaleSettingsInfo returned error=1
02-09 19:58:36.851 31897 31897 I BLASTBufferQueue_Java: update, w= 1080 h= 2340 mName = VRI[FinderShareFeedRelUI]@e60e410 mNativeObject= 0x75d8b75420 sc.mNativeObject= 0x7658828390 format= -2 caller= android.view.ViewRootImpl.updateBlastSurfaceIfNeeded:3574 android.view.ViewRootImpl.relayoutWindow:11685 android.view.ViewRootImpl.performTraversals:4804 android.view.ViewRootImpl.doTraversal:3924 android.view.ViewRootImpl$TraversalRunnable.run:12903 android.view.Choreographer$CallbackRecord.run:1901 
02-09 19:58:36.851  2827  5602 I WindowManager: Relayout Window{9a042ea u0 com.tencent.mm/com.tencent.mm.plugin.finder.ui.FinderShareFeedRelUI}: viewVisibility=0 req=1080x2340 ty=1 d0
02-09 19:58:36.851 31897 31897 I VRI[FinderShareFeedRelUI]@e60e410: Relayout returned: old=(0,0,1080,2340) new=(0,0,1080,2340) relayoutAsync=true req=(1080,2340)0 dur=1 res=0x0 s={true 0x75293ccc70} ch=false seqId=0
02-09 19:58:36.851  2827  5602 I WindowManager: Relayout hash=9a042ea, pid=0, syncId=-1: mAttrs={(0,0)(fillxfill) sim={adjust=nothing} layoutInDisplayCutoutMode=shortEdges ty=BASE_APPLICATION fmt=TRANSPARENT wanim=0x7f11020f
02-09 19:58:36.872 31897 31897 W Resources: java.lang.RuntimeException
02-09 19:58:36.873 31897 31897 W Resources: java.lang.RuntimeException
02-09 19:58:36.890 31897 31897 I BLASTBufferQueue_Java: update, w= 1080 h= 2340 mName = VRI[FinderShareFeedRelUI]@e60e410 mNativeObject= 0x75d8b75420 sc.mNativeObject= 0x7658828390 format= -2 caller= android.view.ViewRootImpl.updateBlastSurfaceIfNeeded:3574 android.view.ViewRootImpl.relayoutWindow:11685 android.view.ViewRootImpl.performTraversals:4804 android.view.ViewRootImpl.doTraversal:3924 android.view.ViewRootImpl$TraversalRunnable.run:12903 android.view.Choreographer$CallbackRecord.run:1901 
02-09 19:58:36.890 31897 31897 I VRI[FinderShareFeedRelUI]@e60e410: Relayout returned: old=(0,0,1080,2340) new=(0,0,1080,2340) relayoutAsync=true req=(1080,2340)0 dur=0 res=0x0 s={true 0x75293ccc70} ch=false seqId=0
02-09 19:58:36.892  2827  5602 I WindowManager: Relayout Window{9a042ea u0 com.tencent.mm/com.tencent.mm.plugin.finder.ui.FinderShareFeedRelUI}: viewVisibility=0 req=1080x2340 ty=1 d0
02-09 19:58:36.893  2827  5602 I WindowManager: Relayout hash=9a042ea, pid=0, syncId=-1: mAttrs={(0,0)(fillxfill) sim={adjust=nothing} layoutInDisplayCutoutMode=shortEdges ty=BASE_APPLICATION fmt=TRANSPARENT wanim=0x7f11020f
02-09 19:58:36.902 32079 32472 D AidlBufferPool: bufferpool2 0x7548760a48 : 0(0 size) total buffers - 0(0 size) used buffers - 0/6 (recycle/alloc) - 2/2 (fetch/transfer)
02-09 19:58:36.903 32079 32472 D AidlBufferPool: Destruction - bufferpool2 0x7548760a48 cached: 0/0M, 0/0% in use; allocs: 6, 0% recycled; transfers: 2, 0% unfetched
02-09 19:58:36.903 32079 32118 D AidlBufferPool: bufferpool2 0x7548778ec8 : 0(0 size) total buffers - 0(0 size) used buffers - 0/6 (recycle/alloc) - 2/2 (fetch/transfer)
02-09 19:58:36.903 32079 32118 D AidlBufferPool: Destruction - bufferpool2 0x7548778ec8 cached: 0/0M, 0/0% in use; allocs: 6, 0% recycled; transfers: 2, 0% unfetched
02-09 19:58:36.956  1956  2042 I AudioPolicyEffectException: MySpaceHandler::checkDetachCondition media 1, ring 0, mp 0
02-09 19:58:36.956  1956  2042 I AudioPolicyEffectException: MySpace detach value 1
02-09 19:58:37.037  1858  2977 E ACDB    : vendor/qcom/proprietary/args/acdb/src/acdb_command.c:AcdbCmdGetProcSubgraphCalDataPersist:8255 Error[19]: No calibration found
02-09 19:58:37.037  1858  2977 E ACDB    : vendor/qcom/proprietary/args/acdb/src/acdb_command.c:AcdbCmdGetProcSubgraphCalDataPersist:8255 Error[19]: No calibration found
02-09 19:58:37.037  1858  2977 E ACDB    : vendor/qcom/proprietary/args/acdb/src/acdb_command.c:AcdbCmdGetProcSubgraphCalDataPersist:8255 Error[19]: No calibration found
02-09 19:58:37.062  1858  2977 E ACDB    : vendor/qcom/proprietary/args/acdb/src/acdb_command.c:AcdbCmdGetProcSubgraphCalDataPersist:8255 Error[19]: No calibration found
02-09 19:58:37.078  1858  2977 E ACDB    : vendor/qcom/proprietary/args/acdb/src/acdb_command.c:AcdbCmdGetProcSubgraphCalDataPersist:8255 Error[19]: No calibration found
02-09 19:58:37.078  1858  2977 E ACDB    : vendor/qcom/proprietary/args/acdb/src/acdb_command.c:AcdbCmdGetProcSubgraphCalDataPersist:8255 Error[19]: No calibration found
02-09 19:58:37.078  1858  2977 E ACDB    : vendor/qcom/proprietary/args/acdb/src/acdb_command.c:AcdbCmdGetProcSubgraphCalDataPersist:8255 Error[19]: No calibration found
02-09 19:58:37.078  1858  2977 E ACDB    : vendor/qcom/proprietary/args/acdb/src/acdb_command.c:AcdbCmdGetProcSubgraphCalDataPersist:8255 Error[19]: No calibration found
02-09 19:58:37.080  1858  2977 E ACDB    : vendor/qcom/proprietary/args/acdb/src/acdb_command.c:AcdbCmdGetProcSubgraphCalDataPersist:8255 Error[19]: No calibration found
02-09 19:58:37.080  1858  2977 E ACDB    : vendor/qcom/proprietary/args/acdb/src/acdb_command.c:AcdbCmdGetProcSubgraphCalDataPersist:8255 Error[19]: No calibration found
02-09 19:58:37.080  1858  2977 E ACDB    : vendor/qcom/proprietary/args/acdb/src/acdb_command.c:AcdbCmdGetProcSubgraphCalDataPersist:8255 Error[19]: No calibration found
02-09 19:58:37.080  1858  2977 E ACDB    : vendor/qcom/proprietary/args/acdb/src/acdb_command.c:AcdbCmdGetProcSubgraphCalDataPersist:8255 Error[19]: No calibration found
02-09 19:58:37.093  2827  6508 I WindowManager: Relayout Window{9471e3 u0 com.tencent.mm/com.tencent.mm.plugin.brandservice.ui.flutter.BizFlutterTLFlutterViewActivity}: viewVisibility=8 req=1080x2340 ty=1 d0
02-09 19:58:37.093  2827  6508 I WindowManager: Relayout hash=9471e3, pid=31897, syncId=-1: mAttrs={(0,0)(fillxfill) sim={adjust=resize forwardNavigation} layoutInDisplayCutoutMode=shortEdges ty=BASE_APPLICATION fmt=TRANSPARENT
02-09 19:58:37.094 31897 31897 I VRI[BizFlutterTLFlutterViewActivity]@4d233dd: Relayout returned: old=(0,0,1080,2340) new=(0,0,1080,2340) relayoutAsync=false req=(1080,2340)8 dur=1 res=0x2 s={false 0x0} ch=true seqId=0
02-09 19:58:37.604  2827  4601 E WifiStaIfaceAidlImpl: getCachedScanData failed with service-specific exception: android.os.ServiceSpecificException:  (code 4)
02-09 19:58:38.014  1858  2158 E ACDB    : vendor/qcom/proprietary/args/acdb/src/acdb_command.c:AcdbCmdGetProcSubgraphCalDataPersist:8255 Error[19]: No calibration found
02-09 19:58:38.014  1858  2158 E ACDB    : vendor/qcom/proprietary/args/acdb/src/acdb_command.c:AcdbCmdGetProcSubgraphCalDataPersist:8255 Error[19]: No calibration found
02-09 19:58:38.014  1858  2158 E ACDB    : vendor/qcom/proprietary/args/acdb/src/acdb_command.c:AcdbCmdGetProcSubgraphCalDataPersist:8255 Error[19]: No calibration found
02-09 19:58:38.021 11394 11394 W System.err: java.lang.NoSuchMethodException: n1.d.<init> [class android.content.Context]
02-09 19:58:38.022 11394 11394 W MDW@Android: (SasProvider) onError::mSasService is already gone : errorCode [2562], msg [Constructor with Context argument not found: n1.d]
02-09 19:58:38.023 11394  2165 I MDW@Android: (MdwR2) setRxJavaErrorHandler
02-09 19:58:39.537  2827  4736 D WifiConnectivityMonitor.NetworkStatsAnalyzer: Backhaul result - RSSI:-28, CE:72, PE:64, TI:91, PTI:85, TW:8, PTW:2, Tx:3560, Rx:6218, TxS:589, RxS:591, RESULT:true, IC:0, ICT:5, WC:0, WCT:5, R:0, RC:0, IE:0, EC:0
02-09 19:58:39.783  1882  7564 I SDM     : DisplayBuiltIn::SetActiveConfig: setting activeConfig(2) on Display 16777284-0. error(0)
02-09 19:58:40.483 31897 31897 I BLASTBufferQueue_Java: update, w= 1080 h= 2340 mName = VRI[FinderShareFeedRelUI]@e60e410 mNativeObject= 0x75d8b75420 sc.mNativeObject= 0x7658828390 format= -2 caller= android.view.ViewRootImpl.updateBlastSurfaceIfNeeded:3574 android.view.ViewRootImpl.relayoutWindow:11685 android.view.ViewRootImpl.performTraversals:4804 android.view.ViewRootImpl.doTraversal:3924 android.view.ViewRootImpl$TraversalRunnable.run:12903 android.view.Choreographer$CallbackRecord.run:1901 
02-09 19:58:40.483  2827  5602 I WindowManager: Relayout Window{9a042ea u0 com.tencent.mm/com.tencent.mm.plugin.finder.ui.FinderShareFeedRelUI}: viewVisibility=0 req=1080x2340 ty=1 d0
02-09 19:58:40.483 31897 31897 I VRI[FinderShareFeedRelUI]@e60e410: Relayout returned: old=(0,0,1080,2340) new=(0,0,1080,2340) relayoutAsync=true req=(1080,2340)0 dur=0 res=0x0 s={true 0x75293ccc70} ch=false seqId=0
02-09 19:58:40.484  2827  5602 I WindowManager: Relayout hash=9a042ea, pid=0, syncId=-1: mAttrs={(0,0)(fillxfill) sim={adjust=nothing} layoutInDisplayCutoutMode=shortEdges ty=BASE_APPLICATION fmt=TRANSPARENT wanim=0x7f11020f
02-09 19:58:40.489  2827  5602 I WindowManager: Relayout Window{9a042ea u0 com.tencent.mm/com.tencent.mm.plugin.finder.ui.FinderShareFeedRelUI}: viewVisibility=0 req=1080x2340 ty=1 d0
02-09 19:58:40.489 31897 31897 I BLASTBufferQueue_Java: update, w= 1080 h= 2340 mName = VRI[FinderShareFeedRelUI]@e60e410 mNativeObject= 0x75d8b75420 sc.mNativeObject= 0x7658828390 format= -2 caller= android.view.ViewRootImpl.updateBlastSurfaceIfNeeded:3574 android.view.ViewRootImpl.relayoutWindow:11685 android.view.ViewRootImpl.performTraversals:4804 android.view.ViewRootImpl.doTraversal:3924 android.view.ViewRootImpl$TraversalRunnable.run:12903 android.view.Choreographer$CallbackRecord.run:1901 
02-09 19:58:40.489 31897 31897 I VRI[FinderShareFeedRelUI]@e60e410: Relayout returned: old=(0,0,1080,2340) new=(0,0,1080,2340) relayoutAsync=true req=(1080,2340)0 dur=0 res=0x0 s={true 0x75293ccc70} ch=false seqId=0
02-09 19:58:40.490  2827  5602 I WindowManager: Relayout hash=9a042ea, pid=0, syncId=-1: mAttrs={(0,0)(fillxfill) sim={adjust=nothing} layoutInDisplayCutoutMode=shortEdges ty=BASE_APPLICATION fmt=TRANSPARENT wanim=0x7f11020f
02-09 19:58:40.515  1882  7564 W SDM     : ScalarConfig::ApplyDestScaleConfig: GetAIScaleSettingsInfo returned error=1
02-09 19:58:40.598  1882  7564 W SDM     : ScalarConfig::ApplyDestScaleConfig: GetAIScaleSettingsInfo returned error=1
02-09 19:58:40.612  2827  4601 E WifiStaIfaceAidlImpl: getCachedScanData failed with service-specific exception: android.os.ServiceSpecificException:  (code 4)
02-09 19:58:40.898  6410   687 E AdManager: AdLoadListener error, code 2, message UNABLE_TO_FILL, source FOCUSED_INBOX
02-09 19:58:41.282  1882  7564 I SDM     : DisplayBuiltIn::SetActiveConfig: setting activeConfig(0) on Display 16777284-0. error(0)
02-09 19:58:41.458  2827  2851 I WindowManager: Relayout Window{7dcf8d3 u0 VolumePanelWindow}: viewVisibility=0 req=237x759 ty=2020 d0
02-09 19:58:41.459  2827  2851 I WindowManager: Relayout hash=7dcf8d3, pid=4827, syncId=-1: mAttrs={(0,576)(wrapxwrap) gr=TOP RIGHT CENTER sim={adjust=pan forwardNavigation} ty=VOLUME_OVERLAY fmt=TRANSPARENT wanim=0xffffffff surfaceInsets=Rect(6, 6 - 6, 6)
02-09 19:58:41.460  4827  4827 I BLASTBufferQueue_Java: new BLASTBufferQueue, mName= VRI[VolumePanelWindow]@941bad mNativeObject= 0xb4000075d8dfec90 caller= android.view.ViewRootImpl.updateBlastSurfaceIfNeeded:3585 android.view.ViewRootImpl.relayoutWindow:11685 android.view.ViewRootImpl.performTraversals:4804 android.view.ViewRootImpl.doTraversal:3924 android.view.ViewRootImpl$TraversalRunnable.run:12903 android.view.Choreographer$CallbackRecord.run:1901 android.view.Choreographer$CallbackRecord.run:1910 android.view.Choreographer.doCallbacks:1367 android.view.Choreographer.doFrame:1292 android.view.Choreographer$FrameDisplayEventReceiver.run:1870 
02-09 19:58:41.460  4827  4827 I BLASTBufferQueue_Java: update, w= 249 h= 771 mName = VRI[VolumePanelWindow]@941bad mNativeObject= 0xb4000075d8dfec90 sc.mNativeObject= 0xb400007658813150 format= -2 caller= android.view.ViewRootImpl.updateBlastSurfaceIfNeeded:3590 android.view.ViewRootImpl.relayoutWindow:11685 android.view.ViewRootImpl.performTraversals:4804 android.view.ViewRootImpl.doTraversal:3924 android.view.ViewRootImpl$TraversalRunnable.run:12903 android.view.Choreographer$CallbackRecord.run:1901 
02-09 19:58:41.460  4827  4827 I VRI[VolumePanelWindow]@941bad: Relayout returned: old=(0,91,1080,2196) new=(843,576,1080,1335) relayoutAsync=false req=(237,759)0 dur=2 res=0x3 s={true 0xb4000075289caa70} ch=true seqId=0
02-09 19:58:41.904  1888  2696 D AidlBufferPool: bufferpool2 0xb4000074636c04f8 : 33(540672 size) total buffers - 33(540672 size) used buffers - 0/33 (recycle/alloc) - 0/0 (fetch/transfer)
02-09 19:58:42.423 31897  2131 D AidlBufferPool: bufferpool2 0x75489cd678 : 10(83886080 size) total buffers - 10(83886080 size) used buffers - 1/11 (recycle/alloc) - 20/168 (fetch/transfer)
02-09 19:58:43.619  2827  4601 E WifiStaIfaceAidlImpl: getCachedScanData failed with service-specific exception: android.os.ServiceSpecificException:  (code 4)
02-09 19:58:43.963 31356 31639 V MSF.C.MSFCore[@DD]: [Event] MSFDDNetworkEngine.cpp(179)::onTcpInfoUpdate->onTcpInfoUpdate:
02-09 19:58:43.969 31356 31496 I MSF.D.NetworkProvider.NetConnInfo: refresh activeNetInfo currentAPN:. received networkInfo: CONNECTED :NetworkInfo: type: WIFI[], state: CONNECTED/CONNECTED, reason: (unspecified), roaming: false, failover: false, isAvailable: true, isConnectedToProvisioningNetwork: true. ExtraNetInfo: 
02-09 19:58:43.973 31356 31496 D MSF.C.NewSender: [notifyNetworkState], networkType: 1, ipFamily: 3, networkInfo: MSFExternNetworkInfo{mNetName=UNKNOWN_WIFI_SSID,mNetIdentifier=UNKNOWN_WIFI_BSSID,mSubType=1,}
02-09 19:58:43.976  2827  2851 D ConnectivityService: requestNetwork for uid/pid:10041/2326 activeRequest: null callbackRequest: 28661 [NetworkRequest [ REQUEST id=28662, [ Capabilities: INTERNET&NOT_RESTRICTED&TRUSTED&NOT_VCN_MANAGED&NOT_BANDWIDTH_CONSTRAINED Uid: 10041 RequestorUid: 10041 RequestorPkg: com.samsung.android.offline.languagemodel.chn UnderlyingNetworks: Null] ]] callback flags: 0 order: 2147483647 isUidTracked: false declaredMethods: AVAIL|LOST|NC
