02-09 20:06:21.955  2827  2851 D InsetsSourceProvider: updateControlForTarget: control=InsetsSourceControl: {f9470001 mType=navigationBars initiallyVisible mSurfacePosition=Point(0, 2196) mInsetsHint=Insets{left=0, top=0, right=0, bottom=144}}, target=Window{54fd7ce u0 NotificationShade}, from=com.android.server.wm.InsetsStateController.onControlTargetChanged:83 com.android.server.wm.InsetsPolicy.updateBarControlTarget:225 com.android.server.wm.DisplayPolicy.updateSystemBarAttributes:262 com.android.server.wm.WindowManagerService.updateFocusedWindowLocked:372 com.android.server.wm.WindowManagerService.relayoutWindow:1350 
02-09 20:06:21.955  2827  2851 D WindowManager: updateSystemBarAttributes: displayId=0, focusedCanBeNavColorWin=false, win=Window{54fd7ce u0 NotificationShade}, navColorWin=null, caller=com.android.server.wm.WindowManagerService.updateFocusedWindowLocked:372 com.android.server.wm.WindowManagerService.relayoutWindow:1350 com.android.server.wm.Session.relayout:27 
02-09 20:06:21.955  2827  2851 V WindowManager: Computed rotation=ROTATION_0 (0) for display id=0 based on lastOrientation=SCREEN_ORIENTATION_NOSENSOR (5) and oldRotation=ROTATION_0 (0), caller=com.android.server.wm.DisplayRotation.updateOrientation:79 com.android.server.wm.DisplayContent.updateOrientation:41 com.android.server.wm.DisplayContent.updateOrientation:1 com.android.server.wm.WindowManagerService.relayoutWindow:1403 com.android.server.wm.Session.relayout:27 android.view.IWindowSession$Stub.onTransact:829 
02-09 20:06:21.956  4827  4827 I BLASTBufferQueue_Java: new BLASTBufferQueue, mName= VRI[NotificationShade]@97f4e8b mNativeObject= 0xb4000075d8c511d0 caller= android.view.ViewRootImpl.updateBlastSurfaceIfNeeded:3585 android.view.ViewRootImpl.relayoutWindow:11685 android.view.ViewRootImpl.performTraversals:4804 android.view.ViewRootImpl.doTraversal:3924 android.view.ViewRootImpl$TraversalRunnable.run:12903 android.view.Choreographer$CallbackRecord.run:1901 android.view.Choreographer$CallbackRecord.run:1910 android.view.Choreographer.doCallbacks:1367 android.view.Choreographer.doFrame:1292 android.view.Choreographer$FrameDisplayEventReceiver.run:1870 
02-09 20:06:21.956  4827  4827 I BLASTBufferQueue_Java: update, w= 1080 h= 2340 mName = VRI[NotificationShade]@97f4e8b mNativeObject= 0xb4000075d8c511d0 sc.mNativeObject= 0xb400007658813390 format= -3 caller= android.view.ViewRootImpl.updateBlastSurfaceIfNeeded:3590 android.view.ViewRootImpl.relayoutWindow:11685 android.view.ViewRootImpl.performTraversals:4804 android.view.ViewRootImpl.doTraversal:3924 android.view.ViewRootImpl$TraversalRunnable.run:12903 android.view.Choreographer$CallbackRecord.run:1901 
02-09 20:06:21.956  4827  4827 I VRI[NotificationShade]@97f4e8b: Relayout returned: old=(0,0,1080,2340) new=(0,0,1080,2340) relayoutAsync=false req=(1080,2340)0 dur=3 res=0x3 s={true 0xb400007528820920} ch=true seqId=6
02-09 20:06:21.965  4827  4827 I BLASTBufferQueue_Java: update, w= 1080 h= 144 mName = VRI[NavigationBar0]@be9465e mNativeObject= 0xb4000075d88c9990 sc.mNativeObject= 0xb4000076587bd4d0 format= -3 caller= android.view.ViewRootImpl.updateBlastSurfaceIfNeeded:3574 android.view.ViewRootImpl.relayoutWindow:11685 android.view.ViewRootImpl.performTraversals:4804 android.view.ViewRootImpl.doTraversal:3924 android.view.ViewRootImpl$TraversalRunnable.run:12903 android.view.Choreographer$CallbackRecord.run:1901 
02-09 20:06:21.965  4827  4827 I VRI[NavigationBar0]@be9465e: Relayout returned: old=(0,2196,1080,2340) new=(0,2196,1080,2340) relayoutAsync=true req=(1080,144)0 dur=0 res=0x0 s={true 0xb400007528855470} ch=false seqId=25
02-09 20:06:21.967  4827  4827 I VRI[Bouncer]@c27517: Relayout returned: old=(0,0,1080,0) new=(0,0,1080,2340) relayoutAsync=false req=(1080,0)4 dur=2 res=0x0 s={false 0x0} ch=false seqId=0
02-09 20:06:22.002  4827  4827 I BLASTBufferQueue_Java: update, w= 1080 h= 2340 mName = VRI[NotificationShade]@97f4e8b mNativeObject= 0xb4000075d8c511d0 sc.mNativeObject= 0xb400007658813390 format= -3 caller= android.view.ViewRootImpl.updateBlastSurfaceIfNeeded:3574 android.view.ViewRootImpl.relayoutWindow:11685 android.view.ViewRootImpl.performTraversals:4804 android.view.ViewRootImpl.doTraversal:3924 android.view.ViewRootImpl$TraversalRunnable.run:12903 android.view.Choreographer$CallbackRecord.run:1901 
02-09 20:06:22.002  4827  4827 I VRI[NotificationShade]@97f4e8b: Relayout returned: old=(0,0,1080,2340) new=(0,0,1080,2340) relayoutAsync=true req=(1080,2340)0 dur=0 res=0x0 s={true 0xb400007528820920} ch=false seqId=6
02-09 20:06:22.003  4827  5076 I WallpaperService: updateSurface: invoke Session.relayout
02-09 20:06:23.775  1888  2696 D AidlBufferPool: bufferpool2 0xb4000074636dbc58 : 34(557056 size) total buffers - 34(557056 size) used buffers - 0/34 (recycle/alloc) - 0/0 (fetch/transfer)
02-09 20:06:24.776  4924  7963 D AidlBufferPool: bufferpool2 0x7548820008 : 11(92274688 size) total buffers - 10(83886080 size) used buffers - 0/11 (recycle/alloc) - 11/67 (fetch/transfer)
02-09 20:06:39.443 14994 14994 I BLASTBufferQueue_Java: new BLASTBufferQueue, mName= VRI[FP Iconview]@e3bfd4c mNativeObject= 0xb4000075d87895a0 caller= android.view.ViewRootImpl.updateBlastSurfaceIfNeeded:3585 android.view.ViewRootImpl.relayoutWindow:11685 android.view.ViewRootImpl.performTraversals:4804 android.view.ViewRootImpl.doTraversal:3924 android.view.ViewRootImpl$TraversalRunnable.run:12903 android.view.Choreographer$CallbackRecord.run:1901 android.view.Choreographer$CallbackRecord.run:1910 android.view.Choreographer.doCallbacks:1367 android.view.Choreographer.doFrame:1292 android.view.Choreographer$FrameDisplayEventReceiver.run:1870 
02-09 20:06:39.443 14994 14994 I BLASTBufferQueue_Java: update, w= 1092 h= 2352 mName = VRI[FP Iconview]@e3bfd4c mNativeObject= 0xb4000075d87895a0 sc.mNativeObject= 0xb4000076587397d0 format= -3 caller= android.view.ViewRootImpl.updateBlastSurfaceIfNeeded:3590 android.view.ViewRootImpl.relayoutWindow:11685 android.view.ViewRootImpl.performTraversals:4804 android.view.ViewRootImpl.doTraversal:3924 android.view.ViewRootImpl$TraversalRunnable.run:12903 android.view.Choreographer$CallbackRecord.run:1901 
02-09 20:06:39.443 14994 14994 I VRI[FP Iconview]@e3bfd4c: Relayout returned: old=(0,0,1080,2340) new=(0,0,1080,2340) relayoutAsync=false req=(1080,2340)0 dur=2 res=0x3 s={true 0xb40000752878c1b0} ch=true seqId=0
02-09 20:06:39.447  4827  4827 I VRI[KeyguardBiometricToastView]@2a86945: Relayout returned: old=(0,0,1080,2340) new=(0,0,1080,2340) relayoutAsync=false req=(423,210)8 dur=1 res=0x0 s={false 0x0} ch=false seqId=0
02-09 20:06:39.467 14994 14994 I BLASTBufferQueue_Java: update, w= 1092 h= 2352 mName = VRI[FP Iconview]@e3bfd4c mNativeObject= 0xb4000075d87895a0 sc.mNativeObject= 0xb4000076587397d0 format= -3 caller= android.view.ViewRootImpl.updateBlastSurfaceIfNeeded:3574 android.view.ViewRootImpl.relayoutWindow:11685 android.view.ViewRootImpl.performTraversals:4804 android.view.ViewRootImpl.doTraversal:3924 android.view.ViewRootImpl$TraversalRunnable.run:12903 android.view.Choreographer$CallbackRecord.run:1901 
02-09 20:06:39.467 14994 14994 I VRI[FP Iconview]@e3bfd4c: Relayout returned: old=(0,0,1080,2340) new=(0,0,1080,2340) relayoutAsync=true req=(1080,2340)0 dur=0 res=0x0 s={true 0xb40000752878c1b0} ch=false seqId=0
02-09 20:06:39.492 15248 15248 I BLASTBufferQueue_Java: new BLASTBufferQueue, mName= VRI[HintService]@fe16424 mNativeObject= 0x75d8947160 caller= android.view.ViewRootImpl.updateBlastSurfaceIfNeeded:3585 android.view.ViewRootImpl.relayoutWindow:11685 android.view.ViewRootImpl.performTraversals:4804 android.view.ViewRootImpl.doTraversal:3924 android.view.ViewRootImpl$TraversalRunnable.run:12903 android.view.Choreographer$CallbackRecord.run:1901 android.view.Choreographer$CallbackRecord.run:1910 android.view.Choreographer.doCallbacks:1367 android.view.Choreographer.doFrame:1292 android.view.Choreographer$FrameDisplayEventReceiver.run:1870 
02-09 20:06:39.493 15248 15248 I BLASTBufferQueue_Java: update, w= 522 h= 72 mName = VRI[HintService]@fe16424 mNativeObject= 0x75d8947160 sc.mNativeObject= 0x7658754dd0 format= -3 caller= android.view.ViewRootImpl.updateBlastSurfaceIfNeeded:3590 android.view.ViewRootImpl.relayoutWindow:11685 android.view.ViewRootImpl.performTraversals:4804 android.view.ViewRootImpl.doTraversal:3924 android.view.ViewRootImpl$TraversalRunnable.run:12903 android.view.Choreographer$CallbackRecord.run:1901 
02-09 20:06:39.493 15248 15248 I VRI[HintService]@fe16424: Relayout returned: old=(279,2268,801,2340) new=(279,2268,801,2340) relayoutAsync=false req=(522,72)0 dur=1 res=0x3 s={true 0x7528782730} ch=true seqId=2
02-09 20:06:39.499  4827  4827 I BLASTBufferQueue_Java: update, w= 1080 h= 2340 mName = VRI[NotificationShade]@97f4e8b mNativeObject= 0xb4000075d8c511d0 sc.mNativeObject= 0xb400007658813390 format= -3 caller= android.view.ViewRootImpl.updateBlastSurfaceIfNeeded:3574 android.view.ViewRootImpl.relayoutWindow:11685 android.view.ViewRootImpl.performTraversals:4804 android.view.ViewRootImpl.doTraversal:3924 android.view.ViewRootImpl$TraversalRunnable.run:12903 android.view.Choreographer$CallbackRecord.run:1901 
02-09 20:06:39.499  4827  4827 I VRI[NotificationShade]@97f4e8b: Relayout returned: old=(0,0,1080,2340) new=(0,0,1080,2340) relayoutAsync=true req=(1080,2340)0 dur=0 res=0x0 s={true 0xb400007528820920} ch=false seqId=6
02-09 20:06:39.562  5336  5336 I BLASTBufferQueue_Java: new BLASTBufferQueue, mName= VRI[CocktailBarService]@e185d11 mNativeObject= 0xb4000075d87f8c90 caller= android.view.ViewRootImpl.updateBlastSurfaceIfNeeded:3585 android.view.ViewRootImpl.relayoutWindow:11685 android.view.ViewRootImpl.performTraversals:4804 android.view.ViewRootImpl.doTraversal:3924 android.view.ViewRootImpl$TraversalRunnable.run:12903 android.view.Choreographer$CallbackRecord.run:1901 android.view.Choreographer$CallbackRecord.run:1910 android.view.Choreographer.doCallbacks:1367 android.view.Choreographer.doFrame:1292 android.view.Choreographer$FrameDisplayEventReceiver.run:1870 
02-09 20:06:39.562  5336  5336 I BLASTBufferQueue_Java: update, w= 67 h= 340 mName = VRI[CocktailBarService]@e185d11 mNativeObject= 0xb4000075d87f8c90 sc.mNativeObject= 0xb400007658751dd0 format= -2 caller= android.view.ViewRootImpl.updateBlastSurfaceIfNeeded:3590 android.view.ViewRootImpl.relayoutWindow:11685 android.view.ViewRootImpl.performTraversals:4804 android.view.ViewRootImpl.doTraversal:3924 android.view.ViewRootImpl$TraversalRunnable.run:12903 android.view.Choreographer$CallbackRecord.run:1901 
02-09 20:06:39.562  5336  5336 I VRI[CocktailBarService]@e185d11: Relayout returned: old=(1013,1298,1080,1638) new=(1013,1298,1080,1638) relayoutAsync=false req=(67,340)0 dur=4 res=0x3 s={true 0xb40000752880da90} ch=true seqId=90
02-09 20:06:40.109  2827  7729 E WindowManager: win=Window{1687858 u0 FP Iconview} destroySurfaces: appStopped=true cleanupOnResume=false win.mWindowRemovalAllowed=false win.mRemoveOnExit=false win.mViewVisibility=8 caller=com.android.server.wm.WindowManagerService.tryStartExitingAnimation:134 com.android.server.wm.WindowManagerService.relayoutWindow:1138 com.android.server.wm.Session.relayout:27 android.view.IWindowSession$Stub.onTransact:829 com.android.server.wm.Session.onTransact:1 android.os.Binder.execTransactInternal:1457 android.os.Binder.execTransact:1401 
02-09 20:06:40.109 14994 14994 I VRI[FP Iconview]@e3bfd4c: Relayout returned: old=(0,0,1080,2340) new=(0,0,1080,2340) relayoutAsync=false req=(1080,2340)8 dur=1 res=0x2 s={false 0x0} ch=true seqId=0
02-09 20:06:40.113  4827  4827 I BLASTBufferQueue_Java: new BLASTBufferQueue, mName= VRI[LockscreenShortcutBlur]@b09746e mNativeObject= 0xb4000075d9ead670 caller= android.view.ViewRootImpl.updateBlastSurfaceIfNeeded:3585 android.view.ViewRootImpl.relayoutWindow:11685 android.view.ViewRootImpl.performTraversals:4804 android.view.ViewRootImpl.doTraversal:3924 android.view.ViewRootImpl$TraversalRunnable.run:12903 android.view.Choreographer$CallbackRecord.run:1901 android.view.Choreographer$CallbackRecord.run:1910 android.view.Choreographer.doCallbacks:1367 android.view.Choreographer.doFrame:1292 android.view.Choreographer$FrameDisplayEventReceiver.run:1870 
02-09 20:06:40.113  4827  4827 I BLASTBufferQueue_Java: update, w= 1080 h= 2340 mName = VRI[LockscreenShortcutBlur]@b09746e mNativeObject= 0xb4000075d9ead670 sc.mNativeObject= 0xb4000076587accd0 format= -3 caller= android.view.ViewRootImpl.updateBlastSurfaceIfNeeded:3590 android.view.ViewRootImpl.relayoutWindow:11685 android.view.ViewRootImpl.performTraversals:4804 android.view.ViewRootImpl.doTraversal:3924 android.view.ViewRootImpl$TraversalRunnable.run:12903 android.view.Choreographer$CallbackRecord.run:1901 
02-09 20:06:40.113  4827  4827 I VRI[LockscreenShortcutBlur]@b09746e: Relayout returned: old=(0,0,1080,2340) new=(0,0,1080,2340) relayoutAsync=false req=(1080,2340)0 dur=7 res=0x3 s={true 0xb400007528aaac20} ch=true seqId=0
02-09 20:06:40.266 14994 14994 I BLASTBufferQueue_Java: new BLASTBufferQueue, mName= VRI[FP Iconview]@e3bfd4c mNativeObject= 0xb4000075d8807d80 caller= android.view.ViewRootImpl.updateBlastSurfaceIfNeeded:3585 android.view.ViewRootImpl.relayoutWindow:11685 android.view.ViewRootImpl.performTraversals:4804 android.view.ViewRootImpl.doTraversal:3924 android.view.ViewRootImpl$TraversalRunnable.run:12903 android.view.Choreographer$CallbackRecord.run:1901 android.view.Choreographer$CallbackRecord.run:1910 android.view.Choreographer.doCallbacks:1367 android.view.Choreographer.doFrame:1292 android.view.Choreographer$FrameDisplayEventReceiver.run:1870 
02-09 20:06:40.266 14994 14994 I BLASTBufferQueue_Java: update, w= 1092 h= 2352 mName = VRI[FP Iconview]@e3bfd4c mNativeObject= 0xb4000075d8807d80 sc.mNativeObject= 0xb400007658739650 format= -3 caller= android.view.ViewRootImpl.updateBlastSurfaceIfNeeded:3590 android.view.ViewRootImpl.relayoutWindow:11685 android.view.ViewRootImpl.performTraversals:4804 android.view.ViewRootImpl.doTraversal:3924 android.view.ViewRootImpl$TraversalRunnable.run:12903 android.view.Choreographer$CallbackRecord.run:1901 
02-09 20:06:40.266 14994 14994 I VRI[FP Iconview]@e3bfd4c: Relayout returned: old=(0,0,1080,2340) new=(0,0,1080,2340) relayoutAsync=false req=(1080,2340)0 dur=2 res=0x3 s={true 0xb40000752879c330} ch=true seqId=0
02-09 20:06:40.435  4827  4827 I VRI[KeyguardBiometricToastView]@7a154b5: Relayout returned: old=(0,0,1080,2340) new=(0,0,1080,2340) relayoutAsync=false req=(423,210)8 dur=1 res=0x0 s={false 0x0} ch=false seqId=0
02-09 20:06:40.715  2827  4544 E WindowManager: win=Window{eac6d7 u0 LockscreenShortcutBlur} destroySurfaces: appStopped=true cleanupOnResume=false win.mWindowRemovalAllowed=false win.mRemoveOnExit=false win.mViewVisibility=8 caller=com.android.server.wm.WindowManagerService.tryStartExitingAnimation:134 com.android.server.wm.WindowManagerService.relayoutWindow:1138 com.android.server.wm.Session.relayout:27 android.view.IWindowSession$Stub.onTransact:829 com.android.server.wm.Session.onTransact:1 android.os.Binder.execTransactInternal:1462 android.os.Binder.execTransact:1401 
02-09 20:06:40.716  4827  4827 I VRI[LockscreenShortcutBlur]@b09746e: Relayout returned: old=(0,0,1080,2340) new=(0,0,1080,2340) relayoutAsync=false req=(1080,2340)8 dur=1 res=0x2 s={false 0x0} ch=true seqId=0
02-09 20:06:40.951  2827  5671 E WindowManager: win=Window{f959889 u0 com.sec.android.app.launcher/com.samsung.app.honeyspace.edge.edgepanel.app.CocktailBarService} destroySurfaces: appStopped=true cleanupOnResume=false win.mWindowRemovalAllowed=false win.mRemoveOnExit=false win.mViewVisibility=8 caller=com.android.server.wm.WindowManagerService.tryStartExitingAnimation:134 com.android.server.wm.WindowManagerService.relayoutWindow:1138 com.android.server.wm.Session.relayout:27 android.view.IWindowSession$Stub.onTransact:829 com.android.server.wm.Session.onTransact:1 android.os.Binder.execTransactInternal:1457 android.os.Binder.execTransact:1401 
02-09 20:06:40.951  4827  4827 I BLASTBufferQueue_Java: update, w= 1080 h= 2340 mName = VRI[NotificationShade]@97f4e8b mNativeObject= 0xb4000075d8c511d0 sc.mNativeObject= 0xb400007658813390 format= -3 caller= android.view.ViewRootImpl.updateBlastSurfaceIfNeeded:3574 android.view.ViewRootImpl.relayoutWindow:11685 android.view.ViewRootImpl.performTraversals:4804 android.view.ViewRootImpl.doTraversal:3924 android.view.ViewRootImpl$TraversalRunnable.run:12903 android.view.Choreographer$CallbackRecord.run:1901 
02-09 20:06:40.951  4827  4827 I VRI[NotificationShade]@97f4e8b: Relayout returned: old=(0,0,1080,2340) new=(0,0,1080,2340) relayoutAsync=true req=(1080,2340)0 dur=0 res=0x0 s={true 0xb400007528820920} ch=false seqId=6
02-09 20:06:40.951  2827  4641 E WindowManager: win=Window{5265ffe u0 com.samsung.android.spay.pay.HintService} destroySurfaces: appStopped=true cleanupOnResume=false win.mWindowRemovalAllowed=false win.mRemoveOnExit=false win.mViewVisibility=8 caller=com.android.server.wm.WindowManagerService.tryStartExitingAnimation:134 com.android.server.wm.WindowManagerService.relayoutWindow:1138 com.android.server.wm.Session.relayout:27 android.view.IWindowSession$Stub.onTransact:829 com.android.server.wm.Session.onTransact:1 android.os.Binder.execTransactInternal:1457 android.os.Binder.execTransact:1401 
02-09 20:06:40.951  5336  5336 I VRI[CocktailBarService]@e185d11: Relayout returned: old=(1013,1298,1080,1638) new=(1013,1298,1080,1638) relayoutAsync=false req=(0,0)8 dur=1 res=0x2 s={false 0x0} ch=true seqId=90
02-09 20:06:40.952  2827  5367 E WindowManager: win=Window{1687858 u0 FP Iconview} destroySurfaces: appStopped=true cleanupOnResume=false win.mWindowRemovalAllowed=false win.mRemoveOnExit=false win.mViewVisibility=4 caller=com.android.server.wm.WindowManagerService.tryStartExitingAnimation:134 com.android.server.wm.WindowManagerService.relayoutWindow:1138 com.android.server.wm.Session.relayout:27 android.view.IWindowSession$Stub.onTransact:829 com.android.server.wm.Session.onTransact:1 android.os.Binder.execTransactInternal:1457 android.os.Binder.execTransact:1401 
02-09 20:06:40.952 15248 15248 I VRI[HintService]@fe16424: Relayout returned: old=(279,2268,801,2340) new=(279,2268,801,2340) relayoutAsync=false req=(522,72)8 dur=1 res=0x2 s={false 0x0} ch=true seqId=2
02-09 20:06:40.952 14994 14994 I VRI[FP Iconview]@e3bfd4c: Relayout returned: old=(0,0,1080,2340) new=(0,0,1080,2340) relayoutAsync=false req=(1080,2340)4 dur=0 res=0x2 s={false 0x0} ch=true seqId=0
02-09 20:06:40.989  4827  4827 I BLASTBufferQueue_Java: update, w= 1080 h= 2340 mName = VRI[NotificationShade]@97f4e8b mNativeObject= 0xb4000075d8c511d0 sc.mNativeObject= 0xb400007658813390 format= -3 caller= android.view.ViewRootImpl.updateBlastSurfaceIfNeeded:3574 android.view.ViewRootImpl.relayoutWindow:11685 android.view.ViewRootImpl.performTraversals:4804 android.view.ViewRootImpl.doTraversal:3924 android.view.ViewRootImpl$TraversalRunnable.run:12903 android.view.Choreographer$CallbackRecord.run:1901 
02-09 20:06:40.989  4827  4827 I VRI[NotificationShade]@97f4e8b: Relayout returned: old=(0,0,1080,2340) new=(0,0,1080,2340) relayoutAsync=true req=(1080,2340)0 dur=0 res=0x0 s={true 0xb400007528820920} ch=false seqId=6
02-09 20:07:04.086 31346 31599 I NTKernel: [I] group_info_fetch_codec.cc(1502)::DecodeGroupPermissions pb_permissions: 0a0b08924e1206080210011a00
02-09 20:07:04.086 31346 31599 I NTKernel: [I] group_info_fetch_codec.cc(1548)::DecodeGroupGameListByFilter [group_info_fetch_codec]->pb_game_list:0a6e080112680a0a31313034343636383230120ce78e8be88085e88da3e880801a4c68747470733a2f2f696d672e67616d6563656e7465722e71712e636f6d2f67635f696d672f67632f666f726d616c2f636f6d6d6f6e2f313130343436363832302f7468756d496d672e706e6718000a6e080212680a0a31313132313938303732120ce58583e6a2a6e4b98be6989f1a4c68747470733a2f2f696d672e67616d6563656e7465722e71712e636f6d2f67635f696d672f67632f666f726d616c2f636f6d6d6f6e2f313131323139383037322f7468756d496d672e706e6718000a710803126b0a0a31313036393030383237120fe58589e4b88ee5a49ce4b98be6818b1a4c68747470733a2f2f696d672e67616d6563656e7465722e71712e636f6d2f67635f696d672f67632f666f726d616c2f636f6d6d6f6e2f313130363930303832372f7468756d496d672e706e6718000a7d080412770a0a31313034323934303535121be59cb0e4b88be59f8ee4b88ee58b87e5a3abefbc9ae8b5b7e6ba901a4c68747470733a2f2f696d672e67616d6563656e7465722e71712e636f6d2f67635f696d672f67632f666f726d616c2f636f6d6d6f6e2f313130343239343035352f7468756d496d672e706e6718000a710805126b0a0a31313039383131343336120fe98791e993b2e993b2e4b98be688981a4c68747470733a2f2f696d672e67616d6563656e7465722e71712e636f6d2f67635f696d672f67632f666f726d616c2f636f6d6d6f6e2f313130393831313433362f7468756d496d672e706e6718000a720806126c0a093130323135303635391212e6b0b8e58aabe697a0e997b4e6898be6b8b81a4b68747470733a2f2f696d672e67616d6563656e7465722e71712e636f6d2f67635f696d672f67632f666f726d616c2f636f6d6d6f6e2f3130323135303635392f7468756d496d672e706e6718000a6e080712680a0a31313034333037303038120ce781abe5bdb1e5bf8de880851a4c68747470733a2f2f696d672e67616d6563656e7465722e71712e636f6d2f67635f696d672f67632f666f726d616c2f636f6d6d6f6e2f313130343330373030382f7468756d496d672e706e6718000a6e080812680a0a31313036343637303730120ce5928ce5b9b3e7b2bee88bb11a4c68747470733a2f2f696d672e67616d6563656e7465722e71712e636f6d2f67635f696d672f67632f666f726d616c2f636f6d6d6f6e2f313130363436373037302f7468756d496d672e706e6718000a740809126e0a0a313130363034303830341212e88bb1e99b84e88194e79b9fe6898be6b8b81a4c68747470733a2f2f696d672e67616d6563656e7465722e71712e636f6d2f67635f696d672f67632f666f726d616c2f636f6d6d6f6e2f313130363034303830342f7468756d496d672e706e6718000a7d080a12770a0a31313034353132373036121be7a9bfe8b68ae781abe7babfefbc9ae69eaae68898e78e8be880851a4c68747470733a2f2f696d672e67616d6563656e7465722e71712e636f6d2f67635f696d672f67632f666f726d616c2f636f6d6d6f6e2f313130343531323730362f7468756d496d672e706e6718000a77080b12710a0a313130383136393038391215e69e81e59381e9a39ee8bda6efbc9ae99b86e7bb931a4c68747470733a2f2f696d672e67616d6563656e7465722e71712e636f6d2f67635f696d672f67632f666f726d616c2f636f6d6d6f6e2f313130383136393038392f7468756d496d672e706e6718000a6e080c12680a0a31313130313936383338120ce69a97e58cbae7aa81e59bb41a4c68747470733a2f2f696d672e67616d6563656e7465722e71712e636f6d2f67635f696d672f67632f666f726d616c2f636f6d6d6f6e2f313131303139363833382f7468756d496d672e706e6718000a70080d126a0a0a31313034393232313835120e5151e9a39ee8bda6e6898be6b8b81a4c68747470733a2f2f696d672e67616d6563656e7465722e71712e636f6d2f67635f696d672f67632f666f726d616c2f636f6d6d6f6e2f313130343932323138352f7468756d496d672e706e6718000a74080e126e0a0a313130363833383533361212e4bdbfe591bde58face594a4e6898be6b8b81a4c68747470733a2f2f696d672e67616d6563656e7465722e71712e636f6d2f67635f696d672f67632f666f726d616c2f636f6d6d6f6e2f313130363833383533362f7468756d496d672e706e6718000a71080f126b0a0a31313130353433303835120fe4b889e8a792e6b4b2e8a18ce58aa81a4c68747470733a2f2f696d672e67616d6563656e7465722e71712e636f6d2f67635f696d672f67632f666f726d616c2f636f6d6d6f6e2f313131303534333038352f7468756d496d672e706e6718000a740810126e0a0a313131303035303032361212e5ae9de58fafe6a2a6e5a4a7e99b86e7bb931a4c68747470733a2f2f696d672e67616d6563656e7465722e71712e636f6d2f67635f696d672f67632f666f726d616c2f636f6d6d6f6e2f313131303035303032362f7468756d496d672e706e6718000a7a081112740a0a313131303636363735341218e888aae6b5b7e78e8befbc9ae5a3aee5bf97e99b84e5bf831a4c68747470733a2f2f696d672e67616d6563656e7465722e71712e636f6d2f67635f696d672f67632f666f726d616c2f636f6d6d6f6e2f313131303636363735342f746
02-09 20:07:06.046  2827  2827 I RemoteProvisionSysSvc: Successfully fetched key for client 106150844
02-09 20:08:44.271 14994 14994 I BLASTBufferQueue_Java: new BLASTBufferQueue, mName= VRI[FP Iconview]@e3bfd4c mNativeObject= 0xb4000075d8807d80 caller= android.view.ViewRootImpl.updateBlastSurfaceIfNeeded:3585 android.view.ViewRootImpl.relayoutWindow:11685 android.view.ViewRootImpl.performTraversals:4804 android.view.ViewRootImpl.doTraversal:3924 android.view.ViewRootImpl$TraversalRunnable.run:12903 android.view.Choreographer$CallbackRecord.run:1901 android.view.Choreographer$CallbackRecord.run:1910 android.view.Choreographer.doCallbacks:1367 android.view.Choreographer.doFrame:1292 android.view.Choreographer$FrameDisplayEventReceiver.run:1870 
02-09 20:08:44.271 14994 14994 I BLASTBufferQueue_Java: update, w= 1092 h= 2352 mName = VRI[FP Iconview]@e3bfd4c mNativeObject= 0xb4000075d8807d80 sc.mNativeObject= 0xb400007658739650 format= -3 caller= android.view.ViewRootImpl.updateBlastSurfaceIfNeeded:3590 android.view.ViewRootImpl.relayoutWindow:11685 android.view.ViewRootImpl.performTraversals:4804 android.view.ViewRootImpl.doTraversal:3924 android.view.ViewRootImpl$TraversalRunnable.run:12903 android.view.Choreographer$CallbackRecord.run:1901 
02-09 20:08:44.271 14994 14994 I VRI[FP Iconview]@e3bfd4c: Relayout returned: old=(0,0,1080,2340) new=(0,0,1080,2340) relayoutAsync=false req=(1080,2340)0 dur=1 res=0x3 s={true 0xb400007528767170} ch=true seqId=0
02-09 20:08:44.334  4827  4827 I VRI[KeyguardBiometricToastView]@c42c186: Relayout returned: old=(0,0,1080,2340) new=(0,0,1080,2340) relayoutAsync=false req=(423,210)8 dur=1 res=0x0 s={false 0x0} ch=false seqId=0
02-09 20:08:44.455  5336  5336 I BLASTBufferQueue_Java: new BLASTBufferQueue, mName= VRI[CocktailBarService]@e185d11 mNativeObject= 0xb4000075d87f8c90 caller= android.view.ViewRootImpl.updateBlastSurfaceIfNeeded:3585 android.view.ViewRootImpl.relayoutWindow:11685 android.view.ViewRootImpl.performTraversals:4804 android.view.ViewRootImpl.doTraversal:3924 android.view.ViewRootImpl$TraversalRunnable.run:12903 android.view.Choreographer$CallbackRecord.run:1901 android.view.Choreographer$CallbackRecord.run:1910 android.view.Choreographer.doCallbacks:1367 android.view.Choreographer.doFrame:1292 android.view.Choreographer$FrameDisplayEventReceiver.run:1870 
02-09 20:08:44.455  5336  5336 I BLASTBufferQueue_Java: update, w= 67 h= 340 mName = VRI[CocktailBarService]@e185d11 mNativeObject= 0xb4000075d87f8c90 sc.mNativeObject= 0xb400007658751dd0 format= -2 caller= android.view.ViewRootImpl.updateBlastSurfaceIfNeeded:3590 android.view.ViewRootImpl.relayoutWindow:11685 android.view.ViewRootImpl.performTraversals:4804 android.view.ViewRootImpl.doTraversal:3924 android.view.ViewRootImpl$TraversalRunnable.run:12903 android.view.Choreographer$CallbackRecord.run:1901 
02-09 20:08:44.455  5336  5336 I VRI[CocktailBarService]@e185d11: Relayout returned: old=(1013,1298,1080,1638) new=(1013,1298,1080,1638) relayoutAsync=false req=(67,340)0 dur=2 res=0x3 s={true 0xb400007528808d50} ch=true seqId=90
02-09 20:08:44.562  4827  4827 I BLASTBufferQueue_Java: update, w= 1080 h= 2340 mName = VRI[NotificationShade]@97f4e8b mNativeObject= 0xb4000075d8c511d0 sc.mNativeObject= 0xb400007658813390 format= -3 caller= android.view.ViewRootImpl.updateBlastSurfaceIfNeeded:3574 android.view.ViewRootImpl.relayoutWindow:11685 android.view.ViewRootImpl.performTraversals:4804 android.view.ViewRootImpl.doTraversal:3924 android.view.ViewRootImpl$TraversalRunnable.run:12903 android.view.Choreographer$CallbackRecord.run:1901 
02-09 20:08:44.562  4827  4827 I VRI[NotificationShade]@97f4e8b: Relayout returned: old=(0,0,1080,2340) new=(0,0,1080,2340) relayoutAsync=true req=(1080,2340)0 dur=0 res=0x0 s={true 0xb400007528820920} ch=false seqId=6
02-09 20:08:46.400 15248 15248 I BLASTBufferQueue_Java: new BLASTBufferQueue, mName= VRI[HintService]@fe16424 mNativeObject= 0x75d8947160 caller= android.view.ViewRootImpl.updateBlastSurfaceIfNeeded:3585 android.view.ViewRootImpl.relayoutWindow:11685 android.view.ViewRootImpl.performTraversals:4804 android.view.ViewRootImpl.doTraversal:3924 android.view.ViewRootImpl$TraversalRunnable.run:12903 android.view.Choreographer$CallbackRecord.run:1901 android.view.Choreographer$CallbackRecord.run:1910 android.view.Choreographer.doCallbacks:1367 android.view.Choreographer.doFrame:1292 android.view.Choreographer$FrameDisplayEventReceiver.run:1870 
02-09 20:08:46.400 15248 15248 I BLASTBufferQueue_Java: update, w= 522 h= 72 mName = VRI[HintService]@fe16424 mNativeObject= 0x75d8947160 sc.mNativeObject= 0x7658754dd0 format= -3 caller= android.view.ViewRootImpl.updateBlastSurfaceIfNeeded:3590 android.view.ViewRootImpl.relayoutWindow:11685 android.view.ViewRootImpl.performTraversals:4804 android.view.ViewRootImpl.doTraversal:3924 android.view.ViewRootImpl$TraversalRunnable.run:12903 android.view.Choreographer$CallbackRecord.run:1901 
02-09 20:08:46.400 15248 15248 I VRI[HintService]@fe16424: Relayout returned: old=(279,2268,801,2340) new=(279,2268,801,2340) relayoutAsync=false req=(522,72)0 dur=2 res=0x3 s={true 0x75287e1670} ch=true seqId=2
02-09 20:08:49.353  4827  4827 I BLASTBufferQueue_Java: new BLASTBufferQueue, mName= VRI[KeyguardBiometricToastView]@c42c186 mNativeObject= 0xb4000075da05b130 caller= android.view.ViewRootImpl.updateBlastSurfaceIfNeeded:3585 android.view.ViewRootImpl.relayoutWindow:11685 android.view.ViewRootImpl.performTraversals:4804 android.view.ViewRootImpl.doTraversal:3924 android.view.ViewRootImpl$TraversalRunnable.run:12903 android.view.Choreographer$CallbackRecord.run:1901 android.view.Choreographer$CallbackRecord.run:1910 android.view.Choreographer.doCallbacks:1367 android.view.Choreographer.doFrame:1292 android.view.Choreographer$FrameDisplayEventReceiver.run:1870 
02-09 20:08:49.353  4827  4827 I BLASTBufferQueue_Java: update, w= 108 h= 210 mName = VRI[KeyguardBiometricToastView]@c42c186 mNativeObject= 0xb4000075da05b130 sc.mNativeObject= 0xb4000076587a8890 format= -3 caller= android.view.ViewRootImpl.updateBlastSurfaceIfNeeded:3590 android.view.ViewRootImpl.relayoutWindow:11685 android.view.ViewRootImpl.performTraversals:4804 android.view.ViewRootImpl.doTraversal:3924 android.view.ViewRootImpl$TraversalRunnable.run:12903 android.view.Choreographer$CallbackRecord.run:1901 
02-09 20:08:49.353  4827  4827 I VRI[KeyguardBiometricToastView]@c42c186: Relayout returned: old=(0,0,1080,2340) new=(486,0,594,210) relayoutAsync=false req=(108,210)0 dur=2 res=0x3 s={true 0xb400007528cf0250} ch=true seqId=0
02-09 20:08:49.359  4827  4827 I BLASTBufferQueue_Java: update, w= 114 h= 210 mName = VRI[KeyguardBiometricToastView]@c42c186 mNativeObject= 0xb4000075da05b130 sc.mNativeObject= 0xb400007658823410 format= -3 caller= android.view.ViewRootImpl.updateBlastSurfaceIfNeeded:3574 android.view.ViewRootImpl.relayoutWindow:11685 android.view.ViewRootImpl.performTraversals:4804 android.view.ViewRootImpl.doTraversal:3924 android.view.ViewRootImpl$TraversalRunnable.run:12903 android.view.Choreographer$CallbackRecord.run:1901 
02-09 20:08:49.359  4827  4827 I VRI[KeyguardBiometricToastView]@c42c186: Relayout returned: old=(486,0,594,210) new=(483,0,597,210) relayoutAsync=false req=(114,210)0 dur=3 res=0x0 s={true 0xb400007528cf0250} ch=false seqId=0
02-09 20:08:49.365  4827  4827 I BLASTBufferQueue_Java: update, w= 124 h= 210 mName = VRI[KeyguardBiometricToastView]@c42c186 mNativeObject= 0xb4000075da05b130 sc.mNativeObject= 0xb400007658801210 format= -3 caller= android.view.ViewRootImpl.updateBlastSurfaceIfNeeded:3574 android.view.ViewRootImpl.relayoutWindow:11685 android.view.ViewRootImpl.performTraversals:4804 android.view.ViewRootImpl.doTraversal:3924 android.view.ViewRootImpl$TraversalRunnable.run:12903 android.view.Choreographer$CallbackRecord.run:1901 
02-09 20:08:49.365  4827  4827 I VRI[KeyguardBiometricToastView]@c42c186: Relayout returned: old=(483,0,597,210) new=(478,0,602,210) relayoutAsync=false req=(124,210)0 dur=1 res=0x0 s={true 0xb400007528cf0250} ch=false seqId=0
02-09 20:08:49.374  4827  4827 I BLASTBufferQueue_Java: update, w= 135 h= 210 mName = VRI[KeyguardBiometricToastView]@c42c186 mNativeObject= 0xb4000075da05b130 sc.mNativeObject= 0xb4000076587ffe90 format= -3 caller= android.view.ViewRootImpl.updateBlastSurfaceIfNeeded:3574 android.view.ViewRootImpl.relayoutWindow:11685 android.view.ViewRootImpl.performTraversals:4804 android.view.ViewRootImpl.doTraversal:3924 android.view.ViewRootImpl$TraversalRunnable.run:12903 android.view.Choreographer$CallbackRecord.run:1901 
02-09 20:08:49.374  4827  4827 I VRI[KeyguardBiometricToastView]@c42c186: Relayout returned: old=(478,0,602,210) new=(472,0,607,210) relayoutAsync=false req=(135,210)0 dur=2 res=0x0 s={true 0xb400007528cf0250} ch=false seqId=0
02-09 20:08:49.381  4827  4827 I BLASTBufferQueue_Java: update, w= 150 h= 210 mName = VRI[KeyguardBiometricToastView]@c42c186 mNativeObject= 0xb4000075da05b130 sc.mNativeObject= 0xb40000765882c890 format= -3 caller= android.view.ViewRootImpl.updateBlastSurfaceIfNeeded:3574 android.view.ViewRootImpl.relayoutWindow:11685 android.view.ViewRootImpl.performTraversals:4804 android.view.ViewRootImpl.doTraversal:3924 android.view.ViewRootImpl$TraversalRunnable.run:12903 android.view.Choreographer$CallbackRecord.run:1901 
02-09 20:08:49.382  4827  4827 I VRI[KeyguardBiometricToastView]@c42c186: Relayout returned: old=(472,0,607,210) new=(465,0,615,210) relayoutAsync=false req=(150,210)0 dur=0 res=0x0 s={true 0xb400007528cf0250} ch=false seqId=0
02-09 20:08:49.390  4827  4827 I BLASTBufferQueue_Java: update, w= 170 h= 210 mName = VRI[KeyguardBiometricToastView]@c42c186 mNativeObject= 0xb4000075da05b130 sc.mNativeObject= 0xb4000076587bdad0 format= -3 caller= android.view.ViewRootImpl.updateBlastSurfaceIfNeeded:3574 android.view.ViewRootImpl.relayoutWindow:11685 android.view.ViewRootImpl.performTraversals:4804 android.view.ViewRootImpl.doTraversal:3924 android.view.ViewRootImpl$TraversalRunnable.run:12903 android.view.Choreographer$CallbackRecord.run:1901 
02-09 20:08:49.390  4827  4827 I VRI[KeyguardBiometricToastView]@c42c186: Relayout returned: old=(465,0,615,210) new=(455,0,625,210) relayoutAsync=false req=(170,210)0 dur=1 res=0x0 s={true 0xb400007528cf0250} ch=false seqId=0
02-09 20:08:49.398  4827  4827 I BLASTBufferQueue_Java: update, w= 189 h= 210 mName = VRI[KeyguardBiometricToastView]@c42c186 mNativeObject= 0xb4000075da05b130 sc.mNativeObject= 0xb40000765876b690 format= -3 caller= android.view.ViewRootImpl.updateBlastSurfaceIfNeeded:3574 android.view.ViewRootImpl.relayoutWindow:11685 android.view.ViewRootImpl.performTraversals:4804 android.view.ViewRootImpl.doTraversal:3924 android.view.ViewRootImpl$TraversalRunnable.run:12903 android.view.Choreographer$CallbackRecord.run:1901 
02-09 20:08:49.398  4827  4827 I VRI[KeyguardBiometricToastView]@c42c186: Relayout returned: old=(455,0,625,210) new=(445,0,634,210) relayoutAsync=false req=(189,210)0 dur=1 res=0x0 s={true 0xb400007528cf0250} ch=false seqId=0
02-09 20:08:49.407  4827  4827 I BLASTBufferQueue_Java: update, w= 205 h= 210 mName = VRI[KeyguardBiometricToastView]@c42c186 mNativeObject= 0xb4000075da05b130 sc.mNativeObject= 0xb400007658745350 format= -3 caller= android.view.ViewRootImpl.updateBlastSurfaceIfNeeded:3574 android.view.ViewRootImpl.relayoutWindow:11685 android.view.ViewRootImpl.performTraversals:4804 android.view.ViewRootImpl.doTraversal:3924 android.view.ViewRootImpl$TraversalRunnable.run:12903 android.view.Choreographer$CallbackRecord.run:1901 
02-09 20:08:49.407  4827  4827 I VRI[KeyguardBiometricToastView]@c42c186: Relayout returned: old=(445,0,634,210) new=(437,0,642,210) relayoutAsync=false req=(205,210)0 dur=0 res=0x0 s={true 0xb400007528cf0250} ch=false seqId=0
02-09 20:08:49.415  4827  4827 I BLASTBufferQueue_Java: update, w= 220 h= 210 mName = VRI[KeyguardBiometricToastView]@c42c186 mNativeObject= 0xb4000075da05b130 sc.mNativeObject= 0xb40000765874e590 format= -3 caller= android.view.ViewRootImpl.updateBlastSurfaceIfNeeded:3574 android.view.ViewRootImpl.relayoutWindow:11685 android.view.ViewRootImpl.performTraversals:4804 android.view.ViewRootImpl.doTraversal:3924 android.view.ViewRootImpl$TraversalRunnable.run:12903 android.view.Choreographer$CallbackRecord.run:1901 
02-09 20:08:49.415  4827  4827 I VRI[KeyguardBiometricToastView]@c42c186: Relayout returned: old=(437,0,642,210) new=(430,0,650,210) relayoutAsync=false req=(220,210)0 dur=1 res=0x0 s={true 0xb400007528cf0250} ch=false seqId=0
02-09 20:08:49.423  4827  4827 I BLASTBufferQueue_Java: update, w= 231 h= 210 mName = VRI[KeyguardBiometricToastView]@c42c186 mNativeObject= 0xb4000075da05b130 sc.mNativeObject= 0xb400007658783750 format= -3 caller= android.view.ViewRootImpl.updateBlastSurfaceIfNeeded:3574 android.view.ViewRootImpl.relayoutWindow:11685 android.view.ViewRootImpl.performTraversals:4804 android.view.ViewRootImpl.doTraversal:3924 android.view.ViewRootImpl$TraversalRunnable.run:12903 android.view.Choreographer$CallbackRecord.run:1901 
02-09 20:08:49.423  4827  4827 I VRI[KeyguardBiometricToastView]@c42c186: Relayout returned: old=(430,0,650,210) new=(424,0,655,210) relayoutAsync=false req=(231,210)0 dur=1 res=0x0 s={true 0xb400007528cf0250} ch=false seqId=0
02-09 20:08:49.431  4827  4827 I BLASTBufferQueue_Java: update, w= 240 h= 210 mName = VRI[KeyguardBiometricToastView]@c42c186 mNativeObject= 0xb4000075da05b130 sc.mNativeObject= 0xb40000765878a1d0 format= -3 caller= android.view.ViewRootImpl.updateBlastSurfaceIfNeeded:3574 android.view.ViewRootImpl.relayoutWindow:11685 android.view.ViewRootImpl.performTraversals:4804 android.view.ViewRootImpl.doTraversal:3924 android.view.ViewRootImpl$TraversalRunnable.run:12903 android.view.Choreographer$CallbackRecord.run:1901 
02-09 20:08:49.431  4827  4827 I VRI[KeyguardBiometricToastView]@c42c186: Relayout returned: old=(424,0,655,210) new=(420,0,660,210) relayoutAsync=false req=(240,210)0 dur=1 res=0x0 s={true 0xb400007528cf0250} ch=false seqId=0
02-09 20:08:49.439  4827  4827 I BLASTBufferQueue_Java: update, w= 249 h= 210 mName = VRI[KeyguardBiometricToastView]@c42c186 mNativeObject= 0xb4000075da05b130 sc.mNativeObject= 0xb4000076587c8d50 format= -3 caller= android.view.ViewRootImpl.updateBlastSurfaceIfNeeded:3574 android.view.ViewRootImpl.relayoutWindow:11685 android.view.ViewRootImpl.performTraversals:4804 android.view.ViewRootImpl.doTraversal:3924 android.view.ViewRootImpl$TraversalRunnable.run:12903 android.view.Choreographer$CallbackRecord.run:1901 
02-09 20:08:49.439  4827  4827 I VRI[KeyguardBiometricToastView]@c42c186: Relayout returned: old=(420,0,660,210) new=(415,0,664,210) relayoutAsync=false req=(249,210)0 dur=0 res=0x0 s={true 0xb400007528cf0250} ch=false seqId=0
02-09 20:08:49.448  4827  4827 I BLASTBufferQueue_Java: update, w= 256 h= 210 mName = VRI[KeyguardBiometricToastView]@c42c186 mNativeObject= 0xb4000075da05b130 sc.mNativeObject= 0xb4000076588012d0 format= -3 caller= android.view.ViewRootImpl.updateBlastSurfaceIfNeeded:3574 android.view.ViewRootImpl.relayoutWindow:11685 android.view.ViewRootImpl.performTraversals:4804 android.view.ViewRootImpl.doTraversal:3924 android.view.ViewRootImpl$TraversalRunnable.run:12903 android.view.Choreographer$CallbackRecord.run:1901 
02-09 20:08:49.448  4827  4827 I VRI[KeyguardBiometricToastView]@c42c186: Relayout returned: old=(415,0,664,210) new=(412,0,668,210) relayoutAsync=false req=(256,210)0 dur=1 res=0x0 s={true 0xb400007528cf0250} ch=false seqId=0
02-09 20:08:49.456  4827  4827 I BLASTBufferQueue_Java: update, w= 262 h= 210 mName = VRI[KeyguardBiometricToastView]@c42c186 mNativeObject= 0xb4000075da05b130 sc.mNativeObject= 0xb40000765874f610 format= -3 caller= android.view.ViewRootImpl.updateBlastSurfaceIfNeeded:3574 android.view.ViewRootImpl.relayoutWindow:11685 android.view.ViewRootImpl.performTraversals:4804 android.view.ViewRootImpl.doTraversal:3924 android.view.ViewRootImpl$TraversalRunnable.run:12903 android.view.Choreographer$CallbackRecord.run:1901 
02-09 20:08:49.456  4827  4827 I VRI[KeyguardBiometricToastView]@c42c186: Relayout returned: old=(412,0,668,210) new=(409,0,671,210) relayoutAsync=false req=(262,210)0 dur=0 res=0x0 s={true 0xb400007528cf0250} ch=false seqId=0
02-09 20:08:49.466  4827  4827 I BLASTBufferQueue_Java: update, w= 268 h= 210 mName = VRI[KeyguardBiometricToastView]@c42c186 mNativeObject= 0xb4000075da05b130 sc.mNativeObject= 0xb4000076587be9d0 format= -3 caller= android.view.ViewRootImpl.updateBlastSurfaceIfNeeded:3574 android.view.ViewRootImpl.relayoutWindow:11685 android.view.ViewRootImpl.performTraversals:4804 android.view.ViewRootImpl.doTraversal:3924 android.view.ViewRootImpl$TraversalRunnable.run:12903 android.view.Choreographer$CallbackRecord.run:1901 
02-09 20:08:49.466  4827  4827 I VRI[KeyguardBiometricToastView]@c42c186: Relayout returned: old=(409,0,671,210) new=(406,0,674,210) relayoutAsync=false req=(268,210)0 dur=2 res=0x0 s={true 0xb400007528cf0250} ch=false seqId=0
02-09 20:08:49.474  4827  4827 I BLASTBufferQueue_Java: update, w= 272 h= 210 mName = VRI[KeyguardBiometricToastView]@c42c186 mNativeObject= 0xb4000075da05b130 sc.mNativeObject= 0xb400007658792ed0 format= -3 caller= android.view.ViewRootImpl.updateBlastSurfaceIfNeeded:3574 android.view.ViewRootImpl.relayoutWindow:11685 android.view.ViewRootImpl.performTraversals:4804 android.view.ViewRootImpl.doTraversal:3924 android.view.ViewRootImpl$TraversalRunnable.run:12903 android.view.Choreographer$CallbackRecord.run:1901 
02-09 20:08:49.474  4827  4827 I VRI[KeyguardBiometricToastView]@c42c186: Relayout returned: old=(406,0,674,210) new=(404,0,676,210) relayoutAsync=false req=(272,210)0 dur=2 res=0x0 s={true 0xb400007528cf0250} ch=false seqId=0
02-09 20:08:49.483  4827  4827 I BLASTBufferQueue_Java: update, w= 276 h= 210 mName = VRI[KeyguardBiometricToastView]@c42c186 mNativeObject= 0xb4000075da05b130 sc.mNativeObject= 0xb400007658809fd0 format= -3 caller= android.view.ViewRootImpl.updateBlastSurfaceIfNeeded:3574 android.view.ViewRootImpl.relayoutWindow:11685 android.view.ViewRootImpl.performTraversals:4804 android.view.ViewRootImpl.doTraversal:3924 android.view.ViewRootImpl$TraversalRunnable.run:12903 android.view.Choreographer$CallbackRecord.run:1901 
02-09 20:08:49.483  4827  4827 I VRI[KeyguardBiometricToastView]@c42c186: Relayout returned: old=(404,0,676,210) new=(402,0,678,210) relayoutAsync=false req=(276,210)0 dur=2 res=0x0 s={true 0xb400007528cf0250} ch=false seqId=0
02-09 20:08:49.492  4827  4827 I BLASTBufferQueue_Java: update, w= 280 h= 210 mName = VRI[KeyguardBiometricToastView]@c42c186 mNativeObject= 0xb4000075da05b130 sc.mNativeObject= 0xb400007658784350 format= -3 caller= android.view.ViewRootImpl.updateBlastSurfaceIfNeeded:3574 android.view.ViewRootImpl.relayoutWindow:11685 android.view.ViewRootImpl.performTraversals:4804 android.view.ViewRootImpl.doTraversal:3924 android.view.ViewRootImpl$TraversalRunnable.run:12903 android.view.Choreographer$CallbackRecord.run:1901 
02-09 20:08:49.492  4827  4827 I VRI[KeyguardBiometricToastView]@c42c186: Relayout returned: old=(402,0,678,210) new=(400,0,680,210) relayoutAsync=false req=(280,210)0 dur=2 res=0x0 s={true 0xb400007528cf0250} ch=false seqId=0
02-09 20:08:49.498  4827  4827 I BLASTBufferQueue_Java: update, w= 284 h= 210 mName = VRI[KeyguardBiometricToastView]@c42c186 mNativeObject= 0xb4000075da05b130 sc.mNativeObject= 0xb400007658767490 format= -3 caller= android.view.ViewRootImpl.updateBlastSurfaceIfNeeded:3574 android.view.ViewRootImpl.relayoutWindow:11685 android.view.ViewRootImpl.performTraversals:4804 android.view.ViewRootImpl.doTraversal:3924 android.view.ViewRootImpl$TraversalRunnable.run:12903 android.view.Choreographer$CallbackRecord.run:1901 
02-09 20:08:49.498  4827  4827 I VRI[KeyguardBiometricToastView]@c42c186: Relayout returned: old=(400,0,680,210) new=(398,0,682,210) relayoutAsync=false req=(284,210)0 dur=1 res=0x0 s={true 0xb400007528cf0250} ch=false seqId=0
02-09 20:08:49.508  4827  4827 I BLASTBufferQueue_Java: update, w= 287 h= 210 mName = VRI[KeyguardBiometricToastView]@c42c186 mNativeObject= 0xb4000075da05b130 sc.mNativeObject= 0xb4000076587b6210 format= -3 caller= android.view.ViewRootImpl.updateBlastSurfaceIfNeeded:3574 android.view.ViewRootImpl.relayoutWindow:11685 android.view.ViewRootImpl.performTraversals:4804 android.view.ViewRootImpl.doTraversal:3924 android.view.ViewRootImpl$TraversalRunnable.run:12903 android.view.Choreographer$CallbackRecord.run:1901 
02-09 20:08:49.508  4827  4827 I VRI[KeyguardBiometricToastView]@c42c186: Relayout returned: old=(398,0,682,210) new=(396,0,683,210) relayoutAsync=false req=(287,210)0 dur=2 res=0x0 s={true 0xb400007528cf0250} ch=false seqId=0
02-09 20:08:49.515  4827  4827 I BLASTBufferQueue_Java: update, w= 289 h= 210 mName = VRI[KeyguardBiometricToastView]@c42c186 mNativeObject= 0xb4000075da05b130 sc.mNativeObject= 0xb40000765878d710 format= -3 caller= android.view.ViewRootImpl.updateBlastSurfaceIfNeeded:3574 android.view.ViewRootImpl.relayoutWindow:11685 android.view.ViewRootImpl.performTraversals:4804 android.view.ViewRootImpl.doTraversal:3924 android.view.ViewRootImpl$TraversalRunnable.run:12903 android.view.Choreographer$CallbackRecord.run:1901 
02-09 20:08:49.515  4827  4827 I VRI[KeyguardBiometricToastView]@c42c186: Relayout returned: old=(396,0,683,210) new=(395,0,684,210) relayoutAsync=false req=(289,210)0 dur=1 res=0x0 s={true 0xb400007528cf0250} ch=false seqId=0
02-09 20:08:49.523  4827  4827 I BLASTBufferQueue_Java: update, w= 292 h= 210 mName = VRI[KeyguardBiometricToastView]@c42c186 mNativeObject= 0xb4000075da05b130 sc.mNativeObject= 0xb40000765873fe90 format= -3 caller= android.view.ViewRootImpl.updateBlastSurfaceIfNeeded:3574 android.view.ViewRootImpl.relayoutWindow:11685 android.view.ViewRootImpl.performTraversals:4804 android.view.ViewRootImpl.doTraversal:3924 android.view.ViewRootImpl$TraversalRunnable.run:12903 android.view.Choreographer$CallbackRecord.run:1901 
02-09 20:08:49.523  4827  4827 I VRI[KeyguardBiometricToastView]@c42c186: Relayout returned: old=(395,0,684,210) new=(394,0,686,210) relayoutAsync=false req=(292,210)0 dur=1 res=0x0 s={true 0xb400007528cf0250} ch=false seqId=0
02-09 20:08:49.531  4827  4827 I BLASTBufferQueue_Java: update, w= 294 h= 210 mName = VRI[KeyguardBiometricToastView]@c42c186 mNativeObject= 0xb4000075da05b130 sc.mNativeObject= 0xb4000076587eca50 format= -3 caller= android.view.ViewRootImpl.updateBlastSurfaceIfNeeded:3574 android.view.ViewRootImpl.relayoutWindow:11685 android.view.ViewRootImpl.performTraversals:4804 android.view.ViewRootImpl.doTraversal:3924 android.view.ViewRootImpl$TraversalRunnable.run:12903 android.view.Choreographer$CallbackRecord.run:1901 
02-09 20:08:49.531  4827  4827 I VRI[KeyguardBiometricToastView]@c42c186: Relayout returned: old=(394,0,686,210) new=(393,0,687,210) relayoutAsync=false req=(294,210)0 dur=0 res=0x0 s={true 0xb400007528cf0250} ch=false seqId=0
02-09 20:08:49.539  4827  4827 I BLASTBufferQueue_Java: update, w= 296 h= 210 mName = VRI[KeyguardBiometricToastView]@c42c186 mNativeObject= 0xb4000075da05b130 sc.mNativeObject= 0xb40000765882e090 format= -3 caller= android.view.ViewRootImpl.updateBlastSurfaceIfNeeded:3574 android.view.ViewRootImpl.relayoutWindow:11685 android.view.ViewRootImpl.performTraversals:4804 android.view.ViewRootImpl.doTraversal:3924 android.view.ViewRootImpl$TraversalRunnable.run:12903 android.view.Choreographer$CallbackRecord.run:1901 
02-09 20:08:49.540  4827  4827 I VRI[KeyguardBiometricToastView]@c42c186: Relayout returned: old=(393,0,687,210) new=(392,0,688,210) relayoutAsync=false req=(296,210)0 dur=0 res=0x0 s={true 0xb400007528cf0250} ch=false seqId=0
02-09 20:08:49.548  4827  4827 I BLASTBufferQueue_Java: update, w= 298 h= 210 mName = VRI[KeyguardBiometricToastView]@c42c186 mNativeObject= 0xb4000075da05b130 sc.mNativeObject= 0xb400007658769d10 format= -3 caller= android.view.ViewRootImpl.updateBlastSurfaceIfNeeded:3574 android.view.ViewRootImpl.relayoutWindow:11685 android.view.ViewRootImpl.performTraversals:4804 android.view.ViewRootImpl.doTraversal:3924 android.view.ViewRootImpl$TraversalRunnable.run:12903 android.view.Choreographer$CallbackRecord.run:1901 
02-09 20:08:49.548  4827  4827 I VRI[KeyguardBiometricToastView]@c42c186: Relayout returned: old=(392,0,688,210) new=(391,0,689,210) relayoutAsync=false req=(298,210)0 dur=1 res=0x0 s={true 0xb400007528cf0250} ch=false seqId=0
02-09 20:08:49.556  4827  4827 I BLASTBufferQueue_Java: update, w= 300 h= 210 mName = VRI[KeyguardBiometricToastView]@c42c186 mNativeObject= 0xb4000075da05b130 sc.mNativeObject= 0xb4000076587d0f10 format= -3 caller= android.view.ViewRootImpl.updateBlastSurfaceIfNeeded:3574 android.view.ViewRootImpl.relayoutWindow:11685 android.view.ViewRootImpl.performTraversals:4804 android.view.ViewRootImpl.doTraversal:3924 android.view.ViewRootImpl$TraversalRunnable.run:12903 android.view.Choreographer$CallbackRecord.run:1901 
02-09 20:08:49.556  4827  4827 I VRI[KeyguardBiometricToastView]@c42c186: Relayout returned: old=(391,0,689,210) new=(390,0,690,210) relayoutAsync=false req=(300,210)0 dur=1 res=0x0 s={true 0xb400007528cf0250} ch=false seqId=0
02-09 20:08:49.564  4827  4827 I BLASTBufferQueue_Java: update, w= 302 h= 210 mName = VRI[KeyguardBiometricToastView]@c42c186 mNativeObject= 0xb4000075da05b130 sc.mNativeObject= 0xb4000076587868d0 format= -3 caller= android.view.ViewRootImpl.updateBlastSurfaceIfNeeded:3574 android.view.ViewRootImpl.relayoutWindow:11685 android.view.ViewRootImpl.performTraversals:4804 android.view.ViewRootImpl.doTraversal:3924 android.view.ViewRootImpl$TraversalRunnable.run:12903 android.view.Choreographer$CallbackRecord.run:1901 
02-09 20:08:49.564  4827  4827 I VRI[KeyguardBiometricToastView]@c42c186: Relayout returned: old=(390,0,690,210) new=(389,0,691,210) relayoutAsync=false req=(302,210)0 dur=0 res=0x0 s={true 0xb400007528cf0250} ch=false seqId=0
