02-09 19:58:24.848   592   889 D ConnectivityManager: StackLog: [android.net.ConnectivityManager.sendRequestForNetwork(ConnectivityManager.java:4736)] [android.net.ConnectivityManager.sendRequestForNetwork(ConnectivityManager.java:4904)] [android.net.ConnectivityManager.registerNetworkCallback(ConnectivityManager.java:5321)] [android.net.ConnectivityManager.registerNetworkCallback(ConnectivityManager.java:5291)] [com.microsoft.appcenter.utils.NetworkStateHelper.reopen(NetworkStateHelper.java:112)] [com.microsoft.appcenter.utils.NetworkStateHelper.<init>(NetworkStateHelper.java:66)] [com.microsoft.appcenter.utils.NetworkStateHelper.getSharedInstance(NetworkStateHelper.java:81)] [com.microsoft.appcenter.http.HttpUtils.createHttpClientWithoutRetryer(HttpUtils.java:203)] [com.microsoft.appcenter.http.HttpUtils.createHttpClient(HttpUtils.java:198)] [com.microsoft.appcenter.http.HttpUtils.createHttpClient(HttpUtils.java:192)] [com.microsoft.appcenter.AppCenter.finishConfiguration(AppCenter.java:848)] [com.microsoft.appcenter.AppCenter.access$500(AppCenter.java:61)] [com.microsoft.appcenter.AppCenter$5.run(AppCenter.java:737)]
02-09 19:58:24.850  2827  4620 D ConnectivityService: Rematched networks [computed 1ms] [applied 0ms] [issued 0]
02-09 19:58:24.850  2827  4620 D ConnectivityService: NetworkReassignment : no changes
02-09 19:58:24.903  2249 25875 I FontLog : (REDACTED) Fetch %s end status %s
02-09 19:58:24.938  2249 25875 I FontLog : (REDACTED) Fetch %s end status %s
02-09 19:58:24.939  2249 25875 I FontLog : (REDACTED) Fetch %s end status %s
02-09 19:58:24.940  2249 25875 I FontLog : (REDACTED) Fetch %s end status %s
02-09 19:58:24.940  2249 25875 I FontLog : (REDACTED) Fetch %s end status %s
02-09 19:58:24.941  2249 12547 I FontLog : (REDACTED) Fetch %s end status %s
02-09 19:58:24.950  2827  8107 D AppLockPolicy: isActivityInExceptionList: 
02-09 19:58:24.957  2827  3059 D NetworkPolicy: already checked 10359
02-09 19:58:24.959  2827  3059 D NetworkPolicy: already checked 10359
02-09 19:58:24.988  2827  7844 I WindowManager: Relayout Window{f041d85 u0 com.tencent.mm/com.tencent.mm.ui.LauncherUI}: viewVisibility=0 req=1080x2340 ty=1 d0
02-09 19:58:24.989  2827  7844 D WindowManager: Changing focus from null to Window{f041d85 u0 com.tencent.mm/com.tencent.mm.ui.LauncherUI} displayId=0 Callers=com.android.server.wm.WindowManagerService.relayoutWindow:1350 com.android.server.wm.Session.relayout:27 android.view.IWindowSession$Stub.onTransact:829 com.android.server.wm.Session.onTransact:1 
02-09 19:58:24.989  2827  7844 D InsetsSourceProvider: updateControlForTarget: control=InsetsSourceControl: {fcb20000 mType=statusBars initiallyVisible mSurfacePosition=Point(0, 0) mInsetsHint=Insets{left=0, top=91, right=0, bottom=0}}, target=Window{f041d85 u0 com.tencent.mm/com.tencent.mm.ui.LauncherUI}, from=com.android.server.wm.InsetsStateController.onControlTargetChanged:83 com.android.server.wm.InsetsPolicy.updateBarControlTarget:212 com.android.server.wm.DisplayPolicy.updateSystemBarAttributes:262 com.android.server.wm.WindowManagerService.updateFocusedWindowLocked:372 com.android.server.wm.WindowManagerService.relayoutWindow:1350 
02-09 19:58:24.989  2827  7844 D InsetsSourceProvider: updateControlForTarget: control=InsetsSourceControl: {f9470001 mType=navigationBars initiallyVisible mSurfacePosition=Point(0, 2196) mInsetsHint=Insets{left=0, top=0, right=0, bottom=144}}, target=Window{f041d85 u0 com.tencent.mm/com.tencent.mm.ui.LauncherUI}, from=com.android.server.wm.InsetsStateController.onControlTargetChanged:83 com.android.server.wm.InsetsPolicy.updateBarControlTarget:225 com.android.server.wm.DisplayPolicy.updateSystemBarAttributes:262 com.android.server.wm.WindowManagerService.updateFocusedWindowLocked:372 com.android.server.wm.WindowManagerService.relayoutWindow:1350 
02-09 19:58:24.989  2827  7844 D WindowManager: updateSystemBarAttributes: displayId=0, focusedCanBeNavColorWin=false, win=Window{f041d85 u0 com.tencent.mm/com.tencent.mm.ui.LauncherUI}, navColorWin=Window{489b24e u0 com.microsoft.office.outlook/com.acompli.acompli.CentralActivity}, caller=com.android.server.wm.WindowManagerService.updateFocusedWindowLocked:372 com.android.server.wm.WindowManagerService.relayoutWindow:1350 com.android.server.wm.Session.relayout:27 
02-09 19:58:24.989  2827  7844 I WindowManager: Relayout hash=f041d85, pid=31897, syncId=-1: mAttrs={(0,0)(fillxfill) sim={adjust=nothing} layoutInDisplayCutoutMode=shortEdges ty=BASE_APPLICATION wanim=0x7f1101f4
02-09 19:58:24.990 31897 31897 I BLASTBufferQueue_Java: new BLASTBufferQueue, mName= VRI[LauncherUI]@407c3ae mNativeObject= 0x75d9700c20 caller= android.view.ViewRootImpl.updateBlastSurfaceIfNeeded:3585 android.view.ViewRootImpl.relayoutWindow:11685 android.view.ViewRootImpl.performTraversals:4804 android.view.ViewRootImpl.doTraversal:3924 android.view.ViewRootImpl$TraversalRunnable.run:12903 android.view.Choreographer$CallbackRecord.run:1901 android.view.Choreographer$CallbackRecord.run:1910 android.view.Choreographer.doCallbacks:1367 android.view.Choreographer.doFrame:1292 android.view.Choreographer$FrameDisplayEventReceiver.run:1870 
02-09 19:58:24.990 31897 31897 I BLASTBufferQueue_Java: update, w= 1080 h= 2340 mName = VRI[LauncherUI]@407c3ae mNativeObject= 0x75d9700c20 sc.mNativeObject= 0x76587d8f50 format= -1 caller= android.view.ViewRootImpl.updateBlastSurfaceIfNeeded:3590 android.view.ViewRootImpl.relayoutWindow:11685 android.view.ViewRootImpl.performTraversals:4804 android.view.ViewRootImpl.doTraversal:3924 android.view.ViewRootImpl$TraversalRunnable.run:12903 android.view.Choreographer$CallbackRecord.run:1901 
02-09 19:58:24.990 31897 31897 I VRI[LauncherUI]@407c3ae: Relayout returned: old=(0,0,1080,2340) new=(0,0,1080,2340) relayoutAsync=false req=(1080,2340)0 dur=3 res=0x3 s={true 0x75287e3d10} ch=true seqId=0
02-09 19:58:24.998  2827  3062 I SurfaceComposerClient: captureLayers:childrenOnly:1, sync:1
02-09 19:58:25.000  2827  3058 V WindowManager:     startWCT=WindowContainerTransaction { changes= {} hops= [] errorCallbackToken=null taskFragmentOrganizer=null }
02-09 19:58:25.017 31897 31897 V InputMethodManagerUtils: getMaxLengthForEditText InputFilter = java.lang.NoSuchMethodException: com.tencent.mm.ui.tools.r3.getMaxLength []
02-09 19:58:25.017 31897 31897 V InputMethodManagerUtils: getMaxLengthForEditText InputFilter = java.lang.NoSuchMethodException: com.tencent.mm.ui.widget.MMEditText.getMaxLength []
02-09 19:58:25.174  6410  6410 I MessageRenderingWebViewV2: [main] 251653758 [1LCV][Loading][OnD] onConsoleMessage() LOG: {"level":"info","message":"[App] componentDidMount: startFetchMessage","protectedParameters":[],"timestamp":"2026-02-09T11:58:25.174Z"} HxMessageId{mMessageId=201 00000000-0000-0000-0975-270000000000, mHxAccountId=32769}
02-09 19:58:25.175  6410  6410 I MessageRenderingWebViewV2: [main] 251653758 [1LCV][Loading][OnD] onConsoleMessage() LOG: {"level":"info","message":"[App] FetchMessage will start to fetch","protectedParameters":[],"timestamp":"2026-02-09T11:58:25.174Z"} HxMessageId{mMessageId=201 00000000-0000-0000-0975-270000000000, mHxAccountId=32769}
02-09 19:58:25.175  6410  6410 I MessageRenderingWebViewV2: [main] 251653758 [1LCV][Loading][OnD] onConsoleMessage() LOG: {"level":"debug","message":"[performanceTracing] performance.mark(`email-renderer-performance-measure-FetchConfig-begin`)","protectedParameters":[],"timestamp":"2026-02-09T11:58:25.175Z"} HxMessageId{mMessageId=201 00000000-0000-0000-0975-270000000000, mHxAccountId=32769}
02-09 19:58:25.189  6410  6410 I MessageRenderingWebViewV2: [main] 251653758 [1LCV][Loading][OnD] onConsoleMessage() LOG: {"level":"info","message":"[App] componentDidMount: register message fetching","protectedParameters":[],"timestamp":"2026-02-09T11:58:25.184Z"} HxMessageId{mMessageId=201 00000000-0000-0000-0975-270000000000, mHxAccountId=32769}
02-09 19:58:25.189  6410  6410 I MessageRenderingWebViewV2: [main] 251653758 [1LCV][Loading][OnD] onConsoleMessage() LOG: {"level":"info","message":"[LifecyclePerformanceManager] Don't track FetchConfig when the flag is off","protectedParameters":[],"timestamp":"2026-02-09T11:58:25.185Z"} HxMessageId{mMessageId=201 00000000-0000-0000-0975-270000000000, mHxAccountId=32769}
02-09 19:58:25.215  5336  5336 I HoneySpace.TaskListRepository: fetchTaskList duration : 462.292us
02-09 19:58:25.217  4827  4990 V WindowManagerShell: Directly starting a new transition type=TO_FRONT wct=WindowContainerTransaction { changes= {} hops= [{pendingIntent: options=Bundle[{android.activity.splashScreenStyle=-1, android.activity.sourceInfo=Supplier{VAL_PARCELABLE@148+104}, android:activity.isMlLaunch=-1, android.activity.splitTaskDeferResume=false, android.pendingIntent.backgroundActivityAllowed=1, android:activity.isActiveLaunch=false, android.activity.launchTypeDnD=false, android:activity.startedFromWindowTypeLauncher=false, android.activity.launchDisplayId=0, android:activity.unhandledDropLaunch=false, android:activity.launchInFocusedStageRoot=false, android:activity.animAbortListener=null, android.activity.prelaunch=false, android.activity.disableSplashScreen=false, android.activity.startAssistantActivity=false, android.activity.applySystemModalPolicy=false, android:activity.launchedFromHome=false, android:activity.applyBigFreeformSize=false, android:activity.activityEmbeddedPlaceholder=false, android.activity.enterPipWhileLaunching=false, android.activity.splitPosition=0, android.activity.preserveTaskWindowingMode=false, android:activity.enterSplitSideWithAdjacentFlag=0, android.activity.transientLaunch=true}]}] errorCallbackToken=null taskFragmentOrganizer=null } handler=com.android.wm.shell.recents.RecentsTransitionHandler@f6bd8e8
02-09 19:58:25.221  4827  4990 I WindowOrganizer: startNewTransition, type=3, t=WindowContainerTransaction { changes= {} hops= [{pendingIntent: options=Bundle[{android.activity.splashScreenStyle=-1, android.activity.sourceInfo=Supplier{VAL_PARCELABLE@148+104}, android:activity.isMlLaunch=-1, android.activity.splitTaskDeferResume=false, android.pendingIntent.backgroundActivityAllowed=1, android:activity.isActiveLaunch=false, android.activity.launchTypeDnD=false, android:activity.startedFromWindowTypeLauncher=false, android.activity.launchDisplayId=0, android:activity.unhandledDropLaunch=false, android:activity.launchInFocusedStageRoot=false, android:activity.animAbortListener=null, android.activity.prelaunch=false, android.activity.disableSplashScreen=false, android.activity.startAssistantActivity=false, android.activity.applySystemModalPolicy=false, android:activity.launchedFromHome=false, android:activity.applyBigFreeformSize=false, android:activity.activityEmbeddedPlaceholder=false, android.activity.enterPipWhileLaunching=false, android.activity.splitPosition=0, android.activity.preserveTaskWindowingMode=false, android:activity.enterSplitSideWithAdjacentFlag=0, android.activity.transientLaunch=true}]}] errorCallbackToken=null taskFragmentOrganizer=null }, caller=com.android.wm.shell.transition.Transitions.startTransition:100 com.android.wm.shell.recents.RecentsTransitionHandler.startRecentsTransition:431 com.android.wm.shell.recents.RecentTasksController$IRecentTasksImpl$$ExternalSyntheticLambda0.accept:17 com.android.wm.shell.common.ExternalInterfaceBinder$$ExternalSyntheticLambda0.run:10 android.os.Handler.handleCallback:995 
02-09 19:58:25.222  2827  7742 D AppLockPolicy: isActivityInExceptionList: 
02-09 19:58:25.226  2827  3059 D NetworkPolicy: already checked 10157
02-09 19:58:25.227  2827  3059 D NetworkPolicy: already checked 10157
02-09 19:58:25.228  2827  4821 I WindowManager: Relayout Window{8863aed u0 RecentsTransitionOverlay}: viewVisibility=0 req=1x1 ty=2632 d0
02-09 19:58:25.228  2827  4821 I WindowManager: Relayout hash=8863aed, pid=5336, syncId=-1: mAttrs={(0,0)(fillxfill) gr=BOTTOM CENTER_VERTICAL sim={adjust=pan} layoutInDisplayCutoutMode=always ty=TRANSIENT_LAUNCH_OVERLAY fmt=TRANSLUCENT if=INPUT_FEATURE_NO_INPUT_CHANNEL
02-09 19:58:25.229  5336  5336 I BLASTBufferQueue_Java: update, w= 1080 h= 2340 mName = VRI[RecentsTransitionOverlay]@7a07c6b mNativeObject= 0xb4000075d87e4b50 sc.mNativeObject= 0xb4000076587b4c50 format= -3 caller= android.view.ViewRootImpl.updateBlastSurfaceIfNeeded:3574 android.view.ViewRootImpl.relayoutWindow:11685 android.view.ViewRootImpl.performTraversals:4804 android.view.ViewRootImpl.doTraversal:3924 android.view.ViewRootImpl$TraversalRunnable.run:12903 android.view.Choreographer$CallbackRecord.run:1901 
02-09 19:58:25.229  5336  5336 I VRI[RecentsTransitionOverlay]@7a07c6b: Relayout returned: old=(539,2339,540,2340) new=(0,0,1080,2340) relayoutAsync=false req=(1,1)0 dur=1 res=0x0 s={true 0xb4000075287677e0} ch=false seqId=855
02-09 19:58:25.254  5336 11528 I HoneySpace.SuggestedAppsRepositoryImpl: fetchSuggestedApps()
02-09 19:58:25.255  2827  7742 I WindowManager: Relayout Window{1ea5312 u0 com.sec.android.app.launcher/com.android.quickstep.RecentsActivity}: viewVisibility=0 req=1080x2340 ty=1 d0
02-09 19:58:25.255  2827  7742 D WindowManager: Changing focus from Window{f041d85 u0 com.tencent.mm/com.tencent.mm.ui.LauncherUI} to Window{1ea5312 u0 com.sec.android.app.launcher/com.android.quickstep.RecentsActivity} displayId=0 Callers=com.android.server.wm.WindowManagerService.relayoutWindow:1350 com.android.server.wm.Session.relayout:27 android.view.IWindowSession$Stub.onTransact:829 com.android.server.wm.Session.onTransact:1 
02-09 19:58:25.256  2827  7742 D InsetsSourceProvider: updateControlForTarget: control=InsetsSourceControl: {fcb20000 mType=statusBars initiallyVisible mSurfacePosition=Point(0, 0) mInsetsHint=Insets{left=0, top=91, right=0, bottom=0}}, target=Window{1ea5312 u0 com.sec.android.app.launcher/com.android.quickstep.RecentsActivity}, from=com.android.server.wm.InsetsStateController.onControlTargetChanged:83 com.android.server.wm.InsetsPolicy.updateBarControlTarget:212 com.android.server.wm.DisplayPolicy.updateSystemBarAttributes:262 com.android.server.wm.WindowManagerService.updateFocusedWindowLocked:372 com.android.server.wm.WindowManagerService.relayoutWindow:1350 
02-09 19:58:25.256  2827  7742 D InsetsSourceProvider: updateControlForTarget: control=InsetsSourceControl: {f9470001 mType=navigationBars initiallyVisible mSurfacePosition=Point(0, 2196) mInsetsHint=Insets{left=0, top=0, right=0, bottom=144}}, target=Window{1ea5312 u0 com.sec.android.app.launcher/com.android.quickstep.RecentsActivity}, from=com.android.server.wm.InsetsStateController.onControlTargetChanged:83 com.android.server.wm.InsetsPolicy.updateBarControlTarget:225 com.android.server.wm.DisplayPolicy.updateSystemBarAttributes:262 com.android.server.wm.WindowManagerService.updateFocusedWindowLocked:372 com.android.server.wm.WindowManagerService.relayoutWindow:1350 
02-09 19:58:25.256  2827  7742 D WindowManager: updateSystemBarAttributes: displayId=0, focusedCanBeNavColorWin=false, win=Window{1ea5312 u0 com.sec.android.app.launcher/com.android.quickstep.RecentsActivity}, navColorWin=Window{f041d85 u0 com.tencent.mm/com.tencent.mm.ui.LauncherUI}, caller=com.android.server.wm.WindowManagerService.updateFocusedWindowLocked:372 com.android.server.wm.WindowManagerService.relayoutWindow:1350 com.android.server.wm.Session.relayout:27 
02-09 19:58:25.256  2827  7742 I WindowManager: Relayout hash=1ea5312, pid=5336, syncId=-1: mAttrs={(0,0)(fillxfill) sim={adjust=resize} layoutInDisplayCutoutMode=always ty=BASE_APPLICATION fmt=TRANSPARENT wanim=0x1030306
02-09 19:58:25.257  5336  5336 I BLASTBufferQueue_Java: new BLASTBufferQueue, mName= VRI[RecentsActivity]@df93e24 mNativeObject= 0xb4000075d890fdf0 caller= android.view.ViewRootImpl.updateBlastSurfaceIfNeeded:3585 android.view.ViewRootImpl.relayoutWindow:11685 android.view.ViewRootImpl.performTraversals:4804 android.view.ViewRootImpl.doTraversal:3924 android.view.ViewRootImpl$TraversalRunnable.run:12903 android.view.Choreographer$CallbackRecord.run:1901 android.view.Choreographer$CallbackRecord.run:1910 android.view.Choreographer.doCallbacks:1367 android.view.Choreographer.doFrame:1292 android.view.Choreographer$FrameDisplayEventReceiver.run:1870 
02-09 19:58:25.257  5336  5336 I BLASTBufferQueue_Java: update, w= 1080 h= 2340 mName = VRI[RecentsActivity]@df93e24 mNativeObject= 0xb4000075d890fdf0 sc.mNativeObject= 0xb400007658757890 format= -2 caller= android.view.ViewRootImpl.updateBlastSurfaceIfNeeded:3590 android.view.ViewRootImpl.relayoutWindow:11685 android.view.ViewRootImpl.performTraversals:4804 android.view.ViewRootImpl.doTraversal:3924 android.view.ViewRootImpl$TraversalRunnable.run:12903 android.view.Choreographer$CallbackRecord.run:1901 
02-09 19:58:25.257  5336  5336 I VRI[RecentsActivity]@df93e24: Relayout returned: old=(0,0,1080,2340) new=(0,0,1080,2340) relayoutAsync=false req=(1080,2340)0 dur=2 res=0x3 s={true 0xb400007528780700} ch=true seqId=0
02-09 19:58:25.261  4827  5076 I WallpaperService: updateSurface system forceRelayout=false forceReport=false redrawNeeded=false myWidth=-1 myHeight=-1 fixedSize=false x = 0 y = 0 mWidth=-1 mHeight=-1
02-09 19:58:25.276  5336 28446 I HoneySpace.SuggestedAppsRepositoryImpl: fetchSuggestedApps() end: 4, isDPSAvailable: false
02-09 19:58:25.281  5336  5336 E HoneySpace.BadgeIconDecoratorCreator: NameNotFoundException /#UserHandle{0}
02-09 19:58:25.281  5336  5336 E HoneySpace.BadgeIconDecoratorCreator: NameNotFoundException /#UserHandle{0}
02-09 19:58:25.281  2827  3058 V WindowManager:     startWCT=WindowContainerTransaction { changes= {} hops= [{pendingIntent: options=Bundle[{android.activity.splashScreenStyle=-1, android.activity.sourceInfo=android.app.ActivityOptions$SourceInfo@ff60b94, android:activity.isMlLaunch=-1, android.activity.splitTaskDeferResume=false, android.pendingIntent.backgroundActivityAllowed=1, android:activity.isActiveLaunch=false, android.activity.launchTypeDnD=false, android:activity.startedFromWindowTypeLauncher=false, android.activity.launchDisplayId=0, android:activity.unhandledDropLaunch=false, android:activity.launchInFocusedStageRoot=false, android:activity.animAbortListener=null, android.activity.prelaunch=false, android.activity.disableSplashScreen=false, android.activity.startAssistantActivity=false, android.activity.applySystemModalPolicy=false, android:activity.launchedFromHome=false, android:activity.applyBigFreeformSize=false, android:activity.activityEmbeddedPlaceholder=false, android.activity.enterPipWhileLaunching=false, android.activity.splitPosition=0, android.activity.preserveTaskWindowingMode=false, android:activity.enterSplitSideWithAdjacentFlag=0, android.activity.transientLaunch=true}]}] errorCallbackToken=null taskFragmentOrganizer=null }
02-09 19:58:25.282  5336  5336 E HoneySpace.BadgeIconDecoratorCreator: NameNotFoundException /#UserHandle{0}
02-09 19:58:25.282  5336  5336 E HoneySpace.BadgeIconDecoratorCreator: NameNotFoundException /#UserHandle{0}
02-09 19:58:25.282  5336  5336 E HoneySpace.BadgeIconDecoratorCreator: NameNotFoundException /#UserHandle{0}
02-09 19:58:25.282  5336  5336 E HoneySpace.BadgeIconDecoratorCreator: NameNotFoundException /#UserHandle{0}
02-09 19:58:25.282  5336  5336 E HoneySpace.BadgeIconDecoratorCreator: NameNotFoundException /#UserHandle{0}
02-09 19:58:25.282  5336  5336 E HoneySpace.BadgeIconDecoratorCreator: NameNotFoundException /#UserHandle{0}
02-09 19:58:25.290  5336  5336 I HoneySpace.RectFSpringRelayer: springRelay created, 115672242
02-09 19:58:25.291  2827  7844 D AppLockPolicy: isActivityInExceptionList: 
02-09 19:58:25.345  6410   735 E EXP     : java.text.ParseException: Unparseable date: "Mon, 09 Feb 2026 12:58:25 GMT"
02-09 19:58:25.345  6410   735 E EXP     : 	at com.microsoft.office.outlook.experimentation.ecs.ECSHttpClientManager.createConfig(SourceFile:7)
02-09 19:58:25.345  6410   735 E EXP     : 	at com.microsoft.office.outlook.experimentation.ecs.ECSHttpClientManager.createConfig(SourceFile:1)
02-09 19:58:25.345  6410   735 E EXP     : 	at com.microsoft.office.outlook.experimentation.common.HttpClientManager.getEXPConfig(Unknown Source:308)
02-09 19:58:25.345  6410   735 E EXP     : 	at com.microsoft.office.outlook.experimentation.common.HttpClientManager$GetRequest.run(Unknown Source:119)
02-09 19:58:25.348  6410   735 I EcsFeatureCallback: ECS settings JSON: {"copilotPriceChangeNotificationForProdigi":true,"copilotPriceChangeDateForUI":"11\/21\/2025","showCopilotRowInSettings":true,"copilotProdigiShowCreditBalance":true,"copilotConsumer":true,"iapCopilotPro":"{\"markets\":[\"TW\",\"HK\",\"AE\",\"AG\",\"AL\",\"AM\",\"AO\",\"AR\",\"AT\",\"AU\",\"AW\",\"AZ\",\"BA\",\"BD\",\"BE\",\"BF\",\"BG\",\"BH\",\"BJ\",\"BM\",\"BO\",\"BR\",\"BS\",\"BW\",\"BZ\",\"CA\",\"CF\",\"CH\",\"CI\",\"CL\",\"CM\",\"CO\",\"CR\",\"CV\",\"CY\",\"CZ\",\"DE\",\"DJ\",\"DK\",\"DM\",\"DO\",\"DZ\",\"EC\",\"EE\",\"EG\",\"ER\",\"ES\",\"FI\",\"FJ\",\"FM\",\"FR\",\"GA\",\"GB\",\"GD\",\"GE\",\"GH\",\"GI\",\"GM\",\"GN\",\"GR\",\"GT\",\"GW\",\"HN\",\"HR\",\"HT\",\"HU\",\"ID\",\"IE\",\"IL\",\"IN\",\"IQ\",\"IS\",\"IT\",\"JM\",\"JO\",\"JP\",\"KE\",\"KG\",\"KH\",\"KM\",\"KN\",\"KR\",\"KW\",\"KY\",\"KZ\",\"LA\",\"LC\",\"LI\",\"LK\",\"LR\",\"LT\",\"LU\",\"LV\",\"LY\",\"MA\",\"MC\",\"MD\",\"MK\",\"ML\",\"MM\",\"MT\",\"MU\",\"MV\",\"MX\",\"MY\",\"MZ\",\"NA\",\"NE\",\"NG\",\"NI\",\"NL\",\"NO\",\"NP\",\"NZ\",\"OM\",\"PA\",\"PE\",\"PG\",\"PH\",\"PK\",\"PL\",\"PT\",\"PY\",\"QA\",\"RO\",\"RS\",\"RW\",\"SA\",\"SB\",\"SC\",\"SE\",\"SG\",\"SI\",\"SK\",\"SL\",\"SM\",\"SN\",\"SO\",\"SR\",\"SV\",\"TC\",\"TD\",\"TG\",\"TH\",\"TJ\",\"TM\",\"TN\",\"TO\",\"TR\",\"TT\",\"TZ\",\"UA\",\"UG\",\"US\",\"UY\",\"UZ\",\"VA\",\"VG\",\"VN\",\"VU\",\"WS\",\"YE\",\"ZA\",\"ZM\",\"ZW\"]}","iapCopilotProMarketExclusion":"{\"excluded_markets\":[\"AD\",\"AF\",\"AI\",\"AQ\",\"AS\",\"BB\",\"BI\",\"BN\",\"BQ\",\"BT\",\"CC\",\"CD\",\"CG\",\"CK\",\"CW\",\"CX\",\"ET\",\"FK\",\"FO\",\"GF\",\"GG\",\"GL\",\"GP\",\"GQ\",\"GU\",\"GY\",\"JE\",\"KI\",\"LS\",\"ME\",\"MG\",\"MH\",\"MN\",\"MP\",\"MQ\",\"MR\",\"MS\",\"MW\",\"NC\",\"NF\",\"NR\",\"NU\",\"PF\",\"PM\",\"PN\",\"PR\",\"PS\",\"PW\",\"RE\",\"SH\",\"ST\",\"SZ\",\"TK\",\"TL\",\"TV\",\"VC\",\"VI\",\"WF\",\"YT\",\"CN\",\"RU\",\"MO\",\"BY\",\"LB\",\"VE\"]}","iapInAccountInfo":true,"nativeAdsShowLicenseOnlyAccounts":true,"copilotSaveFlow":true,"copilotPriceChangeBottomSheet":true,"copilotProdigi":true,"enableGoogleGranularPermissions":true,"officeFeedHideFeedTabConsumer":true,"googleDriveScopeChange":true,"officeFeedHideFeedTabConditionally":true,"hxAutodOutlookGateway":true,"oneauthBrowserFix":true,"autodOutlookGateway":true,"officeFeedNewComponentApi":true,"officeFeedModernVertical":true,"officeFeedRecommendedContentExperiments":"OutlookMobileNewUX","officeFeedMeetingCatchUpL2":true,"officeFeedMeetingRecap":true,"officeFeedProfilePhotoUpdate":true,"officeFeedNewsLikedCommentedByKnownUser":true,"officeFeedWorkGettingNoticed":true,"imapDirectAuthV2":true,"officeFeedRefetchThresholdMs":0,"imapCCAuthV2":true,"officeFeedWarmupV3":true,"officeFeedIntervalSecondsRefreshVertical":60,"officeFeedLlmEnableFirstRun":true,"officeFeedInteractiveErrorFix":true,"officeFeedHideSectionsToggle":true,"officeFeedSendUserActionsSerially":true,"officeFeedEmailReactionsOthers":true,"officeFeedEmailReactionsYours":true,"oneAuthGCC":true,"oneAuthMigrationGCC":true,"optionalScopes":true,"officeFeedSuggestedTasksRedesign":true,"officeFeedLlmSummaryCardQuestionField":true,"officeFeedLlmShowHeadline":false,"oneAuthMigrationMOPCC":true,"oneAuthMOPCC":true,"useNewOfficeRoamingResource":true,"notificationsHelperV2":true,"draftEventAttachment":true,"officeFeedInAppMessaging":true,"officeFeedMeetingWithPreread":true,"officeFeedExperimentationValidation":false,"officeFeedPrefetchRefresh":true,"playEmailsPtcAtEs":true,"playEmailsPtcAtFr":true,"officeFeedCollapsedCompanyNews":true,"playEmailsPtcAtFrWW":true,"playEmailsPtcAtEsWW":true,"officeFeedTokenRefresh":true,"iCloudAuthV2":true,"officeFeed3SSharedLinksEmail":true,"officeFeedWeblinkPreview":true,"oneAuthAllowUsernameChange":true,"cortiniSearchTipsRefresh":true,"officeFeedVerticalReducedItemCount":true,"playEmailsAuthTsmMigration":true,"playEmailsFrWW":true,"playEmailsEsWW":true,"dropboxAuthUsingCustomTabs":true,"officeFeedPreviewResults":true,"playEmailsPtWWConsumer":true,"playEmailsPtWW":true,"officeFeedApolloQueryCompression":true,"gr
02-09 19:58:25.417  2827  7844 I WindowManager: Relayout Window{489b24e u0 com.microsoft.office.outlook/com.acompli.acompli.CentralActivity}: viewVisibility=8 req=1080x2340 ty=1 d0
02-09 19:58:25.418  2827  7844 I WindowManager: Relayout hash=489b24e, pid=6410, syncId=-1: mAttrs={(0,0)(fillxfill) sim={adjust=resize} ty=BASE_APPLICATION wanim=0x1030317
02-09 19:58:25.420  6410  6410 I VRI[CentralActivity]@1f3e2e3: Relayout returned: old=(0,0,1080,2340) new=(0,0,1080,2340) relayoutAsync=false req=(1080,2340)8 dur=2 res=0x2 s={false 0x0} ch=true seqId=0
02-09 19:58:25.421  6410  6410 I MessageRenderingWebViewV2: [main] 206487687 [Z3U4][Loading][PreR] onConsoleMessage() LOG: {"level":"info","message":"[App] componentDidMount: startFetchMessage","protectedParameters":[],"timestamp":"2026-02-09T11:58:25.411Z"} HxMessageId{mMessageId=201 00000000-0000-0000-0975-270000000000, mHxAccountId=32769}
02-09 19:58:25.421  6410  6410 I MessageRenderingWebViewV2: [main] 206487687 [Z3U4][Loading][PreR] onConsoleMessage() LOG: {"level":"info","message":"[App] FetchMessage will start to fetch","protectedParameters":[],"timestamp":"2026-02-09T11:58:25.411Z"} HxMessageId{mMessageId=201 00000000-0000-0000-0975-270000000000, mHxAccountId=32769}
02-09 19:58:25.421  6410  6410 I MessageRenderingWebViewV2: [main] 206487687 [Z3U4][Loading][PreR] onConsoleMessage() LOG: {"level":"debug","message":"[performanceTracing] performance.mark(`email-renderer-performance-measure-FetchConfig-begin`)","protectedParameters":[],"timestamp":"2026-02-09T11:58:25.411Z"} HxMessageId{mMessageId=201 00000000-0000-0000-0975-270000000000, mHxAccountId=32769}
02-09 19:58:25.426  6410   655 E ExceptionStackTrace: The exception is  stream was reset: CANCEL
02-09 19:58:25.426  6410   655 E ExceptionStackTrace: okhttp3.internal.http2.Http2Stream$FramingSource.read(Unknown Source:54)
02-09 19:58:25.426  6410   655 E ExceptionStackTrace: okhttp3.internal.connection.Exchange$ResponseBodySource.read(Unknown Source:13)
02-09 19:58:25.426  6410   655 E ExceptionStackTrace: okio.RealBufferedSource.exhausted(Unknown Source:18)
02-09 19:58:25.426  6410   655 E ExceptionStackTrace: com.microsoft.office.outlook.http.HttpRequestCallback.onResponse(Unknown Source:97)
02-09 19:58:25.426  6410   655 E ExceptionStackTrace: okhttp3.internal.connection.RealCall$AsyncCall.run(Unknown Source:40)
02-09 19:58:25.426  6410   655 E ExceptionStackTrace: java.util.concurrent.ThreadPoolExecutor.runWorker(ThreadPoolExecutor.java:1156)
02-09 19:58:25.426  6410   655 E ExceptionStackTrace: java.util.concurrent.ThreadPoolExecutor$Worker.run(ThreadPoolExecutor.java:651)
02-09 19:58:25.426  6410   655 E ExceptionStackTrace: java.lang.Thread.run(Thread.java:1119)
02-09 19:58:25.428  6410   656 E ExceptionStackTrace: The exception is  stream was reset: CANCEL
02-09 19:58:25.428  6410   656 E ExceptionStackTrace: okhttp3.internal.http2.Http2Stream$FramingSource.read(Unknown Source:54)
02-09 19:58:25.428  6410   656 E ExceptionStackTrace: okhttp3.internal.connection.Exchange$ResponseBodySource.read(Unknown Source:13)
02-09 19:58:25.428  6410   656 E ExceptionStackTrace: okio.RealBufferedSource.exhausted(Unknown Source:18)
02-09 19:58:25.428  6410   656 E ExceptionStackTrace: com.microsoft.office.outlook.http.HttpRequestCallback.onResponse(Unknown Source:97)
02-09 19:58:25.428  6410   656 E ExceptionStackTrace: okhttp3.internal.connection.RealCall$AsyncCall.run(Unknown Source:40)
02-09 19:58:25.428  6410   656 E ExceptionStackTrace: java.util.concurrent.ThreadPoolExecutor.runWorker(ThreadPoolExecutor.java:1156)
02-09 19:58:25.428  6410   656 E ExceptionStackTrace: java.util.concurrent.ThreadPoolExecutor$Worker.run(ThreadPoolExecutor.java:651)
02-09 19:58:25.428  6410   656 E ExceptionStackTrace: java.lang.Thread.run(Thread.java:1119)
02-09 19:58:25.447   834   914 E chromium: [ERROR:cc/tiles/tile_manager.cc:998] WARNING: tile memory limits exceeded, some content may not draw
02-09 19:58:25.447   834   914 E chromium: [ERROR:cc/tiles/tile_manager.cc:998] WARNING: tile memory limits exceeded, some content may not draw
02-09 19:58:25.449   834   914 E chromium: [ERROR:cc/tiles/tile_manager.cc:998] WARNING: tile memory limits exceeded, some content may not draw
02-09 19:58:25.449   834   914 E chromium: [ERROR:cc/tiles/tile_manager.cc:998] WARNING: tile memory limits exceeded, some content may not draw
02-09 19:58:25.452  6410  6410 I MessageRenderingWebViewV2: [main] 206487687 [Z3U4][Visible][PreR] onConsoleMessage() LOG: {"level":"info","message":"[App] componentDidMount: register message fetching","protectedParameters":[],"timestamp":"2026-02-09T11:58:25.422Z"} HxMessageId{mMessageId=201 00000000-0000-0000-0975-270000000000, mHxAccountId=32769}
02-09 19:58:25.452  6410  6410 I MessageRenderingWebViewV2: [main] 206487687 [Z3U4][Visible][PreR] onConsoleMessage() LOG: {"level":"info","message":"[LifecyclePerformanceManager] Don't track FetchConfig when the flag is off","protectedParameters":[],"timestamp":"2026-02-09T11:58:25.422Z"} HxMessageId{mMessageId=201 00000000-0000-0000-0975-270000000000, mHxAccountId=32769}
02-09 19:58:25.459  6410  6410 I MessageRenderingWebViewV2: [main] 206487687 [Z3U4][Visible][PreR] onConsoleMessage() LOG: {"level":"error","message":"[WideImageHandler] Image loaded fails, protocol: https:, type: <%p>, isThumbnail: false","protectedParameters":["png"],"timestamp":"2026-02-09T11:58:25.456Z"} HxMessageId{mMessageId=201 00000000-0000-0000-0975-270000000000, mHxAccountId=32769}
02-09 19:58:25.459  6410  6410 I MessageRenderingWebViewV2: [main] 206487687 [Z3U4][Visible][PreR] onConsoleMessage() LOG: {"level":"error","message":"[WideImageHandler] Image loaded fails, protocol: http:, type: <%p>, isThumbnail: false","protectedParameters":["png"],"timestamp":"2026-02-09T11:58:25.458Z"} HxMessageId{mMessageId=201 00000000-0000-0000-0975-270000000000, mHxAccountId=32769}
02-09 19:58:25.468  2827  7742 I WindowManager: Relayout Window{8863aed u0 RecentsTransitionOverlay}: viewVisibility=0 req=1080x2340 ty=2632 d0
02-09 19:58:25.468  5336  5336 I BLASTBufferQueue_Java: update, w= 1080 h= 2340 mName = VRI[RecentsTransitionOverlay]@7a07c6b mNativeObject= 0xb4000075d87e4b50 sc.mNativeObject= 0xb4000076587b4c50 format= -3 caller= android.view.ViewRootImpl.updateBlastSurfaceIfNeeded:3574 android.view.ViewRootImpl.relayoutWindow:11685 android.view.ViewRootImpl.performTraversals:4804 android.view.ViewRootImpl.doTraversal:3924 android.view.ViewRootImpl$TraversalRunnable.run:12903 android.view.Choreographer$CallbackRecord.run:1901 
02-09 19:58:25.468  5336  5336 I VRI[RecentsTransitionOverlay]@7a07c6b: Relayout returned: old=(0,0,1080,2340) new=(0,0,1080,2340) relayoutAsync=true req=(1080,2340)0 dur=0 res=0x0 s={true 0xb4000075287677e0} ch=false seqId=855
02-09 19:58:25.469  2827  7742 I WindowManager: Relayout hash=8863aed, pid=0, syncId=-1: mAttrs={(0,0)(fillxfill) gr=BOTTOM CENTER_VERTICAL sim={adjust=resize} layoutInDisplayCutoutMode=always ty=TRANSIENT_LAUNCH_OVERLAY fmt=TRANSLUCENT if=INPUT_FEATURE_NO_INPUT_CHANNEL
02-09 19:58:25.489   834   914 E chromium: [ERROR:cc/tiles/tile_manager.cc:998] WARNING: tile memory limits exceeded, some content may not draw
02-09 19:58:25.489   834   914 E chromium: [ERROR:cc/tiles/tile_manager.cc:998] WARNING: tile memory limits exceeded, some content may not draw
02-09 19:58:25.489  6410  6410 I MessageRenderingWebViewV2: [main] 206487687 [][Ready][PreR] onConsoleMessage() LOG: {"level":"info","message":"[FetchMessageApi] Try to reset message","protectedParameters":[],"timestamp":"2026-02-09T11:58:25.489Z"} <null>
02-09 19:58:25.543  2827  4730 D SemWifiSwitchForIndividualAppsService: isSkipNetworkCondition - result:6
02-09 19:58:25.564  2827  4601 E WifiStaIfaceAidlImpl: getCachedScanData failed with service-specific exception: android.os.ServiceSpecificException:  (code 4)
02-09 19:58:25.718  2827  7844 I SurfaceComposerClient: captureLayers:childrenOnly:1, sync:1
02-09 19:58:25.743  2827  7844 I WindowManager: Relayout Window{8863aed u0 RecentsTransitionOverlay}: viewVisibility=0 req=1x1 ty=2632 d0
02-09 19:58:25.743  2827  7844 I WindowManager: Relayout hash=8863aed, pid=5336, syncId=-1: mAttrs={(0,0)(1x1) gr=BOTTOM CENTER_VERTICAL sim={adjust=pan} layoutInDisplayCutoutMode=always ty=TRANSIENT_LAUNCH_OVERLAY fmt=TRANSLUCENT if=INPUT_FEATURE_NO_INPUT_CHANNEL
02-09 19:58:25.745  5336  5336 I BLASTBufferQueue_Java: update, w= 1 h= 1 mName = VRI[RecentsTransitionOverlay]@7a07c6b mNativeObject= 0xb4000075d87e4b50 sc.mNativeObject= 0xb4000076588102d0 format= -3 caller= android.view.ViewRootImpl.updateBlastSurfaceIfNeeded:3574 android.view.ViewRootImpl.relayoutWindow:11685 android.view.ViewRootImpl.performTraversals:4804 android.view.ViewRootImpl.doTraversal:3924 android.view.ViewRootImpl$TraversalRunnable.run:12903 android.view.Choreographer$CallbackRecord.run:1901 
02-09 19:58:25.745  5336  5336 I VRI[RecentsTransitionOverlay]@7a07c6b: Relayout returned: old=(0,0,1080,2340) new=(539,2339,540,2340) relayoutAsync=false req=(1,1)0 dur=2 res=0x1 s={true 0xb4000075287677e0} ch=false seqId=855
02-09 19:58:25.780  2827  4821 I WindowManager: Relayout Window{f041d85 u0 com.tencent.mm/com.tencent.mm.ui.LauncherUI}: viewVisibility=4 req=1080x2340 ty=1 d0
02-09 19:58:25.781  2827  4821 I WindowManager: Relayout hash=f041d85, pid=31897, syncId=-1: mAttrs={(0,0)(fillxfill) sim={adjust=nothing} layoutInDisplayCutoutMode=shortEdges ty=BASE_APPLICATION wanim=0x7f1101f4
02-09 19:58:25.784 31897 31897 I VRI[LauncherUI]@407c3ae: Relayout returned: old=(0,0,1080,2340) new=(0,0,1080,2340) relayoutAsync=false req=(1080,2340)4 dur=4 res=0x2 s={false 0x0} ch=false seqId=0
02-09 19:58:25.794  2827  4821 I WindowManager: Relayout Window{f041d85 u0 com.tencent.mm/com.tencent.mm.ui.LauncherUI}: viewVisibility=8 req=1080x2340 ty=1 d0
02-09 19:58:25.795  2827  4821 I WindowManager: Relayout hash=f041d85, pid=31897, syncId=-1: mAttrs={(0,0)(fillxfill) sim={adjust=nothing} layoutInDisplayCutoutMode=shortEdges ty=BASE_APPLICATION wanim=0x7f1101f4
02-09 19:58:25.795 31897 31897 I VRI[LauncherUI]@407c3ae: Relayout returned: old=(0,0,1080,2340) new=(0,0,1080,2340) relayoutAsync=false req=(1080,2340)8 dur=1 res=0x0 s={false 0x0} ch=false seqId=0
02-09 19:58:25.851  2827  5672 D AppLockPolicy: isActivityInExceptionList: 
02-09 19:58:25.855  2827  4821 I WindowManager: Relayout Window{fd70b53 u0 SnapshotStartingWindow for taskId=1192}: viewVisibility=0 req=-1x-1 ty=3 d0
02-09 19:58:25.856  2827  4821 I WindowManager: Relayout hash=fd70b53, pid=4827, syncId=-1: mAttrs={(0,0)(fillxfill) layoutInDisplayCutoutMode=shortEdges ty=APPLICATION_STARTING fmt=RGBA_8888 wanim=0x7f1101f4 if=INPUT_FEATURE_NO_INPUT_CHANNEL
02-09 19:58:25.856  4827  5002 D ShellStartingWindow: Relayout returned: frame=ClientWindowFrames{frame=[0,0][1080,2340] display=[0,0][1080,2340] parentFrame=[0,0][0,0]}, attrs={(0,0)(fillxfill) layoutInDisplayCutoutMode=shortEdges ty=APPLICATION_STARTING fmt=RGBA_8888 wanim=0x7f1101f4 if=INPUT_FEATURE_NO_INPUT_CHANNEL
02-09 19:58:25.859  2827  3058 V WindowManager:     startWCT=WindowContainerTransaction { changes= {} hops= [] errorCallbackToken=null taskFragmentOrganizer=null }
02-09 19:58:25.860  2827  3059 D NetworkPolicy: already checked 10359
02-09 19:58:25.860  2827  3059 D NetworkPolicy: already checked 10359
02-09 19:58:25.886  2827  8107 I WindowManager: Relayout Window{f041d85 u0 com.tencent.mm/com.tencent.mm.ui.LauncherUI}: viewVisibility=0 req=1080x2340 ty=1 d0
02-09 19:58:25.887  2827  8107 D WindowManager: Changing focus from null to Window{f041d85 u0 com.tencent.mm/com.tencent.mm.ui.LauncherUI} displayId=0 Callers=com.android.server.wm.WindowManagerService.relayoutWindow:1350 com.android.server.wm.Session.relayout:27 android.view.IWindowSession$Stub.onTransact:829 com.android.server.wm.Session.onTransact:1 
02-09 19:58:25.887  2827  8107 I WindowManager: Relayout hash=f041d85, pid=31897, syncId=-1: mAttrs={(0,0)(fillxfill) sim={adjust=nothing forwardNavigation} layoutInDisplayCutoutMode=shortEdges ty=BASE_APPLICATION wanim=0x7f1101f4
02-09 19:58:25.887 31897 31897 I BLASTBufferQueue_Java: new BLASTBufferQueue, mName= VRI[LauncherUI]@407c3ae mNativeObject= 0x75d9772330 caller= android.view.ViewRootImpl.updateBlastSurfaceIfNeeded:3585 android.view.ViewRootImpl.relayoutWindow:11685 android.view.ViewRootImpl.performTraversals:4804 android.view.ViewRootImpl.doTraversal:3924 android.view.ViewRootImpl$TraversalRunnable.run:12903 android.view.Choreographer$CallbackRecord.run:1901 android.view.Choreographer$CallbackRecord.run:1910 android.view.Choreographer.doCallbacks:1367 android.view.Choreographer.doFrame:1292 android.view.Choreographer$FrameDisplayEventReceiver.run:1870 
02-09 19:58:25.887 31897 31897 I BLASTBufferQueue_Java: update, w= 1080 h= 2340 mName = VRI[LauncherUI]@407c3ae mNativeObject= 0x75d9772330 sc.mNativeObject= 0x76587fa010 format= -1 caller= android.view.ViewRootImpl.updateBlastSurfaceIfNeeded:3590 android.view.ViewRootImpl.relayoutWindow:11685 android.view.ViewRootImpl.performTraversals:4804 android.view.ViewRootImpl.doTraversal:3924 android.view.ViewRootImpl$TraversalRunnable.run:12903 android.view.Choreographer$CallbackRecord.run:1901 
02-09 19:58:25.888 31897 31897 I VRI[LauncherUI]@407c3ae: Relayout returned: old=(0,0,1080,2340) new=(0,0,1080,2340) relayoutAsync=false req=(1080,2340)0 dur=1 res=0x3 s={true 0x7528cfdd30} ch=true seqId=0
02-09 19:58:25.913 31897 31897 V InputMethodManagerUtils: getMaxLengthForEditText InputFilter = java.lang.NoSuchMethodException: com.tencent.mm.ui.tools.r3.getMaxLength []
02-09 19:58:25.913 31897 31897 V InputMethodManagerUtils: getMaxLengthForEditText InputFilter = java.lang.NoSuchMethodException: com.tencent.mm.ui.widget.MMEditText.getMaxLength []
02-09 19:58:26.227  2827  4821 I WindowManager: Relayout Window{1ea5312 u0 com.sec.android.app.launcher/com.android.quickstep.RecentsActivity}: viewVisibility=8 req=1080x2340 ty=1 d0
02-09 19:58:26.228  2827  4821 I WindowManager: Relayout hash=1ea5312, pid=5336, syncId=-1: mAttrs={(0,0)(fillxfill) sim={adjust=resize} layoutInDisplayCutoutMode=always ty=BASE_APPLICATION fmt=TRANSPARENT wanim=0x1030306
02-09 19:58:26.229  5336  5336 I VRI[RecentsActivity]@df93e24: Relayout returned: old=(0,0,1080,2340) new=(0,0,1080,2340) relayoutAsync=false req=(1080,2340)8 dur=2 res=0x2 s={false 0x0} ch=true seqId=0
02-09 19:58:26.234  2827  4821 I WindowManager: Relayout Window{1ea5312 u0 com.sec.android.app.launcher/com.android.quickstep.RecentsActivity}: viewVisibility=8 req=1080x2340 ty=1 d0
02-09 19:58:26.235  2827  4821 I WindowManager: Relayout hash=1ea5312, pid=5336, syncId=-1: mAttrs={(0,0)(fillxfill) sim={adjust=pan} layoutInDisplayCutoutMode=always ty=BASE_APPLICATION fmt=TRANSPARENT wanim=0x1030306
02-09 19:58:26.235  5336  5336 I VRI[RecentsActivity]@df93e24: Relayout returned: old=(0,0,1080,2340) new=(0,0,1080,2340) relayoutAsync=false req=(1080,2340)8 dur=1 res=0x2 s={false 0x0} ch=false seqId=0
02-09 19:58:26.354  6410  7268 I OneAuthLog: [MSAL:0009]	INFO   	LogTelemetryData:486	Key: original_authority, Value: https://login.microsoftonline.com/consumers
02-09 19:58:26.354  6410  7268 I outlook.oneauth: [OneAuth] [MSAL:0009]	INFO   	LogTelemetryData:486	Key: original_authority, Value: https://login.microsoftonline.com/consumers
02-09 19:58:26.359  6410   563 I TokenTelemetry: Token refresh request for accountId: 32768  accountType: OutlookHx cloudType: WorldWide correlationId: 745523c7-79e3-435f-9f6b-6bdcea454b8b claims: false tokenRefreshDuration: 1708 ms isFromCache: false isSuccess: true errorMessage: null tokenErrorType: null tokenErrorTag: null tokenRefreshComponent: loki tokenResource: liveprofilecard.access scope: null ttlInUTC: 2026-02-10T11:58:26 authFramework: oneauth CompanyPortalVersion: null AuthenticatorVersion: 6.2601.0189TokenStoreSize: 7FetchFromTokenAcquirerDuration: {1708}
02-09 19:58:26.359  6410   563 I TokenTelemetry: Token refresh phone app state details for correlationId: 745523c7-79e3-435f-9f6b-6bdcea454b8b isConnectedToNetwork: true isAppInBackground: true isPowerSavingMode: false isIgnoringBatteryOptimizations: false networkType: WiFi isDozeMode: false
02-09 19:58:26.426  1882  7564 W SDM     : ScalarConfig::ApplyDestScaleConfig: GetAIScaleSettingsInfo returned error=1
02-09 19:58:26.548  2827  4730 D SemWifiSwitchForIndividualAppsService: isSkipNetworkCondition - result:6
02-09 19:58:26.766  6410  1056 E ExceptionStackTrace: The exception is  stream was reset: CANCEL
02-09 19:58:26.766  6410  1056 E ExceptionStackTrace: okhttp3.internal.http2.Http2Stream$FramingSource.read(Unknown Source:54)
02-09 19:58:26.766  6410  1056 E ExceptionStackTrace: okhttp3.internal.connection.Exchange$ResponseBodySource.read(Unknown Source:13)
02-09 19:58:26.766  6410  1056 E ExceptionStackTrace: okio.RealBufferedSource.exhausted(Unknown Source:18)
02-09 19:58:26.766  6410  1056 E ExceptionStackTrace: com.microsoft.office.outlook.http.HttpRequestCallback.onResponse(Unknown Source:97)
02-09 19:58:26.766  6410  1056 E ExceptionStackTrace: okhttp3.internal.connection.RealCall$AsyncCall.run(Unknown Source:40)
02-09 19:58:26.766  6410  1056 E ExceptionStackTrace: java.util.concurrent.ThreadPoolExecutor.runWorker(ThreadPoolExecutor.java:1156)
02-09 19:58:26.766  6410  1056 E ExceptionStackTrace: java.util.concurrent.ThreadPoolExecutor$Worker.run(ThreadPoolExecutor.java:651)
02-09 19:58:26.766  6410  1056 E ExceptionStackTrace: java.lang.Thread.run(Thread.java:1119)
02-09 19:58:26.926  1882  7564 W SDM     : ScalarConfig::ApplyDestScaleConfig: GetAIScaleSettingsInfo returned error=1
02-09 19:58:27.401  1882  7564 W SDM     : ScalarConfig::ApplyDestScaleConfig: GetAIScaleSettingsInfo returned error=1
02-09 19:58:27.554  2827  4730 D SemWifiSwitchForIndividualAppsService: isSkipNetworkCondition - result:6
02-09 19:58:27.926  1882  7564 W SDM     : ScalarConfig::ApplyDestScaleConfig: GetAIScaleSettingsInfo returned error=1
02-09 19:58:28.217  1882  7564 I SDM     : DisplayBuiltIn::SetActiveConfig: setting activeConfig(2) on Display 16777284-0. error(0)
02-09 19:58:28.222  1882  7564 W SDM     : ScalarConfig::ApplyDestScaleConfig: GetAIScaleSettingsInfo returned error=1
02-09 19:58:28.272  1882  7564 I SDM     : DisplayBuiltIn::SetActiveConfig: setting activeConfig(0) on Display 16777284-0. error(0)
02-09 19:58:28.371  2827 20959 I PerProcessNandswap$NandswapMsgHandler: madvise_prefetch for com.tencent.wetype:hld
02-09 19:58:28.393  2827  8107 I WindowManager: Relayout Window{ab9c79e u0 InputMethod}: viewVisibility=0 req=1080x2249 ty=2011 d0
02-09 19:58:28.395  2827  8107 I WindowManager: Relayout hash=ab9c79e, pid=5185, syncId=-1: mAttrs={(0,0)(fillxfill) gr=BOTTOM CENTER_VERTICAL sim={adjust=resize} ty=INPUT_METHOD fmt=TRANSPARENT wanim=0x1030056 preferredMinDisplayRefreshRate=60.0 receive insets ignoring z-order
02-09 19:58:28.396  5185  5185 I BLASTBufferQueue_Java: new BLASTBufferQueue, mName= VRI[InputMethod]@f2dddbf mNativeObject= 0xb4000075d875f300 caller= android.view.ViewRootImpl.updateBlastSurfaceIfNeeded:3585 android.view.ViewRootImpl.relayoutWindow:11685 android.view.ViewRootImpl.performTraversals:4804 android.view.ViewRootImpl.doTraversal:3924 android.view.ViewRootImpl$TraversalRunnable.run:12903 android.view.Choreographer$CallbackRecord.run:1901 android.view.Choreographer$CallbackRecord.run:1910 android.view.Choreographer.doCallbacks:1367 android.view.Choreographer.doFrame:1292 android.view.Choreographer$FrameDisplayEventReceiver.run:1870 
02-09 19:58:28.396  5185  5185 I BLASTBufferQueue_Java: update, w= 1080 h= 2249 mName = VRI[InputMethod]@f2dddbf mNativeObject= 0xb4000075d875f300 sc.mNativeObject= 0xb400007658799f50 format= -2 caller= android.view.ViewRootImpl.updateBlastSurfaceIfNeeded:3590 android.view.ViewRootImpl.relayoutWindow:11685 android.view.ViewRootImpl.performTraversals:4804 android.view.ViewRootImpl.doTraversal:3924 android.view.ViewRootImpl$TraversalRunnable.run:12903 android.view.Choreographer$CallbackRecord.run:1901 
02-09 19:58:28.396  5185  5185 I VRI[InputMethod]@f2dddbf: Relayout returned: old=(0,91,1080,2340) new=(0,91,1080,2340) relayoutAsync=false req=(1080,2249)0 dur=3 res=0x3 s={true 0xb4000075287e3d10} ch=true seqId=0
02-09 19:58:28.435  6410   714 E AdManager: AdLoadListener error, code 2, message UNABLE_TO_FILL, source OTHER_INBOX
02-09 19:58:28.436  2827  8107 I WindowManager: Relayout Window{f041d85 u0 com.tencent.mm/com.tencent.mm.ui.LauncherUI}: viewVisibility=0 req=1080x2340 ty=1 d0
02-09 19:58:28.436 31897 31897 I BLASTBufferQueue_Java: update, w= 1080 h= 2340 mName = VRI[LauncherUI]@407c3ae mNativeObject= 0x75d9772330 sc.mNativeObject= 0x76587fa010 format= -1 caller= android.view.ViewRootImpl.updateBlastSurfaceIfNeeded:3574 android.view.ViewRootImpl.relayoutWindow:11685 android.view.ViewRootImpl.performTraversals:4804 android.view.ViewRootImpl.doTraversal:3924 android.view.ViewRootImpl$TraversalRunnable.run:12903 android.view.Choreographer$CallbackRecord.run:1901 
02-09 19:58:28.436 31897 31897 I VRI[LauncherUI]@407c3ae: Relayout returned: old=(0,0,1080,2340) new=(0,0,1080,2340) relayoutAsync=true req=(1080,2340)0 dur=0 res=0x0 s={true 0x7528cfdd30} ch=false seqId=0
02-09 19:58:28.437  2827  8107 I WindowManager: Relayout hash=f041d85, pid=0, syncId=-1: mAttrs={(0,0)(fillxfill) sim={adjust=nothing forwardNavigation} layoutInDisplayCutoutMode=shortEdges ty=BASE_APPLICATION wanim=0x7f1101f4
02-09 19:58:28.559  2827  4730 D SemWifiSwitchForIndividualAppsService: isSkipNetworkCondition - result:6
02-09 19:58:28.572  2827  4601 E WifiStaIfaceAidlImpl: getCachedScanData failed with service-specific exception: android.os.ServiceSpecificException:  (code 4)
02-09 19:58:28.694  2827  7741 I WindowManager: Relayout Window{f959889 u0 com.sec.android.app.launcher/com.samsung.app.honeyspace.edge.edgepanel.app.CocktailBarService}: viewVisibility=8 req=0x0 ty=2226 d0
02-09 19:58:28.694  2827  7741 E WindowManager: win=Window{f959889 u0 com.sec.android.app.launcher/com.samsung.app.honeyspace.edge.edgepanel.app.CocktailBarService} destroySurfaces: appStopped=true cleanupOnResume=false win.mWindowRemovalAllowed=false win.mRemoveOnExit=false win.mViewVisibility=8 caller=com.android.server.wm.WindowManagerService.tryStartExitingAnimation:134 com.android.server.wm.WindowManagerService.relayoutWindow:1138 com.android.server.wm.Session.relayout:27 android.view.IWindowSession$Stub.onTransact:829 com.android.server.wm.Session.onTransact:1 android.os.Binder.execTransactInternal:1457 android.os.Binder.execTransact:1401 
02-09 19:58:28.696  2827  7741 I WindowManager: Relayout hash=f959889, pid=5336, syncId=-1: mAttrs={(0,1298)(0x0) gr=TOP RIGHT CENTER sim={adjust=nothing} layoutInDisplayCutoutMode=always ty=2226 fmt=TRANSPARENT
02-09 19:58:28.697  5336  5336 I VRI[CocktailBarService]@e185d11: Relayout returned: old=(1013,1298,1080,1638) new=(1013,1298,1080,1638) relayoutAsync=false req=(0,0)8 dur=3 res=0x2 s={false 0x0} ch=true seqId=90
02-09 19:58:28.934  1882  7564 W SDM     : ScalarConfig::ApplyDestScaleConfig: GetAIScaleSettingsInfo returned error=1
02-09 19:58:29.025  2827  6508 I WindowManager: Relayout Window{ab9c79e u0 InputMethod}: viewVisibility=0 req=1080x2249 ty=2011 d0
02-09 19:58:29.026  5185  5185 I BLASTBufferQueue_Java: update, w= 1080 h= 2249 mName = VRI[InputMethod]@f2dddbf mNativeObject= 0xb4000075d875f300 sc.mNativeObject= 0xb400007658799f50 format= -2 caller= android.view.ViewRootImpl.updateBlastSurfaceIfNeeded:3574 android.view.ViewRootImpl.relayoutWindow:11685 android.view.ViewRootImpl.performTraversals:4804 android.view.ViewRootImpl.doTraversal:3924 android.view.ViewRootImpl$TraversalRunnable.run:12903 android.view.Choreographer$CallbackRecord.run:1901 
02-09 19:58:29.026  5185  5185 I VRI[InputMethod]@f2dddbf: Relayout returned: old=(0,91,1080,2340) new=(0,91,1080,2340) relayoutAsync=true req=(1080,2249)0 dur=0 res=0x0 s={true 0xb4000075287e3d10} ch=false seqId=0
02-09 19:58:29.026  2827  6508 I WindowManager: Relayout hash=ab9c79e, pid=0, syncId=-1: mAttrs={(0,0)(fillxfill) gr=BOTTOM CENTER_VERTICAL sim={adjust=pan} ty=INPUT_METHOD fmt=TRANSPARENT wanim=0x1030056 preferredMinDisplayRefreshRate=60.0 receive insets ignoring z-order
02-09 19:58:29.086 32079   390 D AidlBufferPool: bufferpool2 0x7548791348 : 0(0 size) total buffers - 0(0 size) used buffers - 0/5 (recycle/alloc) - 2/4 (fetch/transfer)
02-09 19:58:29.086 32079   390 D AidlBufferPool: bufferpool2 0x754879fa88 : 0(0 size) total buffers - 0(0 size) used buffers - 0/5 (recycle/alloc) - 2/4 (fetch/transfer)
02-09 19:58:29.086 32079   390 D AidlBufferPool: bufferpool2 0x7548778ec8 : 0(0 size) total buffers - 0(0 size) used buffers - 0/6 (recycle/alloc) - 2/2 (fetch/transfer)
02-09 19:58:29.086 32079   390 D AidlBufferPool: bufferpool2 0x7548760a48 : 0(0 size) total buffers - 0(0 size) used buffers - 0/6 (recycle/alloc) - 2/2 (fetch/transfer)
02-09 19:58:29.535  2827  4736 D WifiConnectivityMonitor.NetworkStatsAnalyzer: Backhaul result - RSSI:-33, CE:64, PE:41, TI:85, PTI:57, TW:2, PTW:0, Tx:996, Rx:1415, TxS:747, RxS:795, RESULT:true, IC:0, ICT:5, WC:0, WCT:5, R:18, RC:0, IE:0, EC:0
02-09 19:58:29.565  2827  4730 D SemWifiSwitchForIndividualAppsService: isSkipNetworkCondition - result:6
02-09 19:58:29.684 13440 31270 I BCL@CoreSvc: (CloudService) unregisterDefaultNetworkCallback()
02-09 19:58:29.684  2827  4620 D ConnectivityService:  Removing from current network [227 WIFI], leaving 241 requests.
