02-09 19:58:43.976  2827  4620 D ConnectivityService:    accepting network in place of null for NetworkRequest [ REQUEST id=28662, [ Capabilities: INTERNET&NOT_RESTRICTED&TRUSTED&NOT_VCN_MANAGED&NOT_BANDWIDTH_CONSTRAINED Uid: 10041 RequestorUid: 10041 RequestorPkg: com.samsung.android.offline.languagemodel.chn UnderlyingNetworks: Null] ]
02-09 19:58:43.977  2827  4601 D OemPaidWifiNetworkFactory: got request NetworkRequest [ REQUEST id=28662, [ Capabilities: INTERNET&NOT_RESTRICTED&TRUSTED&NOT_VCN_MANAGED&NOT_BANDWIDTH_CONSTRAINED Uid: 10041 RequestorUid: 10041 RequestorPkg: com.samsung.android.offline.languagemodel.chn UnderlyingNetworks: Null] ]
02-09 19:58:43.977  2827  4601 D MultiInternetWifiNetworkFactory: got request NetworkRequest [ REQUEST id=28662, [ Capabilities: INTERNET&NOT_RESTRICTED&TRUSTED&NOT_VCN_MANAGED&NOT_BANDWIDTH_CONSTRAINED Uid: 10041 RequestorUid: 10041 RequestorPkg: com.samsung.android.offline.languagemodel.chn UnderlyingNetworks: Null] ]
02-09 19:58:43.977  2827  4601 D WifiNetworkFactory: got request NetworkRequest [ REQUEST id=28662, [ Capabilities: INTERNET&NOT_RESTRICTED&TRUSTED&NOT_VCN_MANAGED&NOT_BANDWIDTH_CONSTRAINED Uid: 10041 RequestorUid: 10041 RequestorPkg: com.samsung.android.offline.languagemodel.chn UnderlyingNetworks: Null] ]
02-09 19:58:43.977  2827  4601 D UntrustedWifiNetworkFactory: got request NetworkRequest [ REQUEST id=28662, [ Capabilities: INTERNET&NOT_RESTRICTED&TRUSTED&NOT_VCN_MANAGED&NOT_BANDWIDTH_CONSTRAINED Uid: 10041 RequestorUid: 10041 RequestorPkg: com.samsung.android.offline.languagemodel.chn UnderlyingNetworks: Null] ]
02-09 19:58:43.977  2827  4620 D ConnectivityService: Rematched networks [computed 0ms] [applied 0ms] [issued 1]
02-09 19:58:43.977  2827  4620 D ConnectivityService: NetworkReassignment :
02-09 19:58:43.982  2827  4620 D ConnectivityService:  Removing from current network [227 WIFI], leaving 243 requests.
02-09 19:58:44.422  1882  7564 I SDM     : DisplayBuiltIn::SetActiveConfig: setting activeConfig(2) on Display 16777284-0. error(0)
02-09 19:58:44.426  2827  4620 D ConnectivityService: releasing NetworkRequest [ REQUEST id=28637, [ Capabilities: INTERNET&NOT_RESTRICTED&TRUSTED&NOT_VCN_MANAGED&NOT_BANDWIDTH_CONSTRAINED Uid: 10359 RequestorUid: 10359 RequestorPkg: com.tencent.mm UnderlyingNetworks: Null] ] (release request)
02-09 19:58:44.426  2827  4620 D ConnectivityService:  Removing from current network [227 WIFI], leaving 242 requests.
02-09 19:58:44.962  2827  7742 D ConnectivityService: requestNetwork for uid/pid:10041/2326 activeRequest: null callbackRequest: 28663 [NetworkRequest [ REQUEST id=28664, [ Capabilities: INTERNET&NOT_RESTRICTED&TRUSTED&NOT_VCN_MANAGED&NOT_BANDWIDTH_CONSTRAINED Uid: 10041 RequestorUid: 10041 RequestorPkg: com.samsung.android.offline.languagemodel.chn UnderlyingNetworks: Null] ]] callback flags: 0 order: 2147483647 isUidTracked: false declaredMethods: AVAIL|LOST|NC
02-09 19:58:44.962  2827  4620 D ConnectivityService:    accepting network in place of null for NetworkRequest [ REQUEST id=28664, [ Capabilities: INTERNET&NOT_RESTRICTED&TRUSTED&NOT_VCN_MANAGED&NOT_BANDWIDTH_CONSTRAINED Uid: 10041 RequestorUid: 10041 RequestorPkg: com.samsung.android.offline.languagemodel.chn UnderlyingNetworks: Null] ]
02-09 19:58:44.965  2827  4601 D OemPaidWifiNetworkFactory: got request NetworkRequest [ REQUEST id=28664, [ Capabilities: INTERNET&NOT_RESTRICTED&TRUSTED&NOT_VCN_MANAGED&NOT_BANDWIDTH_CONSTRAINED Uid: 10041 RequestorUid: 10041 RequestorPkg: com.samsung.android.offline.languagemodel.chn UnderlyingNetworks: Null] ]
02-09 19:58:44.965  2827  4601 D MultiInternetWifiNetworkFactory: got request NetworkRequest [ REQUEST id=28664, [ Capabilities: INTERNET&NOT_RESTRICTED&TRUSTED&NOT_VCN_MANAGED&NOT_BANDWIDTH_CONSTRAINED Uid: 10041 RequestorUid: 10041 RequestorPkg: com.samsung.android.offline.languagemodel.chn UnderlyingNetworks: Null] ]
02-09 19:58:44.965  2827  4601 D WifiNetworkFactory: got request NetworkRequest [ REQUEST id=28664, [ Capabilities: INTERNET&NOT_RESTRICTED&TRUSTED&NOT_VCN_MANAGED&NOT_BANDWIDTH_CONSTRAINED Uid: 10041 RequestorUid: 10041 RequestorPkg: com.samsung.android.offline.languagemodel.chn UnderlyingNetworks: Null] ]
02-09 19:58:44.965  2827  4601 D UntrustedWifiNetworkFactory: got request NetworkRequest [ REQUEST id=28664, [ Capabilities: INTERNET&NOT_RESTRICTED&TRUSTED&NOT_VCN_MANAGED&NOT_BANDWIDTH_CONSTRAINED Uid: 10041 RequestorUid: 10041 RequestorPkg: com.samsung.android.offline.languagemodel.chn UnderlyingNetworks: Null] ]
02-09 19:58:44.965  2827  4620 D ConnectivityService: Rematched networks [computed 0ms] [applied 2ms] [issued 1]
02-09 19:58:44.965  2827  4620 D ConnectivityService: NetworkReassignment :
02-09 19:58:44.974  2827  4620 D ConnectivityService:  Removing from current network [227 WIFI], leaving 241 requests.
02-09 19:58:45.478  2448  2448 D ApplicationLoaders: Returning zygote-cached class loader: /system/framework/org.apache.http.legacy.jar
02-09 19:58:45.578  2448  2488 D ConnectivityManager: StackLog: [android.net.ConnectivityManager.sendRequestForNetwork(ConnectivityManager.java:4736)] [android.net.ConnectivityManager.registerDefaultNetworkCallbackForUid(ConnectivityManager.java:5461)] [android.net.ConnectivityManager.registerDefaultNetworkCallback(ConnectivityManager.java:5428)] [org.chromium.base.compat.ApiHelperForO.registerDefaultNetworkCallback(Unknown Source:0)] [org.chromium.net.NetworkChangeNotifierAutoDetect$ConnectivityManagerDelegate.registerDefaultNetworkCallback(Unknown Source:2)] [org.chromium.net.NetworkChangeNotifierAutoDetect.register(Unknown Source:27)] [org.chromium.net.NetworkChangeNotifierAutoDetect$RegistrationPolicy.register(Unknown Source:2)] [org.chromium.net.RegistrationPolicyAlwaysRegister.init(Unknown Source:3)] [org.chromium.net.NetworkChangeNotifierAutoDetect.<init>(Unknown Source:106)] [org.chromium.net.NetworkChangeNotifier.setAutoDetectConnectivityStateInternal(Unknown Source:13)] [org.chromium.net.NetworkChangeNotifier.registerToReceiveNotificationsAlways(Unknown Source:10)] [org.chromium.net.impl.CronetLibraryLoader.ensureInitializedOnInitThread(Unknown Source:75)] [org.chromium.net.impl.CronetLibraryLoader$1.run(Unknown Source:0)]
02-09 19:58:45.579  2827  7742 D ConnectivityService: requestNetwork for uid/pid:10359/2448 activeRequest: null callbackRequest: 28665 [NetworkRequest [ REQUEST id=28666, [ Capabilities: INTERNET&NOT_RESTRICTED&TRUSTED&NOT_VCN_MANAGED&NOT_BANDWIDTH_CONSTRAINED Uid: 10359 RequestorUid: 10359 RequestorPkg: com.tencent.mm UnderlyingNetworks: Null] ]] callback flags: 0 order: 2147483647 isUidTracked: false declaredMethods: AVAIL|LOST|NC|LP
02-09 19:58:45.579  2448  2488 D ConnectivityManager: StackLog: [android.net.ConnectivityManager.sendRequestForNetwork(ConnectivityManager.java:4736)] [android.net.ConnectivityManager.sendRequestForNetwork(ConnectivityManager.java:4904)] [android.net.ConnectivityManager.registerNetworkCallback(ConnectivityManager.java:5321)] [org.chromium.net.NetworkChangeNotifierAutoDetect$ConnectivityManagerDelegate.registerNetworkCallback(Unknown Source:12)] [org.chromium.net.NetworkChangeNotifierAutoDetect.register(Unknown Source:73)] [org.chromium.net.NetworkChangeNotifierAutoDetect$RegistrationPolicy.register(Unknown Source:2)] [org.chromium.net.RegistrationPolicyAlwaysRegister.init(Unknown Source:3)] [org.chromium.net.NetworkChangeNotifierAutoDetect.<init>(Unknown Source:106)] [org.chromium.net.NetworkChangeNotifier.setAutoDetectConnectivityStateInternal(Unknown Source:13)] [org.chromium.net.NetworkChangeNotifier.registerToReceiveNotificationsAlways(Unknown Source:10)] [org.chromium.net.impl.CronetLibraryLoader.ensureInitializedOnInitThread(Unknown Source:75)] [org.chromium.net.impl.CronetLibraryLoader$1.run(Unknown Source:0)]
02-09 19:58:45.579  2827  4620 D ConnectivityService:    accepting network in place of null for NetworkRequest [ REQUEST id=28666, [ Capabilities: INTERNET&NOT_RESTRICTED&TRUSTED&NOT_VCN_MANAGED&NOT_BANDWIDTH_CONSTRAINED Uid: 10359 RequestorUid: 10359 RequestorPkg: com.tencent.mm UnderlyingNetworks: Null] ]
02-09 19:58:45.581  2827  4601 D OemPaidWifiNetworkFactory: got request NetworkRequest [ REQUEST id=28666, [ Capabilities: INTERNET&NOT_RESTRICTED&TRUSTED&NOT_VCN_MANAGED&NOT_BANDWIDTH_CONSTRAINED Uid: 10359 RequestorUid: 10359 RequestorPkg: com.tencent.mm UnderlyingNetworks: Null] ]
02-09 19:58:45.581  2827  4601 D MultiInternetWifiNetworkFactory: got request NetworkRequest [ REQUEST id=28666, [ Capabilities: INTERNET&NOT_RESTRICTED&TRUSTED&NOT_VCN_MANAGED&NOT_BANDWIDTH_CONSTRAINED Uid: 10359 RequestorUid: 10359 RequestorPkg: com.tencent.mm UnderlyingNetworks: Null] ]
02-09 19:58:45.581  2827  4601 D WifiNetworkFactory: got request NetworkRequest [ REQUEST id=28666, [ Capabilities: INTERNET&NOT_RESTRICTED&TRUSTED&NOT_VCN_MANAGED&NOT_BANDWIDTH_CONSTRAINED Uid: 10359 RequestorUid: 10359 RequestorPkg: com.tencent.mm UnderlyingNetworks: Null] ]
02-09 19:58:45.581  2827  4601 D UntrustedWifiNetworkFactory: got request NetworkRequest [ REQUEST id=28666, [ Capabilities: INTERNET&NOT_RESTRICTED&TRUSTED&NOT_VCN_MANAGED&NOT_BANDWIDTH_CONSTRAINED Uid: 10359 RequestorUid: 10359 RequestorPkg: com.tencent.mm UnderlyingNetworks: Null] ]
02-09 19:58:45.581  2827  4620 D ConnectivityService: Rematched networks [computed 1ms] [applied 1ms] [issued 1]
02-09 19:58:45.581  2827  4620 D ConnectivityService: NetworkReassignment :
02-09 19:58:45.583  2827  4620 D ConnectivityService: Rematched networks [computed 0ms] [applied 0ms] [issued 1]
02-09 19:58:45.583  2827  4620 D ConnectivityService: NetworkReassignment : no changes
02-09 19:58:45.905  1888  2696 D AidlBufferPool: bufferpool2 0xb4000074636a92f8 : 27(442368 size) total buffers - 27(442368 size) used buffers - 0/27 (recycle/alloc) - 0/0 (fetch/transfer)
02-09 19:58:45.907 31897  9760 D AidlBufferPool: bufferpool2 0x7548a9a0f8 : 10(83886080 size) total buffers - 10(83886080 size) used buffers - 1/11 (recycle/alloc) - 8/9 (fetch/transfer)
02-09 19:58:46.627  2827  4601 E WifiStaIfaceAidlImpl: getCachedScanData failed with service-specific exception: android.os.ServiceSpecificException:  (code 4)
02-09 19:58:46.964 31356 31639 V MSF.C.MSFCore[@DD]: [Event] MSFDDNetworkEngine.cpp(179)::onTcpInfoUpdate->onTcpInfoUpdate:
02-09 19:58:47.623 31897  2131 D AidlBufferPool: bufferpool2 0x75489cd678 : 10(83886080 size) total buffers - 10(83886080 size) used buffers - 1/11 (recycle/alloc) - 20/325 (fetch/transfer)
02-09 19:58:49.539  2827  4736 D WifiConnectivityMonitor.NetworkStatsAnalyzer: Backhaul result - RSSI:-33, CE:75, PE:72, TI:95, PTI:91, TW:10, PTW:8, Tx:3748, Rx:5374, TxS:1486, RxS:2374, RESULT:true, IC:0, ICT:5, WC:0, WCT:5, R:6, RC:0, IE:0, EC:0
02-09 19:58:49.638  2827  4601 E WifiStaIfaceAidlImpl: getCachedScanData failed with service-specific exception: android.os.ServiceSpecificException:  (code 4)
02-09 19:58:52.655  2827  4601 E WifiStaIfaceAidlImpl: getCachedScanData failed with service-specific exception: android.os.ServiceSpecificException:  (code 4)
02-09 19:58:52.803 31897  2131 D AidlBufferPool: bufferpool2 0x75489cd678 : 10(83886080 size) total buffers - 10(83886080 size) used buffers - 1/11 (recycle/alloc) - 20/479 (fetch/transfer)
02-09 19:58:54.384  6410   575 E HxForceSyncUtil: kotlinx.coroutines.TimeoutCancellationException: Timed out waiting for 30000 ms
02-09 19:58:54.386  6410  2546 E HxForceSyncUtil: kotlinx.coroutines.TimeoutCancellationException: Timed out waiting for 30000 ms
02-09 19:58:54.414  6410  6410 D ConnectivityManager: StackLog: [android.net.ConnectivityManager.unregisterNetworkCallback(ConnectivityManager.java:5571)] [WV.nm1.h(chromium-TrichromeWebViewGoogle6432.aab-stable-755910933:17)] [WV.ck.b(chromium-TrichromeWebViewGoogle6432.aab-stable-755910933:3)] [org.chromium.android_webview.AwContentsLifecycleNotifier.onLastWebViewDestroyed(chromium-TrichromeWebViewGoogle6432.aab-stable-755910933:19)] [J.N.VJ(Native Method)] [WV.ng.run(chromium-TrichromeWebViewGoogle6432.aab-stable-755910933:4)] [WV.gx.handleMessage(chromium-TrichromeWebViewGoogle6432.aab-stable-755910933:55)] [WV.ix.a(chromium-TrichromeWebViewGoogle6432.aab-stable-755910933:25)] [org.chromium.android_webview.AwContents.l(chromium-TrichromeWebViewGoogle6432.aab-stable-755910933:33)] [WV.xf.run(chromium-TrichromeWebViewGoogle6432.aab-stable-755910933:10)] [org.chromium.base.task.TaskRunnerImpl.runTask(chromium-TrichromeWebViewGoogle6432.aab-stable-755910933:31)]
02-09 19:58:54.415  6410  6410 D ConnectivityManager: StackLog: [android.net.ConnectivityManager.unregisterNetworkCallback(ConnectivityManager.java:5571)] [WV.nm1.h(chromium-TrichromeWebViewGoogle6432.aab-stable-755910933:26)] [WV.ck.b(chromium-TrichromeWebViewGoogle6432.aab-stable-755910933:3)] [org.chromium.android_webview.AwContentsLifecycleNotifier.onLastWebViewDestroyed(chromium-TrichromeWebViewGoogle6432.aab-stable-755910933:19)] [J.N.VJ(Native Method)] [WV.ng.run(chromium-TrichromeWebViewGoogle6432.aab-stable-755910933:4)] [WV.gx.handleMessage(chromium-TrichromeWebViewGoogle6432.aab-stable-755910933:55)] [WV.ix.a(chromium-TrichromeWebViewGoogle6432.aab-stable-755910933:25)] [org.chromium.android_webview.AwContents.l(chromium-TrichromeWebViewGoogle6432.aab-stable-755910933:33)] [WV.xf.run(chromium-TrichromeWebViewGoogle6432.aab-stable-755910933:10)] [org.chromium.base.task.TaskRunnerImpl.runTask(chromium-TrichromeWebViewGoogle6432.aab-stable-755910933:31)]
02-09 19:58:54.415  2827  4620 D ConnectivityService:  Removing from current network [227 WIFI], leaving 241 requests.
02-09 19:58:55.671  2827  4601 E WifiStaIfaceAidlImpl: getCachedScanData failed with service-specific exception: android.os.ServiceSpecificException:  (code 4)
02-09 19:58:56.436  2827  4380 I JobScheduler: maybeQueueReadyJobsForExecutionLocked: [BatchNetworkJob] 1 batched network jobs meet requirement for 227
02-09 19:58:56.450  6410  7233 I TRuntime.CctTransportBackend: Making request to: https://firebaselogging.googleapis.com/v0cc/log/batch?format=json_proto3
02-09 19:58:58.003 31897  2131 D AidlBufferPool: bufferpool2 0x75489cd678 : 10(83886080 size) total buffers - 10(83886080 size) used buffers - 1/11 (recycle/alloc) - 20/635 (fetch/transfer)
02-09 19:58:58.687  2827  4601 E WifiStaIfaceAidlImpl: getCachedScanData failed with service-specific exception: android.os.ServiceSpecificException:  (code 4)
02-09 19:58:59.541  2827  4736 D WifiConnectivityMonitor.NetworkStatsAnalyzer: Backhaul result - RSSI:-33, CE:75, PE:75, TI:94, PTI:95, TW:10, PTW:10, Tx:1160, Rx:1773, TxS:64, RxS:60, RESULT:true, IC:0, ICT:5, WC:0, WCT:5, R:0, RC:0, IE:0, EC:0
02-09 19:59:01.704  2827  4601 E WifiStaIfaceAidlImpl: getCachedScanData failed with service-specific exception: android.os.ServiceSpecificException:  (code 4)
02-09 19:59:01.944  1882  7564 I SDM     : DisplayBuiltIn::SetActiveConfig: setting activeConfig(0) on Display 16777284-0. error(0)
02-09 19:59:02.119  2827  2851 I WindowManager: Relayout Window{dd31760 u0 VolumePanelWindow}: viewVisibility=0 req=237x759 ty=2020 d0
02-09 19:59:02.120  2827  2851 I WindowManager: Relayout hash=dd31760, pid=4827, syncId=-1: mAttrs={(0,576)(wrapxwrap) gr=TOP RIGHT CENTER sim={adjust=pan forwardNavigation} ty=VOLUME_OVERLAY fmt=TRANSPARENT wanim=0xffffffff surfaceInsets=Rect(6, 6 - 6, 6)
02-09 19:59:02.120  4827  4827 I BLASTBufferQueue_Java: new BLASTBufferQueue, mName= VRI[VolumePanelWindow]@9dc65d3 mNativeObject= 0xb4000075d8f2ef80 caller= android.view.ViewRootImpl.updateBlastSurfaceIfNeeded:3585 android.view.ViewRootImpl.relayoutWindow:11685 android.view.ViewRootImpl.performTraversals:4804 android.view.ViewRootImpl.doTraversal:3924 android.view.ViewRootImpl$TraversalRunnable.run:12903 android.view.Choreographer$CallbackRecord.run:1901 android.view.Choreographer$CallbackRecord.run:1910 android.view.Choreographer.doCallbacks:1367 android.view.Choreographer.doFrame:1292 android.view.Choreographer$FrameDisplayEventReceiver.run:1870 
02-09 19:59:02.120  4827  4827 I BLASTBufferQueue_Java: update, w= 249 h= 771 mName = VRI[VolumePanelWindow]@9dc65d3 mNativeObject= 0xb4000075d8f2ef80 sc.mNativeObject= 0xb4000076587ed350 format= -2 caller= android.view.ViewRootImpl.updateBlastSurfaceIfNeeded:3590 android.view.ViewRootImpl.relayoutWindow:11685 android.view.ViewRootImpl.performTraversals:4804 android.view.ViewRootImpl.doTraversal:3924 android.view.ViewRootImpl$TraversalRunnable.run:12903 android.view.Choreographer$CallbackRecord.run:1901 
02-09 19:59:02.120  4827  4827 I VRI[VolumePanelWindow]@9dc65d3: Relayout returned: old=(0,91,1080,2196) new=(843,576,1080,1335) relayoutAsync=false req=(237,759)0 dur=1 res=0x3 s={true 0xb4000075289e66a0} ch=true seqId=0
02-09 19:59:03.269 31897  2131 D AidlBufferPool: bufferpool2 0x75489cd678 : 10(83886080 size) total buffers - 10(83886080 size) used buffers - 1/11 (recycle/alloc) - 20/793 (fetch/transfer)
02-09 19:59:04.070  1828  1931 E minksocket: MinkIPC ERROR: ( 1828:1931 ) MinkIPC_preProcess:272 Client down, but cannot find corresponding minksession
02-09 19:59:04.070  1828  1944 E minksocket: MinkIPC ERROR: ( 1828:1944 ) MinkIPC_preProcess:272 Client down, but cannot find corresponding minksession
02-09 19:59:04.070  1828  1944 E minksocket: MinkIPC ERROR: ( 1828:1944 ) MinkIPC_preProcess:272 Client down, but cannot find corresponding minksession
02-09 19:59:04.070  1828  1931 E minksocket: MinkIPC ERROR: ( 1828:1931 ) MinkIPC_preProcess:272 Client down, but cannot find corresponding minksession
02-09 19:59:04.070  1828  1931 E minksocket: MinkIPC ERROR: ( 1828:1931 ) MinkIPC_preProcess:272 Client down, but cannot find corresponding minksession
02-09 19:59:04.070  1828  1944 E minksocket: MinkIPC ERROR: ( 1828:1944 ) MinkIPC_preProcess:272 Client down, but cannot find corresponding minksession
02-09 19:59:04.071  1828  1931 E minksocket: MinkIPC ERROR: ( 1828:1931 ) MinkIPC_preProcess:272 Client down, but cannot find corresponding minksession
02-09 19:59:04.071  1828  1944 E minksocket: MinkIPC ERROR: ( 1828:1944 ) MinkIPC_preProcess:272 Client down, but cannot find corresponding minksession
02-09 19:59:04.716  2827  4601 E WifiStaIfaceAidlImpl: getCachedScanData failed with service-specific exception: android.os.ServiceSpecificException:  (code 4)
02-09 19:59:05.101  1882  7564 I SDM     : DisplayBuiltIn::SetActiveConfig: setting activeConfig(2) on Display 16777284-0. error(0)
02-09 19:59:05.937  1828  1944 E minksocket: MinkIPC ERROR: ( 1828:1944 ) MinkIPC_preProcess:272 Client down, but cannot find corresponding minksession
02-09 19:59:05.937  1828  1931 E minksocket: MinkIPC ERROR: ( 1828:1931 ) MinkIPC_preProcess:272 Client down, but cannot find corresponding minksession
02-09 19:59:05.938  1828  1944 E minksocket: MinkIPC ERROR: ( 1828:1944 ) MinkIPC_preProcess:272 Client down, but cannot find corresponding minksession
02-09 19:59:05.938  1828  1931 E minksocket: MinkIPC ERROR: ( 1828:1931 ) MinkIPC_preProcess:272 Client down, but cannot find corresponding minksession
02-09 19:59:05.938  1828  1931 E minksocket: MinkIPC ERROR: ( 1828:1931 ) MinkIPC_preProcess:272 Client down, but cannot find corresponding minksession
02-09 19:59:05.938  1828  1944 E minksocket: MinkIPC ERROR: ( 1828:1944 ) MinkIPC_preProcess:272 Client down, but cannot find corresponding minksession
02-09 19:59:05.939  1828  1931 E minksocket: MinkIPC ERROR: ( 1828:1931 ) MinkIPC_preProcess:272 Client down, but cannot find corresponding minksession
02-09 19:59:05.939  1828  1944 E minksocket: MinkIPC ERROR: ( 1828:1944 ) MinkIPC_preProcess:272 Client down, but cannot find corresponding minksession
02-09 19:59:07.037  1828  1931 E minksocket: MinkIPC ERROR: ( 1828:1931 ) MinkIPC_preProcess:272 Client down, but cannot find corresponding minksession
02-09 19:59:07.038  1828  1944 E minksocket: MinkIPC ERROR: ( 1828:1944 ) MinkIPC_preProcess:272 Client down, but cannot find corresponding minksession
02-09 19:59:07.038  1828  1931 E minksocket: MinkIPC ERROR: ( 1828:1931 ) MinkIPC_preProcess:272 Client down, but cannot find corresponding minksession
02-09 19:59:07.038  1828  1944 E minksocket: MinkIPC ERROR: ( 1828:1944 ) MinkIPC_preProcess:272 Client down, but cannot find corresponding minksession
02-09 19:59:07.038  1828  1931 E minksocket: MinkIPC ERROR: ( 1828:1931 ) MinkIPC_preProcess:272 Client down, but cannot find corresponding minksession
02-09 19:59:07.038  1828  1944 E minksocket: MinkIPC ERROR: ( 1828:1944 ) MinkIPC_preProcess:272 Client down, but cannot find corresponding minksession
02-09 19:59:07.039  1828  1931 E minksocket: MinkIPC ERROR: ( 1828:1931 ) MinkIPC_preProcess:272 Client down, but cannot find corresponding minksession
02-09 19:59:07.039  1828  1944 E minksocket: MinkIPC ERROR: ( 1828:1944 ) MinkIPC_preProcess:272 Client down, but cannot find corresponding minksession
02-09 19:59:07.729  2827  4601 E WifiStaIfaceAidlImpl: getCachedScanData failed with service-specific exception: android.os.ServiceSpecificException:  (code 4)
02-09 19:59:08.146  1828  1931 E minksocket: MinkIPC ERROR: ( 1828:1931 ) MinkIPC_preProcess:272 Client down, but cannot find corresponding minksession
02-09 19:59:08.146  1828  1944 E minksocket: MinkIPC ERROR: ( 1828:1944 ) MinkIPC_preProcess:272 Client down, but cannot find corresponding minksession
02-09 19:59:08.146  1828  1931 E minksocket: MinkIPC ERROR: ( 1828:1931 ) MinkIPC_preProcess:272 Client down, but cannot find corresponding minksession
02-09 19:59:08.147  1828  1944 E minksocket: MinkIPC ERROR: ( 1828:1944 ) MinkIPC_preProcess:272 Client down, but cannot find corresponding minksession
02-09 19:59:08.147  1828  1931 E minksocket: MinkIPC ERROR: ( 1828:1931 ) MinkIPC_preProcess:272 Client down, but cannot find corresponding minksession
02-09 19:59:08.147  1828  1944 E minksocket: MinkIPC ERROR: ( 1828:1944 ) MinkIPC_preProcess:272 Client down, but cannot find corresponding minksession
02-09 19:59:08.148  1828  1931 E minksocket: MinkIPC ERROR: ( 1828:1931 ) MinkIPC_preProcess:272 Client down, but cannot find corresponding minksession
02-09 19:59:08.148  1828  1944 E minksocket: MinkIPC ERROR: ( 1828:1944 ) MinkIPC_preProcess:272 Client down, but cannot find corresponding minksession
02-09 19:59:08.469 31897  2131 D AidlBufferPool: bufferpool2 0x75489cd678 : 10(83886080 size) total buffers - 10(83886080 size) used buffers - 1/11 (recycle/alloc) - 20/949 (fetch/transfer)
02-09 19:59:09.185  2827  3105 D BatteryExternalStatsWorker: Fetch WiFi data
02-09 19:59:09.194  2827  4601 E WifiStaIfaceAidlImpl: getCachedScanData failed with service-specific exception: android.os.ServiceSpecificException:  (code 4)
02-09 19:59:09.545  2827  4736 D WifiConnectivityMonitor.NetworkStatsAnalyzer: Backhaul result - RSSI:-29, CE:78, PE:75, TI:98, PTI:94, TW:10, PTW:10, Tx:948, Rx:1379, TxS:82, RxS:81, RESULT:true, IC:0, ICT:5, WC:0, WCT:5, R:0, RC:0, IE:0, EC:0
02-09 19:59:10.743  2827  4601 E WifiStaIfaceAidlImpl: getCachedScanData failed with service-specific exception: android.os.ServiceSpecificException:  (code 4)
02-09 19:59:11.895  2827  4736 D WifiConnectivityMonitor.NetworkStatsAnalyzer: DNS resultType : 0, responseTime : 207
02-09 19:59:11.895  2827  4732 D OpenNetworkQos[4.00]: updateBssidLatestDnsResultType - result: 0
02-09 19:59:11.895  2827  4732 D OpenNetworkQos[4.00]: updateBssidNoInternet: mBssidNoInternet = false
02-09 19:59:11.896  2827  4732 D OpenNetworkQos[4.00]: getOpenNetworkQosNoInternetStatus: false
02-09 19:59:11.896  2827  4732 D OpenNetworkQos[4.00]: getOpenNetworkQosScores: 26 26 0 
02-09 19:59:11.896  2827  4732 I WifiProfileShare: network QoS data was changed (internet), updateQoSData networkType: true, qosData: false
02-09 19:59:13.680 31897  2131 D AidlBufferPool: bufferpool2 0x75489cd678 : 10(83886080 size) total buffers - 10(83886080 size) used buffers - 1/11 (recycle/alloc) - 20/1106 (fetch/transfer)
02-09 19:59:13.761  2827  4601 E WifiStaIfaceAidlImpl: getCachedScanData failed with service-specific exception: android.os.ServiceSpecificException:  (code 4)
02-09 19:59:13.935  1882  7564 I SDM     : DisplayBuiltIn::SetActiveConfig: setting activeConfig(0) on Display 16777284-0. error(0)
02-09 19:59:14.166  1882  7564 W SDM     : ScalarConfig::ApplyDestScaleConfig: GetAIScaleSettingsInfo returned error=1
02-09 19:59:14.257  1882  7564 W SDM     : ScalarConfig::ApplyDestScaleConfig: GetAIScaleSettingsInfo returned error=1
02-09 19:59:16.775  2827  4601 E WifiStaIfaceAidlImpl: getCachedScanData failed with service-specific exception: android.os.ServiceSpecificException:  (code 4)
02-09 19:59:17.075  1882  7564 I SDM     : DisplayBuiltIn::SetActiveConfig: setting activeConfig(2) on Display 16777284-0. error(0)
02-09 19:59:18.834 31897  2131 D AidlBufferPool: bufferpool2 0x75489cd678 : 10(83886080 size) total buffers - 10(83886080 size) used buffers - 1/11 (recycle/alloc) - 20/1261 (fetch/transfer)
02-09 19:59:19.547  2827  4736 D WifiConnectivityMonitor.NetworkStatsAnalyzer: Backhaul result - RSSI:-30, CE:77, PE:78, TI:98, PTI:98, TW:11, PTW:10, Tx:1547, Rx:2452, TxS:228, RxS:213, RESULT:true, IC:0, ICT:5, WC:0, WCT:5, R:0, RC:0, IE:0, EC:0
02-09 19:59:19.784  2827  4601 E WifiStaIfaceAidlImpl: getCachedScanData failed with service-specific exception: android.os.ServiceSpecificException:  (code 4)
02-09 19:59:22.799  2827  4601 E WifiStaIfaceAidlImpl: getCachedScanData failed with service-specific exception: android.os.ServiceSpecificException:  (code 4)
02-09 19:59:23.391  1882  1882 I SDM     : DisplayBuiltIn::SetActiveConfig: setting activeConfig(0) on Display 16777284-0. error(0)
02-09 19:59:24.076 31897  2131 D AidlBufferPool: bufferpool2 0x75489cd678 : 10(83886080 size) total buffers - 10(83886080 size) used buffers - 1/11 (recycle/alloc) - 20/1418 (fetch/transfer)
02-09 19:59:25.814  2827  4601 E WifiStaIfaceAidlImpl: getCachedScanData failed with service-specific exception: android.os.ServiceSpecificException:  (code 4)
02-09 19:59:28.395  6410  6410 W JobService: onNetworkChanged() not implemented in com.google.android.datatransport.runtime.scheduling.jobscheduling.JobInfoSchedulerService. Must override in a subclass.
02-09 19:59:28.832  2827  4601 E WifiStaIfaceAidlImpl: getCachedScanData failed with service-specific exception: android.os.ServiceSpecificException:  (code 4)
02-09 19:59:29.336 31897  2131 D AidlBufferPool: bufferpool2 0x75489cd678 : 10(83886080 size) total buffers - 10(83886080 size) used buffers - 1/11 (recycle/alloc) - 20/1575 (fetch/transfer)
02-09 19:59:29.549  2827  4736 D WifiConnectivityMonitor.NetworkStatsAnalyzer: Backhaul result - RSSI:-32, CE:78, PE:77, TI:97, PTI:98, TW:9, PTW:11, Tx:1128, Rx:1668, TxS:247, RxS:233, RESULT:true, IC:0, ICT:5, WC:0, WCT:5, R:1, RC:0, IE:0, EC:0
02-09 19:59:29.565  1882  1882 I SDM     : DisplayBuiltIn::SetActiveConfig: setting activeConfig(2) on Display 16777284-0. error(0)
02-09 19:59:30.387  1882  1882 I SDM     : DisplayBuiltIn::SetActiveConfig: setting activeConfig(0) on Display 16777284-0. error(0)
02-09 19:59:31.843  2827  4601 E WifiStaIfaceAidlImpl: getCachedScanData failed with service-specific exception: android.os.ServiceSpecificException:  (code 4)
02-09 19:59:34.421  1882  1882 I SDM     : DisplayBuiltIn::SetActiveConfig: setting activeConfig(2) on Display 16777284-0. error(0)
02-09 19:59:34.473  2827  3105 D BatteryExternalStatsWorker: update stats : update-network-download (6)
02-09 19:59:34.473  2827  3105 D BatteryExternalStatsWorker: Fetch WiFi data
02-09 19:59:34.481  2827  4601 E WifiStaIfaceAidlImpl: getCachedScanData failed with service-specific exception: android.os.ServiceSpecificException:  (code 4)
02-09 19:59:34.566 31897  2131 D AidlBufferPool: bufferpool2 0x75489cd678 : 10(83886080 size) total buffers - 10(83886080 size) used buffers - 1/11 (recycle/alloc) - 20/1732 (fetch/transfer)
02-09 19:59:34.854  2827  4601 E WifiStaIfaceAidlImpl: getCachedScanData failed with service-specific exception: android.os.ServiceSpecificException:  (code 4)
02-09 19:59:36.972  1882  1882 I SDM     : DisplayBuiltIn::SetActiveConfig: setting activeConfig(0) on Display 16777284-0. error(0)
02-09 19:59:37.864  2827  4601 E WifiStaIfaceAidlImpl: getCachedScanData failed with service-specific exception: android.os.ServiceSpecificException:  (code 4)
02-09 19:59:38.146 31356 31639 V MSF.C.MSFCore[@DD]: [Event] MSFDDNetworkEngine.cpp(179)::onTcpInfoUpdate->onTcpInfoUpdate:
02-09 19:59:38.149 31356 31632 V MSF.C.MSFCore[@PK]: [Event] PacketModule.cpp(399)::NetworkRequest->send, pcmd:SSO.HelloPush, seqId:272555, send priority:50, timeout:60, answer flag:0, headerFlag:7, resend num:0, packet size:452 - 9.2.65.13180, connId:14, compress:0 - 1.00
02-09 19:59:38.150 31356 31633 D MSF.C.NewSender: [onMSFPacketState], MSFResponse: MSFResponseAdapter{mState=3,mSeq=-1423721932,mUin=1053458947,mUid=,mUinType=0,mCmd=SSO.HelloPush,mRecvData=[B@1b8dfb4,mSendTime=0,mWriteSocketTime=0,mRecvTime=0,mRecvWay=0,mIsBadNetwork=false,mTrpcRetcode=0,mTrpcFuncRetCode=0,mTrpcErrMsg=[B@91847dd,mFailReason=0,mTransInfo={},mSecSignFlag=2,mIsSecSigCmd=false,mHasReserveFields=true,mSsoRet=0,mSsoErrTips=,mIsUinDyed=false,mIsRecvFromMainConn=true,}
02-09 19:59:39.001 31897 31897 I BLASTBufferQueue_Java: update, w= 1080 h= 2340 mName = VRI[FinderShareFeedRelUI]@e60e410 mNativeObject= 0x75d8b75420 sc.mNativeObject= 0x7658828390 format= -2 caller= android.view.ViewRootImpl.updateBlastSurfaceIfNeeded:3574 android.view.ViewRootImpl.relayoutWindow:11685 android.view.ViewRootImpl.performTraversals:4804 android.view.ViewRootImpl.doTraversal:3924 android.view.ViewRootImpl$TraversalRunnable.run:12903 android.view.Choreographer$CallbackRecord.run:1901 
02-09 19:59:39.001  2827  7734 I WindowManager: Relayout Window{9a042ea u0 com.tencent.mm/com.tencent.mm.plugin.finder.ui.FinderShareFeedRelUI}: viewVisibility=0 req=1080x2340 ty=1 d0
02-09 19:59:39.001 31897 31897 I VRI[FinderShareFeedRelUI]@e60e410: Relayout returned: old=(0,0,1080,2340) new=(0,0,1080,2340) relayoutAsync=true req=(1080,2340)0 dur=0 res=0x0 s={true 0x75293ccc70} ch=false seqId=0
02-09 19:59:39.001  2827  7734 I WindowManager: Relayout hash=9a042ea, pid=0, syncId=-1: mAttrs={(0,0)(fillxfill) sim={adjust=nothing} layoutInDisplayCutoutMode=shortEdges ty=BASE_APPLICATION fmt=TRANSPARENT wanim=0x7f11020f
02-09 19:59:39.005  1888  2805 D AidlBufferPool: bufferpool2 0xb4000074636c04f8 : 33(540672 size) total buffers - 33(540672 size) used buffers - 0/33 (recycle/alloc) - 0/0 (fetch/transfer)
02-09 19:59:39.005  1888  2805 D AidlBufferPool: bufferpool2 0xb4000074636a92f8 : 27(442368 size) total buffers - 27(442368 size) used buffers - 0/27 (recycle/alloc) - 0/0 (fetch/transfer)
02-09 19:59:39.005 31897  2202 D AidlBufferPool: bufferpool2 0x7548a9a0f8 : 10(83886080 size) total buffers - 10(83886080 size) used buffers - 1/11 (recycle/alloc) - 8/9 (fetch/transfer)
02-09 19:59:39.007  1956  7242 I AudioPolicyEffectException: MySpaceHandler::checkDetachCondition media 1, ring 0, mp 0
02-09 19:59:39.007  1956  7242 I AudioPolicyEffectException: MySpace detach value 1
02-09 19:59:39.551  2827  4736 D WifiConnectivityMonitor.NetworkStatsAnalyzer: Backhaul result - RSSI:-29, CE:81, PE:78, TI:100, PTI:97, TW:5, PTW:9, Tx:4448, Rx:6390, TxS:1010, RxS:1150, RESULT:true, IC:0, ICT:5, WC:0, WCT:5, R:0, RC:0, IE:0, EC:0
02-09 19:59:39.992  2827  2851 I RemoteProvisionSysSvc: Fetching key 10364 for client 108875972
02-09 19:59:39.996  2827  2827 I RemoteProvisionSysSvc: Successfully fetched key for client 108875972
02-09 19:59:40.007  1457 14630 I keystore2: system/security/keystore2/src/samsung/samsung_keystore_utils.rs:139 - get_package_name_from_pid : Error in fs::read_to_string = Os { code: 13, kind: PermissionDenied, message: "Permission denied" }
02-09 19:59:40.689  2827  4620 D ConnectivityService: releasing NetworkRequest [ REQUEST id=28666, [ Capabilities: INTERNET&NOT_RESTRICTED&TRUSTED&NOT_VCN_MANAGED&NOT_BANDWIDTH_CONSTRAINED Uid: 10359 RequestorUid: 10359 RequestorPkg: com.tencent.mm UnderlyingNetworks: Null] ] (release request)
02-09 19:59:40.689  2827  4620 D ConnectivityService:  Removing from current network [227 WIFI], leaving 239 requests.
02-09 19:59:40.881  2827  4601 E WifiStaIfaceAidlImpl: getCachedScanData failed with service-specific exception: android.os.ServiceSpecificException:  (code 4)
02-09 19:59:41.147 31356 31639 V MSF.C.MSFCore[@DD]: [Event] MSFDDNetworkEngine.cpp(179)::onTcpInfoUpdate->onTcpInfoUpdate:
02-09 19:59:41.775 31897 31897 I BLASTBufferQueue_Java: update, w= 1080 h= 2340 mName = VRI[FinderShareFeedRelUI]@e60e410 mNativeObject= 0x75d8b75420 sc.mNativeObject= 0x7658828390 format= -2 caller= android.view.ViewRootImpl.updateBlastSurfaceIfNeeded:3574 android.view.ViewRootImpl.relayoutWindow:11685 android.view.ViewRootImpl.performTraversals:4804 android.view.ViewRootImpl.doTraversal:3924 android.view.ViewRootImpl$TraversalRunnable.run:12903 android.view.Choreographer$CallbackRecord.run:1901 
02-09 19:59:41.775  2827  5672 I WindowManager: Relayout Window{9a042ea u0 com.tencent.mm/com.tencent.mm.plugin.finder.ui.FinderShareFeedRelUI}: viewVisibility=0 req=1080x2340 ty=1 d0
02-09 19:59:41.775 31897 31897 I VRI[FinderShareFeedRelUI]@e60e410: Relayout returned: old=(0,0,1080,2340) new=(0,0,1080,2340) relayoutAsync=true req=(1080,2340)0 dur=0 res=0x0 s={true 0x75293ccc70} ch=false seqId=0
02-09 19:59:41.776  2827  5672 I WindowManager: Relayout hash=9a042ea, pid=0, syncId=-1: mAttrs={(0,0)(fillxfill) sim={adjust=nothing} layoutInDisplayCutoutMode=shortEdges ty=BASE_APPLICATION fmt=TRANSPARENT wanim=0x7f11020f
02-09 19:59:41.783  1956 24712 I AudioPolicyEffectException: MySpaceHandler::checkDetachCondition media 1, ring 0, mp 0
02-09 19:59:41.783  1956 24712 I AudioPolicyEffectException: MySpace detach value 1
02-09 19:59:42.970  1882  1882 W SDM     : ScalarConfig::ApplyDestScaleConfig: GetAIScaleSettingsInfo returned error=1
02-09 19:59:43.142 31897  2943 D AidlBufferPool: bufferpool2 0x75489cd678 : 10(83886080 size) total buffers - 10(83886080 size) used buffers - 1/11 (recycle/alloc) - 20/1865 (fetch/transfer)
02-09 19:59:43.878  1882  1882 W SDM     : ScalarConfig::ApplyDestScaleConfig: GetAIScaleSettingsInfo returned error=1
02-09 19:59:43.894  2827  4601 E WifiStaIfaceAidlImpl: getCachedScanData failed with service-specific exception: android.os.ServiceSpecificException:  (code 4)
02-09 19:59:44.006 31897  9760 D AidlBufferPool: bufferpool2 0x7548a9a0f8 : 10(83886080 size) total buffers - 10(83886080 size) used buffers - 1/11 (recycle/alloc) - 27/85 (fetch/transfer)
02-09 19:59:44.007  1888  2696 D AidlBufferPool: bufferpool2 0xb4000074636a92f8 : 32(524288 size) total buffers - 32(524288 size) used buffers - 0/32 (recycle/alloc) - 0/0 (fetch/transfer)
02-09 19:59:44.244  2953  2953 D ApplicationLoaders: Returning zygote-cached class loader: /system/framework/org.apache.http.legacy.jar
02-09 19:59:44.252  1882  1882 W SDM     : ScalarConfig::ApplyDestScaleConfig: GetAIScaleSettingsInfo returned error=1
02-09 19:59:44.330 31897 31897 I BLASTBufferQueue_Java: update, w= 1080 h= 2340 mName = VRI[FinderShareFeedRelUI]@e60e410 mNativeObject= 0x75d8b75420 sc.mNativeObject= 0x7658828390 format= -2 caller= android.view.ViewRootImpl.updateBlastSurfaceIfNeeded:3574 android.view.ViewRootImpl.relayoutWindow:11685 android.view.ViewRootImpl.performTraversals:4804 android.view.ViewRootImpl.doTraversal:3924 android.view.ViewRootImpl$TraversalRunnable.run:12903 android.view.Choreographer$CallbackRecord.run:1901 
02-09 19:59:44.330  2827  8023 I WindowManager: Relayout Window{9a042ea u0 com.tencent.mm/com.tencent.mm.plugin.finder.ui.FinderShareFeedRelUI}: viewVisibility=0 req=1080x2340 ty=1 d0
02-09 19:59:44.331 31897 31897 I VRI[FinderShareFeedRelUI]@e60e410: Relayout returned: old=(0,0,1080,2340) new=(0,0,1080,2340) relayoutAsync=true req=(1080,2340)0 dur=0 res=0x0 s={true 0x75293ccc70} ch=false seqId=0
02-09 19:59:44.334  2827  8023 I WindowManager: Relayout hash=9a042ea, pid=0, syncId=-1: mAttrs={(0,0)(fillxfill) sim={adjust=nothing} layoutInDisplayCutoutMode=shortEdges ty=BASE_APPLICATION fmt=TRANSPARENT wanim=0x7f11020f
02-09 19:59:44.343  1956  2042 I AudioPolicyEffectException: MySpaceHandler::checkDetachCondition media 1, ring 0, mp 0
02-09 19:59:44.343  1956  2042 I AudioPolicyEffectException: MySpace detach value 1
02-09 19:59:44.351  2953  2999 D ConnectivityManager: StackLog: [android.net.ConnectivityManager.sendRequestForNetwork(ConnectivityManager.java:4736)] [android.net.ConnectivityManager.registerDefaultNetworkCallbackForUid(ConnectivityManager.java:5461)] [android.net.ConnectivityManager.registerDefaultNetworkCallback(ConnectivityManager.java:5428)] [org.chromium.base.compat.ApiHelperForO.registerDefaultNetworkCallback(Unknown Source:0)] [org.chromium.net.NetworkChangeNotifierAutoDetect$ConnectivityManagerDelegate.registerDefaultNetworkCallback(Unknown Source:2)] [org.chromium.net.NetworkChangeNotifierAutoDetect.register(Unknown Source:27)] [org.chromium.net.NetworkChangeNotifierAutoDetect$RegistrationPolicy.register(Unknown Source:2)] [org.chromium.net.RegistrationPolicyAlwaysRegister.init(Unknown Source:3)] [org.chromium.net.NetworkChangeNotifierAutoDetect.<init>(Unknown Source:106)] [org.chromium.net.NetworkChangeNotifier.setAutoDetectConnectivityStateInternal(Unknown Source:13)] [org.chromium.net.NetworkChangeNotifier.registerToReceiveNotificationsAlways(Unknown Source:10)] [org.chromium.net.impl.CronetLibraryLoader.ensureInitializedOnInitThread(Unknown Source:75)] [org.chromium.net.impl.CronetLibraryLoader$1.run(Unknown Source:0)]
02-09 19:59:44.352  2827  7844 D ConnectivityService: requestNetwork for uid/pid:10359/2953 activeRequest: null callbackRequest: 28668 [NetworkRequest [ REQUEST id=28669, [ Capabilities: INTERNET&NOT_RESTRICTED&TRUSTED&NOT_VCN_MANAGED&NOT_BANDWIDTH_CONSTRAINED Uid: 10359 RequestorUid: 10359 RequestorPkg: com.tencent.mm UnderlyingNetworks: Null] ]] callback flags: 0 order: 2147483647 isUidTracked: false declaredMethods: AVAIL|LOST|NC|LP
02-09 19:59:44.352  2827  4620 D ConnectivityService:    accepting network in place of null for NetworkRequest [ REQUEST id=28669, [ Capabilities: INTERNET&NOT_RESTRICTED&TRUSTED&NOT_VCN_MANAGED&NOT_BANDWIDTH_CONSTRAINED Uid: 10359 RequestorUid: 10359 RequestorPkg: com.tencent.mm UnderlyingNetworks: Null] ]
02-09 19:59:44.353  2827  4601 D OemPaidWifiNetworkFactory: got request NetworkRequest [ REQUEST id=28669, [ Capabilities: INTERNET&NOT_RESTRICTED&TRUSTED&NOT_VCN_MANAGED&NOT_BANDWIDTH_CONSTRAINED Uid: 10359 RequestorUid: 10359 RequestorPkg: com.tencent.mm UnderlyingNetworks: Null] ]
02-09 19:59:44.353  2953  2999 D ConnectivityManager: StackLog: [android.net.ConnectivityManager.sendRequestForNetwork(ConnectivityManager.java:4736)] [android.net.ConnectivityManager.sendRequestForNetwork(ConnectivityManager.java:4904)] [android.net.ConnectivityManager.registerNetworkCallback(ConnectivityManager.java:5321)] [org.chromium.net.NetworkChangeNotifierAutoDetect$ConnectivityManagerDelegate.registerNetworkCallback(Unknown Source:12)] [org.chromium.net.NetworkChangeNotifierAutoDetect.register(Unknown Source:73)] [org.chromium.net.NetworkChangeNotifierAutoDetect$RegistrationPolicy.register(Unknown Source:2)] [org.chromium.net.RegistrationPolicyAlwaysRegister.init(Unknown Source:3)] [org.chromium.net.NetworkChangeNotifierAutoDetect.<init>(Unknown Source:106)] [org.chromium.net.NetworkChangeNotifier.setAutoDetectConnectivityStateInternal(Unknown Source:13)] [org.chromium.net.NetworkChangeNotifier.registerToReceiveNotificationsAlways(Unknown Source:10)] [org.chromium.net.impl.CronetLibraryLoader.ensureInitializedOnInitThread(Unknown Source:75)] [org.chromium.net.impl.CronetLibraryLoader$1.run(Unknown Source:0)]
02-09 19:59:44.353  2827  4601 D MultiInternetWifiNetworkFactory: got request NetworkRequest [ REQUEST id=28669, [ Capabilities: INTERNET&NOT_RESTRICTED&TRUSTED&NOT_VCN_MANAGED&NOT_BANDWIDTH_CONSTRAINED Uid: 10359 RequestorUid: 10359 RequestorPkg: com.tencent.mm UnderlyingNetworks: Null] ]
02-09 19:59:44.353  2827  4601 D WifiNetworkFactory: got request NetworkRequest [ REQUEST id=28669, [ Capabilities: INTERNET&NOT_RESTRICTED&TRUSTED&NOT_VCN_MANAGED&NOT_BANDWIDTH_CONSTRAINED Uid: 10359 RequestorUid: 10359 RequestorPkg: com.tencent.mm UnderlyingNetworks: Null] ]
02-09 19:59:44.353  2827  4601 D UntrustedWifiNetworkFactory: got request NetworkRequest [ REQUEST id=28669, [ Capabilities: INTERNET&NOT_RESTRICTED&TRUSTED&NOT_VCN_MANAGED&NOT_BANDWIDTH_CONSTRAINED Uid: 10359 RequestorUid: 10359 RequestorPkg: com.tencent.mm UnderlyingNetworks: Null] ]
02-09 19:59:44.354  2827  4620 D ConnectivityService: Rematched networks [computed 1ms] [applied 0ms] [issued 1]
02-09 19:59:44.354  2827  4620 D ConnectivityService: NetworkReassignment :
02-09 19:59:44.356  2827  4620 D ConnectivityService: Rematched networks [computed 0ms] [applied 1ms] [issued 1]
02-09 19:59:44.356  2827  4620 D ConnectivityService: NetworkReassignment : no changes
02-09 19:59:44.597  1888  2818 D AidlBufferPool: bufferpool2 0xb4000074636c04f8 : 0(0 size) total buffers - 0(0 size) used buffers - 0/33 (recycle/alloc) - 0/0 (fetch/transfer)
02-09 19:59:44.597  1888  2818 D AidlBufferPool: Destruction - bufferpool2 0xb4000074636c04f8 cached: 0/0M, 0/0% in use; allocs: 33, 0% recycled; transfers: 0, 0% unfetched
02-09 19:59:45.006 31897  9760 D AidlBufferPool: bufferpool2 0x75488fd478 : 10(83886080 size) total buffers - 10(83886080 size) used buffers - 1/11 (recycle/alloc) - 26/66 (fetch/transfer)
02-09 19:59:45.694  1888  3125 D AidlBufferPool: bufferpool2 0xb4000074636e2ff8 : 32(524288 size) total buffers - 32(524288 size) used buffers - 0/32 (recycle/alloc) - 0/0 (fetch/transfer)
02-09 19:59:45.694 31897  3285 D AidlBufferPool: Destruction - bufferpool2 0x75489cd678 cached: 0/0M, 0/0% in use; allocs: 11, 9% recycled; transfers: 1865, 99% unfetched
02-09 19:59:46.905  2827  4601 E WifiStaIfaceAidlImpl: getCachedScanData failed with service-specific exception: android.os.ServiceSpecificException:  (code 4)
02-09 19:59:47.321  1882  1882 I SDM     : DisplayBuiltIn::SetActiveConfig: setting activeConfig(2) on Display 16777284-0. error(0)
02-09 19:59:48.289 31897  2942 D AidlBufferPool: bufferpool2 0x75489e10f8 : 10(83886080 size) total buffers - 10(83886080 size) used buffers - 1/11 (recycle/alloc) - 26/122 (fetch/transfer)
02-09 19:59:49.551  1978  1978 I vendor.rmt_storage: wakelock acquired: 1, error no: 11
02-09 19:59:49.553  2827  4736 D WifiConnectivityMonitor.NetworkStatsAnalyzer: Backhaul result - RSSI:-34, CE:84, PE:81, TI:103, PTI:100, TW:6, PTW:5, Tx:7501, Rx:9649, TxS:1098, RxS:1385, RESULT:true, IC:0, ICT:5, WC:0, WCT:5, R:1, RC:0, IE:0, EC:0
02-09 19:59:49.573  1978  3047 I vendor.rmt_storage: rmt_storage_client_thread: /boot/modem_fs2: About to block rmt_storage client thread (th_id: 489795353664) wakelock released: 1, error no: 0
02-09 19:59:49.574  1828  1944 E minksocket: MinkIPC ERROR: ( 1828:1944 ) MinkIPC_preProcess:272 Client down, but cannot find corresponding minksession
02-09 19:59:49.574  1828  1931 E minksocket: MinkIPC ERROR: ( 1828:1931 ) MinkIPC_preProcess:272 Client down, but cannot find corresponding minksession
02-09 19:59:49.921  2827  4601 E WifiStaIfaceAidlImpl: getCachedScanData failed with service-specific exception: android.os.ServiceSpecificException:  (code 4)
02-09 19:59:50.010  1888  2696 D AidlBufferPool: bufferpool2 0xb4000074636c4ef8 : 32(524288 size) total buffers - 32(524288 size) used buffers - 0/32 (recycle/alloc) - 0/0 (fetch/transfer)
02-09 19:59:51.008 31897  9760 D AidlBufferPool: bufferpool2 0x7548b1c928 : 10(83886080 size) total buffers - 10(83886080 size) used buffers - 1/11 (recycle/alloc) - 8/9 (fetch/transfer)
02-09 19:59:51.008 31897  9760 D AidlBufferPool: bufferpool2 0x7548a9a0f8 : 10(83886080 size) total buffers - 10(83886080 size) used buffers - 1/11 (recycle/alloc) - 27/85 (fetch/transfer)
02-09 19:59:51.011  1888  2696 D AidlBufferPool: bufferpool2 0xb4000074636dae78 : 27(442368 size) total buffers - 27(442368 size) used buffers - 0/27 (recycle/alloc) - 0/0 (fetch/transfer)
02-09 19:59:51.263  1882  1882 I SDM     : DisplayBuiltIn::SetActiveConfig: setting activeConfig(0) on Display 16777284-0. error(0)
02-09 19:59:51.385 31897 31897 I BLASTBufferQueue_Java: update, w= 1080 h= 2340 mName = VRI[FinderShareFeedRelUI]@e60e410 mNativeObject= 0x75d8b75420 sc.mNativeObject= 0x7658828390 format= -2 caller= android.view.ViewRootImpl.updateBlastSurfaceIfNeeded:3574 android.view.ViewRootImpl.relayoutWindow:11685 android.view.ViewRootImpl.performTraversals:4804 android.view.ViewRootImpl.doTraversal:3924 android.view.ViewRootImpl$TraversalRunnable.run:12903 android.view.Choreographer$CallbackRecord.run:1901 
02-09 19:59:51.385  2827  8023 I WindowManager: Relayout Window{9a042ea u0 com.tencent.mm/com.tencent.mm.plugin.finder.ui.FinderShareFeedRelUI}: viewVisibility=0 req=1080x2340 ty=1 d0
02-09 19:59:51.385 31897 31897 I VRI[FinderShareFeedRelUI]@e60e410: Relayout returned: old=(0,0,1080,2340) new=(0,0,1080,2340) relayoutAsync=true req=(1080,2340)0 dur=0 res=0x0 s={true 0x75293ccc70} ch=false seqId=0
02-09 19:59:51.385  2827  8023 I WindowManager: Relayout hash=9a042ea, pid=0, syncId=-1: mAttrs={(0,0)(fillxfill) sim={adjust=nothing} layoutInDisplayCutoutMode=shortEdges ty=BASE_APPLICATION fmt=TRANSPARENT wanim=0x7f11020f
02-09 19:59:51.388  1888  2803 D AidlBufferPool: bufferpool2 0xb4000074636a92f8 : 32(524288 size) total buffers - 32(524288 size) used buffers - 0/32 (recycle/alloc) - 0/0 (fetch/transfer)
02-09 19:59:51.388  1888  2803 D AidlBufferPool: bufferpool2 0xb4000074636e2ff8 : 32(524288 size) total buffers - 32(524288 size) used buffers - 0/32 (recycle/alloc) - 0/0 (fetch/transfer)
02-09 19:59:51.388 31897  2160 D AidlBufferPool: bufferpool2 0x75488fd478 : 10(83886080 size) total buffers - 10(83886080 size) used buffers - 1/11 (recycle/alloc) - 26/66 (fetch/transfer)
02-09 19:59:51.391  1956 24714 I AudioPolicyEffectException: MySpaceHandler::checkDetachCondition media 1, ring 0, mp 0
02-09 19:59:51.391  1956 24714 I AudioPolicyEffectException: MySpace detach value 1
02-09 19:59:51.651  1888  2803 D AidlBufferPool: Destruction - bufferpool2 0xb4000074636a92f8 cached: 0/0M, 0/0% in use; allocs: 32, 0% recycled; transfers: 0, 0% unfetched
02-09 19:59:51.653 31897  2203 D AidlBufferPool: Destruction - bufferpool2 0x7548a9a0f8 cached: 0/0M, 0/0% in use; allocs: 11, 9% recycled; transfers: 85, 68% unfetched
02-09 19:59:52.936  2827  4601 E WifiStaIfaceAidlImpl: getCachedScanData failed with service-specific exception: android.os.ServiceSpecificException:  (code 4)
02-09 19:59:54.360  1882  1882 I SDM     : DisplayBuiltIn::SetActiveConfig: setting activeConfig(2) on Display 16777284-0. error(0)
02-09 19:59:54.922  1882  1882 I SDM     : DisplayBuiltIn::SetActiveConfig: setting activeConfig(0) on Display 16777284-0. error(0)
02-09 19:59:55.035 31897 31897 I BLASTBufferQueue_Java: update, w= 1080 h= 2340 mName = VRI[FinderShareFeedRelUI]@e60e410 mNativeObject= 0x75d8b75420 sc.mNativeObject= 0x7658828390 format= -2 caller= android.view.ViewRootImpl.updateBlastSurfaceIfNeeded:3574 android.view.ViewRootImpl.relayoutWindow:11685 android.view.ViewRootImpl.performTraversals:4804 android.view.ViewRootImpl.doTraversal:3924 android.view.ViewRootImpl$TraversalRunnable.run:12903 android.view.Choreographer$CallbackRecord.run:1901 
02-09 19:59:55.035 31897 31897 I VRI[FinderShareFeedRelUI]@e60e410: Relayout returned: old=(0,0,1080,2340) new=(0,0,1080,2340) relayoutAsync=true req=(1080,2340)0 dur=0 res=0x0 s={true 0x75293ccc70} ch=false seqId=0
02-09 19:59:55.036  2827  7728 I WindowManager: Relayout Window{9a042ea u0 com.tencent.mm/com.tencent.mm.plugin.finder.ui.FinderShareFeedRelUI}: viewVisibility=0 req=1080x2340 ty=1 d0
02-09 19:59:55.037  2827  7728 I WindowManager: Relayout hash=9a042ea, pid=0, syncId=-1: mAttrs={(0,0)(fillxfill) sim={adjust=nothing} layoutInDisplayCutoutMode=shortEdges ty=BASE_APPLICATION fmt=TRANSPARENT wanim=0x7f11020f
02-09 19:59:55.043  1956 24714 I AudioPolicyEffectException: MySpaceHandler::checkDetachCondition media 1, ring 0, mp 0
02-09 19:59:55.043  1956 24714 I AudioPolicyEffectException: MySpace detach value 1
02-09 19:59:55.276  1888  6748 D AidlBufferPool: Destruction - bufferpool2 0xb4000074636e2ff8 cached: 0/0M, 0/0% in use; allocs: 32, 0% recycled; transfers: 0, 0% unfetched
02-09 19:59:55.280 31897  2889 D AidlBufferPool: Destruction - bufferpool2 0x75488fd478 cached: 0/0M, 0/0% in use; allocs: 11, 9% recycled; transfers: 66, 61% unfetched
02-09 19:59:55.329  1888  3337 D AidlBufferPool: bufferpool2 0xb4000074636c4ef8 : 32(524288 size) total buffers - 32(524288 size) used buffers - 0/32 (recycle/alloc) - 0/0 (fetch/transfer)
02-09 19:59:55.331 31897  3334 D AidlBufferPool: bufferpool2 0x75489e10f8 : 10(83886080 size) total buffers - 10(83886080 size) used buffers - 1/11 (recycle/alloc) - 26/214 (fetch/transfer)
02-09 19:59:55.950  2827  4601 E WifiStaIfaceAidlImpl: getCachedScanData failed with service-specific exception: android.os.ServiceSpecificException:  (code 4)
02-09 19:59:56.942 31897  3282 D AidlBufferPool: bufferpool2 0x7548b34218 : 10(83886080 size) total buffers - 10(83886080 size) used buffers - 1/11 (recycle/alloc) - 26/60 (fetch/transfer)
02-09 19:59:57.009 31897  9760 D AidlBufferPool: bufferpool2 0x7548b1c928 : 10(83886080 size) total buffers - 10(83886080 size) used buffers - 1/11 (recycle/alloc) - 25/112 (fetch/transfer)
02-09 19:59:57.012  1888  2696 D AidlBufferPool: bufferpool2 0xb4000074636dae78 : 32(524288 size) total buffers - 32(524288 size) used buffers - 0/32 (recycle/alloc) - 0/0 (fetch/transfer)
