02-09 20:08:49.573  4827  4827 I BLASTBufferQueue_Java: update, w= 303 h= 210 mName = VRI[KeyguardBiometricToastView]@c42c186 mNativeObject= 0xb4000075da05b130 sc.mNativeObject= 0xb400007658764f10 format= -3 caller= android.view.ViewRootImpl.updateBlastSurfaceIfNeeded:3574 android.view.ViewRootImpl.relayoutWindow:11685 android.view.ViewRootImpl.performTraversals:4804 android.view.ViewRootImpl.doTraversal:3924 android.view.ViewRootImpl$TraversalRunnable.run:12903 android.view.Choreographer$CallbackRecord.run:1901 
02-09 20:08:49.573  4827  4827 I VRI[KeyguardBiometricToastView]@c42c186: Relayout returned: old=(389,0,691,210) new=(388,0,691,210) relayoutAsync=false req=(303,210)0 dur=1 res=0x0 s={true 0xb400007528cf0250} ch=false seqId=0
02-09 20:08:49.580  4827  4827 I BLASTBufferQueue_Java: update, w= 304 h= 210 mName = VRI[KeyguardBiometricToastView]@c42c186 mNativeObject= 0xb4000075da05b130 sc.mNativeObject= 0xb400007658764f10 format= -3 caller= android.view.ViewRootImpl.updateBlastSurfaceIfNeeded:3574 android.view.ViewRootImpl.relayoutWindow:11685 android.view.ViewRootImpl.performTraversals:4804 android.view.ViewRootImpl.doTraversal:3924 android.view.ViewRootImpl$TraversalRunnable.run:12903 android.view.Choreographer$CallbackRecord.run:1901 
02-09 20:08:49.580  4827  4827 I VRI[KeyguardBiometricToastView]@c42c186: Relayout returned: old=(388,0,691,210) new=(388,0,692,210) relayoutAsync=true req=(304,210)0 dur=0 res=0x0 s={true 0xb400007528cf0250} ch=false seqId=0
02-09 20:08:49.589  4827  4827 I BLASTBufferQueue_Java: update, w= 305 h= 210 mName = VRI[KeyguardBiometricToastView]@c42c186 mNativeObject= 0xb4000075da05b130 sc.mNativeObject= 0xb400007658753a50 format= -3 caller= android.view.ViewRootImpl.updateBlastSurfaceIfNeeded:3574 android.view.ViewRootImpl.relayoutWindow:11685 android.view.ViewRootImpl.performTraversals:4804 android.view.ViewRootImpl.doTraversal:3924 android.view.ViewRootImpl$TraversalRunnable.run:12903 android.view.Choreographer$CallbackRecord.run:1901 
02-09 20:08:49.589  4827  4827 I VRI[KeyguardBiometricToastView]@c42c186: Relayout returned: old=(388,0,692,210) new=(387,0,692,210) relayoutAsync=false req=(305,210)0 dur=0 res=0x0 s={true 0xb400007528cf0250} ch=false seqId=0
02-09 20:08:49.597  4827  4827 I BLASTBufferQueue_Java: update, w= 306 h= 210 mName = VRI[KeyguardBiometricToastView]@c42c186 mNativeObject= 0xb4000075da05b130 sc.mNativeObject= 0xb400007658753a50 format= -3 caller= android.view.ViewRootImpl.updateBlastSurfaceIfNeeded:3574 android.view.ViewRootImpl.relayoutWindow:11685 android.view.ViewRootImpl.performTraversals:4804 android.view.ViewRootImpl.doTraversal:3924 android.view.ViewRootImpl$TraversalRunnable.run:12903 android.view.Choreographer$CallbackRecord.run:1901 
02-09 20:08:49.597  4827  4827 I VRI[KeyguardBiometricToastView]@c42c186: Relayout returned: old=(387,0,692,210) new=(387,0,693,210) relayoutAsync=true req=(306,210)0 dur=0 res=0x0 s={true 0xb400007528cf0250} ch=false seqId=0
02-09 20:08:49.606  4827  4827 I BLASTBufferQueue_Java: update, w= 307 h= 210 mName = VRI[KeyguardBiometricToastView]@c42c186 mNativeObject= 0xb4000075da05b130 sc.mNativeObject= 0xb400007658803d90 format= -3 caller= android.view.ViewRootImpl.updateBlastSurfaceIfNeeded:3574 android.view.ViewRootImpl.relayoutWindow:11685 android.view.ViewRootImpl.performTraversals:4804 android.view.ViewRootImpl.doTraversal:3924 android.view.ViewRootImpl$TraversalRunnable.run:12903 android.view.Choreographer$CallbackRecord.run:1901 
02-09 20:08:49.606  4827  4827 I VRI[KeyguardBiometricToastView]@c42c186: Relayout returned: old=(387,0,693,210) new=(386,0,693,210) relayoutAsync=false req=(307,210)0 dur=1 res=0x0 s={true 0xb400007528cf0250} ch=false seqId=0
02-09 20:08:49.614  4827  4827 I BLASTBufferQueue_Java: update, w= 308 h= 210 mName = VRI[KeyguardBiometricToastView]@c42c186 mNativeObject= 0xb4000075da05b130 sc.mNativeObject= 0xb400007658803d90 format= -3 caller= android.view.ViewRootImpl.updateBlastSurfaceIfNeeded:3574 android.view.ViewRootImpl.relayoutWindow:11685 android.view.ViewRootImpl.performTraversals:4804 android.view.ViewRootImpl.doTraversal:3924 android.view.ViewRootImpl$TraversalRunnable.run:12903 android.view.Choreographer$CallbackRecord.run:1901 
02-09 20:08:49.614  4827  4827 I VRI[KeyguardBiometricToastView]@c42c186: Relayout returned: old=(386,0,693,210) new=(386,0,694,210) relayoutAsync=true req=(308,210)0 dur=0 res=0x0 s={true 0xb400007528cf0250} ch=false seqId=0
02-09 20:08:49.624  4827  4827 I BLASTBufferQueue_Java: update, w= 309 h= 210 mName = VRI[KeyguardBiometricToastView]@c42c186 mNativeObject= 0xb4000075da05b130 sc.mNativeObject= 0xb4000076587859d0 format= -3 caller= android.view.ViewRootImpl.updateBlastSurfaceIfNeeded:3574 android.view.ViewRootImpl.relayoutWindow:11685 android.view.ViewRootImpl.performTraversals:4804 android.view.ViewRootImpl.doTraversal:3924 android.view.ViewRootImpl$TraversalRunnable.run:12903 android.view.Choreographer$CallbackRecord.run:1901 
02-09 20:08:49.624  4827  4827 I VRI[KeyguardBiometricToastView]@c42c186: Relayout returned: old=(386,0,694,210) new=(385,0,694,210) relayoutAsync=false req=(309,210)0 dur=2 res=0x0 s={true 0xb400007528cf0250} ch=false seqId=0
02-09 20:08:49.639  4827  4827 I BLASTBufferQueue_Java: update, w= 310 h= 210 mName = VRI[KeyguardBiometricToastView]@c42c186 mNativeObject= 0xb4000075da05b130 sc.mNativeObject= 0xb4000076587859d0 format= -3 caller= android.view.ViewRootImpl.updateBlastSurfaceIfNeeded:3574 android.view.ViewRootImpl.relayoutWindow:11685 android.view.ViewRootImpl.performTraversals:4804 android.view.ViewRootImpl.doTraversal:3924 android.view.ViewRootImpl$TraversalRunnable.run:12903 android.view.Choreographer$CallbackRecord.run:1901 
02-09 20:08:49.639  4827  4827 I VRI[KeyguardBiometricToastView]@c42c186: Relayout returned: old=(385,0,694,210) new=(385,0,695,210) relayoutAsync=true req=(310,210)0 dur=0 res=0x0 s={true 0xb400007528cf0250} ch=false seqId=0
02-09 20:08:49.658  4827  4827 I BLASTBufferQueue_Java: update, w= 311 h= 210 mName = VRI[KeyguardBiometricToastView]@c42c186 mNativeObject= 0xb4000075da05b130 sc.mNativeObject= 0xb400007658763ad0 format= -3 caller= android.view.ViewRootImpl.updateBlastSurfaceIfNeeded:3574 android.view.ViewRootImpl.relayoutWindow:11685 android.view.ViewRootImpl.performTraversals:4804 android.view.ViewRootImpl.doTraversal:3924 android.view.ViewRootImpl$TraversalRunnable.run:12903 android.view.Choreographer$CallbackRecord.run:1901 
02-09 20:08:49.658  4827  4827 I VRI[KeyguardBiometricToastView]@c42c186: Relayout returned: old=(385,0,695,210) new=(384,0,695,210) relayoutAsync=false req=(311,210)0 dur=3 res=0x0 s={true 0xb400007528cf0250} ch=false seqId=0
02-09 20:08:49.697  4827  4827 I BLASTBufferQueue_Java: update, w= 312 h= 210 mName = VRI[KeyguardBiometricToastView]@c42c186 mNativeObject= 0xb4000075da05b130 sc.mNativeObject= 0xb400007658763ad0 format= -3 caller= android.view.ViewRootImpl.updateBlastSurfaceIfNeeded:3574 android.view.ViewRootImpl.relayoutWindow:11685 android.view.ViewRootImpl.performTraversals:4804 android.view.ViewRootImpl.doTraversal:3924 android.view.ViewRootImpl$TraversalRunnable.run:12903 android.view.Choreographer$CallbackRecord.run:1901 
02-09 20:08:49.697  4827  4827 I VRI[KeyguardBiometricToastView]@c42c186: Relayout returned: old=(384,0,695,210) new=(384,0,696,210) relayoutAsync=true req=(312,210)0 dur=0 res=0x0 s={true 0xb400007528cf0250} ch=false seqId=0
02-09 20:08:50.318  2827 12697 E WindowManager: win=Window{a335ebc u0 KeyguardBiometricToastView} destroySurfaces: appStopped=true cleanupOnResume=false win.mWindowRemovalAllowed=false win.mRemoveOnExit=false win.mViewVisibility=8 caller=com.android.server.wm.WindowManagerService.tryStartExitingAnimation:134 com.android.server.wm.WindowManagerService.relayoutWindow:1138 com.android.server.wm.Session.relayout:27 android.view.IWindowSession$Stub.onTransact:829 com.android.server.wm.Session.onTransact:1 android.os.Binder.execTransactInternal:1462 android.os.Binder.execTransact:1401 
02-09 20:08:50.319  4827  4827 I VRI[KeyguardBiometricToastView]@c42c186: Relayout returned: old=(384,0,696,210) new=(384,0,696,210) relayoutAsync=false req=(312,210)8 dur=1 res=0x2 s={false 0x0} ch=true seqId=0
02-09 20:08:50.840  4827  4827 I BLASTBufferQueue_Java: update, w= 1080 h= 2340 mName = VRI[NotificationShade]@97f4e8b mNativeObject= 0xb4000075d8c511d0 sc.mNativeObject= 0xb400007658813390 format= -3 caller= android.view.ViewRootImpl.updateBlastSurfaceIfNeeded:3574 android.view.ViewRootImpl.relayoutWindow:11685 android.view.ViewRootImpl.performTraversals:4804 android.view.ViewRootImpl.doTraversal:3924 android.view.ViewRootImpl$TraversalRunnable.run:12903 android.view.Choreographer$CallbackRecord.run:1901 
02-09 20:08:50.840  4827  4827 I VRI[NotificationShade]@97f4e8b: Relayout returned: old=(0,0,1080,2340) new=(0,0,1080,2340) relayoutAsync=true req=(1080,2340)0 dur=0 res=0x0 s={true 0xb400007528820920} ch=false seqId=6
02-09 20:08:50.841  2827  7741 E WindowManager: win=Window{f959889 u0 com.sec.android.app.launcher/com.samsung.app.honeyspace.edge.edgepanel.app.CocktailBarService} destroySurfaces: appStopped=true cleanupOnResume=false win.mWindowRemovalAllowed=false win.mRemoveOnExit=false win.mViewVisibility=8 caller=com.android.server.wm.WindowManagerService.tryStartExitingAnimation:134 com.android.server.wm.WindowManagerService.relayoutWindow:1138 com.android.server.wm.Session.relayout:27 android.view.IWindowSession$Stub.onTransact:829 com.android.server.wm.Session.onTransact:1 android.os.Binder.execTransactInternal:1457 android.os.Binder.execTransact:1401 
02-09 20:08:50.841  2827  6481 E WindowManager: win=Window{5265ffe u0 com.samsung.android.spay.pay.HintService} destroySurfaces: appStopped=true cleanupOnResume=false win.mWindowRemovalAllowed=false win.mRemoveOnExit=false win.mViewVisibility=8 caller=com.android.server.wm.WindowManagerService.tryStartExitingAnimation:134 com.android.server.wm.WindowManagerService.relayoutWindow:1138 com.android.server.wm.Session.relayout:27 android.view.IWindowSession$Stub.onTransact:829 com.android.server.wm.Session.onTransact:1 android.os.Binder.execTransactInternal:1457 android.os.Binder.execTransact:1401 
02-09 20:08:50.841  2827  7742 E WindowManager: win=Window{1687858 u0 FP Iconview} destroySurfaces: appStopped=true cleanupOnResume=false win.mWindowRemovalAllowed=false win.mRemoveOnExit=false win.mViewVisibility=4 caller=com.android.server.wm.WindowManagerService.tryStartExitingAnimation:134 com.android.server.wm.WindowManagerService.relayoutWindow:1138 com.android.server.wm.Session.relayout:27 android.view.IWindowSession$Stub.onTransact:829 com.android.server.wm.Session.onTransact:1 android.os.Binder.execTransactInternal:1457 android.os.Binder.execTransact:1401 
02-09 20:08:50.842  5336  5336 I VRI[CocktailBarService]@e185d11: Relayout returned: old=(1013,1298,1080,1638) new=(1013,1298,1080,1638) relayoutAsync=false req=(0,0)8 dur=1 res=0x2 s={false 0x0} ch=true seqId=90
02-09 20:08:50.842 15248 15248 I VRI[HintService]@fe16424: Relayout returned: old=(279,2268,801,2340) new=(279,2268,801,2340) relayoutAsync=false req=(522,72)8 dur=1 res=0x2 s={false 0x0} ch=true seqId=2
02-09 20:08:50.842 14994 14994 I VRI[FP Iconview]@e3bfd4c: Relayout returned: old=(0,0,1080,2340) new=(0,0,1080,2340) relayoutAsync=false req=(1080,2340)4 dur=1 res=0x2 s={false 0x0} ch=true seqId=0
02-09 20:08:50.855  4827  4827 I BLASTBufferQueue_Java: update, w= 1080 h= 2340 mName = VRI[NotificationShade]@97f4e8b mNativeObject= 0xb4000075d8c511d0 sc.mNativeObject= 0xb400007658813390 format= -3 caller= android.view.ViewRootImpl.updateBlastSurfaceIfNeeded:3574 android.view.ViewRootImpl.relayoutWindow:11685 android.view.ViewRootImpl.performTraversals:4804 android.view.ViewRootImpl.doTraversal:3924 android.view.ViewRootImpl$TraversalRunnable.run:12903 android.view.Choreographer$CallbackRecord.run:1901 
02-09 20:08:50.855  4827  4827 I VRI[NotificationShade]@97f4e8b: Relayout returned: old=(0,0,1080,2340) new=(0,0,1080,2340) relayoutAsync=true req=(1080,2340)0 dur=0 res=0x0 s={true 0xb400007528820920} ch=false seqId=6
02-09 20:08:52.795  4827  4827 I BLASTBufferQueue_Java: new BLASTBufferQueue, mName= VRI[Toast]@faf306 mNativeObject= 0xb4000075da03af30 caller= android.view.ViewRootImpl.updateBlastSurfaceIfNeeded:3585 android.view.ViewRootImpl.relayoutWindow:11685 android.view.ViewRootImpl.performTraversals:4804 android.view.ViewRootImpl.doTraversal:3924 android.view.ViewRootImpl$TraversalRunnable.run:12903 android.view.Choreographer$CallbackRecord.run:1901 android.view.Choreographer$CallbackRecord.run:1910 android.view.Choreographer.doCallbacks:1367 android.view.Choreographer.doFrame:1292 android.view.Choreographer$FrameDisplayEventReceiver.run:1870 
02-09 20:08:52.795  4827  4827 I BLASTBufferQueue_Java: update, w= 960 h= 196 mName = VRI[Toast]@faf306 mNativeObject= 0xb4000075da03af30 sc.mNativeObject= 0xb40000765876ac10 format= -3 caller= android.view.ViewRootImpl.updateBlastSurfaceIfNeeded:3590 android.view.ViewRootImpl.relayoutWindow:11685 android.view.ViewRootImpl.performTraversals:4804 android.view.ViewRootImpl.doTraversal:3924 android.view.ViewRootImpl$TraversalRunnable.run:12903 android.view.Choreographer$CallbackRecord.run:1901 
02-09 20:08:52.795  4827  4827 I VRI[Toast]@faf306: Relayout returned: old=(0,91,1080,2196) new=(60,1407,1020,1603) relayoutAsync=false req=(960,196)0 dur=1 res=0x3 s={true 0xb400007528d57f30} ch=true seqId=0
02-09 20:08:52.843 31897  1737 D AidlBufferPool: bufferpool2 0x7548a91198 : 0(0 size) total buffers - 0(0 size) used buffers - 0/5 (recycle/alloc) - 2/4 (fetch/transfer)
02-09 20:08:52.843 31897  1737 D AidlBufferPool: Destruction - bufferpool2 0x7548a91198 cached: 0/0M, 0/0% in use; allocs: 5, 0% recycled; transfers: 4, 50% unfetched
02-09 20:08:52.849  2421   568 D AidlBufferPool: bufferpool2 0xb400007a946e2ce8 : 0(0 size) total buffers - 0(0 size) used buffers - 88/92 (recycle/alloc) - 4/91 (fetch/transfer)
02-09 20:08:52.849  2421   568 D AidlBufferPool: Destruction - bufferpool2 0xb400007a946e2ce8 cached: 0/0M, 0/0% in use; allocs: 92, 96% recycled; transfers: 91, 96% unfetched
02-09 20:08:54.121  2421   568 D AidlBufferPool: Destruction - bufferpool2 0xb400007a946d91f8 cached: 0/0M, 0/0% in use; allocs: 0, 0% recycled; transfers: 0, 0% unfetched
02-09 20:08:55.506 14994 14994 I BLASTBufferQueue_Java: new BLASTBufferQueue, mName= VRI[FP Iconview]@e3bfd4c mNativeObject= 0xb4000075d8807d80 caller= android.view.ViewRootImpl.updateBlastSurfaceIfNeeded:3585 android.view.ViewRootImpl.relayoutWindow:11685 android.view.ViewRootImpl.performTraversals:4804 android.view.ViewRootImpl.doTraversal:3924 android.view.ViewRootImpl$TraversalRunnable.run:12903 android.view.Choreographer$CallbackRecord.run:1901 android.view.Choreographer$CallbackRecord.run:1910 android.view.Choreographer.doCallbacks:1367 android.view.Choreographer.doFrame:1292 android.view.Choreographer$FrameDisplayEventReceiver.run:1870 
02-09 20:08:55.506 14994 14994 I BLASTBufferQueue_Java: update, w= 1092 h= 2352 mName = VRI[FP Iconview]@e3bfd4c mNativeObject= 0xb4000075d8807d80 sc.mNativeObject= 0xb400007658739650 format= -3 caller= android.view.ViewRootImpl.updateBlastSurfaceIfNeeded:3590 android.view.ViewRootImpl.relayoutWindow:11685 android.view.ViewRootImpl.performTraversals:4804 android.view.ViewRootImpl.doTraversal:3924 android.view.ViewRootImpl$TraversalRunnable.run:12903 android.view.Choreographer$CallbackRecord.run:1901 
02-09 20:08:55.506 14994 14994 I VRI[FP Iconview]@e3bfd4c: Relayout returned: old=(0,0,1080,2340) new=(0,0,1080,2340) relayoutAsync=false req=(1080,2340)0 dur=4 res=0x3 s={true 0xb400007528798fb0} ch=true seqId=0
02-09 20:08:55.578  4827  4827 I BLASTBufferQueue_Java: update, w= 1080 h= 2340 mName = VRI[NotificationShade]@97f4e8b mNativeObject= 0xb4000075d8c511d0 sc.mNativeObject= 0xb400007658813390 format= -3 caller= android.view.ViewRootImpl.updateBlastSurfaceIfNeeded:3574 android.view.ViewRootImpl.relayoutWindow:11685 android.view.ViewRootImpl.performTraversals:4804 android.view.ViewRootImpl.doTraversal:3924 android.view.ViewRootImpl$TraversalRunnable.run:12903 android.view.Choreographer$CallbackRecord.run:1901 
02-09 20:08:55.578  4827  4827 I VRI[NotificationShade]@97f4e8b: Relayout returned: old=(0,0,1080,2340) new=(0,0,1080,2340) relayoutAsync=true req=(1080,2340)0 dur=0 res=0x0 s={true 0xb400007528820920} ch=false seqId=6
02-09 20:08:55.597 15248 15248 I BLASTBufferQueue_Java: new BLASTBufferQueue, mName= VRI[HintService]@fe16424 mNativeObject= 0x75d8947160 caller= android.view.ViewRootImpl.updateBlastSurfaceIfNeeded:3585 android.view.ViewRootImpl.relayoutWindow:11685 android.view.ViewRootImpl.performTraversals:4804 android.view.ViewRootImpl.doTraversal:3924 android.view.ViewRootImpl$TraversalRunnable.run:12903 android.view.Choreographer$CallbackRecord.run:1901 android.view.Choreographer$CallbackRecord.run:1910 android.view.Choreographer.doCallbacks:1367 android.view.Choreographer.doFrame:1292 android.view.Choreographer$FrameDisplayEventReceiver.run:1870 
02-09 20:08:55.597 15248 15248 I BLASTBufferQueue_Java: update, w= 522 h= 72 mName = VRI[HintService]@fe16424 mNativeObject= 0x75d8947160 sc.mNativeObject= 0x7658754dd0 format= -3 caller= android.view.ViewRootImpl.updateBlastSurfaceIfNeeded:3590 android.view.ViewRootImpl.relayoutWindow:11685 android.view.ViewRootImpl.performTraversals:4804 android.view.ViewRootImpl.doTraversal:3924 android.view.ViewRootImpl$TraversalRunnable.run:12903 android.view.Choreographer$CallbackRecord.run:1901 
02-09 20:08:55.597 15248 15248 I VRI[HintService]@fe16424: Relayout returned: old=(279,2268,801,2340) new=(279,2268,801,2340) relayoutAsync=false req=(522,72)0 dur=3 res=0x3 s={true 0x752874dbe0} ch=true seqId=2
02-09 20:08:55.604  5336  5336 I BLASTBufferQueue_Java: new BLASTBufferQueue, mName= VRI[CocktailBarService]@e185d11 mNativeObject= 0xb4000075d87f8c90 caller= android.view.ViewRootImpl.updateBlastSurfaceIfNeeded:3585 android.view.ViewRootImpl.relayoutWindow:11685 android.view.ViewRootImpl.performTraversals:4804 android.view.ViewRootImpl.doTraversal:3924 android.view.ViewRootImpl$TraversalRunnable.run:12903 android.view.Choreographer$CallbackRecord.run:1901 android.view.Choreographer$CallbackRecord.run:1910 android.view.Choreographer.doCallbacks:1367 android.view.Choreographer.doFrame:1292 android.view.Choreographer$FrameDisplayEventReceiver.run:1870 
02-09 20:08:55.604  5336  5336 I BLASTBufferQueue_Java: update, w= 67 h= 340 mName = VRI[CocktailBarService]@e185d11 mNativeObject= 0xb4000075d87f8c90 sc.mNativeObject= 0xb400007658751dd0 format= -2 caller= android.view.ViewRootImpl.updateBlastSurfaceIfNeeded:3590 android.view.ViewRootImpl.relayoutWindow:11685 android.view.ViewRootImpl.performTraversals:4804 android.view.ViewRootImpl.doTraversal:3924 android.view.ViewRootImpl$TraversalRunnable.run:12903 android.view.Choreographer$CallbackRecord.run:1901 
02-09 20:08:55.604  5336  5336 I VRI[CocktailBarService]@e185d11: Relayout returned: old=(1013,1298,1080,1638) new=(1013,1298,1080,1638) relayoutAsync=false req=(67,340)0 dur=2 res=0x3 s={true 0xb4000075288039a0} ch=true seqId=90
02-09 20:08:56.617  4827  4827 I BLASTBufferQueue_Java: new BLASTBufferQueue, mName= VRI[Toast]@361984b mNativeObject= 0xb4000075da0fab20 caller= android.view.ViewRootImpl.updateBlastSurfaceIfNeeded:3585 android.view.ViewRootImpl.relayoutWindow:11685 android.view.ViewRootImpl.performTraversals:4804 android.view.ViewRootImpl.doTraversal:3924 android.view.ViewRootImpl$TraversalRunnable.run:12903 android.view.Choreographer$CallbackRecord.run:1901 android.view.Choreographer$CallbackRecord.run:1910 android.view.Choreographer.doCallbacks:1367 android.view.Choreographer.doFrame:1292 android.view.Choreographer$FrameDisplayEventReceiver.run:1870 
02-09 20:08:56.617  4827  4827 I BLASTBufferQueue_Java: update, w= 960 h= 196 mName = VRI[Toast]@361984b mNativeObject= 0xb4000075da0fab20 sc.mNativeObject= 0xb4000076588042d0 format= -3 caller= android.view.ViewRootImpl.updateBlastSurfaceIfNeeded:3590 android.view.ViewRootImpl.relayoutWindow:11685 android.view.ViewRootImpl.performTraversals:4804 android.view.ViewRootImpl.doTraversal:3924 android.view.ViewRootImpl$TraversalRunnable.run:12903 android.view.Choreographer$CallbackRecord.run:1901 
02-09 20:08:56.617  4827  4827 I VRI[Toast]@361984b: Relayout returned: old=(0,91,1080,2196) new=(60,1407,1020,1603) relayoutAsync=false req=(960,196)0 dur=1 res=0x3 s={true 0xb4000075288940b0} ch=true seqId=0
02-09 20:08:59.844  2421  2780 D AidlBufferPool: bufferpool2 0xb400007a946dc728 : 0(0 size) total buffers - 0(0 size) used buffers - 65/68 (recycle/alloc) - 3/67 (fetch/transfer)
02-09 20:08:59.849  2387 16772 D AidlBufferPool: bufferpool2 0xb400007bd2100728 : 0(0 size) total buffers - 0(0 size) used buffers - 65/73 (recycle/alloc) - 8/140 (fetch/transfer)
02-09 20:09:06.276  2827  7742 E WindowManager: win=Window{f959889 u0 com.sec.android.app.launcher/com.samsung.app.honeyspace.edge.edgepanel.app.CocktailBarService} destroySurfaces: appStopped=true cleanupOnResume=false win.mWindowRemovalAllowed=false win.mRemoveOnExit=false win.mViewVisibility=8 caller=com.android.server.wm.WindowManagerService.tryStartExitingAnimation:134 com.android.server.wm.WindowManagerService.relayoutWindow:1138 com.android.server.wm.Session.relayout:27 android.view.IWindowSession$Stub.onTransact:829 com.android.server.wm.Session.onTransact:1 android.os.Binder.execTransactInternal:1457 android.os.Binder.execTransact:1401 
02-09 20:09:06.276  4827  4827 I BLASTBufferQueue_Java: update, w= 1080 h= 2340 mName = VRI[NotificationShade]@97f4e8b mNativeObject= 0xb4000075d8c511d0 sc.mNativeObject= 0xb400007658813390 format= -3 caller= android.view.ViewRootImpl.updateBlastSurfaceIfNeeded:3574 android.view.ViewRootImpl.relayoutWindow:11685 android.view.ViewRootImpl.performTraversals:4804 android.view.ViewRootImpl.doTraversal:3924 android.view.ViewRootImpl$TraversalRunnable.run:12903 android.view.Choreographer$CallbackRecord.run:1901 
02-09 20:09:06.276  4827  4827 I VRI[NotificationShade]@97f4e8b: Relayout returned: old=(0,0,1080,2340) new=(0,0,1080,2340) relayoutAsync=true req=(1080,2340)0 dur=0 res=0x0 s={true 0xb400007528820920} ch=false seqId=6
02-09 20:09:06.277  2827  6508 E WindowManager: win=Window{1687858 u0 FP Iconview} destroySurfaces: appStopped=true cleanupOnResume=false win.mWindowRemovalAllowed=false win.mRemoveOnExit=false win.mViewVisibility=4 caller=com.android.server.wm.WindowManagerService.tryStartExitingAnimation:134 com.android.server.wm.WindowManagerService.relayoutWindow:1138 com.android.server.wm.Session.relayout:27 android.view.IWindowSession$Stub.onTransact:829 com.android.server.wm.Session.onTransact:1 android.os.Binder.execTransactInternal:1457 android.os.Binder.execTransact:1401 
02-09 20:09:06.277  5336  5336 I VRI[CocktailBarService]@e185d11: Relayout returned: old=(1013,1298,1080,1638) new=(1013,1298,1080,1638) relayoutAsync=false req=(0,0)8 dur=2 res=0x2 s={false 0x0} ch=true seqId=90
02-09 20:09:06.277  2827  5672 E WindowManager: win=Window{5265ffe u0 com.samsung.android.spay.pay.HintService} destroySurfaces: appStopped=true cleanupOnResume=false win.mWindowRemovalAllowed=false win.mRemoveOnExit=false win.mViewVisibility=8 caller=com.android.server.wm.WindowManagerService.tryStartExitingAnimation:134 com.android.server.wm.WindowManagerService.relayoutWindow:1138 com.android.server.wm.Session.relayout:27 android.view.IWindowSession$Stub.onTransact:829 com.android.server.wm.Session.onTransact:1 android.os.Binder.execTransactInternal:1457 android.os.Binder.execTransact:1401 
02-09 20:09:06.278 14994 14994 I VRI[FP Iconview]@e3bfd4c: Relayout returned: old=(0,0,1080,2340) new=(0,0,1080,2340) relayoutAsync=false req=(1080,2340)4 dur=0 res=0x2 s={false 0x0} ch=true seqId=0
02-09 20:09:06.278 15248 15248 I VRI[HintService]@fe16424: Relayout returned: old=(279,2268,801,2340) new=(279,2268,801,2340) relayoutAsync=false req=(522,72)8 dur=2 res=0x2 s={false 0x0} ch=true seqId=2
02-09 20:09:06.291  4827  4827 I BLASTBufferQueue_Java: update, w= 1080 h= 2340 mName = VRI[NotificationShade]@97f4e8b mNativeObject= 0xb4000075d8c511d0 sc.mNativeObject= 0xb400007658813390 format= -3 caller= android.view.ViewRootImpl.updateBlastSurfaceIfNeeded:3574 android.view.ViewRootImpl.relayoutWindow:11685 android.view.ViewRootImpl.performTraversals:4804 android.view.ViewRootImpl.doTraversal:3924 android.view.ViewRootImpl$TraversalRunnable.run:12903 android.view.Choreographer$CallbackRecord.run:1901 
02-09 20:09:06.291  4827  4827 I VRI[NotificationShade]@97f4e8b: Relayout returned: old=(0,0,1080,2340) new=(0,0,1080,2340) relayoutAsync=true req=(1080,2340)0 dur=0 res=0x0 s={true 0xb400007528820920} ch=false seqId=6
02-09 20:09:06.898 14994 14994 I BLASTBufferQueue_Java: new BLASTBufferQueue, mName= VRI[FP Iconview]@e3bfd4c mNativeObject= 0xb4000075d8807d80 caller= android.view.ViewRootImpl.updateBlastSurfaceIfNeeded:3585 android.view.ViewRootImpl.relayoutWindow:11685 android.view.ViewRootImpl.performTraversals:4804 android.view.ViewRootImpl.doTraversal:3924 android.view.ViewRootImpl$TraversalRunnable.run:12903 android.view.Choreographer$CallbackRecord.run:1901 android.view.Choreographer$CallbackRecord.run:1910 android.view.Choreographer.doCallbacks:1367 android.view.Choreographer.doFrame:1292 android.view.Choreographer$FrameDisplayEventReceiver.run:1870 
02-09 20:09:06.898 14994 14994 I BLASTBufferQueue_Java: update, w= 1092 h= 2352 mName = VRI[FP Iconview]@e3bfd4c mNativeObject= 0xb4000075d8807d80 sc.mNativeObject= 0xb400007658739650 format= -3 caller= android.view.ViewRootImpl.updateBlastSurfaceIfNeeded:3590 android.view.ViewRootImpl.relayoutWindow:11685 android.view.ViewRootImpl.performTraversals:4804 android.view.ViewRootImpl.doTraversal:3924 android.view.ViewRootImpl$TraversalRunnable.run:12903 android.view.Choreographer$CallbackRecord.run:1901 
02-09 20:09:06.899 14994 14994 I VRI[FP Iconview]@e3bfd4c: Relayout returned: old=(0,0,1080,2340) new=(0,0,1080,2340) relayoutAsync=false req=(1080,2340)0 dur=6 res=0x3 s={true 0xb40000752879fd20} ch=true seqId=0
02-09 20:09:06.921  4827  4827 I VRI[KeyguardBiometricToastView]@b715c48: Relayout returned: old=(0,0,1080,2340) new=(0,0,1080,2340) relayoutAsync=false req=(423,210)8 dur=0 res=0x0 s={false 0x0} ch=false seqId=0
02-09 20:09:06.996  4827  4827 I BLASTBufferQueue_Java: update, w= 1080 h= 2340 mName = VRI[NotificationShade]@97f4e8b mNativeObject= 0xb4000075d8c511d0 sc.mNativeObject= 0xb400007658813390 format= -3 caller= android.view.ViewRootImpl.updateBlastSurfaceIfNeeded:3574 android.view.ViewRootImpl.relayoutWindow:11685 android.view.ViewRootImpl.performTraversals:4804 android.view.ViewRootImpl.doTraversal:3924 android.view.ViewRootImpl$TraversalRunnable.run:12903 android.view.Choreographer$CallbackRecord.run:1901 
02-09 20:09:06.996  4827  4827 I VRI[NotificationShade]@97f4e8b: Relayout returned: old=(0,0,1080,2340) new=(0,0,1080,2340) relayoutAsync=true req=(1080,2340)0 dur=0 res=0x0 s={true 0xb400007528820920} ch=false seqId=6
02-09 20:09:07.003  5336  5336 I BLASTBufferQueue_Java: new BLASTBufferQueue, mName= VRI[CocktailBarService]@e185d11 mNativeObject= 0xb4000075d87f8c90 caller= android.view.ViewRootImpl.updateBlastSurfaceIfNeeded:3585 android.view.ViewRootImpl.relayoutWindow:11685 android.view.ViewRootImpl.performTraversals:4804 android.view.ViewRootImpl.doTraversal:3924 android.view.ViewRootImpl$TraversalRunnable.run:12903 android.view.Choreographer$CallbackRecord.run:1901 android.view.Choreographer$CallbackRecord.run:1910 android.view.Choreographer.doCallbacks:1367 android.view.Choreographer.doFrame:1292 android.view.Choreographer$FrameDisplayEventReceiver.run:1870 
02-09 20:09:07.003  5336  5336 I BLASTBufferQueue_Java: update, w= 67 h= 340 mName = VRI[CocktailBarService]@e185d11 mNativeObject= 0xb4000075d87f8c90 sc.mNativeObject= 0xb400007658751dd0 format= -2 caller= android.view.ViewRootImpl.updateBlastSurfaceIfNeeded:3590 android.view.ViewRootImpl.relayoutWindow:11685 android.view.ViewRootImpl.performTraversals:4804 android.view.ViewRootImpl.doTraversal:3924 android.view.ViewRootImpl$TraversalRunnable.run:12903 android.view.Choreographer$CallbackRecord.run:1901 
02-09 20:09:07.003  5336  5336 I VRI[CocktailBarService]@e185d11: Relayout returned: old=(1013,1298,1080,1638) new=(1013,1298,1080,1638) relayoutAsync=false req=(67,340)0 dur=1 res=0x3 s={true 0xb4000075287cce20} ch=true seqId=90
02-09 20:09:07.010 15248 15248 I BLASTBufferQueue_Java: new BLASTBufferQueue, mName= VRI[HintService]@fe16424 mNativeObject= 0x75d8947160 caller= android.view.ViewRootImpl.updateBlastSurfaceIfNeeded:3585 android.view.ViewRootImpl.relayoutWindow:11685 android.view.ViewRootImpl.performTraversals:4804 android.view.ViewRootImpl.doTraversal:3924 android.view.ViewRootImpl$TraversalRunnable.run:12903 android.view.Choreographer$CallbackRecord.run:1901 android.view.Choreographer$CallbackRecord.run:1910 android.view.Choreographer.doCallbacks:1367 android.view.Choreographer.doFrame:1292 android.view.Choreographer$FrameDisplayEventReceiver.run:1870 
02-09 20:09:07.010 15248 15248 I BLASTBufferQueue_Java: update, w= 522 h= 72 mName = VRI[HintService]@fe16424 mNativeObject= 0x75d8947160 sc.mNativeObject= 0x7658754dd0 format= -3 caller= android.view.ViewRootImpl.updateBlastSurfaceIfNeeded:3590 android.view.ViewRootImpl.relayoutWindow:11685 android.view.ViewRootImpl.performTraversals:4804 android.view.ViewRootImpl.doTraversal:3924 android.view.ViewRootImpl$TraversalRunnable.run:12903 android.view.Choreographer$CallbackRecord.run:1901 
02-09 20:09:07.010 15248 15248 I VRI[HintService]@fe16424: Relayout returned: old=(279,2268,801,2340) new=(279,2268,801,2340) relayoutAsync=false req=(522,72)0 dur=2 res=0x3 s={true 0x75287955c0} ch=true seqId=2
02-09 20:09:07.650  4827  4827 I BLASTBufferQueue_Java: update, w= 1080 h= 144 mName = VRI[NavigationBar0]@be9465e mNativeObject= 0xb4000075d88c9990 sc.mNativeObject= 0xb4000076587bd4d0 format= -3 caller= android.view.ViewRootImpl.updateBlastSurfaceIfNeeded:3574 android.view.ViewRootImpl.relayoutWindow:11685 android.view.ViewRootImpl.performTraversals:4804 android.view.ViewRootImpl.doTraversal:3924 android.view.ViewRootImpl$TraversalRunnable.run:12903 android.view.Choreographer$CallbackRecord.run:1901 
02-09 20:09:07.650  4827  4827 I VRI[NavigationBar0]@be9465e: Relayout returned: old=(0,2196,1080,2340) new=(0,2196,1080,2340) relayoutAsync=true req=(1080,144)0 dur=0 res=0x0 s={true 0xb400007528855470} ch=false seqId=25
02-09 20:09:07.685  4827  4827 I BLASTBufferQueue_Java: update, w= 1080 h= 144 mName = VRI[NavigationBar0]@be9465e mNativeObject= 0xb4000075d88c9990 sc.mNativeObject= 0xb4000076587bd4d0 format= -3 caller= android.view.ViewRootImpl.updateBlastSurfaceIfNeeded:3574 android.view.ViewRootImpl.relayoutWindow:11685 android.view.ViewRootImpl.performTraversals:4804 android.view.ViewRootImpl.doTraversal:3924 android.view.ViewRootImpl$TraversalRunnable.run:12903 android.view.Choreographer$CallbackRecord.run:1901 
02-09 20:09:07.685  4827  4827 I VRI[NavigationBar0]@be9465e: Relayout returned: old=(0,2196,1080,2340) new=(0,2196,1080,2340) relayoutAsync=true req=(1080,144)0 dur=0 res=0x0 s={true 0xb400007528855470} ch=false seqId=25
02-09 20:09:07.716  4827  4827 I BLASTBufferQueue_Java: update, w= 1080 h= 2340 mName = VRI[NotificationShade]@97f4e8b mNativeObject= 0xb4000075d8c511d0 sc.mNativeObject= 0xb400007658813390 format= -3 caller= android.view.ViewRootImpl.updateBlastSurfaceIfNeeded:3574 android.view.ViewRootImpl.relayoutWindow:11685 android.view.ViewRootImpl.performTraversals:4804 android.view.ViewRootImpl.doTraversal:3924 android.view.ViewRootImpl$TraversalRunnable.run:12903 android.view.Choreographer$CallbackRecord.run:1901 
02-09 20:09:07.716  4827  4827 I VRI[NotificationShade]@97f4e8b: Relayout returned: old=(0,0,1080,2340) new=(0,0,1080,2340) relayoutAsync=true req=(1080,2340)0 dur=0 res=0x0 s={true 0xb400007528820920} ch=false seqId=6
02-09 20:09:07.730  4827  4827 I VRI[Bouncer]@c27517: Relayout returned: old=(0,0,1080,2340) new=(0,0,1080,0) relayoutAsync=false req=(1080,0)4 dur=2 res=0x0 s={false 0x0} ch=false seqId=0
02-09 20:09:07.731  4827  5076 I WallpaperService: updateSurface: invoke Session.relayout
02-09 20:09:07.732  4827  5076 I WallpaperService: updateSurface: invoke Session.relayout
02-09 20:09:07.737  4827  4827 I BLASTBufferQueue_Java: update, w= 1080 h= 2340 mName = VRI[NotificationShade]@97f4e8b mNativeObject= 0xb4000075d8c511d0 sc.mNativeObject= 0xb400007658813390 format= -3 caller= android.view.ViewRootImpl.updateBlastSurfaceIfNeeded:3574 android.view.ViewRootImpl.relayoutWindow:11685 android.view.ViewRootImpl.performTraversals:4804 android.view.ViewRootImpl.doTraversal:3924 android.view.ViewRootImpl$TraversalRunnable.run:12903 android.view.Choreographer$CallbackRecord.run:1901 
02-09 20:09:07.737  4827  4827 I VRI[NotificationShade]@97f4e8b: Relayout returned: old=(0,0,1080,2340) new=(0,0,1080,2340) relayoutAsync=true req=(1080,2340)0 dur=0 res=0x0 s={true 0xb400007528820920} ch=false seqId=6
02-09 20:09:07.738  2827  5023 D WindowManager: Changing focus from Window{54fd7ce u0 NotificationShade} to null displayId=0 Callers=com.android.server.wm.WindowManagerService.relayoutWindow:1350 com.android.server.wm.Session.relayout:27 com.android.server.wm.Session.relayoutAsync:14 android.view.IWindowSession$Stub.onTransact:854 
02-09 20:09:07.738  2827  5023 D InsetsSourceProvider: updateControlForTarget: control=InsetsSourceControl: {fcb20000 mType=statusBars initiallyVisible mSurfacePosition=Point(0, 0) mInsetsHint=Insets{left=0, top=91, right=0, bottom=0}}, target=Window{f9fa3f1 u0 com.xingin.xhs/com.xingin.matrix.detail.activity.DetailFeedActivity}, from=com.android.server.wm.InsetsStateController.onControlTargetChanged:83 com.android.server.wm.InsetsPolicy.updateBarControlTarget:212 com.android.server.wm.DisplayPolicy.updateSystemBarAttributes:262 com.android.server.wm.WindowManagerService.updateFocusedWindowLocked:372 com.android.server.wm.WindowManagerService.relayoutWindow:1350 
02-09 20:09:07.738  2827  5023 D InsetsSourceProvider: updateControlForTarget: control=InsetsSourceControl: {f9470001 mType=navigationBars initiallyVisible mSurfacePosition=Point(0, 2196) mInsetsHint=Insets{left=0, top=0, right=0, bottom=144}}, target=Window{f9fa3f1 u0 com.xingin.xhs/com.xingin.matrix.detail.activity.DetailFeedActivity}, from=com.android.server.wm.InsetsStateController.onControlTargetChanged:83 com.android.server.wm.InsetsPolicy.updateBarControlTarget:225 com.android.server.wm.DisplayPolicy.updateSystemBarAttributes:262 com.android.server.wm.WindowManagerService.updateFocusedWindowLocked:372 com.android.server.wm.WindowManagerService.relayoutWindow:1350 
02-09 20:09:07.738  2827  5023 D WindowManager: updateSystemBarAttributes: displayId=0, focusedCanBeNavColorWin=false, win=Window{f9fa3f1 u0 com.xingin.xhs/com.xingin.matrix.detail.activity.DetailFeedActivity}, navColorWin=null, caller=com.android.server.wm.WindowManagerService.updateFocusedWindowLocked:372 com.android.server.wm.WindowManagerService.relayoutWindow:1350 com.android.server.wm.Session.relayout:27 
02-09 20:09:07.753  2827  6481 D WindowManager: Changing focus from null to Window{f9fa3f1 u0 com.xingin.xhs/com.xingin.matrix.detail.activity.DetailFeedActivity} displayId=0 Callers=com.android.server.wm.WindowManagerService.relayoutWindow:1350 com.android.server.wm.Session.relayout:27 android.view.IWindowSession$Stub.onTransact:829 com.android.server.wm.Session.onTransact:1 
02-09 20:09:07.754  4924  4924 I BLASTBufferQueue_Java: new BLASTBufferQueue, mName= VRI[DetailFeedActivity]@2ced98a mNativeObject= 0x75d87e4b50 caller= android.view.ViewRootImpl.updateBlastSurfaceIfNeeded:3585 android.view.ViewRootImpl.relayoutWindow:11685 android.view.ViewRootImpl.performTraversals:4804 android.view.ViewRootImpl.doTraversal:3924 android.view.ViewRootImpl$TraversalRunnable.run:12903 android.view.Choreographer$CallbackRecord.run:1901 android.view.Choreographer$CallbackRecord.run:1910 android.view.Choreographer.doCallbacks:1367 android.view.Choreographer.doFrame:1292 android.view.Choreographer$FrameDisplayEventReceiver.run:1870 
02-09 20:09:07.754  4924  4924 I BLASTBufferQueue_Java: update, w= 1080 h= 2340 mName = VRI[DetailFeedActivity]@2ced98a mNativeObject= 0x75d87e4b50 sc.mNativeObject= 0x76587343d0 format= -2 caller= android.view.ViewRootImpl.updateBlastSurfaceIfNeeded:3590 android.view.ViewRootImpl.relayoutWindow:11685 android.view.ViewRootImpl.performTraversals:4804 android.view.ViewRootImpl.doTraversal:3924 android.view.ViewRootImpl$TraversalRunnable.run:12903 android.view.Choreographer$CallbackRecord.run:1901 
02-09 20:09:07.755  4924  4924 I VRI[DetailFeedActivity]@2ced98a: Relayout returned: old=(0,0,1080,2340) new=(0,0,1080,2340) relayoutAsync=false req=(1080,2340)0 dur=2 res=0x200003 s={true 0x75290f5be0} ch=true seqId=0
02-09 20:09:07.781  2827  4439 V InputMethodManagerService: Creating new accessibility sessions for client ClientState{b7affe8 mUid=10297 mPid=4924 mSelfReportedDisplayId=0}
02-09 20:09:08.039  2827  8107 E WindowManager: win=Window{54fd7ce u0 NotificationShade} destroySurfaces: appStopped=true cleanupOnResume=false win.mWindowRemovalAllowed=false win.mRemoveOnExit=false win.mViewVisibility=4 caller=com.android.server.wm.WindowManagerService.tryStartExitingAnimation:134 com.android.server.wm.WindowManagerService.relayoutWindow:1138 com.android.server.wm.Session.relayout:27 android.view.IWindowSession$Stub.onTransact:829 com.android.server.wm.Session.onTransact:1 android.os.Binder.execTransactInternal:1462 android.os.Binder.execTransact:1401 
02-09 20:09:08.040  4827  4827 I VRI[NotificationShade]@97f4e8b: Relayout returned: old=(0,0,1080,2340) new=(0,0,1080,2340) relayoutAsync=false req=(1080,2340)4 dur=1 res=0x2 s={false 0x0} ch=true seqId=6
02-09 20:09:08.151  2827  5671 E WindowManager: win=Window{5265ffe u0 com.samsung.android.spay.pay.HintService} destroySurfaces: appStopped=true cleanupOnResume=false win.mWindowRemovalAllowed=false win.mRemoveOnExit=false win.mViewVisibility=8 caller=com.android.server.wm.WindowManagerService.tryStartExitingAnimation:134 com.android.server.wm.WindowManagerService.relayoutWindow:1138 com.android.server.wm.Session.relayout:27 android.view.IWindowSession$Stub.onTransact:829 com.android.server.wm.Session.onTransact:1 android.os.Binder.execTransactInternal:1457 android.os.Binder.execTransact:1401 
02-09 20:09:08.152 15248 15248 I VRI[HintService]@fe16424: Relayout returned: old=(279,2268,801,2340) new=(279,2268,801,2340) relayoutAsync=false req=(522,72)8 dur=1 res=0x2 s={false 0x0} ch=true seqId=2
02-09 20:09:08.453  2827  4641 E WindowManager: win=Window{1687858 u0 FP Iconview} destroySurfaces: appStopped=true cleanupOnResume=false win.mWindowRemovalAllowed=false win.mRemoveOnExit=false win.mViewVisibility=8 caller=com.android.server.wm.WindowManagerService.tryStartExitingAnimation:134 com.android.server.wm.WindowManagerService.relayoutWindow:1138 com.android.server.wm.Session.relayout:27 android.view.IWindowSession$Stub.onTransact:829 com.android.server.wm.Session.onTransact:1 android.os.Binder.execTransactInternal:1457 android.os.Binder.execTransact:1401 
02-09 20:09:08.454 14994 14994 I VRI[FP Iconview]@e3bfd4c: Relayout returned: old=(0,0,1080,2340) new=(0,0,1080,2340) relayoutAsync=false req=(1080,2340)8 dur=1 res=0x2 s={false 0x0} ch=true seqId=0
02-09 20:09:09.430  4827  6463 I WPI     : fetch profile : Profile(countryCode=CN, salesCode=CHC, oneUiVersion=80000, firstApi=35)
02-09 20:09:09.439  4827  6463 D WPI     : fetch weather setting ucl : 1 scale :CELSIUS
02-09 20:09:09.442 27992 28012 I WPI     : fetch profile : Profile(countryCode=CN, salesCode=CHC, oneUiVersion=80000, firstApi=35)
02-09 20:09:09.457 28015 28039 I WPI     : fetch profile : Profile(countryCode=CN, salesCode=CHC, oneUiVersion=80000, firstApi=35)
02-09 20:09:09.497  4827  6463 D WPI     : fetch weathers : size = 7  favorite]  internalCode : 2  expansionCode : 2  icon : 4  temp : 7 
02-09 20:10:05.933 24485 24485 I Finsky  : [2] VerifyApps: Install-time verification requested for package com.anonymous.androidrn, PackageManager id = 87, Verifier id = 065a14d4-eb9e-4cec-ab9a-3f8574bc96e7
02-09 20:10:05.934 24737  9510 I GOS:GameServiceReceiver:  PkgInstallStarted for com.anonymous.androidrn UserID : 0
02-09 20:10:05.957 24737 15352 I GOS:GameIntentService: onPackageChanged(). extras: Bundle[{changeType=2, userId=0, type=15, packageName=com.anonymous.androidrn}]
02-09 20:10:05.957 24737 15352 I GOS:GameIntentService: onPackageChanged(). changeType(INSTALL_STARTED), pkgName(com.anonymous.androidrn), UserHandle(0), userId(0), Installed(true)
02-09 20:10:05.958 24737 15352 W GOS:SystemEventReactor: onPackageInstallStarted(). the pkg data already exists. packageName: com.anonymous.androidrn
02-09 20:10:05.985 24485 15353 I Finsky  : [968] VerifyApps: Anti-malware verification task started for package=com.anonymous.androidrn
02-09 20:10:06.049 24485 24698 I Finsky  : [390] VerifyApps: Starting APK Analysis scan for com.anonymous.androidrn.
02-09 20:10:06.049 24485 24698 I Finsky  : [390] Scanning package com.anonymous.androidrn contents with client side protections. File: [XudiKwRUTBjhLUrxguTlipxpjvrVlLm1jArJ8rJuVcA]
02-09 20:10:06.049 24485 24698 I Finsky  : [390] VerifyApps: APK Analysis scan finished for com.anonymous.androidrn. Verdict: SAFE
02-09 20:10:21.063 24485 24485 I Finsky  : [2] VerifyApps: Install-time verification complete: id=87, package_name=com.anonymous.androidrn
02-09 20:10:21.064  2827  4352 D InstallDependencyHelper: No missing dependency for com.anonymous.androidrn
02-09 20:10:21.068  2827  4352 I PackageManager:           pkg{com.anonymous.androidrn}
02-09 20:10:21.083  2827  3542 I PackageManager: Update package com.anonymous.androidrn code path from /data/app/~~vYN3-XxxGo7stEt0nCaEGQ==/com.anonymous.androidrn-K1eHp-cnFACwWKFyB3OYGw== to /data/app/vmdl521641303.tmp; Retain data and using new
02-09 20:10:21.312 15508 15508 I spqr    : 11235/73 methods and 3718(3718)/3718 (3718/3718) classes handled, com.anonymous.androidrn, (1.0.0 -> 1.0.0), spqr v4.3.2s took 208ms
02-09 20:10:21.383 15521 15521 I artd    : Opened FDs: 7:/data/app/~~k1yBigyPMN2INQFLV44xzA==/com.anonymous.androidrn-HBCa856juyVvCUsfSrKfhw==/base.apk.prof 8:/data/app/~~k1yBigyPMN2INQFLV44xzA==/com.anonymous.androidrn-HBCa856juyVvCUsfSrKfhw==/base.apk 9:/data/misc/profiles/ref/com.anonymous.androidrn/primary.prof.LD1WBf.tmp 
02-09 20:10:21.493 15521 15528 I artd    : GetBestInfo: /data/app/~~k1yBigyPMN2INQFLV44xzA==/com.anonymous.androidrn-HBCa856juyVvCUsfSrKfhw==/base.apk has no usable artifacts
02-09 20:10:21.509 15521 15528 I artd    : Running dex2oat: /apex/com.android.art/bin/art_exec --drop-capabilities --set-task-profile=Dex2OatBootComplete --set-priority=background --keep-fds=7:8:9:10:11:12 -- /apex/com.android.art/bin/dex2oat64 --zip-fd=7 --zip-location=/data/app/~~k1yBigyPMN2INQFLV44xzA==/com.anonymous.androidrn-HBCa856juyVvCUsfSrKfhw==/base.apk --oat-fd=8 --oat-location=/data/app/~~k1yBigyPMN2INQFLV44xzA==/com.anonymous.androidrn-HBCa856juyVvCUsfSrKfhw==/oat/arm64/base.odex --output-vdex-fd=9 --app-image-fd=10 --image-format=lz4 --swap-fd=11 --class-loader-context=PCL[] --classpath-dir=/data/app/~~k1yBigyPMN2INQFLV44xzA==/com.anonymous.androidrn-HBCa856juyVvCUsfSrKfhw== --profile-file-fd=12 --instruction-set=arm64 --instruction-set-features=default --instruction-set-variant=oryon --compiler-filter=speed-profile --compilation-reason=install-spqr --max-image-block-size=524288 --resolve-startup-const-strings=true --generate-mini-debug-info --runtime-arg -Xtarget-sdk-version:36 --runtime-arg -Xhidden-api-policy:enabled --runtime-arg -Xms64m --runtime-arg -Xmx512m --comments=app-name:com.anonymous.androidrn,app-version-name:1.0.0,app-version-code:1,art-version:360910040
02-09 20:10:21.509 15521 15528 I artd    : Opened FDs: 7:/data/app/~~k1yBigyPMN2INQFLV44xzA==/com.anonymous.androidrn-HBCa856juyVvCUsfSrKfhw==/base.apk 8:/data/app/~~k1yBigyPMN2INQFLV44xzA==/com.anonymous.androidrn-HBCa856juyVvCUsfSrKfhw==/oat/arm64/base.odex.stnVlR.tmp 9:/data/app/~~k1yBigyPMN2INQFLV44xzA==/com.anonymous.androidrn-HBCa856juyVvCUsfSrKfhw==/oat/arm64/base.vdex.rUTK1Z.tmp 10:/data/app/~~k1yBigyPMN2INQFLV44xzA==/com.anonymous.androidrn-HBCa856juyVvCUsfSrKfhw==/oat/arm64/base.art.TWUG8O.tmp 11:/data/app/~~k1yBigyPMN2INQFLV44xzA==/com.anonymous.androidrn-HBCa856juyVvCUsfSrKfhw==/oat/arm64/base.odex.swap.PJPYkC.tmp 12:/data/misc/profiles/ref/com.anonymous.androidrn/primary.prof.LD1WBf.tmp 
02-09 20:10:21.542 15530 15530 I dex2oat64: /apex/com.android.art/bin/dex2oat64 --output-vdex-fd=9 --class-loader-context=PCL[] --classpath-dir=/data/app/~~k1yBigyPMN2INQFLV44xzA==/com.anonymous.androidrn-HBCa856juyVvCUsfSrKfhw== --profile-file-fd=12 --compiler-filter=speed-profile --compilation-reason=install-spqr --max-image-block-size=524288 --resolve-startup-const-strings=true --generate-mini-debug-info --comments=app-name:com.anonymous.androidrn,app-version-name:1.0.0,app-version-code:1,art-version:360910040
02-09 20:10:22.102  2827 28370 I ArtService: Dexopt result: [packageName = com.anonymous.androidrn] DexContainerFileDexoptResult{dexContainerFile=/data/app/~~k1yBigyPMN2INQFLV44xzA==/com.anonymous.androidrn-HBCa856juyVvCUsfSrKfhw==/base.apk, primaryAbi=true, abi=arm64-v8a, actualCompilerFilter=speed-profile, status=PERFORMED, dex2oatWallTimeMillis=583, dex2oatCpuTimeMillis=1750, sizeBytes=22220292, sizeBeforeBytes=0, extendedStatusFlags=[]}
02-09 20:10:22.104  2827  3542 I AppsFilter: interaction: PackageSetting{6be8a7e com.axon.demo/10486} -> PackageSetting{50604ce com.anonymous.androidrn/10500} BLOCKED
02-09 20:10:22.104  2827  3542 I AppsFilter: interaction: PackageSetting{fbd5864 com.android.microdroid.empty_payload/10330} -> PackageSetting{50604ce com.anonymous.androidrn/10500} BLOCKED
02-09 20:10:22.105  2827  3542 I AppsFilter: interaction: PackageSetting{6be8a7e com.axon.demo/10486} -> PackageSetting{df52b2b com.anonymous.androidrn/10500} BLOCKED
02-09 20:10:22.105  2827  3542 I AppsFilter: interaction: PackageSetting{fbd5864 com.android.microdroid.empty_payload/10330} -> PackageSetting{df52b2b com.anonymous.androidrn/10500} BLOCKED
02-09 20:10:22.131  2827  3542 D PermissionService: setAllowlistedRestrictedPermissionsUnchecked called for package - com.anonymous.androidrn
02-09 20:10:22.131  2827  3542 D PermissionService: updateAdminPermissionsInternalcom.anonymous.androidrn
02-09 20:10:22.154  2827  3090 I ActivityManager: Force stopping com.anonymous.androidrn appid=10500 user=-1: installPackageLI
02-09 20:10:22.156  2827  3542 I PackageManager: installation completed for package:com.anonymous.androidrn. Final code path: /data/app/~~k1yBigyPMN2INQFLV44xzA==/com.anonymous.androidrn-HBCa856juyVvCUsfSrKfhw==
02-09 20:10:22.156  2827  3542 I AppsFilter: interaction: PackageSetting{dee8e58 com.axon.demo/10486} -> PackageSetting{cb83830 com.anonymous.androidrn/10500} BLOCKED
02-09 20:10:22.156  2827  3542 I AppsFilter: interaction: PackageSetting{56896 com.android.microdroid.empty_payload/10330} -> PackageSetting{cb83830 com.anonymous.androidrn/10500} BLOCKED
02-09 20:10:22.170  2827  3542 I ActivityManager: Force stopping com.anonymous.androidrn appid=10500 user=0: pkg removed
02-09 20:10:22.182  2827  3089 I SGM:GameManager: PkgUpdateReceiver, onPackageRemoved(). pkgName=com.anonymous.androidrn, userId=0
02-09 20:10:22.182  2827  3089 D SGM:Util: isPkgInstalled(). pkgName=com.anonymous.androidrn, userId=0, installed=true
02-09 20:10:22.185  2827  4366 D OverlayManager: reconcileSettingsForPackage pkgName=com.anonymous.androidrn userId=0
02-09 20:10:22.185  2827  4366 I OverlayManager: updateOverlaysForTarget() called with: targetPackage = [com.anonymous.androidrn], userId = [0], flags = [2]
02-09 20:10:22.194  2827  2827 I AppJumpBlockTool: resetAlwaysAllowList:[com.anonymous.androidrn] for userId:0
02-09 20:10:22.194  2827  2827 D KNOX_MDM_SettingsProvider: isChangeAllowed() : name = com.samsung.android.core_app_jump_block_com.anonymous.androidrn
02-09 20:10:22.195  2827  4630 D LocationManagerService: package com.anonymous.androidrn reset
02-09 20:10:22.195  2827  2827 I Telecom : CarModeTracker: Package com.anonymous.androidrn is not tracked.: SSH.oR@pNs
02-09 20:10:22.196  2827  4366 D OverlayManager: reconcileSettingsForPackage pkgName=com.anonymous.androidrn userId=0
02-09 20:10:22.196  2827  4366 I OverlayManager: updateOverlaysForTarget() called with: targetPackage = [com.anonymous.androidrn], userId = [0], flags = [0]
02-09 20:10:22.197  5654  5763 I PackageInfoManager_FLP: action : ACTION_PACKAGE_REMOVED, packageName = com.anonymous.androidrn
02-09 20:10:22.197  5654  5763 I PackageInfoManager_FLP: action : ACTION_PACKAGE_ADDED, packageName = com.anonymous.androidrn
02-09 20:10:22.197  2827  4824 I Pageboost: remove app @ runtime : com.anonymous.androidrn
02-09 20:10:22.197  2827  4663 I AppWidgetServiceImpl: Received broadcast: android.intent.action.PACKAGE_ADDED, Updates all providers with com.anonymous.androidrn, userId: 0
02-09 20:10:22.198  2827  4679 D ShortcutService: replacing package: com.anonymous.androidrn userId=0
02-09 20:10:22.198  2827  4639 D SGM:GameManager: identifyGamePackage. com.anonymous.androidrn, mCurrentUserId: 0, callingMethodInfo: com.samsung.android.game.SemGameManager.isGamePackage(SemGameManager.java:106)
02-09 20:10:22.198  2827  4639 D SGM:SemGameManager: isGamePackage(), pkgName=com.anonymous.androidrn, ret=false
02-09 20:10:22.198  5135  5882 I SatelliteAppTracker: onPackageUpdateFinished : com.anonymous.androidrn
02-09 20:10:22.198  5135  5882 I SatelliteAppTracker: onPackageModified : com.anonymous.androidrn
