02-09 19:58:24.989  2827  7844 D InsetsSourceProvider: updateControlForTarget: control=InsetsSourceControl: {fcb20000 mType=statusBars initiallyVisible mSurfacePosition=Point(0, 0) mInsetsHint=Insets{left=0, top=91, right=0, bottom=0}}, target=Window{f041d85 u0 com.tencent.mm/com.tencent.mm.ui.LauncherUI}, from=com.android.server.wm.InsetsStateController.onControlTargetChanged:83 com.android.server.wm.InsetsPolicy.updateBarControlTarget:212 com.android.server.wm.DisplayPolicy.updateSystemBarAttributes:262 com.android.server.wm.WindowManagerService.updateFocusedWindowLocked:372 com.android.server.wm.WindowManagerService.relayoutWindow:1350 
02-09 19:58:24.989  2827  7844 D InsetsSourceProvider: updateControlForTarget: control=InsetsSourceControl: {f9470001 mType=navigationBars initiallyVisible mSurfacePosition=Point(0, 2196) mInsetsHint=Insets{left=0, top=0, right=0, bottom=144}}, target=Window{f041d85 u0 com.tencent.mm/com.tencent.mm.ui.LauncherUI}, from=com.android.server.wm.InsetsStateController.onControlTargetChanged:83 com.android.server.wm.InsetsPolicy.updateBarControlTarget:225 com.android.server.wm.DisplayPolicy.updateSystemBarAttributes:262 com.android.server.wm.WindowManagerService.updateFocusedWindowLocked:372 com.android.server.wm.WindowManagerService.relayoutWindow:1350 
02-09 19:58:24.989  2827  7844 D WindowManager: updateSystemBarAttributes: displayId=0, focusedCanBeNavColorWin=false, win=Window{f041d85 u0 com.tencent.mm/com.tencent.mm.ui.LauncherUI}, navColorWin=Window{489b24e u0 com.microsoft.office.outlook/com.acompli.acompli.CentralActivity}, caller=com.android.server.wm.WindowManagerService.updateFocusedWindowLocked:372 com.android.server.wm.WindowManagerService.relayoutWindow:1350 com.android.server.wm.Session.relayout:27 
02-09 19:58:25.021  2827  4439 V InputMethodManagerService: Creating new accessibility sessions for client ClientState{93193ed mUid=10359 mPid=31897 mSelfReportedDisplayId=0}
02-09 19:58:25.255  2827  7742 D WindowManager: Changing focus from Window{f041d85 u0 com.tencent.mm/com.tencent.mm.ui.LauncherUI} to Window{1ea5312 u0 com.sec.android.app.launcher/com.android.quickstep.RecentsActivity} displayId=0 Callers=com.android.server.wm.WindowManagerService.relayoutWindow:1350 com.android.server.wm.Session.relayout:27 android.view.IWindowSession$Stub.onTransact:829 com.android.server.wm.Session.onTransact:1 
02-09 19:58:25.256  2827  7742 D InsetsSourceProvider: updateControlForTarget: control=InsetsSourceControl: {fcb20000 mType=statusBars initiallyVisible mSurfacePosition=Point(0, 0) mInsetsHint=Insets{left=0, top=91, right=0, bottom=0}}, target=Window{1ea5312 u0 com.sec.android.app.launcher/com.android.quickstep.RecentsActivity}, from=com.android.server.wm.InsetsStateController.onControlTargetChanged:83 com.android.server.wm.InsetsPolicy.updateBarControlTarget:212 com.android.server.wm.DisplayPolicy.updateSystemBarAttributes:262 com.android.server.wm.WindowManagerService.updateFocusedWindowLocked:372 com.android.server.wm.WindowManagerService.relayoutWindow:1350 
02-09 19:58:25.256  2827  7742 D InsetsSourceProvider: updateControlForTarget: control=InsetsSourceControl: {f9470001 mType=navigationBars initiallyVisible mSurfacePosition=Point(0, 2196) mInsetsHint=Insets{left=0, top=0, right=0, bottom=144}}, target=Window{1ea5312 u0 com.sec.android.app.launcher/com.android.quickstep.RecentsActivity}, from=com.android.server.wm.InsetsStateController.onControlTargetChanged:83 com.android.server.wm.InsetsPolicy.updateBarControlTarget:225 com.android.server.wm.DisplayPolicy.updateSystemBarAttributes:262 com.android.server.wm.WindowManagerService.updateFocusedWindowLocked:372 com.android.server.wm.WindowManagerService.relayoutWindow:1350 
02-09 19:58:25.256  2827  7742 D WindowManager: updateSystemBarAttributes: displayId=0, focusedCanBeNavColorWin=false, win=Window{1ea5312 u0 com.sec.android.app.launcher/com.android.quickstep.RecentsActivity}, navColorWin=Window{f041d85 u0 com.tencent.mm/com.tencent.mm.ui.LauncherUI}, caller=com.android.server.wm.WindowManagerService.updateFocusedWindowLocked:372 com.android.server.wm.WindowManagerService.relayoutWindow:1350 com.android.server.wm.Session.relayout:27 
02-09 19:58:25.755  2827  4439 V InputMethodManagerService: Creating new accessibility sessions for client ClientState{8102401 mUid=10157 mPid=5336 mSelfReportedDisplayId=0}
02-09 19:58:25.887  2827  8107 D WindowManager: Changing focus from null to Window{f041d85 u0 com.tencent.mm/com.tencent.mm.ui.LauncherUI} displayId=0 Callers=com.android.server.wm.WindowManagerService.relayoutWindow:1350 com.android.server.wm.Session.relayout:27 android.view.IWindowSession$Stub.onTransact:829 com.android.server.wm.Session.onTransact:1 
02-09 19:58:25.913  2827  4439 V InputMethodManagerService: Creating new accessibility sessions for client ClientState{93193ed mUid=10359 mPid=31897 mSelfReportedDisplayId=0}
02-09 19:58:28.371  2827 20959 I PerProcessNandswap$NandswapMsgHandler: madvise_prefetch for com.tencent.wetype:hld
02-09 19:58:28.694  2827  7741 E WindowManager: win=Window{f959889 u0 com.sec.android.app.launcher/com.samsung.app.honeyspace.edge.edgepanel.app.CocktailBarService} destroySurfaces: appStopped=true cleanupOnResume=false win.mWindowRemovalAllowed=false win.mRemoveOnExit=false win.mViewVisibility=8 caller=com.android.server.wm.WindowManagerService.tryStartExitingAnimation:134 com.android.server.wm.WindowManagerService.relayoutWindow:1138 com.android.server.wm.Session.relayout:27 android.view.IWindowSession$Stub.onTransact:829 com.android.server.wm.Session.onTransact:1 android.os.Binder.execTransactInternal:1457 android.os.Binder.execTransact:1401 
02-09 19:58:31.196  2827  4439 V InputMethodManagerService: Creating new accessibility sessions for client ClientState{93193ed mUid=10359 mPid=31897 mSelfReportedDisplayId=0}
02-09 19:58:32.465  2827  7741 E WindowManager: win=Window{ab9c79e u0 InputMethod} destroySurfaces: appStopped=true cleanupOnResume=false win.mWindowRemovalAllowed=false win.mRemoveOnExit=false win.mViewVisibility=8 caller=com.android.server.wm.WindowManagerService.tryStartExitingAnimation:134 com.android.server.wm.WindowManagerService.relayoutWindow:1138 com.android.server.wm.Session.relayout:27 android.view.IWindowSession$Stub.onTransact:829 com.android.server.wm.Session.onTransact:1 android.os.Binder.execTransactInternal:1457 android.os.Binder.execTransact:1401 
02-09 19:58:34.377  2827  7728 D WindowManager: Changing focus from null to Window{9471e3 u0 com.tencent.mm/com.tencent.mm.plugin.brandservice.ui.flutter.BizFlutterTLFlutterViewActivity} displayId=0 Callers=com.android.server.wm.WindowManagerService.relayoutWindow:1350 com.android.server.wm.Session.relayout:27 android.view.IWindowSession$Stub.onTransact:829 com.android.server.wm.Session.onTransact:1 
02-09 19:58:34.377  2827  7728 D InsetsSourceProvider: updateControlForTarget: control=InsetsSourceControl: {fcb20000 mType=statusBars initiallyVisible mSurfacePosition=Point(0, 0) mInsetsHint=Insets{left=0, top=91, right=0, bottom=0}}, target=Window{9471e3 u0 com.tencent.mm/com.tencent.mm.plugin.brandservice.ui.flutter.BizFlutterTLFlutterViewActivity}, from=com.android.server.wm.InsetsStateController.onControlTargetChanged:83 com.android.server.wm.InsetsPolicy.updateBarControlTarget:212 com.android.server.wm.DisplayPolicy.updateSystemBarAttributes:262 com.android.server.wm.WindowManagerService.updateFocusedWindowLocked:372 com.android.server.wm.WindowManagerService.relayoutWindow:1350 
02-09 19:58:34.378  2827  7728 D InsetsSourceProvider: updateControlForTarget: control=InsetsSourceControl: {f9470001 mType=navigationBars initiallyVisible mSurfacePosition=Point(0, 2196) mInsetsHint=Insets{left=0, top=0, right=0, bottom=144}}, target=Window{9471e3 u0 com.tencent.mm/com.tencent.mm.plugin.brandservice.ui.flutter.BizFlutterTLFlutterViewActivity}, from=com.android.server.wm.InsetsStateController.onControlTargetChanged:83 com.android.server.wm.InsetsPolicy.updateBarControlTarget:225 com.android.server.wm.DisplayPolicy.updateSystemBarAttributes:262 com.android.server.wm.WindowManagerService.updateFocusedWindowLocked:372 com.android.server.wm.WindowManagerService.relayoutWindow:1350 
02-09 19:58:34.431  2827  4439 V InputMethodManagerService: Creating new accessibility sessions for client ClientState{93193ed mUid=10359 mPid=31897 mSelfReportedDisplayId=0}
02-09 19:58:36.699  2827  4821 D WindowManager: Changing focus from null to Window{9a042ea u0 com.tencent.mm/com.tencent.mm.plugin.finder.ui.FinderShareFeedRelUI} displayId=0 Callers=com.android.server.wm.WindowManagerService.relayoutWindow:1350 com.android.server.wm.Session.relayout:27 android.view.IWindowSession$Stub.onTransact:829 com.android.server.wm.Session.onTransact:1 
02-09 19:58:36.699  2827  4821 D InsetsSourceProvider: updateControlForTarget: control=InsetsSourceControl: {fcb20000 mType=statusBars initiallyVisible mSurfacePosition=Point(0, 0) mInsetsHint=Insets{left=0, top=91, right=0, bottom=0}}, target=Window{9a042ea u0 com.tencent.mm/com.tencent.mm.plugin.finder.ui.FinderShareFeedRelUI}, from=com.android.server.wm.InsetsStateController.onControlTargetChanged:83 com.android.server.wm.InsetsPolicy.updateBarControlTarget:212 com.android.server.wm.DisplayPolicy.updateSystemBarAttributes:262 com.android.server.wm.WindowManagerService.updateFocusedWindowLocked:372 com.android.server.wm.WindowManagerService.relayoutWindow:1350 
02-09 19:58:36.700  2827  4821 D InsetsSourceProvider: updateControlForTarget: control=InsetsSourceControl: {f9470001 mType=navigationBars initiallyVisible mSurfacePosition=Point(0, 2196) mInsetsHint=Insets{left=0, top=0, right=0, bottom=144}}, target=Window{9a042ea u0 com.tencent.mm/com.tencent.mm.plugin.finder.ui.FinderShareFeedRelUI}, from=com.android.server.wm.InsetsStateController.onControlTargetChanged:83 com.android.server.wm.InsetsPolicy.updateBarControlTarget:225 com.android.server.wm.DisplayPolicy.updateSystemBarAttributes:262 com.android.server.wm.WindowManagerService.updateFocusedWindowLocked:372 com.android.server.wm.WindowManagerService.relayoutWindow:1350 
02-09 19:58:36.700  2827  4821 D WindowManager: updateSystemBarAttributes: displayId=0, focusedCanBeNavColorWin=false, win=Window{9a042ea u0 com.tencent.mm/com.tencent.mm.plugin.finder.ui.FinderShareFeedRelUI}, navColorWin=Window{9471e3 u0 com.tencent.mm/com.tencent.mm.plugin.brandservice.ui.flutter.BizFlutterTLFlutterViewActivity}, caller=com.android.server.wm.WindowManagerService.updateFocusedWindowLocked:372 com.android.server.wm.WindowManagerService.relayoutWindow:1350 com.android.server.wm.Session.relayout:27 
02-09 19:58:36.854  2827  4439 V InputMethodManagerService: Creating new accessibility sessions for client ClientState{93193ed mUid=10359 mPid=31897 mSelfReportedDisplayId=0}
02-09 20:00:02.763  2827  8023 E WindowManager: win=Window{f959889 u0 com.sec.android.app.launcher/com.samsung.app.honeyspace.edge.edgepanel.app.CocktailBarService} destroySurfaces: appStopped=true cleanupOnResume=false win.mWindowRemovalAllowed=false win.mRemoveOnExit=false win.mViewVisibility=8 caller=com.android.server.wm.WindowManagerService.tryStartExitingAnimation:134 com.android.server.wm.WindowManagerService.relayoutWindow:1138 com.android.server.wm.Session.relayout:27 android.view.IWindowSession$Stub.onTransact:829 com.android.server.wm.Session.onTransact:1 android.os.Binder.execTransactInternal:1457 android.os.Binder.execTransact:1401 
02-09 20:00:02.812  2827  8023 D WindowManager: Changing focus from Window{9a042ea u0 com.tencent.mm/com.tencent.mm.plugin.finder.ui.FinderShareFeedRelUI} to Window{54fd7ce u0 NotificationShade} displayId=0 Callers=com.android.server.wm.WindowManagerService.relayoutWindow:1350 com.android.server.wm.Session.relayout:27 com.android.server.wm.Session.relayoutAsync:14 android.view.IWindowSession$Stub.onTransact:854 
02-09 20:00:02.813  2827  8023 D InsetsSourceProvider: updateControlForTarget: control=InsetsSourceControl: {fcb20000 mType=statusBars initiallyVisible mSurfacePosition=Point(0, 0) mInsetsHint=Insets{left=0, top=91, right=0, bottom=0}}, target=Window{54fd7ce u0 NotificationShade}, from=com.android.server.wm.InsetsStateController.onControlTargetChanged:83 com.android.server.wm.InsetsPolicy.updateBarControlTarget:212 com.android.server.wm.DisplayPolicy.updateSystemBarAttributes:262 com.android.server.wm.WindowManagerService.updateFocusedWindowLocked:372 com.android.server.wm.WindowManagerService.relayoutWindow:1350 
02-09 20:00:02.813  2827  8023 D InsetsSourceProvider: updateControlForTarget: control=InsetsSourceControl: {f9470001 mType=navigationBars initiallyVisible mSurfacePosition=Point(0, 2196) mInsetsHint=Insets{left=0, top=0, right=0, bottom=144}}, target=Window{54fd7ce u0 NotificationShade}, from=com.android.server.wm.InsetsStateController.onControlTargetChanged:83 com.android.server.wm.InsetsPolicy.updateBarControlTarget:225 com.android.server.wm.DisplayPolicy.updateSystemBarAttributes:262 com.android.server.wm.WindowManagerService.updateFocusedWindowLocked:372 com.android.server.wm.WindowManagerService.relayoutWindow:1350 
02-09 20:00:02.813  2827  8023 D WindowManager: updateSystemBarAttributes: displayId=0, focusedCanBeNavColorWin=false, win=Window{54fd7ce u0 NotificationShade}, navColorWin=Window{9a042ea u0 com.tencent.mm/com.tencent.mm.plugin.finder.ui.FinderShareFeedRelUI}, caller=com.android.server.wm.WindowManagerService.updateFocusedWindowLocked:372 com.android.server.wm.WindowManagerService.relayoutWindow:1350 com.android.server.wm.Session.relayout:27 
02-09 20:00:05.102  2827  6508 D WindowManager: Changing focus from Window{54fd7ce u0 NotificationShade} to Window{9a042ea u0 com.tencent.mm/com.tencent.mm.plugin.finder.ui.FinderShareFeedRelUI} displayId=0 Callers=com.android.server.wm.WindowManagerService.relayoutWindow:1350 com.android.server.wm.Session.relayout:27 com.android.server.wm.Session.relayoutAsync:14 android.view.IWindowSession$Stub.onTransact:854 
02-09 20:00:05.103  2827  6508 D InsetsSourceProvider: updateControlForTarget: control=InsetsSourceControl: {fcb20000 mType=statusBars initiallyVisible mSurfacePosition=Point(0, 0) mInsetsHint=Insets{left=0, top=91, right=0, bottom=0}}, target=Window{9a042ea u0 com.tencent.mm/com.tencent.mm.plugin.finder.ui.FinderShareFeedRelUI}, from=com.android.server.wm.InsetsStateController.onControlTargetChanged:83 com.android.server.wm.InsetsPolicy.updateBarControlTarget:212 com.android.server.wm.DisplayPolicy.updateSystemBarAttributes:262 com.android.server.wm.WindowManagerService.updateFocusedWindowLocked:372 com.android.server.wm.WindowManagerService.relayoutWindow:1350 
02-09 20:00:05.103  2827  6508 D InsetsSourceProvider: updateControlForTarget: control=InsetsSourceControl: {f9470001 mType=navigationBars initiallyVisible mSurfacePosition=Point(0, 2196) mInsetsHint=Insets{left=0, top=0, right=0, bottom=144}}, target=Window{9a042ea u0 com.tencent.mm/com.tencent.mm.plugin.finder.ui.FinderShareFeedRelUI}, from=com.android.server.wm.InsetsStateController.onControlTargetChanged:83 com.android.server.wm.InsetsPolicy.updateBarControlTarget:225 com.android.server.wm.DisplayPolicy.updateSystemBarAttributes:262 com.android.server.wm.WindowManagerService.updateFocusedWindowLocked:372 com.android.server.wm.WindowManagerService.relayoutWindow:1350 
02-09 20:00:05.104  2827  6508 D WindowManager: updateSystemBarAttributes: displayId=0, focusedCanBeNavColorWin=false, win=Window{9a042ea u0 com.tencent.mm/com.tencent.mm.plugin.finder.ui.FinderShareFeedRelUI}, navColorWin=Window{9a042ea u0 com.tencent.mm/com.tencent.mm.plugin.finder.ui.FinderShareFeedRelUI}, caller=com.android.server.wm.WindowManagerService.updateFocusedWindowLocked:372 com.android.server.wm.WindowManagerService.relayoutWindow:1350 com.android.server.wm.Session.relayout:27 
02-09 20:00:05.119  2827  4439 V InputMethodManagerService: Creating new accessibility sessions for client ClientState{93193ed mUid=10359 mPid=31897 mSelfReportedDisplayId=0}
02-09 20:00:05.120  2827  6508 E WindowManager: win=Window{54fd7ce u0 NotificationShade} destroySurfaces: appStopped=true cleanupOnResume=false win.mWindowRemovalAllowed=false win.mRemoveOnExit=false win.mViewVisibility=4 caller=com.android.server.wm.WindowManagerService.tryStartExitingAnimation:134 com.android.server.wm.WindowManagerService.relayoutWindow:1138 com.android.server.wm.Session.relayout:27 android.view.IWindowSession$Stub.onTransact:829 com.android.server.wm.Session.onTransact:1 android.os.Binder.execTransactInternal:1462 android.os.Binder.execTransact:1401 
02-09 20:00:35.511  2827  4439 V InputMethodManagerService: Creating new accessibility sessions for client ClientState{93193ed mUid=10359 mPid=31897 mSelfReportedDisplayId=0}
02-09 20:00:50.208  2827  4439 V InputMethodManagerService: Creating new accessibility sessions for client ClientState{93193ed mUid=10359 mPid=31897 mSelfReportedDisplayId=0}
02-09 20:00:51.292  2827  5367 D WindowManager: Changing focus from null to Window{9471e3 u0 com.tencent.mm/com.tencent.mm.plugin.brandservice.ui.flutter.BizFlutterTLFlutterViewActivity} displayId=0 Callers=com.android.server.wm.WindowManagerService.relayoutWindow:1350 com.android.server.wm.Session.relayout:27 android.view.IWindowSession$Stub.onTransact:829 com.android.server.wm.Session.onTransact:1 
02-09 20:00:51.292  2827  5367 D InsetsSourceProvider: updateControlForTarget: control=InsetsSourceControl: {fcb20000 mType=statusBars initiallyVisible mSurfacePosition=Point(0, 0) mInsetsHint=Insets{left=0, top=91, right=0, bottom=0}}, target=Window{9471e3 u0 com.tencent.mm/com.tencent.mm.plugin.brandservice.ui.flutter.BizFlutterTLFlutterViewActivity}, from=com.android.server.wm.InsetsStateController.onControlTargetChanged:83 com.android.server.wm.InsetsPolicy.updateBarControlTarget:212 com.android.server.wm.DisplayPolicy.updateSystemBarAttributes:262 com.android.server.wm.WindowManagerService.updateFocusedWindowLocked:372 com.android.server.wm.WindowManagerService.relayoutWindow:1350 
02-09 20:00:51.292  2827  5367 D InsetsSourceProvider: updateControlForTarget: control=InsetsSourceControl: {f9470001 mType=navigationBars initiallyVisible mSurfacePosition=Point(0, 2196) mInsetsHint=Insets{left=0, top=0, right=0, bottom=144}}, target=Window{9471e3 u0 com.tencent.mm/com.tencent.mm.plugin.brandservice.ui.flutter.BizFlutterTLFlutterViewActivity}, from=com.android.server.wm.InsetsStateController.onControlTargetChanged:83 com.android.server.wm.InsetsPolicy.updateBarControlTarget:225 com.android.server.wm.DisplayPolicy.updateSystemBarAttributes:262 com.android.server.wm.WindowManagerService.updateFocusedWindowLocked:372 com.android.server.wm.WindowManagerService.relayoutWindow:1350 
02-09 20:00:51.292  2827  5367 D WindowManager: updateSystemBarAttributes: displayId=0, focusedCanBeNavColorWin=false, win=Window{9471e3 u0 com.tencent.mm/com.tencent.mm.plugin.brandservice.ui.flutter.BizFlutterTLFlutterViewActivity}, navColorWin=Window{9a042ea u0 com.tencent.mm/com.tencent.mm.plugin.finder.ui.FinderShareFeedRelUI}, caller=com.android.server.wm.WindowManagerService.updateFocusedWindowLocked:372 com.android.server.wm.WindowManagerService.relayoutWindow:1350 com.android.server.wm.Session.relayout:27 
02-09 20:00:51.316  2827  4439 V InputMethodManagerService: Creating new accessibility sessions for client ClientState{93193ed mUid=10359 mPid=31897 mSelfReportedDisplayId=0}
02-09 20:00:52.998  2827  6508 D WindowManager: Changing focus from null to Window{f041d85 u0 com.tencent.mm/com.tencent.mm.ui.LauncherUI} displayId=0 Callers=com.android.server.wm.WindowManagerService.relayoutWindow:1350 com.android.server.wm.Session.relayout:27 android.view.IWindowSession$Stub.onTransact:829 com.android.server.wm.Session.onTransact:1 
02-09 20:00:52.999  2827  6508 D InsetsSourceProvider: updateControlForTarget: control=InsetsSourceControl: {fcb20000 mType=statusBars initiallyVisible mSurfacePosition=Point(0, 0) mInsetsHint=Insets{left=0, top=91, right=0, bottom=0}}, target=Window{f041d85 u0 com.tencent.mm/com.tencent.mm.ui.LauncherUI}, from=com.android.server.wm.InsetsStateController.onControlTargetChanged:83 com.android.server.wm.InsetsPolicy.updateBarControlTarget:212 com.android.server.wm.DisplayPolicy.updateSystemBarAttributes:262 com.android.server.wm.WindowManagerService.updateFocusedWindowLocked:372 com.android.server.wm.WindowManagerService.relayoutWindow:1350 
02-09 20:00:52.999  2827  6508 D InsetsSourceProvider: updateControlForTarget: control=InsetsSourceControl: {f9470001 mType=navigationBars initiallyVisible mSurfacePosition=Point(0, 2196) mInsetsHint=Insets{left=0, top=0, right=0, bottom=144}}, target=Window{f041d85 u0 com.tencent.mm/com.tencent.mm.ui.LauncherUI}, from=com.android.server.wm.InsetsStateController.onControlTargetChanged:83 com.android.server.wm.InsetsPolicy.updateBarControlTarget:225 com.android.server.wm.DisplayPolicy.updateSystemBarAttributes:262 com.android.server.wm.WindowManagerService.updateFocusedWindowLocked:372 com.android.server.wm.WindowManagerService.relayoutWindow:1350 
02-09 20:00:53.081  2827  4439 V InputMethodManagerService: Creating new accessibility sessions for client ClientState{93193ed mUid=10359 mPid=31897 mSelfReportedDisplayId=0}
02-09 20:00:58.061  2827  4439 V InputMethodManagerService: Creating new accessibility sessions for client ClientState{93193ed mUid=10359 mPid=31897 mSelfReportedDisplayId=0}
02-09 20:00:58.421  2827  7742 E WindowManager: win=Window{f959889 u0 com.sec.android.app.launcher/com.samsung.app.honeyspace.edge.edgepanel.app.CocktailBarService} destroySurfaces: appStopped=true cleanupOnResume=false win.mWindowRemovalAllowed=false win.mRemoveOnExit=false win.mViewVisibility=8 caller=com.android.server.wm.WindowManagerService.tryStartExitingAnimation:134 com.android.server.wm.WindowManagerService.relayoutWindow:1138 com.android.server.wm.Session.relayout:27 android.view.IWindowSession$Stub.onTransact:829 com.android.server.wm.Session.onTransact:1 android.os.Binder.execTransactInternal:1457 android.os.Binder.execTransact:1401 
02-09 20:01:03.435  2827  4439 V InputMethodManagerService: Creating new accessibility sessions for client ClientState{93193ed mUid=10359 mPid=31897 mSelfReportedDisplayId=0}
02-09 20:01:04.911  2827  6508 E WindowManager: win=Window{ab9c79e u0 InputMethod} destroySurfaces: appStopped=true cleanupOnResume=false win.mWindowRemovalAllowed=false win.mRemoveOnExit=false win.mViewVisibility=8 caller=com.android.server.wm.WindowManagerService.tryStartExitingAnimation:134 com.android.server.wm.WindowManagerService.relayoutWindow:1138 com.android.server.wm.Session.relayout:27 android.view.IWindowSession$Stub.onTransact:829 com.android.server.wm.Session.onTransact:1 android.os.Binder.execTransactInternal:1457 android.os.Binder.execTransact:1401 
02-09 20:01:06.310  2827  6508 D WindowManager: Changing focus from null to Window{1c53ac9 u0 com.tencent.mm/com.tencent.mm.plugin.sns.ui.improve.ImproveSnsTimelineUI} displayId=0 Callers=com.android.server.wm.WindowManagerService.relayoutWindow:1350 com.android.server.wm.Session.relayout:27 android.view.IWindowSession$Stub.onTransact:829 com.android.server.wm.Session.onTransact:1 
02-09 20:01:06.310  2827  6508 D InsetsSourceProvider: updateControlForTarget: control=InsetsSourceControl: {fcb20000 mType=statusBars initiallyVisible mSurfacePosition=Point(0, 0) mInsetsHint=Insets{left=0, top=91, right=0, bottom=0}}, target=Window{1c53ac9 u0 com.tencent.mm/com.tencent.mm.plugin.sns.ui.improve.ImproveSnsTimelineUI}, from=com.android.server.wm.InsetsStateController.onControlTargetChanged:83 com.android.server.wm.InsetsPolicy.updateBarControlTarget:212 com.android.server.wm.DisplayPolicy.updateSystemBarAttributes:262 com.android.server.wm.WindowManagerService.updateFocusedWindowLocked:372 com.android.server.wm.WindowManagerService.relayoutWindow:1350 
02-09 20:01:06.310  2827  6508 D InsetsSourceProvider: updateControlForTarget: control=InsetsSourceControl: {f9470001 mType=navigationBars initiallyVisible mSurfacePosition=Point(0, 2196) mInsetsHint=Insets{left=0, top=0, right=0, bottom=144}}, target=Window{1c53ac9 u0 com.tencent.mm/com.tencent.mm.plugin.sns.ui.improve.ImproveSnsTimelineUI}, from=com.android.server.wm.InsetsStateController.onControlTargetChanged:83 com.android.server.wm.InsetsPolicy.updateBarControlTarget:225 com.android.server.wm.DisplayPolicy.updateSystemBarAttributes:262 com.android.server.wm.WindowManagerService.updateFocusedWindowLocked:372 com.android.server.wm.WindowManagerService.relayoutWindow:1350 
02-09 20:01:06.310  2827  6508 D WindowManager: updateSystemBarAttributes: displayId=0, focusedCanBeNavColorWin=false, win=Window{1c53ac9 u0 com.tencent.mm/com.tencent.mm.plugin.sns.ui.improve.ImproveSnsTimelineUI}, navColorWin=Window{f041d85 u0 com.tencent.mm/com.tencent.mm.ui.LauncherUI}, caller=com.android.server.wm.WindowManagerService.updateFocusedWindowLocked:372 com.android.server.wm.WindowManagerService.relayoutWindow:1350 com.android.server.wm.Session.relayout:27 
02-09 20:01:06.311 31897 31897 I BLASTBufferQueue_Java: new BLASTBufferQueue, mName= VRI[ImproveSnsTimelineUI]@4c33af3 mNativeObject= 0x75da638eb0 caller= android.view.ViewRootImpl.updateBlastSurfaceIfNeeded:3585 android.view.ViewRootImpl.relayoutWindow:11685 android.view.ViewRootImpl.performTraversals:4804 android.view.ViewRootImpl.doTraversal:3924 android.view.ViewRootImpl$TraversalRunnable.run:12903 android.view.Choreographer$CallbackRecord.run:1901 android.view.Choreographer$CallbackRecord.run:1910 android.view.Choreographer.doCallbacks:1367 android.view.Choreographer.doFrame:1292 android.view.Choreographer$FrameDisplayEventReceiver.run:1870 
02-09 20:01:06.311 31897 31897 I BLASTBufferQueue_Java: update, w= 1080 h= 2340 mName = VRI[ImproveSnsTimelineUI]@4c33af3 mNativeObject= 0x75da638eb0 sc.mNativeObject= 0x7658853dd0 format= -2 caller= android.view.ViewRootImpl.updateBlastSurfaceIfNeeded:3590 android.view.ViewRootImpl.relayoutWindow:11685 android.view.ViewRootImpl.performTraversals:4804 android.view.ViewRootImpl.doTraversal:3924 android.view.ViewRootImpl$TraversalRunnable.run:12903 android.view.Choreographer$CallbackRecord.run:1901 
02-09 20:01:06.311 31897 31897 I VRI[ImproveSnsTimelineUI]@4c33af3: Relayout returned: old=(0,0,1080,2340) new=(0,0,1080,2340) relayoutAsync=false req=(1080,2340)0 dur=1 res=0x3 s={true 0x7528b10f40} ch=true seqId=0
02-09 20:01:06.345  2827  4439 V InputMethodManagerService: Creating new accessibility sessions for client ClientState{93193ed mUid=10359 mPid=31897 mSelfReportedDisplayId=0}
02-09 20:01:06.645 31897 31897 I VRI[LauncherUI]@407c3ae: Relayout returned: old=(0,0,1080,2340) new=(0,0,1080,2340) relayoutAsync=false req=(1080,2340)8 dur=1 res=0x2 s={false 0x0} ch=false seqId=0
02-09 20:01:09.031 31897 31897 I BLASTBufferQueue_Java: update, w= 1080 h= 2340 mName = VRI[ImproveSnsTimelineUI]@4c33af3 mNativeObject= 0x75da638eb0 sc.mNativeObject= 0x7658853dd0 format= -2 caller= android.view.ViewRootImpl.updateBlastSurfaceIfNeeded:3574 android.view.ViewRootImpl.relayoutWindow:11685 android.view.ViewRootImpl.performTraversals:4804 android.view.ViewRootImpl.doTraversal:3924 android.view.ViewRootImpl$TraversalRunnable.run:12903 android.view.Choreographer$CallbackRecord.run:1901 
02-09 20:01:09.031 31897 31897 I VRI[ImproveSnsTimelineUI]@4c33af3: Relayout returned: old=(0,0,1080,2340) new=(0,0,1080,2340) relayoutAsync=true req=(1080,2340)0 dur=0 res=0x0 s={true 0x7528b10f40} ch=false seqId=0
02-09 20:01:12.454  2827  6508 D WindowManager: Changing focus from null to Window{b2feb31 u0 com.tencent.mm/com.tencent.mm.plugin.sns.ui.SnsBrowseUI} displayId=0 Callers=com.android.server.wm.WindowManagerService.relayoutWindow:1350 com.android.server.wm.Session.relayout:27 android.view.IWindowSession$Stub.onTransact:829 com.android.server.wm.Session.onTransact:1 
02-09 20:01:12.455  2827  6508 D InsetsSourceProvider: updateControlForTarget: control=InsetsSourceControl: {fcb20000 mType=statusBars initiallyVisible mSurfacePosition=Point(0, 0) mInsetsHint=Insets{left=0, top=91, right=0, bottom=0}}, target=Window{b2feb31 u0 com.tencent.mm/com.tencent.mm.plugin.sns.ui.SnsBrowseUI}, from=com.android.server.wm.InsetsStateController.onControlTargetChanged:83 com.android.server.wm.InsetsPolicy.updateBarControlTarget:212 com.android.server.wm.DisplayPolicy.updateSystemBarAttributes:262 com.android.server.wm.WindowManagerService.updateFocusedWindowLocked:372 com.android.server.wm.WindowManagerService.relayoutWindow:1350 
02-09 20:01:12.455  2827  6508 D InsetsSourceProvider: updateControlForTarget: control=InsetsSourceControl: {f9470001 mType=navigationBars initiallyVisible mSurfacePosition=Point(0, 2196) mInsetsHint=Insets{left=0, top=0, right=0, bottom=144}}, target=Window{b2feb31 u0 com.tencent.mm/com.tencent.mm.plugin.sns.ui.SnsBrowseUI}, from=com.android.server.wm.InsetsStateController.onControlTargetChanged:83 com.android.server.wm.InsetsPolicy.updateBarControlTarget:225 com.android.server.wm.DisplayPolicy.updateSystemBarAttributes:262 com.android.server.wm.WindowManagerService.updateFocusedWindowLocked:372 com.android.server.wm.WindowManagerService.relayoutWindow:1350 
02-09 20:01:12.456  2827  6508 D WindowManager: updateSystemBarAttributes: displayId=0, focusedCanBeNavColorWin=false, win=Window{b2feb31 u0 com.tencent.mm/com.tencent.mm.plugin.sns.ui.SnsBrowseUI}, navColorWin=Window{1c53ac9 u0 com.tencent.mm/com.tencent.mm.plugin.sns.ui.improve.ImproveSnsTimelineUI}, caller=com.android.server.wm.WindowManagerService.updateFocusedWindowLocked:372 com.android.server.wm.WindowManagerService.relayoutWindow:1350 com.android.server.wm.Session.relayout:27 
02-09 20:01:12.456 31897 31897 I BLASTBufferQueue_Java: new BLASTBufferQueue, mName= VRI[SnsBrowseUI]@ccf400b mNativeObject= 0x75d9125ed0 caller= android.view.ViewRootImpl.updateBlastSurfaceIfNeeded:3585 android.view.ViewRootImpl.relayoutWindow:11685 android.view.ViewRootImpl.performTraversals:4804 android.view.ViewRootImpl.doTraversal:3924 android.view.ViewRootImpl$TraversalRunnable.run:12903 android.view.Choreographer$CallbackRecord.run:1901 android.view.Choreographer$CallbackRecord.run:1910 android.view.Choreographer.doCallbacks:1367 android.view.Choreographer.doFrame:1292 android.view.Choreographer$FrameDisplayEventReceiver.run:1870 
02-09 20:01:12.456 31897 31897 I BLASTBufferQueue_Java: update, w= 1080 h= 2340 mName = VRI[SnsBrowseUI]@ccf400b mNativeObject= 0x75d9125ed0 sc.mNativeObject= 0x7658858750 format= -2 caller= android.view.ViewRootImpl.updateBlastSurfaceIfNeeded:3590 android.view.ViewRootImpl.relayoutWindow:11685 android.view.ViewRootImpl.performTraversals:4804 android.view.ViewRootImpl.doTraversal:3924 android.view.ViewRootImpl$TraversalRunnable.run:12903 android.view.Choreographer$CallbackRecord.run:1901 
02-09 20:01:12.457 31897 31897 I VRI[SnsBrowseUI]@ccf400b: Relayout returned: old=(0,0,1080,2340) new=(0,0,1080,2340) relayoutAsync=false req=(1080,2340)0 dur=3 res=0x3 s={true 0x752a10dbe0} ch=true seqId=0
02-09 20:01:12.481  2827  4439 V InputMethodManagerService: Creating new accessibility sessions for client ClientState{93193ed mUid=10359 mPid=31897 mSelfReportedDisplayId=0}
02-09 20:01:14.556  2827  4439 V InputMethodManagerService: Creating new accessibility sessions for client ClientState{93193ed mUid=10359 mPid=31897 mSelfReportedDisplayId=0}
02-09 20:01:18.065  2827  6508 D WindowManager: Changing focus from null to Window{81e684b u0 com.tencent.mm/com.tencent.mm.plugin.sns.ui.SnsBrowseUI} displayId=0 Callers=com.android.server.wm.WindowManagerService.relayoutWindow:1350 com.android.server.wm.Session.relayout:27 android.view.IWindowSession$Stub.onTransact:829 com.android.server.wm.Session.onTransact:1 
02-09 20:01:18.066  2827  6508 D InsetsSourceProvider: updateControlForTarget: control=InsetsSourceControl: {fcb20000 mType=statusBars initiallyVisible mSurfacePosition=Point(0, 0) mInsetsHint=Insets{left=0, top=91, right=0, bottom=0}}, target=Window{81e684b u0 com.tencent.mm/com.tencent.mm.plugin.sns.ui.SnsBrowseUI}, from=com.android.server.wm.InsetsStateController.onControlTargetChanged:83 com.android.server.wm.InsetsPolicy.updateBarControlTarget:212 com.android.server.wm.DisplayPolicy.updateSystemBarAttributes:262 com.android.server.wm.WindowManagerService.updateFocusedWindowLocked:372 com.android.server.wm.WindowManagerService.relayoutWindow:1350 
02-09 20:01:18.066  2827  6508 D InsetsSourceProvider: updateControlForTarget: control=InsetsSourceControl: {f9470001 mType=navigationBars initiallyVisible mSurfacePosition=Point(0, 2196) mInsetsHint=Insets{left=0, top=0, right=0, bottom=144}}, target=Window{81e684b u0 com.tencent.mm/com.tencent.mm.plugin.sns.ui.SnsBrowseUI}, from=com.android.server.wm.InsetsStateController.onControlTargetChanged:83 com.android.server.wm.InsetsPolicy.updateBarControlTarget:225 com.android.server.wm.DisplayPolicy.updateSystemBarAttributes:262 com.android.server.wm.WindowManagerService.updateFocusedWindowLocked:372 com.android.server.wm.WindowManagerService.relayoutWindow:1350 
02-09 20:01:18.066  2827  6508 D WindowManager: updateSystemBarAttributes: displayId=0, focusedCanBeNavColorWin=false, win=Window{81e684b u0 com.tencent.mm/com.tencent.mm.plugin.sns.ui.SnsBrowseUI}, navColorWin=Window{1c53ac9 u0 com.tencent.mm/com.tencent.mm.plugin.sns.ui.improve.ImproveSnsTimelineUI}, caller=com.android.server.wm.WindowManagerService.updateFocusedWindowLocked:372 com.android.server.wm.WindowManagerService.relayoutWindow:1350 com.android.server.wm.Session.relayout:27 
02-09 20:01:18.067 31897 31897 I BLASTBufferQueue_Java: new BLASTBufferQueue, mName= VRI[SnsBrowseUI]@4ba278d mNativeObject= 0x75d8daf7a0 caller= android.view.ViewRootImpl.updateBlastSurfaceIfNeeded:3585 android.view.ViewRootImpl.relayoutWindow:11685 android.view.ViewRootImpl.performTraversals:4804 android.view.ViewRootImpl.doTraversal:3924 android.view.ViewRootImpl$TraversalRunnable.run:12903 android.view.Choreographer$CallbackRecord.run:1901 android.view.Choreographer$CallbackRecord.run:1910 android.view.Choreographer.doCallbacks:1367 android.view.Choreographer.doFrame:1292 android.view.Choreographer$FrameDisplayEventReceiver.run:1870 
02-09 20:01:18.067 31897 31897 I BLASTBufferQueue_Java: update, w= 1080 h= 2340 mName = VRI[SnsBrowseUI]@4ba278d mNativeObject= 0x75d8daf7a0 sc.mNativeObject= 0x76587e1890 format= -2 caller= android.view.ViewRootImpl.updateBlastSurfaceIfNeeded:3590 android.view.ViewRootImpl.relayoutWindow:11685 android.view.ViewRootImpl.performTraversals:4804 android.view.ViewRootImpl.doTraversal:3924 android.view.ViewRootImpl$TraversalRunnable.run:12903 android.view.Choreographer$CallbackRecord.run:1901 
02-09 20:01:18.067 31897 31897 I VRI[SnsBrowseUI]@4ba278d: Relayout returned: old=(0,0,1080,2340) new=(0,0,1080,2340) relayoutAsync=false req=(1080,2340)0 dur=3 res=0x3 s={true 0x7529fef460} ch=true seqId=0
02-09 20:01:18.083  2827  4439 V InputMethodManagerService: Creating new accessibility sessions for client ClientState{93193ed mUid=10359 mPid=31897 mSelfReportedDisplayId=0}
02-09 20:01:20.193  2827  4439 V InputMethodManagerService: Creating new accessibility sessions for client ClientState{93193ed mUid=10359 mPid=31897 mSelfReportedDisplayId=0}
02-09 20:01:21.890 31897  1737 D AidlBufferPool: bufferpool2 0x7548a90f48 : 0(0 size) total buffers - 0(0 size) used buffers - 1/11 (recycle/alloc) - 28/283 (fetch/transfer)
02-09 20:01:21.890 31897  3285 D AidlBufferPool: bufferpool2 0x7548b416d8 : 0(0 size) total buffers - 0(0 size) used buffers - 1/11 (recycle/alloc) - 25/404 (fetch/transfer)
02-09 20:01:21.890 31897  1737 D AidlBufferPool: Destruction - bufferpool2 0x7548a90f48 cached: 0/0M, 0/0% in use; allocs: 11, 9% recycled; transfers: 283, 90% unfetched
02-09 20:01:21.890 31897 31917 D AidlBufferPool: Destruction - bufferpool2 0x7548b416d8 cached: 0/0M, 0/0% in use; allocs: 11, 9% recycled; transfers: 404, 94% unfetched
02-09 20:01:21.890 31897  1737 D AidlBufferPool: bufferpool2 0x7548a9b818 : 0(0 size) total buffers - 0(0 size) used buffers - 1/11 (recycle/alloc) - 8/9 (fetch/transfer)
02-09 20:01:21.890 31897  3285 D AidlBufferPool: Destruction - bufferpool2 0x7548a9b818 cached: 0/0M, 0/0% in use; allocs: 11, 9% recycled; transfers: 9, 11% unfetched
02-09 20:01:22.233  1858  2977 D audiohalservice.qti: updateEffect sessions 5
02-09 20:01:22.766  2827 12697 D WindowManager: Changing focus from null to Window{f041d85 u0 com.tencent.mm/com.tencent.mm.ui.LauncherUI} displayId=0 Callers=com.android.server.wm.WindowManagerService.relayoutWindow:1350 com.android.server.wm.Session.relayout:27 android.view.IWindowSession$Stub.onTransact:829 com.android.server.wm.Session.onTransact:1 
02-09 20:01:22.766  2827 12697 D InsetsSourceProvider: updateControlForTarget: control=InsetsSourceControl: {fcb20000 mType=statusBars initiallyVisible mSurfacePosition=Point(0, 0) mInsetsHint=Insets{left=0, top=91, right=0, bottom=0}}, target=Window{f041d85 u0 com.tencent.mm/com.tencent.mm.ui.LauncherUI}, from=com.android.server.wm.InsetsStateController.onControlTargetChanged:83 com.android.server.wm.InsetsPolicy.updateBarControlTarget:212 com.android.server.wm.DisplayPolicy.updateSystemBarAttributes:262 com.android.server.wm.WindowManagerService.updateFocusedWindowLocked:372 com.android.server.wm.WindowManagerService.relayoutWindow:1350 
02-09 20:01:22.766  2827 12697 D InsetsSourceProvider: updateControlForTarget: control=InsetsSourceControl: {f9470001 mType=navigationBars initiallyVisible mSurfacePosition=Point(0, 2196) mInsetsHint=Insets{left=0, top=0, right=0, bottom=144}}, target=Window{f041d85 u0 com.tencent.mm/com.tencent.mm.ui.LauncherUI}, from=com.android.server.wm.InsetsStateController.onControlTargetChanged:83 com.android.server.wm.InsetsPolicy.updateBarControlTarget:225 com.android.server.wm.DisplayPolicy.updateSystemBarAttributes:262 com.android.server.wm.WindowManagerService.updateFocusedWindowLocked:372 com.android.server.wm.WindowManagerService.relayoutWindow:1350 
02-09 20:01:22.767 31897 31897 I BLASTBufferQueue_Java: new BLASTBufferQueue, mName= VRI[LauncherUI]@407c3ae mNativeObject= 0x75d8bfcc90 caller= android.view.ViewRootImpl.updateBlastSurfaceIfNeeded:3585 android.view.ViewRootImpl.relayoutWindow:11685 android.view.ViewRootImpl.performTraversals:4804 android.view.ViewRootImpl.doTraversal:3924 android.view.ViewRootImpl$TraversalRunnable.run:12903 android.view.Choreographer$CallbackRecord.run:1901 android.view.Choreographer$CallbackRecord.run:1910 android.view.Choreographer.doCallbacks:1367 android.view.Choreographer.doFrame:1292 android.view.Choreographer$FrameDisplayEventReceiver.run:1870 
02-09 20:01:22.767 31897 31897 I BLASTBufferQueue_Java: update, w= 1080 h= 2340 mName = VRI[LauncherUI]@407c3ae mNativeObject= 0x75d8bfcc90 sc.mNativeObject= 0x765884ee50 format= -1 caller= android.view.ViewRootImpl.updateBlastSurfaceIfNeeded:3590 android.view.ViewRootImpl.relayoutWindow:11685 android.view.ViewRootImpl.performTraversals:4804 android.view.ViewRootImpl.doTraversal:3924 android.view.ViewRootImpl$TraversalRunnable.run:12903 android.view.Choreographer$CallbackRecord.run:1901 
02-09 20:01:22.767 31897 31897 I VRI[LauncherUI]@407c3ae: Relayout returned: old=(0,0,1080,2340) new=(0,0,1080,2340) relayoutAsync=false req=(1080,2340)0 dur=2 res=0x3 s={true 0x7529fdd2b0} ch=true seqId=0
02-09 20:01:22.803  2827  4439 V InputMethodManagerService: Creating new accessibility sessions for client ClientState{93193ed mUid=10359 mPid=31897 mSelfReportedDisplayId=0}
02-09 20:01:22.919  1888  1888 D AidlBufferPool: Destruction - bufferpool2 0xb4000074636d8e18 cached: 0/0M, 0/0% in use; allocs: 2, 0% recycled; transfers: 0, 0% unfetched
02-09 20:01:22.919  1888  1888 D AidlBufferPool: Destruction - bufferpool2 0xb4000074636d48b8 cached: 0/0M, 0/0% in use; allocs: 0, 0% recycled; transfers: 0, 0% unfetched
02-09 20:01:22.957 32079 32118 D AidlBufferPool: bufferpool2 0x7548791348 : 0(0 size) total buffers - 0(0 size) used buffers - 0/5 (recycle/alloc) - 2/4 (fetch/transfer)
02-09 20:01:22.957 32079 32118 D AidlBufferPool: Destruction - bufferpool2 0x7548791348 cached: 0/0M, 0/0% in use; allocs: 5, 0% recycled; transfers: 4, 50% unfetched
02-09 20:01:22.957 32079 32523 D AidlBufferPool: bufferpool2 0x754879fa88 : 0(0 size) total buffers - 0(0 size) used buffers - 0/5 (recycle/alloc) - 2/4 (fetch/transfer)
02-09 20:01:22.957 32079 32523 D AidlBufferPool: Destruction - bufferpool2 0x754879fa88 cached: 0/0M, 0/0% in use; allocs: 5, 0% recycled; transfers: 4, 50% unfetched
02-09 20:01:23.128  1888  1888 D AidlBufferPool: Destruction - bufferpool2 0xb4000074636bb658 cached: 0/0M, 0/0% in use; allocs: 38, 0% recycled; transfers: 0, 0% unfetched
02-09 20:01:24.977 31897 31897 I BLASTBufferQueue_Java: update, w= 1080 h= 2340 mName = VRI[LauncherUI]@407c3ae mNativeObject= 0x75d8bfcc90 sc.mNativeObject= 0x765884ee50 format= -1 caller= android.view.ViewRootImpl.updateBlastSurfaceIfNeeded:3574 android.view.ViewRootImpl.relayoutWindow:11685 android.view.ViewRootImpl.performTraversals:4804 android.view.ViewRootImpl.doTraversal:3924 android.view.ViewRootImpl$TraversalRunnable.run:12903 android.view.Choreographer$CallbackRecord.run:1901 
02-09 20:01:24.977 31897 31897 I VRI[LauncherUI]@407c3ae: Relayout returned: old=(0,0,1080,2340) new=(0,0,1080,2340) relayoutAsync=true req=(1080,2340)0 dur=0 res=0x0 s={true 0x7529fdd2b0} ch=false seqId=0
02-09 20:01:27.561  2827  8023 D WindowManager: Changing focus from null to Window{52e2d18 u0 com.sec.android.app.launcher/com.sec.android.app.launcher.activities.LauncherActivity} displayId=0 Callers=com.android.server.wm.WindowManagerService.relayoutWindow:1350 com.android.server.wm.Session.relayout:27 android.view.IWindowSession$Stub.onTransact:829 com.android.server.wm.Session.onTransact:1 
02-09 20:01:27.561  2827  8023 D InsetsSourceProvider: updateControlForTarget: control=InsetsSourceControl: {fcb20000 mType=statusBars initiallyVisible mSurfacePosition=Point(0, 0) mInsetsHint=Insets{left=0, top=91, right=0, bottom=0}}, target=Window{52e2d18 u0 com.sec.android.app.launcher/com.sec.android.app.launcher.activities.LauncherActivity}, from=com.android.server.wm.InsetsStateController.onControlTargetChanged:83 com.android.server.wm.InsetsPolicy.updateBarControlTarget:212 com.android.server.wm.DisplayPolicy.updateSystemBarAttributes:262 com.android.server.wm.WindowManagerService.updateFocusedWindowLocked:372 com.android.server.wm.WindowManagerService.relayoutWindow:1350 
02-09 20:01:27.561  2827  8023 D InsetsSourceProvider: updateControlForTarget: control=InsetsSourceControl: {f9470001 mType=navigationBars initiallyVisible mSurfacePosition=Point(0, 2196) mInsetsHint=Insets{left=0, top=0, right=0, bottom=144}}, target=Window{52e2d18 u0 com.sec.android.app.launcher/com.sec.android.app.launcher.activities.LauncherActivity}, from=com.android.server.wm.InsetsStateController.onControlTargetChanged:83 com.android.server.wm.InsetsPolicy.updateBarControlTarget:225 com.android.server.wm.DisplayPolicy.updateSystemBarAttributes:262 com.android.server.wm.WindowManagerService.updateFocusedWindowLocked:372 com.android.server.wm.WindowManagerService.relayoutWindow:1350 
02-09 20:01:27.561  2827  8023 D WindowManager: updateSystemBarAttributes: displayId=0, focusedCanBeNavColorWin=false, win=Window{52e2d18 u0 com.sec.android.app.launcher/com.sec.android.app.launcher.activities.LauncherActivity}, navColorWin=Window{f041d85 u0 com.tencent.mm/com.tencent.mm.ui.LauncherUI}, caller=com.android.server.wm.WindowManagerService.updateFocusedWindowLocked:372 com.android.server.wm.WindowManagerService.relayoutWindow:1350 com.android.server.wm.Session.relayout:27 
02-09 20:01:27.562  5336  5336 I BLASTBufferQueue_Java: new BLASTBufferQueue, mName= VRI[LauncherActivity]@5dfcf08 mNativeObject= 0xb4000075d8858280 caller= android.view.ViewRootImpl.updateBlastSurfaceIfNeeded:3585 android.view.ViewRootImpl.relayoutWindow:11685 android.view.ViewRootImpl.performTraversals:4804 android.view.ViewRootImpl.doTraversal:3924 android.view.ViewRootImpl$TraversalRunnable.run:12903 android.view.Choreographer$CallbackRecord.run:1901 android.view.Choreographer$CallbackRecord.run:1910 android.view.Choreographer.doCallbacks:1367 android.view.Choreographer.doFrame:1292 android.view.Choreographer$FrameDisplayEventReceiver.run:1870 
02-09 20:01:27.562  5336  5336 I BLASTBufferQueue_Java: update, w= 1080 h= 2340 mName = VRI[LauncherActivity]@5dfcf08 mNativeObject= 0xb4000075d8858280 sc.mNativeObject= 0xb400007658750ed0 format= -2 caller= android.view.ViewRootImpl.updateBlastSurfaceIfNeeded:3590 android.view.ViewRootImpl.relayoutWindow:11685 android.view.ViewRootImpl.performTraversals:4804 android.view.ViewRootImpl.doTraversal:3924 android.view.ViewRootImpl$TraversalRunnable.run:12903 android.view.Choreographer$CallbackRecord.run:1901 
02-09 20:01:27.562  5336  5336 I VRI[LauncherActivity]@5dfcf08: Relayout returned: old=(0,0,1080,2340) new=(0,0,1080,2340) relayoutAsync=false req=(1080,2340)0 dur=2 res=0x3 s={true 0xb4000075287d4870} ch=true seqId=0
02-09 20:01:27.571 15248 15248 I BLASTBufferQueue_Java: new BLASTBufferQueue, mName= VRI[HintService]@fe16424 mNativeObject= 0x75d8947160 caller= android.view.ViewRootImpl.updateBlastSurfaceIfNeeded:3585 android.view.ViewRootImpl.relayoutWindow:11685 android.view.ViewRootImpl.performTraversals:4804 android.view.ViewRootImpl.doTraversal:3924 android.view.ViewRootImpl$TraversalRunnable.run:12903 android.view.Choreographer$CallbackRecord.run:1901 android.view.Choreographer$CallbackRecord.run:1910 android.view.Choreographer.doCallbacks:1367 android.view.Choreographer.doFrame:1292 android.view.Choreographer$FrameDisplayEventReceiver.run:1870 
02-09 20:01:27.571 15248 15248 I BLASTBufferQueue_Java: update, w= 522 h= 72 mName = VRI[HintService]@fe16424 mNativeObject= 0x75d8947160 sc.mNativeObject= 0x765875a890 format= -3 caller= android.view.ViewRootImpl.updateBlastSurfaceIfNeeded:3590 android.view.ViewRootImpl.relayoutWindow:11685 android.view.ViewRootImpl.performTraversals:4804 android.view.ViewRootImpl.doTraversal:3924 android.view.ViewRootImpl$TraversalRunnable.run:12903 android.view.Choreographer$CallbackRecord.run:1901 
02-09 20:01:27.571 15248 15248 I VRI[HintService]@fe16424: Relayout returned: old=(279,2268,801,2340) new=(279,2268,801,2340) relayoutAsync=false req=(522,72)0 dur=2 res=0x3 s={true 0x7528765140} ch=true seqId=2
02-09 20:01:27.612  2827  4439 V InputMethodManagerService: Creating new accessibility sessions for client ClientState{8102401 mUid=10157 mPid=5336 mSelfReportedDisplayId=0}
02-09 20:01:27.862  5336  5336 I VRI[RecentsActivity]@df93e24: Relayout returned: old=(0,0,1080,2340) new=(0,0,1080,2340) relayoutAsync=false req=(1080,2340)8 dur=1 res=0x0 s={false 0x0} ch=false seqId=0
02-09 20:01:27.865  5336 23406 I HoneySpace.SuggestedAppsRepositoryImpl: fetchSuggestedApps()
02-09 20:01:27.869  2827  7742 D WindowManager: Changing focus from null to Window{1ea5312 u0 com.sec.android.app.launcher/com.android.quickstep.RecentsActivity} displayId=0 Callers=com.android.server.wm.WindowManagerService.relayoutWindow:1350 com.android.server.wm.Session.relayout:27 android.view.IWindowSession$Stub.onTransact:829 com.android.server.wm.Session.onTransact:1 
02-09 20:01:27.869  2827  7742 D InsetsSourceProvider: updateControlForTarget: control=InsetsSourceControl: {fcb20000 mType=statusBars initiallyVisible mSurfacePosition=Point(0, 0) mInsetsHint=Insets{left=0, top=91, right=0, bottom=0}}, target=Window{1ea5312 u0 com.sec.android.app.launcher/com.android.quickstep.RecentsActivity}, from=com.android.server.wm.InsetsStateController.onControlTargetChanged:83 com.android.server.wm.InsetsPolicy.updateBarControlTarget:212 com.android.server.wm.DisplayPolicy.updateSystemBarAttributes:262 com.android.server.wm.WindowManagerService.updateFocusedWindowLocked:372 com.android.server.wm.WindowManagerService.relayoutWindow:1350 
02-09 20:01:27.869  2827  7742 D InsetsSourceProvider: updateControlForTarget: control=InsetsSourceControl: {f9470001 mType=navigationBars initiallyVisible mSurfacePosition=Point(0, 2196) mInsetsHint=Insets{left=0, top=0, right=0, bottom=144}}, target=Window{1ea5312 u0 com.sec.android.app.launcher/com.android.quickstep.RecentsActivity}, from=com.android.server.wm.InsetsStateController.onControlTargetChanged:83 com.android.server.wm.InsetsPolicy.updateBarControlTarget:225 com.android.server.wm.DisplayPolicy.updateSystemBarAttributes:262 com.android.server.wm.WindowManagerService.updateFocusedWindowLocked:372 com.android.server.wm.WindowManagerService.relayoutWindow:1350 
02-09 20:01:27.870  2827  4821 E WindowManager: win=Window{5265ffe u0 com.samsung.android.spay.pay.HintService} destroySurfaces: appStopped=true cleanupOnResume=false win.mWindowRemovalAllowed=false win.mRemoveOnExit=false win.mViewVisibility=8 caller=com.android.server.wm.WindowManagerService.tryStartExitingAnimation:134 com.android.server.wm.WindowManagerService.relayoutWindow:1138 com.android.server.wm.Session.relayout:27 android.view.IWindowSession$Stub.onTransact:829 com.android.server.wm.Session.onTransact:1 android.os.Binder.execTransactInternal:1457 android.os.Binder.execTransact:1401 
02-09 20:01:27.870  5336  5336 I BLASTBufferQueue_Java: new BLASTBufferQueue, mName= VRI[RecentsActivity]@df93e24 mNativeObject= 0xb4000075d8c22ef0 caller= android.view.ViewRootImpl.updateBlastSurfaceIfNeeded:3585 android.view.ViewRootImpl.relayoutWindow:11685 android.view.ViewRootImpl.performTraversals:4804 android.view.ViewRootImpl.doTraversal:3924 android.view.ViewRootImpl$TraversalRunnable.run:12903 android.view.Choreographer$CallbackRecord.run:1901 android.view.Choreographer$CallbackRecord.run:1910 android.view.Choreographer.doCallbacks:1367 android.view.Choreographer.doFrame:1292 android.view.Choreographer$FrameDisplayEventReceiver.run:1870 
