02-09 20:00:21.249 31897 31897 I BLASTBufferQueue_Java: update, w= 1080 h= 2340 mName = VRI[FinderShareFeedRelUI]@e60e410 mNativeObject= 0x75d8b75420 sc.mNativeObject= 0x7658828390 format= -2 caller= android.view.ViewRootImpl.updateBlastSurfaceIfNeeded:3574 android.view.ViewRootImpl.relayoutWindow:11685 android.view.ViewRootImpl.performTraversals:4804 android.view.ViewRootImpl.doTraversal:3924 android.view.ViewRootImpl$TraversalRunnable.run:12903 android.view.Choreographer$CallbackRecord.run:1901 
02-09 20:00:21.249  2827  5602 I WindowManager: Relayout Window{9a042ea u0 com.tencent.mm/com.tencent.mm.plugin.finder.ui.FinderShareFeedRelUI}: viewVisibility=0 req=1080x2340 ty=1 d0
02-09 20:00:21.249 31897 31897 I VRI[FinderShareFeedRelUI]@e60e410: Relayout returned: old=(0,0,1080,2340) new=(0,0,1080,2340) relayoutAsync=true req=(1080,2340)0 dur=0 res=0x0 s={true 0x75293ccc70} ch=false seqId=0
02-09 20:00:21.250  2827  5602 I WindowManager: Relayout hash=9a042ea, pid=0, syncId=-1: mAttrs={(0,0)(fillxfill) sim={adjust=nothing} layoutInDisplayCutoutMode=shortEdges ty=BASE_APPLICATION fmt=TRANSPARENT wanim=0x7f11020f
02-09 20:00:21.251  1888  6748 D AidlBufferPool: bufferpool2 0xb4000074636db7b8 : 33(540672 size) total buffers - 33(540672 size) used buffers - 0/33 (recycle/alloc) - 0/0 (fetch/transfer)
02-09 20:00:21.252  1888  6748 D AidlBufferPool: bufferpool2 0xb4000074636c0be8 : 32(524288 size) total buffers - 32(524288 size) used buffers - 0/32 (recycle/alloc) - 0/0 (fetch/transfer)
02-09 20:00:21.258  1956 24713 I AudioPolicyEffectException: MySpaceHandler::checkDetachCondition media 1, ring 0, mp 0
02-09 20:00:21.258  1956 24713 I AudioPolicyEffectException: MySpace detach value 1
02-09 20:00:21.460  1888  6748 D AidlBufferPool: Destruction - bufferpool2 0xb4000074636db7b8 cached: 0/0M, 0/0% in use; allocs: 33, 0% recycled; transfers: 0, 0% unfetched
02-09 20:00:21.463 31897  3334 D AidlBufferPool: bufferpool2 0x7548b08ea8 : 0(0 size) total buffers - 0(0 size) used buffers - 1/11 (recycle/alloc) - 26/262 (fetch/transfer)
02-09 20:00:21.463 31897  3334 D AidlBufferPool: Destruction - bufferpool2 0x7548b08ea8 cached: 0/0M, 0/0% in use; allocs: 11, 9% recycled; transfers: 262, 90% unfetched
02-09 20:00:23.081  2827  4601 E WifiStaIfaceAidlImpl: getCachedScanData failed with service-specific exception: android.os.ServiceSpecificException:  (code 4)
02-09 20:00:24.057  2827  3105 D BatteryExternalStatsWorker: Fetch WiFi data
02-09 20:00:24.067  2827  4601 E WifiStaIfaceAidlImpl: getCachedScanData failed with service-specific exception: android.os.ServiceSpecificException:  (code 4)
02-09 20:00:24.121 31897  3536 D AidlBufferPool: bufferpool2 0x7548b416d8 : 10(83886080 size) total buffers - 10(83886080 size) used buffers - 1/11 (recycle/alloc) - 25/89 (fetch/transfer)
02-09 20:00:24.245  1882  1882 I SDM     : DisplayBuiltIn::SetActiveConfig: setting activeConfig(2) on Display 16777284-0. error(0)
02-09 20:00:25.552  1888  2696 D AidlBufferPool: bufferpool2 0xb4000074636ce798 : 33(540672 size) total buffers - 33(540672 size) used buffers - 0/33 (recycle/alloc) - 0/0 (fetch/transfer)
02-09 20:00:26.096  2827  4601 E WifiStaIfaceAidlImpl: getCachedScanData failed with service-specific exception: android.os.ServiceSpecificException:  (code 4)
02-09 20:00:26.254 31897  9760 D AidlBufferPool: bufferpool2 0x7548952b28 : 10(83886080 size) total buffers - 10(83886080 size) used buffers - 1/11 (recycle/alloc) - 28/179 (fetch/transfer)
02-09 20:00:26.254 31897  9760 D AidlBufferPool: bufferpool2 0x7548a90f48 : 10(83886080 size) total buffers - 10(83886080 size) used buffers - 1/11 (recycle/alloc) - 28/283 (fetch/transfer)
02-09 20:00:26.554  1888  2696 D AidlBufferPool: bufferpool2 0xb4000074636c96a8 : 27(442368 size) total buffers - 27(442368 size) used buffers - 0/27 (recycle/alloc) - 0/0 (fetch/transfer)
02-09 20:00:26.554  1888  2696 D AidlBufferPool: bufferpool2 0xb4000074636dc598 : 32(524288 size) total buffers - 32(524288 size) used buffers - 0/32 (recycle/alloc) - 0/0 (fetch/transfer)
02-09 20:00:27.254 31897  9760 D AidlBufferPool: bufferpool2 0x7548a9b818 : 10(83886080 size) total buffers - 10(83886080 size) used buffers - 1/11 (recycle/alloc) - 8/9 (fetch/transfer)
02-09 20:00:28.413  6410  6410 W JobService: onNetworkChanged() not implemented in com.google.android.datatransport.runtime.scheduling.jobscheduling.JobInfoSchedulerService. Must override in a subclass.
02-09 20:00:29.112  2827  4601 E WifiStaIfaceAidlImpl: getCachedScanData failed with service-specific exception: android.os.ServiceSpecificException:  (code 4)
02-09 20:00:29.355 31897  3536 D AidlBufferPool: bufferpool2 0x7548b416d8 : 10(83886080 size) total buffers - 10(83886080 size) used buffers - 1/11 (recycle/alloc) - 25/246 (fetch/transfer)
02-09 20:00:29.565  2827  4736 D WifiConnectivityMonitor.NetworkStatsAnalyzer: Backhaul result - RSSI:-32, CE:87, PE:89, TI:106, PTI:108, TW:17, PTW:14, Tx:2340, Rx:3169, TxS:218, RxS:225, RESULT:true, IC:0, ICT:5, WC:0, WCT:5, R:2, RC:0, IE:0, EC:0
02-09 20:00:32.123  2827  4601 E WifiStaIfaceAidlImpl: getCachedScanData failed with service-specific exception: android.os.ServiceSpecificException:  (code 4)
02-09 20:00:34.479  1882  1882 I SDM     : DisplayBuiltIn::SetActiveConfig: setting activeConfig(0) on Display 16777284-0. error(0)
02-09 20:00:34.539 31897  3536 D AidlBufferPool: bufferpool2 0x7548b416d8 : 10(83886080 size) total buffers - 10(83886080 size) used buffers - 1/11 (recycle/alloc) - 25/398 (fetch/transfer)
02-09 20:00:34.554  1888  2038 D AidlBufferPool: bufferpool2 0xb4000074636c0be8 : 0(0 size) total buffers - 0(0 size) used buffers - 0/32 (recycle/alloc) - 0/0 (fetch/transfer)
02-09 20:00:34.554  1888  2038 D AidlBufferPool: Destruction - bufferpool2 0xb4000074636c0be8 cached: 0/0M, 0/0% in use; allocs: 32, 0% recycled; transfers: 0, 0% unfetched
02-09 20:00:34.556 31897  3373 D AidlBufferPool: bufferpool2 0x7548952b28 : 0(0 size) total buffers - 0(0 size) used buffers - 1/11 (recycle/alloc) - 28/179 (fetch/transfer)
02-09 20:00:34.556 31897  3373 D AidlBufferPool: Destruction - bufferpool2 0x7548952b28 cached: 0/0M, 0/0% in use; allocs: 11, 9% recycled; transfers: 179, 84% unfetched
02-09 20:00:34.724  2827  3105 D BatteryExternalStatsWorker: update stats : update-network-download (6)
02-09 20:00:34.724  2827  3105 D BatteryExternalStatsWorker: Fetch WiFi data
02-09 20:00:34.733  2827  4601 E WifiStaIfaceAidlImpl: getCachedScanData failed with service-specific exception: android.os.ServiceSpecificException:  (code 4)
02-09 20:00:34.799  2827  2851 I WindowManager: Relayout Window{9a042ea u0 com.tencent.mm/com.tencent.mm.plugin.finder.ui.FinderShareFeedRelUI}: viewVisibility=0 req=1080x2340 ty=1 d0
02-09 20:00:34.799 31897 31897 I BLASTBufferQueue_Java: update, w= 1080 h= 2340 mName = VRI[FinderShareFeedRelUI]@e60e410 mNativeObject= 0x75d8b75420 sc.mNativeObject= 0x7658828390 format= -2 caller= android.view.ViewRootImpl.updateBlastSurfaceIfNeeded:3574 android.view.ViewRootImpl.relayoutWindow:11685 android.view.ViewRootImpl.performTraversals:4804 android.view.ViewRootImpl.doTraversal:3924 android.view.ViewRootImpl$TraversalRunnable.run:12903 android.view.Choreographer$CallbackRecord.run:1901 
02-09 20:00:34.799 31897 31897 I VRI[FinderShareFeedRelUI]@e60e410: Relayout returned: old=(0,0,1080,2340) new=(0,0,1080,2340) relayoutAsync=true req=(1080,2340)0 dur=0 res=0x0 s={true 0x75293ccc70} ch=false seqId=0
02-09 20:00:34.800  2827  2851 I WindowManager: Relayout hash=9a042ea, pid=0, syncId=-1: mAttrs={(0,0)(fillxfill) sim={adjust=nothing} layoutInDisplayCutoutMode=shortEdges ty=BASE_APPLICATION fmt=TRANSPARENT wanim=0x7f11020f
02-09 20:00:34.915  1888  2696 D AidlBufferPool: bufferpool2 0xb4000074636dc598 : 33(540672 size) total buffers - 33(540672 size) used buffers - 0/33 (recycle/alloc) - 0/0 (fetch/transfer)
02-09 20:00:35.134  2827  4601 E WifiStaIfaceAidlImpl: getCachedScanData failed with service-specific exception: android.os.ServiceSpecificException:  (code 4)
02-09 20:00:35.510 31897 31897 V InputMethodManagerUtils: getMaxLengthForEditText InputFilter = java.lang.NoSuchMethodException: com.tencent.mm.plugin.finder.view.j6.getMaxLength []
02-09 20:00:35.510 31897 31897 V InputMethodManagerUtils: getMaxLengthForEditText InputFilter = java.lang.NoSuchMethodException: com.tencent.mm.plugin.finder.view.h6.getMaxLength []
02-09 20:00:35.510 31897 31897 V InputMethodManagerUtils: getMaxLengthForEditText InputFilter = java.lang.NoSuchMethodException: com.tencent.mm.plugin.finder.view.FinderCommentEditText.getMaxLength []
02-09 20:00:35.623  1882  1882 W SDM     : ScalarConfig::ApplyDestScaleConfig: GetAIScaleSettingsInfo returned error=1
02-09 20:00:36.632  1882  1882 W SDM     : ScalarConfig::ApplyDestScaleConfig: GetAIScaleSettingsInfo returned error=1
02-09 20:00:36.856  1858  1858 E AHAL_Platform_QTI: configureAndFetchPalDevices the set devices is empty
02-09 20:00:36.901  1858  2977 E ACDB    : vendor/qcom/proprietary/args/acdb/src/acdb_command.c:AcdbCmdGetProcSubgraphCalDataPersist:8255 Error[19]: No calibration found
02-09 20:00:36.901  1858  2977 E ACDB    : vendor/qcom/proprietary/args/acdb/src/acdb_command.c:AcdbCmdGetProcSubgraphCalDataPersist:8255 Error[19]: No calibration found
02-09 20:00:36.901  1858  2977 E ACDB    : vendor/qcom/proprietary/args/acdb/src/acdb_command.c:AcdbCmdGetProcSubgraphCalDataPersist:8255 Error[19]: No calibration found
02-09 20:00:38.149  2827  4601 E WifiStaIfaceAidlImpl: getCachedScanData failed with service-specific exception: android.os.ServiceSpecificException:  (code 4)
02-09 20:00:39.568  2827  4736 D WifiConnectivityMonitor.NetworkStatsAnalyzer: Backhaul result - RSSI:-33, CE:82, PE:87, TI:100, PTI:106, TW:16, PTW:17, Tx:472, Rx:469, TxS:196, RxS:198, RESULT:true, IC:0, ICT:5, WC:0, WCT:5, R:1, RC:0, IE:0, EC:0
02-09 20:00:39.974  1882  1882 I SDM     : DisplayBuiltIn::SetActiveConfig: setting activeConfig(2) on Display 16777284-0. error(0)
02-09 20:00:39.975  1882  1882 W SDM     : ScalarConfig::ApplyDestScaleConfig: GetAIScaleSettingsInfo returned error=1
02-09 20:00:41.169  2827  4601 E WifiStaIfaceAidlImpl: getCachedScanData failed with service-specific exception: android.os.ServiceSpecificException:  (code 4)
02-09 20:00:43.645  1882  1882 I SDM     : DisplayBuiltIn::SetActiveConfig: setting activeConfig(0) on Display 16777284-0. error(0)
02-09 20:00:43.645  1882  1882 W SDM     : ScalarConfig::ApplyDestScaleConfig: GetAIScaleSettingsInfo returned error=1
02-09 20:00:44.179  2827  4601 E WifiStaIfaceAidlImpl: getCachedScanData failed with service-specific exception: android.os.ServiceSpecificException:  (code 4)
02-09 20:00:45.985  2827  4736 D WifiConnectivityMonitor.NetworkStatsAnalyzer: DNS resultType : 0, responseTime : 208
02-09 20:00:45.985  2827  4732 D OpenNetworkQos[4.00]: updateBssidLatestDnsResultType - result: 0
02-09 20:00:45.985  2827  4732 D OpenNetworkQos[4.00]: updateBssidNoInternet: mBssidNoInternet = false
02-09 20:00:45.985  2827  4732 D OpenNetworkQos[4.00]: getOpenNetworkQosNoInternetStatus: false
02-09 20:00:45.985  2827  4732 D OpenNetworkQos[4.00]: getOpenNetworkQosScores: 26 26 0 
02-09 20:00:45.986  2827  4732 I WifiProfileShare: network QoS data was changed (internet), updateQoSData networkType: true, qosData: false
02-09 20:00:46.603  1882  1882 W SDM     : ScalarConfig::ApplyDestScaleConfig: GetAIScaleSettingsInfo returned error=1
02-09 20:00:47.216  2827  4601 E WifiStaIfaceAidlImpl: getCachedScanData failed with service-specific exception: android.os.ServiceSpecificException:  (code 4)
02-09 20:00:49.571  2827  4736 D WifiConnectivityMonitor.NetworkStatsAnalyzer: Backhaul result - RSSI:-33, CE:82, PE:82, TI:99, PTI:100, TW:12, PTW:16, Tx:104, Rx:82, TxS:69, RxS:60, RESULT:true, IC:0, ICT:5, WC:0, WCT:5, R:0, RC:0, IE:0, EC:0
02-09 20:00:50.127  1882  1882 W SDM     : ScalarConfig::ApplyDestScaleConfig: GetAIScaleSettingsInfo returned error=1
02-09 20:00:50.207 31897 31897 V InputMethodManagerUtils: getMaxLengthForEditText InputFilter = java.lang.NoSuchMethodException: com.tencent.mm.plugin.finder.view.j6.getMaxLength []
02-09 20:00:50.207 31897 31897 V InputMethodManagerUtils: getMaxLengthForEditText InputFilter = java.lang.NoSuchMethodException: com.tencent.mm.plugin.finder.view.h6.getMaxLength []
02-09 20:00:50.208 31897 31897 V InputMethodManagerUtils: getMaxLengthForEditText InputFilter = java.lang.NoSuchMethodException: com.tencent.mm.plugin.finder.view.FinderCommentEditText.getMaxLength []
02-09 20:00:50.225  2827  4601 E WifiStaIfaceAidlImpl: getCachedScanData failed with service-specific exception: android.os.ServiceSpecificException:  (code 4)
02-09 20:00:50.850  2827  4411 V GmsAlarmManager: networkInfo:[type: WIFI[], state: CONNECTED/CONNECTED, reason: (unspecified), extra: , failover: false, available: true, roaming: false]
02-09 20:00:50.850  2827  4411 V GmsAlarmManager: checkGoogleNetwork: https://www.google.com/
02-09 20:00:50.850  2827  4411 V GmsAlarmManager: checkGoogleNetworkByDefault addr: https://www.google.com/
02-09 20:00:51.136  1882  1882 W SDM     : ScalarConfig::ApplyDestScaleConfig: GetAIScaleSettingsInfo returned error=1
02-09 20:00:51.245 31897  3812 E FA      : Task exception on worker thread: java.lang.IllegalStateException: AppMeasurement is not initialized: com.google.android.gms.internal.measurement.zzgl.zzch(Unknown Source:9)
02-09 20:00:51.258  2827  7742 D AppLockPolicy: isActivityInExceptionList: 
02-09 20:00:51.266 31897  3812 E FA      : Task exception on worker thread: java.lang.IllegalStateException: AppMeasurement is not initialized: com.google.android.gms.internal.measurement.zzgl.zzch(Unknown Source:9)
02-09 20:00:51.291  2827  5367 I WindowManager: Relayout Window{9471e3 u0 com.tencent.mm/com.tencent.mm.plugin.brandservice.ui.flutter.BizFlutterTLFlutterViewActivity}: viewVisibility=0 req=1080x2340 ty=1 d0
02-09 20:00:51.292  2827  5367 D WindowManager: Changing focus from null to Window{9471e3 u0 com.tencent.mm/com.tencent.mm.plugin.brandservice.ui.flutter.BizFlutterTLFlutterViewActivity} displayId=0 Callers=com.android.server.wm.WindowManagerService.relayoutWindow:1350 com.android.server.wm.Session.relayout:27 android.view.IWindowSession$Stub.onTransact:829 com.android.server.wm.Session.onTransact:1 
02-09 20:00:51.292  2827  5367 D InsetsSourceProvider: updateControlForTarget: control=InsetsSourceControl: {fcb20000 mType=statusBars initiallyVisible mSurfacePosition=Point(0, 0) mInsetsHint=Insets{left=0, top=91, right=0, bottom=0}}, target=Window{9471e3 u0 com.tencent.mm/com.tencent.mm.plugin.brandservice.ui.flutter.BizFlutterTLFlutterViewActivity}, from=com.android.server.wm.InsetsStateController.onControlTargetChanged:83 com.android.server.wm.InsetsPolicy.updateBarControlTarget:212 com.android.server.wm.DisplayPolicy.updateSystemBarAttributes:262 com.android.server.wm.WindowManagerService.updateFocusedWindowLocked:372 com.android.server.wm.WindowManagerService.relayoutWindow:1350 
02-09 20:00:51.292  2827  5367 D InsetsSourceProvider: updateControlForTarget: control=InsetsSourceControl: {f9470001 mType=navigationBars initiallyVisible mSurfacePosition=Point(0, 2196) mInsetsHint=Insets{left=0, top=0, right=0, bottom=144}}, target=Window{9471e3 u0 com.tencent.mm/com.tencent.mm.plugin.brandservice.ui.flutter.BizFlutterTLFlutterViewActivity}, from=com.android.server.wm.InsetsStateController.onControlTargetChanged:83 com.android.server.wm.InsetsPolicy.updateBarControlTarget:225 com.android.server.wm.DisplayPolicy.updateSystemBarAttributes:262 com.android.server.wm.WindowManagerService.updateFocusedWindowLocked:372 com.android.server.wm.WindowManagerService.relayoutWindow:1350 
02-09 20:00:51.292  2827  5367 D WindowManager: updateSystemBarAttributes: displayId=0, focusedCanBeNavColorWin=false, win=Window{9471e3 u0 com.tencent.mm/com.tencent.mm.plugin.brandservice.ui.flutter.BizFlutterTLFlutterViewActivity}, navColorWin=Window{9a042ea u0 com.tencent.mm/com.tencent.mm.plugin.finder.ui.FinderShareFeedRelUI}, caller=com.android.server.wm.WindowManagerService.updateFocusedWindowLocked:372 com.android.server.wm.WindowManagerService.relayoutWindow:1350 com.android.server.wm.Session.relayout:27 
02-09 20:00:51.293  2827  5367 I WindowManager: Relayout hash=9471e3, pid=31897, syncId=-1: mAttrs={(0,0)(fillxfill) sim={adjust=resize} layoutInDisplayCutoutMode=shortEdges ty=BASE_APPLICATION fmt=TRANSPARENT
02-09 20:00:51.293 31897 31897 I BLASTBufferQueue_Java: new BLASTBufferQueue, mName= VRI[BizFlutterTLFlutterViewActivity]@4d233dd mNativeObject= 0x75d9883430 caller= android.view.ViewRootImpl.updateBlastSurfaceIfNeeded:3585 android.view.ViewRootImpl.relayoutWindow:11685 android.view.ViewRootImpl.performTraversals:4804 android.view.ViewRootImpl.doTraversal:3924 android.view.ViewRootImpl$TraversalRunnable.run:12903 android.view.Choreographer$CallbackRecord.run:1901 android.view.Choreographer$CallbackRecord.run:1910 android.view.Choreographer.doCallbacks:1367 android.view.Choreographer.doFrame:1292 android.view.Choreographer$FrameDisplayEventReceiver.run:1870 
02-09 20:00:51.293 31897 31897 I BLASTBufferQueue_Java: update, w= 1080 h= 2340 mName = VRI[BizFlutterTLFlutterViewActivity]@4d233dd mNativeObject= 0x75d9883430 sc.mNativeObject= 0x7658861810 format= -2 caller= android.view.ViewRootImpl.updateBlastSurfaceIfNeeded:3590 android.view.ViewRootImpl.relayoutWindow:11685 android.view.ViewRootImpl.performTraversals:4804 android.view.ViewRootImpl.doTraversal:3924 android.view.ViewRootImpl$TraversalRunnable.run:12903 android.view.Choreographer$CallbackRecord.run:1901 
02-09 20:00:51.293 31897 31897 I VRI[BizFlutterTLFlutterViewActivity]@4d233dd: Relayout returned: old=(0,0,1080,2340) new=(0,0,1080,2340) relayoutAsync=false req=(1080,2340)0 dur=2 res=0x3 s={true 0x7529dff960} ch=true seqId=0
02-09 20:00:51.301 31897 31897 I BLASTBufferQueue_Java: update, w= 1080 h= 2340 mName = VRI[BizFlutterTLFlutterViewActivity]@4d233dd mNativeObject= 0x75d9883430 sc.mNativeObject= 0x7658861810 format= -2 caller= android.view.ViewRootImpl.updateBlastSurfaceIfNeeded:3574 android.view.ViewRootImpl.relayoutWindow:11685 android.view.ViewRootImpl.performTraversals:4804 android.view.ViewRootImpl.doTraversal:3924 android.view.ViewRootImpl$TraversalRunnable.run:12903 android.view.Choreographer$CallbackRecord.run:1901 
02-09 20:00:51.301 31897 31897 I VRI[BizFlutterTLFlutterViewActivity]@4d233dd: Relayout returned: old=(0,0,1080,2340) new=(0,0,1080,2340) relayoutAsync=true req=(1080,2340)0 dur=0 res=0x0 s={true 0x7529dff960} ch=false seqId=0
02-09 20:00:51.301  2827  3058 V WindowManager:     startWCT=WindowContainerTransaction { changes= {} hops= [] errorCallbackToken=null taskFragmentOrganizer=null }
02-09 20:00:51.301  2827  6508 I WindowManager: Relayout Window{9471e3 u0 com.tencent.mm/com.tencent.mm.plugin.brandservice.ui.flutter.BizFlutterTLFlutterViewActivity}: viewVisibility=0 req=1080x2340 ty=1 d0
02-09 20:00:51.302  2827  6508 I WindowManager: Relayout hash=9471e3, pid=0, syncId=-1: mAttrs={(0,0)(fillxfill) sim={adjust=resize} layoutInDisplayCutoutMode=shortEdges ty=BASE_APPLICATION fmt=TRANSPARENT
02-09 20:00:51.625  2827  6508 I WindowManager: Relayout Window{9a042ea u0 com.tencent.mm/com.tencent.mm.plugin.finder.ui.FinderShareFeedRelUI}: viewVisibility=8 req=1080x2340 ty=1 d0
02-09 20:00:51.626  2827  6508 I WindowManager: Relayout hash=9a042ea, pid=31897, syncId=-1: mAttrs={(0,0)(fillxfill) sim={adjust=nothing} layoutInDisplayCutoutMode=shortEdges ty=BASE_APPLICATION fmt=TRANSPARENT wanim=0x7f11020f
02-09 20:00:51.627 31897 31897 I VRI[FinderShareFeedRelUI]@e60e410: Relayout returned: old=(0,0,1080,2340) new=(0,0,1080,2340) relayoutAsync=false req=(1080,2340)8 dur=1 res=0x2 s={false 0x0} ch=true seqId=0
02-09 20:00:51.738  1888  2038 D AidlBufferPool: bufferpool2 0xb4000074636ce798 : 0(0 size) total buffers - 0(0 size) used buffers - 0/33 (recycle/alloc) - 0/0 (fetch/transfer)
02-09 20:00:51.738  1888  2038 D AidlBufferPool: Destruction - bufferpool2 0xb4000074636ce798 cached: 0/0M, 0/0% in use; allocs: 33, 0% recycled; transfers: 0, 0% unfetched
02-09 20:00:51.740 31897  3489 D AidlBufferPool: bufferpool2 0x7548a90f48 : 0(0 size) total buffers - 0(0 size) used buffers - 1/11 (recycle/alloc) - 28/283 (fetch/transfer)
02-09 20:00:51.756  1888  2038 D AidlBufferPool: bufferpool2 0xb4000074636dc598 : 0(0 size) total buffers - 0(0 size) used buffers - 0/33 (recycle/alloc) - 0/0 (fetch/transfer)
02-09 20:00:51.756  1888  2038 D AidlBufferPool: Destruction - bufferpool2 0xb4000074636dc598 cached: 0/0M, 0/0% in use; allocs: 33, 0% recycled; transfers: 0, 0% unfetched
02-09 20:00:51.758 31897  3537 D AidlBufferPool: bufferpool2 0x7548b416d8 : 0(0 size) total buffers - 0(0 size) used buffers - 1/11 (recycle/alloc) - 25/404 (fetch/transfer)
02-09 20:00:51.770  1888  2040 D AidlBufferPool: bufferpool2 0xb4000074636c96a8 : 0(0 size) total buffers - 0(0 size) used buffers - 0/27 (recycle/alloc) - 0/0 (fetch/transfer)
02-09 20:00:51.770  1888  2040 D AidlBufferPool: Destruction - bufferpool2 0xb4000074636c96a8 cached: 0/0M, 0/0% in use; allocs: 27, 0% recycled; transfers: 0, 0% unfetched
02-09 20:00:51.771 31897  3630 D AidlBufferPool: bufferpool2 0x7548a9b818 : 0(0 size) total buffers - 0(0 size) used buffers - 1/11 (recycle/alloc) - 8/9 (fetch/transfer)
02-09 20:00:52.177  1882  1882 W SDM     : ScalarConfig::ApplyDestScaleConfig: GetAIScaleSettingsInfo returned error=1
02-09 20:00:52.962 31897  3812 E FA      : Task exception on worker thread: java.lang.IllegalStateException: AppMeasurement is not initialized: com.google.android.gms.internal.measurement.zzgl.zzch(Unknown Source:9)
02-09 20:00:52.966  2827  5367 D AppLockPolicy: isActivityInExceptionList: 
02-09 20:00:52.976 31897  3812 E FA      : Task exception on worker thread: java.lang.IllegalStateException: AppMeasurement is not initialized: com.google.android.gms.internal.measurement.zzgl.zzch(Unknown Source:9)
02-09 20:00:52.998  2827  6508 I WindowManager: Relayout Window{f041d85 u0 com.tencent.mm/com.tencent.mm.ui.LauncherUI}: viewVisibility=0 req=1080x2340 ty=1 d0
02-09 20:00:52.998  2827  6508 D WindowManager: Changing focus from null to Window{f041d85 u0 com.tencent.mm/com.tencent.mm.ui.LauncherUI} displayId=0 Callers=com.android.server.wm.WindowManagerService.relayoutWindow:1350 com.android.server.wm.Session.relayout:27 android.view.IWindowSession$Stub.onTransact:829 com.android.server.wm.Session.onTransact:1 
02-09 20:00:52.999  2827  6508 D InsetsSourceProvider: updateControlForTarget: control=InsetsSourceControl: {fcb20000 mType=statusBars initiallyVisible mSurfacePosition=Point(0, 0) mInsetsHint=Insets{left=0, top=91, right=0, bottom=0}}, target=Window{f041d85 u0 com.tencent.mm/com.tencent.mm.ui.LauncherUI}, from=com.android.server.wm.InsetsStateController.onControlTargetChanged:83 com.android.server.wm.InsetsPolicy.updateBarControlTarget:212 com.android.server.wm.DisplayPolicy.updateSystemBarAttributes:262 com.android.server.wm.WindowManagerService.updateFocusedWindowLocked:372 com.android.server.wm.WindowManagerService.relayoutWindow:1350 
02-09 20:00:52.999  2827  6508 D InsetsSourceProvider: updateControlForTarget: control=InsetsSourceControl: {f9470001 mType=navigationBars initiallyVisible mSurfacePosition=Point(0, 2196) mInsetsHint=Insets{left=0, top=0, right=0, bottom=144}}, target=Window{f041d85 u0 com.tencent.mm/com.tencent.mm.ui.LauncherUI}, from=com.android.server.wm.InsetsStateController.onControlTargetChanged:83 com.android.server.wm.InsetsPolicy.updateBarControlTarget:225 com.android.server.wm.DisplayPolicy.updateSystemBarAttributes:262 com.android.server.wm.WindowManagerService.updateFocusedWindowLocked:372 com.android.server.wm.WindowManagerService.relayoutWindow:1350 
02-09 20:00:52.999  2827  6508 I WindowManager: Relayout hash=f041d85, pid=31897, syncId=-1: mAttrs={(0,0)(fillxfill) sim={adjust=nothing} layoutInDisplayCutoutMode=shortEdges ty=BASE_APPLICATION wanim=0x7f1101f4
02-09 20:00:52.999 31897 31897 I BLASTBufferQueue_Java: new BLASTBufferQueue, mName= VRI[LauncherUI]@407c3ae mNativeObject= 0x75d8c9d690 caller= android.view.ViewRootImpl.updateBlastSurfaceIfNeeded:3585 android.view.ViewRootImpl.relayoutWindow:11685 android.view.ViewRootImpl.performTraversals:4804 android.view.ViewRootImpl.doTraversal:3924 android.view.ViewRootImpl$TraversalRunnable.run:12903 android.view.Choreographer$CallbackRecord.run:1901 android.view.Choreographer$CallbackRecord.run:1910 android.view.Choreographer.doCallbacks:1367 android.view.Choreographer.doFrame:1292 android.view.Choreographer$FrameDisplayEventReceiver.run:1870 
02-09 20:00:52.999 31897 31897 I BLASTBufferQueue_Java: update, w= 1080 h= 2340 mName = VRI[LauncherUI]@407c3ae mNativeObject= 0x75d8c9d690 sc.mNativeObject= 0x76587cfa10 format= -1 caller= android.view.ViewRootImpl.updateBlastSurfaceIfNeeded:3590 android.view.ViewRootImpl.relayoutWindow:11685 android.view.ViewRootImpl.performTraversals:4804 android.view.ViewRootImpl.doTraversal:3924 android.view.ViewRootImpl$TraversalRunnable.run:12903 android.view.Choreographer$CallbackRecord.run:1901 
02-09 20:00:53.000 31897 31897 I VRI[LauncherUI]@407c3ae: Relayout returned: old=(0,0,1080,2340) new=(0,0,1080,2340) relayoutAsync=false req=(1080,2340)0 dur=2 res=0x3 s={true 0x75291fc790} ch=true seqId=0
02-09 20:00:53.033  2827  3058 V WindowManager:     startWCT=WindowContainerTransaction { changes= {} hops= [] errorCallbackToken=null taskFragmentOrganizer=null }
02-09 20:00:53.237  2827  4601 E WifiStaIfaceAidlImpl: getCachedScanData failed with service-specific exception: android.os.ServiceSpecificException:  (code 4)
02-09 20:00:53.354  2827  5367 I WindowManager: Relayout Window{9471e3 u0 com.tencent.mm/com.tencent.mm.plugin.brandservice.ui.flutter.BizFlutterTLFlutterViewActivity}: viewVisibility=8 req=1080x2340 ty=1 d0
02-09 20:00:53.354  2827  5367 I WindowManager: Relayout hash=9471e3, pid=31897, syncId=-1: mAttrs={(0,0)(fillxfill) sim={adjust=resize} layoutInDisplayCutoutMode=shortEdges ty=BASE_APPLICATION fmt=TRANSPARENT
02-09 20:00:53.355 31897 31897 I VRI[BizFlutterTLFlutterViewActivity]@4d233dd: Relayout returned: old=(0,0,1080,2340) new=(0,0,1080,2340) relayoutAsync=false req=(1080,2340)8 dur=1 res=0x2 s={false 0x0} ch=true seqId=0
02-09 20:00:54.210  1882  1882 W SDM     : ScalarConfig::ApplyDestScaleConfig: GetAIScaleSettingsInfo returned error=1
02-09 20:00:55.189  2827  6508 I WindowManager: Relayout Window{f041d85 u0 com.tencent.mm/com.tencent.mm.ui.LauncherUI}: viewVisibility=0 req=1080x2340 ty=1 d0
02-09 20:00:55.189 31897 31897 I BLASTBufferQueue_Java: update, w= 1080 h= 2340 mName = VRI[LauncherUI]@407c3ae mNativeObject= 0x75d8c9d690 sc.mNativeObject= 0x76587cfa10 format= -1 caller= android.view.ViewRootImpl.updateBlastSurfaceIfNeeded:3574 android.view.ViewRootImpl.relayoutWindow:11685 android.view.ViewRootImpl.performTraversals:4804 android.view.ViewRootImpl.doTraversal:3924 android.view.ViewRootImpl$TraversalRunnable.run:12903 android.view.Choreographer$CallbackRecord.run:1901 
02-09 20:00:55.189 31897 31897 I VRI[LauncherUI]@407c3ae: Relayout returned: old=(0,0,1080,2340) new=(0,0,1080,2340) relayoutAsync=true req=(1080,2340)0 dur=0 res=0x0 s={true 0x75291fc790} ch=false seqId=0
02-09 20:00:55.190  2827  6508 I WindowManager: Relayout hash=f041d85, pid=0, syncId=-1: mAttrs={(0,0)(fillxfill) sim={adjust=nothing} layoutInDisplayCutoutMode=shortEdges ty=BASE_APPLICATION wanim=0x7f1101f4
02-09 20:00:55.317  1882  1882 W SDM     : ScalarConfig::ApplyDestScaleConfig: GetAIScaleSettingsInfo returned error=1
02-09 20:00:55.418  1882  1882 W SDM     : ScalarConfig::ApplyDestScaleConfig: GetAIScaleSettingsInfo returned error=1
02-09 20:00:55.452  2827  4620 D ConnectivityService: releasing NetworkRequest [ REQUEST id=28672, [ Capabilities: INTERNET&NOT_RESTRICTED&TRUSTED&NOT_VCN_MANAGED&NOT_BANDWIDTH_CONSTRAINED Uid: 10359 RequestorUid: 10359 RequestorPkg: com.tencent.mm UnderlyingNetworks: Null] ] (release request)
02-09 20:00:55.453  2827  4620 D ConnectivityService:  Removing from current network [227 WIFI], leaving 240 requests.
02-09 20:00:55.518  1882  1882 W SDM     : ScalarConfig::ApplyDestScaleConfig: GetAIScaleSettingsInfo returned error=1
02-09 20:00:55.617  1882  1882 W SDM     : ScalarConfig::ApplyDestScaleConfig: GetAIScaleSettingsInfo returned error=1
02-09 20:00:55.719  1882  1882 W SDM     : ScalarConfig::ApplyDestScaleConfig: GetAIScaleSettingsInfo returned error=1
02-09 20:00:55.817  1882  1882 W SDM     : ScalarConfig::ApplyDestScaleConfig: GetAIScaleSettingsInfo returned error=1
02-09 20:00:55.919  1882  1882 W SDM     : ScalarConfig::ApplyDestScaleConfig: GetAIScaleSettingsInfo returned error=1
02-09 20:00:56.018  1882  1882 W SDM     : ScalarConfig::ApplyDestScaleConfig: GetAIScaleSettingsInfo returned error=1
02-09 20:00:56.118  1882  1882 W SDM     : ScalarConfig::ApplyDestScaleConfig: GetAIScaleSettingsInfo returned error=1
02-09 20:00:56.218  1882  1882 W SDM     : ScalarConfig::ApplyDestScaleConfig: GetAIScaleSettingsInfo returned error=1
02-09 20:00:56.253  2827  4601 E WifiStaIfaceAidlImpl: getCachedScanData failed with service-specific exception: android.os.ServiceSpecificException:  (code 4)
02-09 20:00:56.295  3919  3919 D ApplicationLoaders: Returning zygote-cached class loader: /system/framework/org.apache.http.legacy.jar
02-09 20:00:56.317  1882  1882 W SDM     : ScalarConfig::ApplyDestScaleConfig: GetAIScaleSettingsInfo returned error=1
02-09 20:00:56.362  3919  3946 D ConnectivityManager: StackLog: [android.net.ConnectivityManager.sendRequestForNetwork(ConnectivityManager.java:4736)] [android.net.ConnectivityManager.registerDefaultNetworkCallbackForUid(ConnectivityManager.java:5461)] [android.net.ConnectivityManager.registerDefaultNetworkCallback(ConnectivityManager.java:5428)] [org.chromium.base.compat.ApiHelperForO.registerDefaultNetworkCallback(Unknown Source:0)] [org.chromium.net.NetworkChangeNotifierAutoDetect$ConnectivityManagerDelegate.registerDefaultNetworkCallback(Unknown Source:2)] [org.chromium.net.NetworkChangeNotifierAutoDetect.register(Unknown Source:27)] [org.chromium.net.NetworkChangeNotifierAutoDetect$RegistrationPolicy.register(Unknown Source:2)] [org.chromium.net.RegistrationPolicyAlwaysRegister.init(Unknown Source:3)] [org.chromium.net.NetworkChangeNotifierAutoDetect.<init>(Unknown Source:106)] [org.chromium.net.NetworkChangeNotifier.setAutoDetectConnectivityStateInternal(Unknown Source:13)] [org.chromium.net.NetworkChangeNotifier.registerToReceiveNotificationsAlways(Unknown Source:10)] [org.chromium.net.impl.CronetLibraryLoader.ensureInitializedOnInitThread(Unknown Source:75)] [org.chromium.net.impl.CronetLibraryLoader$1.run(Unknown Source:0)]
02-09 20:00:56.362  2827  7734 D ConnectivityService: requestNetwork for uid/pid:10359/3919 activeRequest: null callbackRequest: 28674 [NetworkRequest [ REQUEST id=28675, [ Capabilities: INTERNET&NOT_RESTRICTED&TRUSTED&NOT_VCN_MANAGED&NOT_BANDWIDTH_CONSTRAINED Uid: 10359 RequestorUid: 10359 RequestorPkg: com.tencent.mm UnderlyingNetworks: Null] ]] callback flags: 0 order: 2147483647 isUidTracked: false declaredMethods: AVAIL|LOST|NC|LP
02-09 20:00:56.363  2827  4620 D ConnectivityService:    accepting network in place of null for NetworkRequest [ REQUEST id=28675, [ Capabilities: INTERNET&NOT_RESTRICTED&TRUSTED&NOT_VCN_MANAGED&NOT_BANDWIDTH_CONSTRAINED Uid: 10359 RequestorUid: 10359 RequestorPkg: com.tencent.mm UnderlyingNetworks: Null] ]
02-09 20:00:56.364  2827  4601 D OemPaidWifiNetworkFactory: got request NetworkRequest [ REQUEST id=28675, [ Capabilities: INTERNET&NOT_RESTRICTED&TRUSTED&NOT_VCN_MANAGED&NOT_BANDWIDTH_CONSTRAINED Uid: 10359 RequestorUid: 10359 RequestorPkg: com.tencent.mm UnderlyingNetworks: Null] ]
02-09 20:00:56.364  2827  4601 D MultiInternetWifiNetworkFactory: got request NetworkRequest [ REQUEST id=28675, [ Capabilities: INTERNET&NOT_RESTRICTED&TRUSTED&NOT_VCN_MANAGED&NOT_BANDWIDTH_CONSTRAINED Uid: 10359 RequestorUid: 10359 RequestorPkg: com.tencent.mm UnderlyingNetworks: Null] ]
02-09 20:00:56.364  2827  4601 D WifiNetworkFactory: got request NetworkRequest [ REQUEST id=28675, [ Capabilities: INTERNET&NOT_RESTRICTED&TRUSTED&NOT_VCN_MANAGED&NOT_BANDWIDTH_CONSTRAINED Uid: 10359 RequestorUid: 10359 RequestorPkg: com.tencent.mm UnderlyingNetworks: Null] ]
02-09 20:00:56.364  2827  4601 D UntrustedWifiNetworkFactory: got request NetworkRequest [ REQUEST id=28675, [ Capabilities: INTERNET&NOT_RESTRICTED&TRUSTED&NOT_VCN_MANAGED&NOT_BANDWIDTH_CONSTRAINED Uid: 10359 RequestorUid: 10359 RequestorPkg: com.tencent.mm UnderlyingNetworks: Null] ]
02-09 20:00:56.364  2827  4620 D ConnectivityService: Rematched networks [computed 1ms] [applied 0ms] [issued 1]
02-09 20:00:56.364  2827  4620 D ConnectivityService: NetworkReassignment :
02-09 20:00:56.364  3919  3946 D ConnectivityManager: StackLog: [android.net.ConnectivityManager.sendRequestForNetwork(ConnectivityManager.java:4736)] [android.net.ConnectivityManager.sendRequestForNetwork(ConnectivityManager.java:4904)] [android.net.ConnectivityManager.registerNetworkCallback(ConnectivityManager.java:5321)] [org.chromium.net.NetworkChangeNotifierAutoDetect$ConnectivityManagerDelegate.registerNetworkCallback(Unknown Source:12)] [org.chromium.net.NetworkChangeNotifierAutoDetect.register(Unknown Source:73)] [org.chromium.net.NetworkChangeNotifierAutoDetect$RegistrationPolicy.register(Unknown Source:2)] [org.chromium.net.RegistrationPolicyAlwaysRegister.init(Unknown Source:3)] [org.chromium.net.NetworkChangeNotifierAutoDetect.<init>(Unknown Source:106)] [org.chromium.net.NetworkChangeNotifier.setAutoDetectConnectivityStateInternal(Unknown Source:13)] [org.chromium.net.NetworkChangeNotifier.registerToReceiveNotificationsAlways(Unknown Source:10)] [org.chromium.net.impl.CronetLibraryLoader.ensureInitializedOnInitThread(Unknown Source:75)] [org.chromium.net.impl.CronetLibraryLoader$1.run(Unknown Source:0)]
02-09 20:00:56.366  2827  4620 D ConnectivityService: Rematched networks [computed 0ms] [applied 0ms] [issued 1]
02-09 20:00:56.366  2827  4620 D ConnectivityService: NetworkReassignment : no changes
02-09 20:00:56.417  1882  1882 W SDM     : ScalarConfig::ApplyDestScaleConfig: GetAIScaleSettingsInfo returned error=1
02-09 20:00:56.517  1882  1882 W SDM     : ScalarConfig::ApplyDestScaleConfig: GetAIScaleSettingsInfo returned error=1
02-09 20:00:56.618  1882  1882 W SDM     : ScalarConfig::ApplyDestScaleConfig: GetAIScaleSettingsInfo returned error=1
02-09 20:00:56.725  1882  1882 W SDM     : ScalarConfig::ApplyDestScaleConfig: GetAIScaleSettingsInfo returned error=1
02-09 20:00:56.741 31897  9760 D AidlBufferPool: bufferpool2 0x7548a90f48 : 0(0 size) total buffers - 0(0 size) used buffers - 1/11 (recycle/alloc) - 28/283 (fetch/transfer)
02-09 20:00:56.818  1882  1882 W SDM     : ScalarConfig::ApplyDestScaleConfig: GetAIScaleSettingsInfo returned error=1
02-09 20:00:56.899  2827  4411 W System.err: java.net.SocketTimeoutException: failed to connect to www.google.com/2607:f8b0:400a:808::2004 (port 443) from /240e:391:edd:82b0:4606:9238:47ba:539c (port 47106) after 3000ms
02-09 20:00:56.905  2827  4411 W System.err: 	at com.android.okhttp.internal.Platform.connectSocket(Platform.java:182)
02-09 20:00:56.906  2827  4411 W System.err: 	at com.android.okhttp.internal.io.RealConnection.connectSocket(RealConnection.java:145)
02-09 20:00:56.906  2827  4411 W System.err: 	at com.android.okhttp.internal.io.RealConnection.connect(RealConnection.java:116)
02-09 20:00:56.906  2827  4411 W System.err: 	at com.android.okhttp.internal.http.StreamAllocation.findConnection(StreamAllocation.java:186)
02-09 20:00:56.906  2827  4411 W System.err: 	at com.android.okhttp.internal.http.StreamAllocation.findHealthyConnection(StreamAllocation.java:128)
02-09 20:00:56.906  2827  4411 W System.err: 	at com.android.okhttp.internal.http.StreamAllocation.newStream(StreamAllocation.java:97)
02-09 20:00:56.906  2827  4411 W System.err: 	at com.android.okhttp.internal.http.HttpEngine.connect(HttpEngine.java:289)
02-09 20:00:56.906  2827  4411 W System.err: 	at com.android.okhttp.internal.http.HttpEngine.sendRequest(HttpEngine.java:232)
02-09 20:00:56.906  2827  4411 W System.err: 	at com.android.okhttp.internal.huc.HttpURLConnectionImpl.execute(HttpURLConnectionImpl.java:465)
02-09 20:00:56.906  2827  4411 W System.err: 	at com.android.okhttp.internal.huc.HttpURLConnectionImpl.connect(HttpURLConnectionImpl.java:131)
02-09 20:00:56.906  2827  4411 W System.err: 	at com.android.okhttp.internal.huc.DelegatingHttpsURLConnection.connect(DelegatingHttpsURLConnection.java:90)
02-09 20:00:56.906  2827  4411 W System.err: 	at com.android.okhttp.internal.huc.HttpsURLConnectionImpl.connect(HttpsURLConnectionImpl.java:30)
02-09 20:00:56.906  2827  4411 W System.err: 	at com.android.server.alarm.GmsAlarmManager.-$$Nest$mcheckGoogleNetwork(qb/105473856 340d33b69cde019a912af1f895b0fd237abc26022395bc8052932a6022f61ac2:374)
02-09 20:00:56.906  2827  4411 D GmsAlarmManager: [GMS-CORE] China or hongkong mode and google network return: -1
02-09 20:00:56.906  2827  4411 V GmsAlarmManager: networkInfo:[type: WIFI[], state: CONNECTED/CONNECTED, reason: (unspecified), extra: , failover: false, available: true, roaming: false]
02-09 20:00:56.926  1882  1882 W SDM     : ScalarConfig::ApplyDestScaleConfig: GetAIScaleSettingsInfo returned error=1
02-09 20:00:56.931  2827  4411 W System.err: java.lang.IllegalStateException
02-09 20:00:56.931  2827  4411 W System.err: 	at com.android.server.net.NetworkManagementService.setUrlFirewallRuleMobileData(qb/105473856 340d33b69cde019a912af1f895b0fd237abc26022395bc8052932a6022f61ac2:6)
02-09 20:00:56.932  2827  4411 W System.err: java.lang.IllegalStateException
02-09 20:00:56.932  2827  4411 W System.err: 	at com.android.server.net.NetworkManagementService.setUrlFirewallRuleMobileData(qb/105473856 340d33b69cde019a912af1f895b0fd237abc26022395bc8052932a6022f61ac2:6)
02-09 20:00:57.018  1882  1882 W SDM     : ScalarConfig::ApplyDestScaleConfig: GetAIScaleSettingsInfo returned error=1
02-09 20:00:57.126  1882  1882 W SDM     : ScalarConfig::ApplyDestScaleConfig: GetAIScaleSettingsInfo returned error=1
02-09 20:00:57.326  1882  1882 W SDM     : ScalarConfig::ApplyDestScaleConfig: GetAIScaleSettingsInfo returned error=1
02-09 20:00:57.426  1882  1882 W SDM     : ScalarConfig::ApplyDestScaleConfig: GetAIScaleSettingsInfo returned error=1
02-09 20:00:57.525  1882  1882 W SDM     : ScalarConfig::ApplyDestScaleConfig: GetAIScaleSettingsInfo returned error=1
02-09 20:00:57.625  1882  1882 W SDM     : ScalarConfig::ApplyDestScaleConfig: GetAIScaleSettingsInfo returned error=1
02-09 20:00:57.726  1882  1882 W SDM     : ScalarConfig::ApplyDestScaleConfig: GetAIScaleSettingsInfo returned error=1
02-09 20:00:57.742 31897  9760 D AidlBufferPool: bufferpool2 0x7548a9b818 : 0(0 size) total buffers - 0(0 size) used buffers - 1/11 (recycle/alloc) - 8/9 (fetch/transfer)
02-09 20:00:57.742 31897  9760 D AidlBufferPool: bufferpool2 0x7548b416d8 : 0(0 size) total buffers - 0(0 size) used buffers - 1/11 (recycle/alloc) - 25/404 (fetch/transfer)
02-09 20:00:57.826  1882  1882 W SDM     : ScalarConfig::ApplyDestScaleConfig: GetAIScaleSettingsInfo returned error=1
02-09 20:00:57.926  1882  1882 W SDM     : ScalarConfig::ApplyDestScaleConfig: GetAIScaleSettingsInfo returned error=1
02-09 20:00:58.026  1882  1882 W SDM     : ScalarConfig::ApplyDestScaleConfig: GetAIScaleSettingsInfo returned error=1
02-09 20:00:58.060 31897 31897 V InputMethodManagerUtils: getMaxLengthForEditText InputFilter = java.lang.NoSuchMethodException: com.tencent.mm.ui.tools.r3.getMaxLength []
02-09 20:00:58.060 31897 31897 V InputMethodManagerUtils: getMaxLengthForEditText InputFilter = java.lang.NoSuchMethodException: com.tencent.mm.ui.widget.MMEditText.getMaxLength []
02-09 20:00:58.115  2827 12697 I WindowManager: Relayout Window{ab9c79e u0 InputMethod}: viewVisibility=0 req=1080x2249 ty=2011 d0
02-09 20:00:58.121  2827 12697 I WindowManager: Relayout hash=ab9c79e, pid=5185, syncId=-1: mAttrs={(0,0)(fillxfill) gr=BOTTOM CENTER_VERTICAL sim={adjust=resize} ty=INPUT_METHOD fmt=TRANSPARENT wanim=0x1030056 preferredMinDisplayRefreshRate=60.0 receive insets ignoring z-order
02-09 20:00:58.122  5185  5185 I BLASTBufferQueue_Java: new BLASTBufferQueue, mName= VRI[InputMethod]@f2dddbf mNativeObject= 0xb4000075d8a82500 caller= android.view.ViewRootImpl.updateBlastSurfaceIfNeeded:3585 android.view.ViewRootImpl.relayoutWindow:11685 android.view.ViewRootImpl.performTraversals:4804 android.view.ViewRootImpl.doTraversal:3924 android.view.ViewRootImpl$TraversalRunnable.run:12903 android.view.Choreographer$CallbackRecord.run:1901 android.view.Choreographer$CallbackRecord.run:1910 android.view.Choreographer.doCallbacks:1367 android.view.Choreographer.doFrame:1292 android.view.Choreographer$FrameDisplayEventReceiver.run:1870 
02-09 20:00:58.123  5185  5185 I BLASTBufferQueue_Java: update, w= 1080 h= 2249 mName = VRI[InputMethod]@f2dddbf mNativeObject= 0xb4000075d8a82500 sc.mNativeObject= 0xb40000765875dc50 format= -2 caller= android.view.ViewRootImpl.updateBlastSurfaceIfNeeded:3590 android.view.ViewRootImpl.relayoutWindow:11685 android.view.ViewRootImpl.performTraversals:4804 android.view.ViewRootImpl.doTraversal:3924 android.view.ViewRootImpl$TraversalRunnable.run:12903 android.view.Choreographer$CallbackRecord.run:1901 
02-09 20:00:58.123  5185  5185 I VRI[InputMethod]@f2dddbf: Relayout returned: old=(0,91,1080,2340) new=(0,91,1080,2340) relayoutAsync=false req=(1080,2249)0 dur=8 res=0x3 s={true 0xb4000075287e3d10} ch=true seqId=0
02-09 20:00:58.167 31897 31897 I BLASTBufferQueue_Java: update, w= 1080 h= 2340 mName = VRI[LauncherUI]@407c3ae mNativeObject= 0x75d8c9d690 sc.mNativeObject= 0x76587cfa10 format= -1 caller= android.view.ViewRootImpl.updateBlastSurfaceIfNeeded:3574 android.view.ViewRootImpl.relayoutWindow:11685 android.view.ViewRootImpl.performTraversals:4804 android.view.ViewRootImpl.doTraversal:3924 android.view.ViewRootImpl$TraversalRunnable.run:12903 android.view.Choreographer$CallbackRecord.run:1901 
02-09 20:00:58.167  2827  8023 I WindowManager: Relayout Window{f041d85 u0 com.tencent.mm/com.tencent.mm.ui.LauncherUI}: viewVisibility=0 req=1080x2340 ty=1 d0
02-09 20:00:58.167 31897 31897 I VRI[LauncherUI]@407c3ae: Relayout returned: old=(0,0,1080,2340) new=(0,0,1080,2340) relayoutAsync=true req=(1080,2340)0 dur=0 res=0x0 s={true 0x75291fc790} ch=false seqId=0
02-09 20:00:58.168  2827  8023 I WindowManager: Relayout hash=f041d85, pid=0, syncId=-1: mAttrs={(0,0)(fillxfill) sim={adjust=nothing} layoutInDisplayCutoutMode=shortEdges ty=BASE_APPLICATION wanim=0x7f1101f4
02-09 20:00:58.421  2827  7742 I WindowManager: Relayout Window{f959889 u0 com.sec.android.app.launcher/com.samsung.app.honeyspace.edge.edgepanel.app.CocktailBarService}: viewVisibility=8 req=0x0 ty=2226 d0
02-09 20:00:58.421  2827  7742 E WindowManager: win=Window{f959889 u0 com.sec.android.app.launcher/com.samsung.app.honeyspace.edge.edgepanel.app.CocktailBarService} destroySurfaces: appStopped=true cleanupOnResume=false win.mWindowRemovalAllowed=false win.mRemoveOnExit=false win.mViewVisibility=8 caller=com.android.server.wm.WindowManagerService.tryStartExitingAnimation:134 com.android.server.wm.WindowManagerService.relayoutWindow:1138 com.android.server.wm.Session.relayout:27 android.view.IWindowSession$Stub.onTransact:829 com.android.server.wm.Session.onTransact:1 android.os.Binder.execTransactInternal:1457 android.os.Binder.execTransact:1401 
02-09 20:00:58.422  2827  7742 I WindowManager: Relayout hash=f959889, pid=5336, syncId=-1: mAttrs={(0,1298)(0x0) gr=TOP RIGHT CENTER sim={adjust=nothing} layoutInDisplayCutoutMode=always ty=2226 fmt=TRANSPARENT
02-09 20:00:58.423  5336  5336 I VRI[CocktailBarService]@e185d11: Relayout returned: old=(1013,1298,1080,1638) new=(1013,1298,1080,1638) relayoutAsync=false req=(0,0)8 dur=2 res=0x2 s={false 0x0} ch=true seqId=90
02-09 20:00:58.642  1882  1882 W SDM     : ScalarConfig::ApplyDestScaleConfig: GetAIScaleSettingsInfo returned error=1
02-09 20:00:58.742  1882  1882 W SDM     : ScalarConfig::ApplyDestScaleConfig: GetAIScaleSettingsInfo returned error=1
02-09 20:00:58.843  1882  1882 W SDM     : ScalarConfig::ApplyDestScaleConfig: GetAIScaleSettingsInfo returned error=1
02-09 20:00:58.942  1882  1882 W SDM     : ScalarConfig::ApplyDestScaleConfig: GetAIScaleSettingsInfo returned error=1
02-09 20:00:59.041  1882  1882 W SDM     : ScalarConfig::ApplyDestScaleConfig: GetAIScaleSettingsInfo returned error=1
02-09 20:00:59.109  5185  5185 I BLASTBufferQueue_Java: update, w= 1080 h= 2249 mName = VRI[InputMethod]@f2dddbf mNativeObject= 0xb4000075d8a82500 sc.mNativeObject= 0xb40000765875dc50 format= -2 caller= android.view.ViewRootImpl.updateBlastSurfaceIfNeeded:3574 android.view.ViewRootImpl.relayoutWindow:11685 android.view.ViewRootImpl.performTraversals:4804 android.view.ViewRootImpl.doTraversal:3924 android.view.ViewRootImpl$TraversalRunnable.run:12903 android.view.Choreographer$CallbackRecord.run:1901 
02-09 20:00:59.109  2827  7742 I WindowManager: Relayout Window{ab9c79e u0 InputMethod}: viewVisibility=0 req=1080x2249 ty=2011 d0
02-09 20:00:59.109  5185  5185 I VRI[InputMethod]@f2dddbf: Relayout returned: old=(0,91,1080,2340) new=(0,91,1080,2340) relayoutAsync=true req=(1080,2249)0 dur=0 res=0x0 s={true 0xb4000075287e3d10} ch=false seqId=0
02-09 20:00:59.110  2827  7742 I WindowManager: Relayout hash=ab9c79e, pid=0, syncId=-1: mAttrs={(0,0)(fillxfill) gr=BOTTOM CENTER_VERTICAL sim={adjust=pan} ty=INPUT_METHOD fmt=TRANSPARENT wanim=0x1030056 preferredMinDisplayRefreshRate=60.0 receive insets ignoring z-order
02-09 20:00:59.266  2827  4601 E WifiStaIfaceAidlImpl: getCachedScanData failed with service-specific exception: android.os.ServiceSpecificException:  (code 4)
02-09 20:00:59.573  2827  4736 D WifiConnectivityMonitor.NetworkStatsAnalyzer: Backhaul result - RSSI:-29, CE:83, PE:82, TI:100, PTI:99, TW:7, PTW:12, Tx:323, Rx:328, TxS:300, RxS:304, RESULT:true, IC:0, ICT:5, WC:0, WCT:5, R:2, RC:0, IE:0, EC:0
02-09 20:00:59.749  1882  1882 W SDM     : ScalarConfig::ApplyDestScaleConfig: GetAIScaleSettingsInfo returned error=1
02-09 20:01:00.358  1882  1882 W SDM     : ScalarConfig::ApplyDestScaleConfig: GetAIScaleSettingsInfo returned error=1
02-09 20:01:00.459  1882  1882 W SDM     : ScalarConfig::ApplyDestScaleConfig: GetAIScaleSettingsInfo returned error=1
02-09 20:01:00.558  1882  1882 W SDM     : ScalarConfig::ApplyDestScaleConfig: GetAIScaleSettingsInfo returned error=1
02-09 20:01:00.620  5185  5185 I ImeCloudInspirationMgr: [:5185, ]:fetchTextExpansion
02-09 20:01:00.967  1882  1882 W SDM     : ScalarConfig::ApplyDestScaleConfig: GetAIScaleSettingsInfo returned error=1
02-09 20:01:01.118  1882  1882 I SDM     : DisplayBuiltIn::SetActiveConfig: setting activeConfig(2) on Display 16777284-0. error(0)
02-09 20:01:01.583  1882  1882 W SDM     : ScalarConfig::ApplyDestScaleConfig: GetAIScaleSettingsInfo returned error=1
02-09 20:01:01.736  5185  5185 I ImeCloudInspirationMgr: [:5185, ]:fetchTextExpansion
02-09 20:01:02.280  2827  4601 E WifiStaIfaceAidlImpl: getCachedScanData failed with service-specific exception: android.os.ServiceSpecificException:  (code 4)
02-09 20:01:02.583  1882  1882 W SDM     : ScalarConfig::ApplyDestScaleConfig: GetAIScaleSettingsInfo returned error=1
02-09 20:01:02.683  1882  1882 W SDM     : ScalarConfig::ApplyDestScaleConfig: GetAIScaleSettingsInfo returned error=1
02-09 20:01:02.837  5185  5185 I ImeCloudInspirationMgr: [:5185, ]:fetchTextExpansion
02-09 20:01:03.046  5185  5185 I ImeCloudInspirationMgr: [:5185, ]:fetchTextExpansion
02-09 20:01:03.365  1882  1882 I SDM     : DisplayBuiltIn::SetActiveConfig: setting activeConfig(0) on Display 16777284-0. error(0)
02-09 20:01:03.367  1882  1882 W SDM     : ScalarConfig::ApplyDestScaleConfig: GetAIScaleSettingsInfo returned error=1
02-09 20:01:03.435 31897 31897 V InputMethodManagerUtils: getMaxLengthForEditText InputFilter = java.lang.NoSuchMethodException: com.tencent.mm.ui.tools.r3.getMaxLength []
02-09 20:01:03.435 31897 31897 V InputMethodManagerUtils: getMaxLengthForEditText InputFilter = java.lang.NoSuchMethodException: com.tencent.mm.ui.widget.MMEditText.getMaxLength []
02-09 20:01:03.476  2827  7742 I WindowManager: Relayout Window{ab9c79e u0 InputMethod}: viewVisibility=0 req=1080x2249 ty=2011 d0
02-09 20:01:03.476  5185  5185 I BLASTBufferQueue_Java: update, w= 1080 h= 2249 mName = VRI[InputMethod]@f2dddbf mNativeObject= 0xb4000075d8a82500 sc.mNativeObject= 0xb40000765875dc50 format= -2 caller= android.view.ViewRootImpl.updateBlastSurfaceIfNeeded:3574 android.view.ViewRootImpl.relayoutWindow:11685 android.view.ViewRootImpl.performTraversals:4804 android.view.ViewRootImpl.doTraversal:3924 android.view.ViewRootImpl$TraversalRunnable.run:12903 android.view.Choreographer$CallbackRecord.run:1901 
02-09 20:01:03.476  5185  5185 I VRI[InputMethod]@f2dddbf: Relayout returned: old=(0,91,1080,2340) new=(0,91,1080,2340) relayoutAsync=true req=(1080,2249)0 dur=0 res=0x0 s={true 0xb4000075287e3d10} ch=false seqId=0
02-09 20:01:03.477  2827  7742 I WindowManager: Relayout hash=ab9c79e, pid=0, syncId=-1: mAttrs={(0,0)(fillxfill) gr=BOTTOM CENTER_VERTICAL sim={adjust=resize} ty=INPUT_METHOD fmt=TRANSPARENT wanim=0x1030056 preferredMinDisplayRefreshRate=60.0 receive insets ignoring z-order
02-09 20:01:04.070 31897 31897 I BLASTBufferQueue_Java: update, w= 1080 h= 2340 mName = VRI[LauncherUI]@407c3ae mNativeObject= 0x75d8c9d690 sc.mNativeObject= 0x76587cfa10 format= -1 caller= android.view.ViewRootImpl.updateBlastSurfaceIfNeeded:3574 android.view.ViewRootImpl.relayoutWindow:11685 android.view.ViewRootImpl.performTraversals:4804 android.view.ViewRootImpl.doTraversal:3924 android.view.ViewRootImpl$TraversalRunnable.run:12903 android.view.Choreographer$CallbackRecord.run:1901 
