02-09 20:01:27.870  5336  5336 I BLASTBufferQueue_Java: update, w= 1080 h= 2340 mName = VRI[RecentsActivity]@df93e24 mNativeObject= 0xb4000075d8c22ef0 sc.mNativeObject= 0xb400007658768f90 format= -2 caller= android.view.ViewRootImpl.updateBlastSurfaceIfNeeded:3590 android.view.ViewRootImpl.relayoutWindow:11685 android.view.ViewRootImpl.performTraversals:4804 android.view.ViewRootImpl.doTraversal:3924 android.view.ViewRootImpl$TraversalRunnable.run:12903 android.view.Choreographer$CallbackRecord.run:1901 
02-09 20:01:27.870  5336  5336 I VRI[RecentsActivity]@df93e24: Relayout returned: old=(0,0,1080,2340) new=(0,0,1080,2340) relayoutAsync=false req=(1080,2340)0 dur=2 res=0x3 s={true 0xb400007528935620} ch=true seqId=0
02-09 20:01:27.871 15248 15248 I VRI[HintService]@fe16424: Relayout returned: old=(279,2268,801,2340) new=(279,2268,801,2340) relayoutAsync=false req=(522,72)8 dur=2 res=0x2 s={false 0x0} ch=true seqId=2
02-09 20:01:27.877 31897 31897 I VRI[LauncherUI]@407c3ae: Relayout returned: old=(0,0,1080,2340) new=(0,0,1080,2340) relayoutAsync=false req=(1080,2340)8 dur=1 res=0x2 s={false 0x0} ch=true seqId=0
02-09 20:01:27.896  5336 27580 I HoneySpace.SuggestedAppsRepositoryImpl: fetchSuggestedApps() end: 4, isDPSAvailable: false
02-09 20:01:27.912  2827  4439 V InputMethodManagerService: Creating new accessibility sessions for client ClientState{8102401 mUid=10157 mPid=5336 mSelfReportedDisplayId=0}
02-09 20:01:28.203  5336  5336 I VRI[LauncherActivity]@5dfcf08: Relayout returned: old=(0,0,1080,2340) new=(0,0,1080,2340) relayoutAsync=false req=(1080,2340)8 dur=1 res=0x2 s={false 0x0} ch=false seqId=0
02-09 20:01:28.893 31897  9760 D AidlBufferPool: bufferpool2 0x7548a91198 : 0(0 size) total buffers - 0(0 size) used buffers - 0/5 (recycle/alloc) - 2/4 (fetch/transfer)
02-09 20:01:28.893 31897  9760 D AidlBufferPool: bufferpool2 0x75489fe418 : 0(0 size) total buffers - 0(0 size) used buffers - 0/11 (recycle/alloc) - 11/26 (fetch/transfer)
02-09 20:01:28.893 31897  9760 D AidlBufferPool: bufferpool2 0x75488edab8 : 0(0 size) total buffers - 0(0 size) used buffers - 0/6 (recycle/alloc) - 2/2 (fetch/transfer)
02-09 20:01:29.120  2827  2851 D WindowManager: Changing focus from Window{1ea5312 u0 com.sec.android.app.launcher/com.android.quickstep.RecentsActivity} to null displayId=0 Callers=com.android.server.wm.WindowManagerService.relayoutWindow:1350 com.android.server.wm.Session.relayout:27 android.view.IWindowSession$Stub.onTransact:829 com.android.server.wm.Session.onTransact:1 
02-09 20:01:29.120  4827  5002 I VRI[xhs]@89f1669: onActiveControlsChanged, removed=false, mAdded=true, caller=android.view.ViewRootImpl.handleInsetsControlChanged:3002 android.view.ViewRootImpl.relayoutWindow:11629 android.view.ViewRootImpl.performTraversals:4804 android.view.ViewRootImpl.doTraversal:3924 android.view.ViewRootImpl$TraversalRunnable.run:12903 
02-09 20:01:29.121  4827  5002 I BLASTBufferQueue_Java: new BLASTBufferQueue, mName= VRI[xhs]@89f1669 mNativeObject= 0xb4000075d9237fe0 caller= android.view.ViewRootImpl.updateBlastSurfaceIfNeeded:3585 android.view.ViewRootImpl.relayoutWindow:11685 android.view.ViewRootImpl.performTraversals:4804 android.view.ViewRootImpl.doTraversal:3924 android.view.ViewRootImpl$TraversalRunnable.run:12903 android.view.Choreographer$CallbackRecord.run:1901 android.view.Choreographer$CallbackRecord.run:1910 android.view.Choreographer.doCallbacks:1367 android.view.Choreographer.doFrame:1292 android.view.Choreographer$FrameDisplayEventReceiver.run:1870 
02-09 20:01:29.121  4827  5002 I BLASTBufferQueue_Java: update, w= 1080 h= 2340 mName = VRI[xhs]@89f1669 mNativeObject= 0xb4000075d9237fe0 sc.mNativeObject= 0xb40000765882b690 format= -3 caller= android.view.ViewRootImpl.updateBlastSurfaceIfNeeded:3590 android.view.ViewRootImpl.relayoutWindow:11685 android.view.ViewRootImpl.performTraversals:4804 android.view.ViewRootImpl.doTraversal:3924 android.view.ViewRootImpl$TraversalRunnable.run:12903 android.view.Choreographer$CallbackRecord.run:1901 
02-09 20:01:29.121  4827  5002 I VRI[xhs]@89f1669: Relayout returned: old=(0,0,1080,2340) new=(0,0,1080,2340) relayoutAsync=false req=(1080,2340)0 dur=1 res=0x200003 s={true 0xb4000075289477d0} ch=true seqId=0
02-09 20:01:29.532  5336  5336 I HoneySpace.TaskListRepository: fetchTaskList duration : 269.219us
02-09 20:01:29.546  5336  5336 I BLASTBufferQueue_Java: update, w= 1080 h= 2340 mName = VRI[RecentsTransitionOverlay]@7a07c6b mNativeObject= 0xb4000075d87e4b50 sc.mNativeObject= 0xb400007658737d90 format= -3 caller= android.view.ViewRootImpl.updateBlastSurfaceIfNeeded:3574 android.view.ViewRootImpl.relayoutWindow:11685 android.view.ViewRootImpl.performTraversals:4804 android.view.ViewRootImpl.doTraversal:3924 android.view.ViewRootImpl$TraversalRunnable.run:12903 android.view.Choreographer$CallbackRecord.run:1901 
02-09 20:01:29.546  5336  5336 I VRI[RecentsTransitionOverlay]@7a07c6b: Relayout returned: old=(539,2339,540,2340) new=(0,0,1080,2340) relayoutAsync=false req=(1,1)0 dur=1 res=0x0 s={true 0xb4000075287677e0} ch=false seqId=855
02-09 20:01:29.555  5336 27579 I HoneySpace.SuggestedAppsRepositoryImpl: fetchSuggestedApps()
02-09 20:01:29.557  2827  2851 D WindowManager: Changing focus from null to Window{52e2d18 u0 com.sec.android.app.launcher/com.sec.android.app.launcher.activities.LauncherActivity} displayId=0 Callers=com.android.server.wm.WindowManagerService.relayoutWindow:1350 com.android.server.wm.Session.relayout:27 android.view.IWindowSession$Stub.onTransact:829 com.android.server.wm.Session.onTransact:1 
02-09 20:01:29.557  2827  2851 D InsetsSourceProvider: updateControlForTarget: control=InsetsSourceControl: {fcb20000 mType=statusBars initiallyVisible mSurfacePosition=Point(0, 0) mInsetsHint=Insets{left=0, top=91, right=0, bottom=0}}, target=Window{52e2d18 u0 com.sec.android.app.launcher/com.sec.android.app.launcher.activities.LauncherActivity}, from=com.android.server.wm.InsetsStateController.onControlTargetChanged:83 com.android.server.wm.InsetsPolicy.updateBarControlTarget:212 com.android.server.wm.DisplayPolicy.updateSystemBarAttributes:262 com.android.server.wm.WindowManagerService.updateFocusedWindowLocked:372 com.android.server.wm.WindowManagerService.relayoutWindow:1350 
02-09 20:01:29.557  2827  2851 D InsetsSourceProvider: updateControlForTarget: control=InsetsSourceControl: {f9470001 mType=navigationBars initiallyVisible mSurfacePosition=Point(0, 2196) mInsetsHint=Insets{left=0, top=0, right=0, bottom=144}}, target=Window{52e2d18 u0 com.sec.android.app.launcher/com.sec.android.app.launcher.activities.LauncherActivity}, from=com.android.server.wm.InsetsStateController.onControlTargetChanged:83 com.android.server.wm.InsetsPolicy.updateBarControlTarget:225 com.android.server.wm.DisplayPolicy.updateSystemBarAttributes:262 com.android.server.wm.WindowManagerService.updateFocusedWindowLocked:372 com.android.server.wm.WindowManagerService.relayoutWindow:1350 
02-09 20:01:29.558  2827  2851 D WindowManager: updateSystemBarAttributes: displayId=0, focusedCanBeNavColorWin=false, win=Window{52e2d18 u0 com.sec.android.app.launcher/com.sec.android.app.launcher.activities.LauncherActivity}, navColorWin=Window{9eb6732 u0 Splash Screen com.xingin.xhs}, caller=com.android.server.wm.WindowManagerService.updateFocusedWindowLocked:372 com.android.server.wm.WindowManagerService.relayoutWindow:1350 com.android.server.wm.Session.relayout:27 
02-09 20:01:29.558  5336  5336 I BLASTBufferQueue_Java: new BLASTBufferQueue, mName= VRI[LauncherActivity]@5dfcf08 mNativeObject= 0xb4000075d8a1dec0 caller= android.view.ViewRootImpl.updateBlastSurfaceIfNeeded:3585 android.view.ViewRootImpl.relayoutWindow:11685 android.view.ViewRootImpl.performTraversals:4804 android.view.ViewRootImpl.doTraversal:3924 android.view.ViewRootImpl$TraversalRunnable.run:12903 android.view.Choreographer$CallbackRecord.run:1901 android.view.Choreographer$CallbackRecord.run:1910 android.view.Choreographer.doCallbacks:1367 android.view.Choreographer.doFrame:1292 android.view.Choreographer$FrameDisplayEventReceiver.run:1870 
02-09 20:01:29.558  5336  5336 I BLASTBufferQueue_Java: update, w= 1080 h= 2340 mName = VRI[LauncherActivity]@5dfcf08 mNativeObject= 0xb4000075d8a1dec0 sc.mNativeObject= 0xb40000765874eb90 format= -2 caller= android.view.ViewRootImpl.updateBlastSurfaceIfNeeded:3590 android.view.ViewRootImpl.relayoutWindow:11685 android.view.ViewRootImpl.performTraversals:4804 android.view.ViewRootImpl.doTraversal:3924 android.view.ViewRootImpl$TraversalRunnable.run:12903 android.view.Choreographer$CallbackRecord.run:1901 
02-09 20:01:29.558  5336  5336 I VRI[LauncherActivity]@5dfcf08: Relayout returned: old=(0,0,1080,2340) new=(0,0,1080,2340) relayoutAsync=false req=(1080,2340)0 dur=2 res=0x3 s={true 0xb400007528898110} ch=true seqId=0
02-09 20:01:29.561  5336 28446 I HoneySpace.SuggestedAppsRepositoryImpl: fetchSuggestedApps() end: 4, isDPSAvailable: false
02-09 20:01:29.565 15248 15248 I BLASTBufferQueue_Java: new BLASTBufferQueue, mName= VRI[HintService]@fe16424 mNativeObject= 0x75d8947160 caller= android.view.ViewRootImpl.updateBlastSurfaceIfNeeded:3585 android.view.ViewRootImpl.relayoutWindow:11685 android.view.ViewRootImpl.performTraversals:4804 android.view.ViewRootImpl.doTraversal:3924 android.view.ViewRootImpl$TraversalRunnable.run:12903 android.view.Choreographer$CallbackRecord.run:1901 android.view.Choreographer$CallbackRecord.run:1910 android.view.Choreographer.doCallbacks:1367 android.view.Choreographer.doFrame:1292 android.view.Choreographer$FrameDisplayEventReceiver.run:1870 
02-09 20:01:29.565 15248 15248 I BLASTBufferQueue_Java: update, w= 522 h= 72 mName = VRI[HintService]@fe16424 mNativeObject= 0x75d8947160 sc.mNativeObject= 0x765875a7d0 format= -3 caller= android.view.ViewRootImpl.updateBlastSurfaceIfNeeded:3590 android.view.ViewRootImpl.relayoutWindow:11685 android.view.ViewRootImpl.performTraversals:4804 android.view.ViewRootImpl.doTraversal:3924 android.view.ViewRootImpl$TraversalRunnable.run:12903 android.view.Choreographer$CallbackRecord.run:1901 
02-09 20:01:29.566 15248 15248 I VRI[HintService]@fe16424: Relayout returned: old=(279,2268,801,2340) new=(279,2268,801,2340) relayoutAsync=false req=(522,72)0 dur=5 res=0x3 s={true 0x752876b840} ch=true seqId=2
02-09 20:01:29.786  5336  5336 I BLASTBufferQueue_Java: update, w= 1080 h= 2340 mName = VRI[RecentsTransitionOverlay]@7a07c6b mNativeObject= 0xb4000075d87e4b50 sc.mNativeObject= 0xb400007658737d90 format= -3 caller= android.view.ViewRootImpl.updateBlastSurfaceIfNeeded:3574 android.view.ViewRootImpl.relayoutWindow:11685 android.view.ViewRootImpl.performTraversals:4804 android.view.ViewRootImpl.doTraversal:3924 android.view.ViewRootImpl$TraversalRunnable.run:12903 android.view.Choreographer$CallbackRecord.run:1901 
02-09 20:01:29.786  5336  5336 I VRI[RecentsTransitionOverlay]@7a07c6b: Relayout returned: old=(0,0,1080,2340) new=(0,0,1080,2340) relayoutAsync=true req=(1080,2340)0 dur=0 res=0x0 s={true 0xb4000075287677e0} ch=false seqId=855
02-09 20:01:29.866  4924  4924 I BLASTBufferQueue_Java: new BLASTBufferQueue, mName= VRI[IndexActivityV2]@34c4a8a mNativeObject= 0x75d87e1b20 caller= android.view.ViewRootImpl.updateBlastSurfaceIfNeeded:3585 android.view.ViewRootImpl.relayoutWindow:11685 android.view.ViewRootImpl.performTraversals:4804 android.view.ViewRootImpl.doTraversal:3924 android.view.ViewRootImpl$TraversalRunnable.run:12903 android.view.Choreographer$CallbackRecord.run:1901 android.view.Choreographer$CallbackRecord.run:1910 android.view.Choreographer.doCallbacks:1367 android.view.Choreographer.doFrame:1292 android.view.Choreographer$FrameDisplayEventReceiver.run:1870 
02-09 20:01:29.866  4924  4924 I BLASTBufferQueue_Java: update, w= 1080 h= 2340 mName = VRI[IndexActivityV2]@34c4a8a mNativeObject= 0x75d87e1b20 sc.mNativeObject= 0x7658731f10 format= -2 caller= android.view.ViewRootImpl.updateBlastSurfaceIfNeeded:3590 android.view.ViewRootImpl.relayoutWindow:11685 android.view.ViewRootImpl.performTraversals:4804 android.view.ViewRootImpl.doTraversal:3924 android.view.ViewRootImpl$TraversalRunnable.run:12903 android.view.Choreographer$CallbackRecord.run:1901 
02-09 20:01:29.867  4924  4924 I VRI[IndexActivityV2]@34c4a8a: Relayout returned: old=(0,0,1080,2340) new=(0,0,1080,2340) relayoutAsync=false req=(1080,2340)0 dur=1 res=0x200003 s={true 0x75288f3cd0} ch=true seqId=0
02-09 20:01:29.979  4827  5002 I VRI[xhs]@89f1669: onActiveControlsChanged, removed=false, mAdded=true, caller=android.view.ViewRootImpl.handleInsetsControlChanged:3002 android.view.ViewRootImpl.relayoutWindow:11629 android.view.ViewRootImpl.performTraversals:4804 android.view.ViewRootImpl.doTraversal:3924 android.view.ViewRootImpl$TraversalRunnable.run:12903 
02-09 20:01:29.979  4827  5002 I VRI[xhs]@89f1669: Relayout returned: old=(0,0,1080,2340) new=(0,0,1080,2340) relayoutAsync=false req=(1080,2340)8 dur=2 res=0x200002 s={false 0x0} ch=true seqId=0
02-09 20:01:30.048  5336  5336 I BLASTBufferQueue_Java: update, w= 1080 h= 2340 mName = VRI[RecentsActivity]@df93e24 mNativeObject= 0xb4000075d8c22ef0 sc.mNativeObject= 0xb400007658768f90 format= -2 caller= android.view.ViewRootImpl.updateBlastSurfaceIfNeeded:3574 android.view.ViewRootImpl.relayoutWindow:11685 android.view.ViewRootImpl.performTraversals:4804 android.view.ViewRootImpl.doTraversal:3924 android.view.ViewRootImpl$TraversalRunnable.run:12903 android.view.Choreographer$CallbackRecord.run:1901 
02-09 20:01:30.048  5336  5336 I VRI[RecentsActivity]@df93e24: Relayout returned: old=(0,0,1080,2340) new=(0,0,1080,2340) relayoutAsync=true req=(1080,2340)0 dur=0 res=0x0 s={true 0xb400007528935620} ch=false seqId=0
02-09 20:01:30.052  2827  6483 E WindowManager: win=Window{5265ffe u0 com.samsung.android.spay.pay.HintService} destroySurfaces: appStopped=true cleanupOnResume=false win.mWindowRemovalAllowed=false win.mRemoveOnExit=false win.mViewVisibility=8 caller=com.android.server.wm.WindowManagerService.tryStartExitingAnimation:134 com.android.server.wm.WindowManagerService.relayoutWindow:1138 com.android.server.wm.Session.relayout:27 android.view.IWindowSession$Stub.onTransact:829 com.android.server.wm.Session.onTransact:1 android.os.Binder.execTransactInternal:1457 android.os.Binder.execTransact:1401 
02-09 20:01:30.055 15248 15248 I VRI[HintService]@fe16424: Relayout returned: old=(279,2268,801,2340) new=(279,2268,801,2340) relayoutAsync=false req=(522,72)8 dur=2 res=0x2 s={false 0x0} ch=true seqId=2
02-09 20:01:30.163  5336  5336 I BLASTBufferQueue_Java: update, w= 1 h= 1 mName = VRI[RecentsTransitionOverlay]@7a07c6b mNativeObject= 0xb4000075d87e4b50 sc.mNativeObject= 0xb400007658776c10 format= -3 caller= android.view.ViewRootImpl.updateBlastSurfaceIfNeeded:3574 android.view.ViewRootImpl.relayoutWindow:11685 android.view.ViewRootImpl.performTraversals:4804 android.view.ViewRootImpl.doTraversal:3924 android.view.ViewRootImpl$TraversalRunnable.run:12903 android.view.Choreographer$CallbackRecord.run:1901 
02-09 20:01:30.163  5336  5336 I VRI[RecentsTransitionOverlay]@7a07c6b: Relayout returned: old=(0,0,1080,2340) new=(539,2339,540,2340) relayoutAsync=false req=(1,1)0 dur=2 res=0x1 s={true 0xb4000075287677e0} ch=false seqId=855
02-09 20:01:30.174  2827  4439 V InputMethodManagerService: Creating new accessibility sessions for client ClientState{8102401 mUid=10157 mPid=5336 mSelfReportedDisplayId=0}
02-09 20:01:30.180  5336  5336 I VRI[LauncherActivity]@5dfcf08: Relayout returned: old=(0,0,1080,2340) new=(0,0,1080,2340) relayoutAsync=false req=(1080,2340)4 dur=1 res=0x2 s={false 0x0} ch=false seqId=0
02-09 20:01:30.216  4924  4924 I VRI[IndexActivityV2]@34c4a8a: Relayout returned: old=(0,0,1080,2340) new=(0,0,1080,2340) relayoutAsync=false req=(1080,2340)8 dur=2 res=0x200002 s={false 0x0} ch=false seqId=0
02-09 20:01:31.158  2827  7742 D WindowManager: Changing focus from null to Window{8021c19 u0 com.xingin.xhs/com.xingin.xhs.index.v2.IndexActivityV2} displayId=0 Callers=com.android.server.wm.WindowManagerService.relayoutWindow:1350 com.android.server.wm.Session.relayout:27 android.view.IWindowSession$Stub.onTransact:829 com.android.server.wm.Session.onTransact:1 
02-09 20:01:31.158  2827  7742 D InsetsSourceProvider: updateControlForTarget: control=InsetsSourceControl: {fcb20000 mType=statusBars initiallyVisible mSurfacePosition=Point(0, 0) mInsetsHint=Insets{left=0, top=91, right=0, bottom=0}}, target=Window{8021c19 u0 com.xingin.xhs/com.xingin.xhs.index.v2.IndexActivityV2}, from=com.android.server.wm.InsetsStateController.onControlTargetChanged:83 com.android.server.wm.InsetsPolicy.updateBarControlTarget:212 com.android.server.wm.DisplayPolicy.updateSystemBarAttributes:262 com.android.server.wm.WindowManagerService.updateFocusedWindowLocked:372 com.android.server.wm.WindowManagerService.relayoutWindow:1350 
02-09 20:01:31.159  2827  7742 D InsetsSourceProvider: updateControlForTarget: control=InsetsSourceControl: {f9470001 mType=navigationBars initiallyVisible mSurfacePosition=Point(0, 2196) mInsetsHint=Insets{left=0, top=0, right=0, bottom=144}}, target=Window{8021c19 u0 com.xingin.xhs/com.xingin.xhs.index.v2.IndexActivityV2}, from=com.android.server.wm.InsetsStateController.onControlTargetChanged:83 com.android.server.wm.InsetsPolicy.updateBarControlTarget:225 com.android.server.wm.DisplayPolicy.updateSystemBarAttributes:262 com.android.server.wm.WindowManagerService.updateFocusedWindowLocked:372 com.android.server.wm.WindowManagerService.relayoutWindow:1350 
02-09 20:01:31.159  2827  7742 D WindowManager: updateSystemBarAttributes: displayId=0, focusedCanBeNavColorWin=false, win=Window{8021c19 u0 com.xingin.xhs/com.xingin.xhs.index.v2.IndexActivityV2}, navColorWin=Window{1ea5312 u0 com.sec.android.app.launcher/com.android.quickstep.RecentsActivity}, caller=com.android.server.wm.WindowManagerService.updateFocusedWindowLocked:372 com.android.server.wm.WindowManagerService.relayoutWindow:1350 com.android.server.wm.Session.relayout:27 
02-09 20:01:31.160  4924  4924 I BLASTBufferQueue_Java: new BLASTBufferQueue, mName= VRI[IndexActivityV2]@34c4a8a mNativeObject= 0x75d890ada0 caller= android.view.ViewRootImpl.updateBlastSurfaceIfNeeded:3585 android.view.ViewRootImpl.relayoutWindow:11685 android.view.ViewRootImpl.performTraversals:4804 android.view.ViewRootImpl.doTraversal:3924 android.view.ViewRootImpl$TraversalRunnable.run:12903 android.view.Choreographer$CallbackRecord.run:1901 android.view.Choreographer$CallbackRecord.run:1910 android.view.Choreographer.doCallbacks:1367 android.view.Choreographer.doFrame:1292 android.view.Choreographer$FrameDisplayEventReceiver.run:1870 
02-09 20:01:31.160  4924  4924 I BLASTBufferQueue_Java: update, w= 1080 h= 2340 mName = VRI[IndexActivityV2]@34c4a8a mNativeObject= 0x75d890ada0 sc.mNativeObject= 0x7658732690 format= -2 caller= android.view.ViewRootImpl.updateBlastSurfaceIfNeeded:3590 android.view.ViewRootImpl.relayoutWindow:11685 android.view.ViewRootImpl.performTraversals:4804 android.view.ViewRootImpl.doTraversal:3924 android.view.ViewRootImpl$TraversalRunnable.run:12903 android.view.Choreographer$CallbackRecord.run:1901 
02-09 20:01:31.160  4924  4924 I VRI[IndexActivityV2]@34c4a8a: Relayout returned: old=(0,0,1080,2340) new=(0,0,1080,2340) relayoutAsync=false req=(1080,2340)0 dur=3 res=0x200003 s={true 0x7528a99dc0} ch=true seqId=0
02-09 20:01:31.207  5336  5336 I VRI[RecentsActivity]@df93e24: Relayout returned: old=(0,0,1080,2340) new=(0,0,1080,2340) relayoutAsync=false req=(1080,2340)8 dur=1 res=0x2 s={false 0x0} ch=false seqId=0
02-09 20:01:31.208  2827  4439 V InputMethodManagerService: Creating new accessibility sessions for client ClientState{b7affe8 mUid=10297 mPid=4924 mSelfReportedDisplayId=0}
02-09 20:01:32.211  5336  5336 I VRI[LauncherActivity]@5dfcf08: Relayout returned: old=(0,0,1080,2340) new=(0,0,1080,2340) relayoutAsync=false req=(1080,2340)8 dur=1 res=0x0 s={false 0x0} ch=false seqId=0
02-09 20:01:35.751  2827  7729 D WindowManager: Changing focus from null to Window{f9fa3f1 u0 com.xingin.xhs/com.xingin.matrix.detail.activity.DetailFeedActivity} displayId=0 Callers=com.android.server.wm.WindowManagerService.relayoutWindow:1350 com.android.server.wm.Session.relayout:27 android.view.IWindowSession$Stub.onTransact:829 com.android.server.wm.Session.onTransact:1 
02-09 20:01:35.751  2827  7729 D InsetsSourceProvider: updateControlForTarget: control=InsetsSourceControl: {fcb20000 mType=statusBars initiallyVisible mSurfacePosition=Point(0, 0) mInsetsHint=Insets{left=0, top=91, right=0, bottom=0}}, target=Window{f9fa3f1 u0 com.xingin.xhs/com.xingin.matrix.detail.activity.DetailFeedActivity}, from=com.android.server.wm.InsetsStateController.onControlTargetChanged:83 com.android.server.wm.InsetsPolicy.updateBarControlTarget:212 com.android.server.wm.DisplayPolicy.updateSystemBarAttributes:262 com.android.server.wm.WindowManagerService.updateFocusedWindowLocked:372 com.android.server.wm.WindowManagerService.relayoutWindow:1350 
02-09 20:01:35.751  2827  7729 D InsetsSourceProvider: updateControlForTarget: control=InsetsSourceControl: {f9470001 mType=navigationBars initiallyVisible mSurfacePosition=Point(0, 2196) mInsetsHint=Insets{left=0, top=0, right=0, bottom=144}}, target=Window{f9fa3f1 u0 com.xingin.xhs/com.xingin.matrix.detail.activity.DetailFeedActivity}, from=com.android.server.wm.InsetsStateController.onControlTargetChanged:83 com.android.server.wm.InsetsPolicy.updateBarControlTarget:225 com.android.server.wm.DisplayPolicy.updateSystemBarAttributes:262 com.android.server.wm.WindowManagerService.updateFocusedWindowLocked:372 com.android.server.wm.WindowManagerService.relayoutWindow:1350 
02-09 20:01:35.752  2827  7729 D WindowManager: updateSystemBarAttributes: displayId=0, focusedCanBeNavColorWin=false, win=Window{f9fa3f1 u0 com.xingin.xhs/com.xingin.matrix.detail.activity.DetailFeedActivity}, navColorWin=Window{8021c19 u0 com.xingin.xhs/com.xingin.xhs.index.v2.IndexActivityV2}, caller=com.android.server.wm.WindowManagerService.updateFocusedWindowLocked:372 com.android.server.wm.WindowManagerService.relayoutWindow:1350 com.android.server.wm.Session.relayout:27 
02-09 20:01:35.752  4924  4924 I BLASTBufferQueue_Java: new BLASTBufferQueue, mName= VRI[DetailFeedActivity]@2ced98a mNativeObject= 0x75d8c87530 caller= android.view.ViewRootImpl.updateBlastSurfaceIfNeeded:3585 android.view.ViewRootImpl.relayoutWindow:11685 android.view.ViewRootImpl.performTraversals:4804 android.view.ViewRootImpl.doTraversal:3924 android.view.ViewRootImpl$TraversalRunnable.run:12903 android.view.Choreographer$CallbackRecord.run:1901 android.view.Choreographer$CallbackRecord.run:1910 android.view.Choreographer.doCallbacks:1367 android.view.Choreographer.doFrame:1292 android.view.Choreographer$FrameDisplayEventReceiver.run:1870 
02-09 20:01:35.752  4924  4924 I BLASTBufferQueue_Java: update, w= 1080 h= 2340 mName = VRI[DetailFeedActivity]@2ced98a mNativeObject= 0x75d8c87530 sc.mNativeObject= 0x76587a6250 format= -2 caller= android.view.ViewRootImpl.updateBlastSurfaceIfNeeded:3590 android.view.ViewRootImpl.relayoutWindow:11685 android.view.ViewRootImpl.performTraversals:4804 android.view.ViewRootImpl.doTraversal:3924 android.view.ViewRootImpl$TraversalRunnable.run:12903 android.view.Choreographer$CallbackRecord.run:1901 
02-09 20:01:35.752  4924  4924 I VRI[DetailFeedActivity]@2ced98a: Relayout returned: old=(0,0,1080,2340) new=(0,0,1080,2340) relayoutAsync=false req=(1080,2340)0 dur=2 res=0x200003 s={true 0x7528c6b5f0} ch=true seqId=0
02-09 20:01:35.803  4924  4924 I BLASTBufferQueue_Java: update, w= 1080 h= 2340 mName = VRI[DetailFeedActivity]@2ced98a mNativeObject= 0x75d8c87530 sc.mNativeObject= 0x7658746cd0 format= -2 caller= android.view.ViewRootImpl.updateBlastSurfaceIfNeeded:3574 android.view.ViewRootImpl.relayoutWindow:11685 android.view.ViewRootImpl.performTraversals:4804 android.view.ViewRootImpl.doTraversal:3924 android.view.ViewRootImpl$TraversalRunnable.run:12903 android.view.Choreographer$CallbackRecord.run:1901 
02-09 20:01:35.803  4924  4924 I VRI[DetailFeedActivity]@2ced98a: Relayout returned: old=(0,0,1080,2340) new=(0,0,1080,2340) relayoutAsync=false req=(1080,2340)0 dur=2 res=0x200000 s={true 0x7528c6b5f0} ch=false seqId=0
02-09 20:01:35.837  2827  4439 V InputMethodManagerService: Creating new accessibility sessions for client ClientState{b7affe8 mUid=10297 mPid=4924 mSelfReportedDisplayId=0}
02-09 20:01:35.840  4924  4924 I BLASTBufferQueue_Java: update, w= 1080 h= 2340 mName = VRI[DetailFeedActivity]@2ced98a mNativeObject= 0x75d8c87530 sc.mNativeObject= 0x76587379d0 format= -2 caller= android.view.ViewRootImpl.updateBlastSurfaceIfNeeded:3574 android.view.ViewRootImpl.relayoutWindow:11685 android.view.ViewRootImpl.performTraversals:4804 android.view.ViewRootImpl.doTraversal:3924 android.view.ViewRootImpl$TraversalRunnable.run:12903 android.view.Choreographer$CallbackRecord.run:1901 
02-09 20:01:35.840  4924  4924 I VRI[DetailFeedActivity]@2ced98a: Relayout returned: old=(0,0,1080,2340) new=(0,0,1080,2340) relayoutAsync=false req=(1080,2340)0 dur=1 res=0x200000 s={true 0x7528c6b5f0} ch=false seqId=0
02-09 20:01:35.863  1858  2977 D audiohalservice.qti: updateEffect sessions 5
02-09 20:01:36.002  4924  4924 I VRI[IndexActivityV2]@34c4a8a: Relayout returned: old=(0,0,1080,2340) new=(0,0,1080,2340) relayoutAsync=false req=(1080,2340)8 dur=1 res=0x200002 s={false 0x0} ch=true seqId=0
02-09 20:01:46.538  6845  6933 I Iris    : fetchCard: No eligible accounts found
02-09 20:01:54.563  4924  4924 I BLASTBufferQueue_Java: update, w= 1080 h= 2340 mName = VRI[DetailFeedActivity]@2ced98a mNativeObject= 0x75d8c87530 sc.mNativeObject= 0x76587b7e90 format= -2 caller= android.view.ViewRootImpl.updateBlastSurfaceIfNeeded:3574 android.view.ViewRootImpl.relayoutWindow:11685 android.view.ViewRootImpl.performTraversals:4804 android.view.ViewRootImpl.doTraversal:3924 android.view.ViewRootImpl$TraversalRunnable.run:12903 android.view.Choreographer$CallbackRecord.run:1901 
02-09 20:01:54.563  4924  4924 I VRI[DetailFeedActivity]@2ced98a: Relayout returned: old=(0,0,1080,2340) new=(0,0,1080,2340) relayoutAsync=false req=(1080,2340)0 dur=1 res=0x200000 s={true 0x7528c6b5f0} ch=false seqId=0
02-09 20:01:54.580  4924  4924 I BLASTBufferQueue_Java: update, w= 1080 h= 2340 mName = VRI[DetailFeedActivity]@2ced98a mNativeObject= 0x75d8c87530 sc.mNativeObject= 0x76587af250 format= -2 caller= android.view.ViewRootImpl.updateBlastSurfaceIfNeeded:3574 android.view.ViewRootImpl.relayoutWindow:11685 android.view.ViewRootImpl.performTraversals:4804 android.view.ViewRootImpl.doTraversal:3924 android.view.ViewRootImpl$TraversalRunnable.run:12903 android.view.Choreographer$CallbackRecord.run:1901 
02-09 20:01:54.580  4924  4924 I VRI[DetailFeedActivity]@2ced98a: Relayout returned: old=(0,0,1080,2340) new=(0,0,1080,2340) relayoutAsync=false req=(1080,2340)0 dur=1 res=0x200000 s={true 0x7528c6b5f0} ch=false seqId=0
02-09 20:01:56.042  4924  4924 I BLASTBufferQueue_Java: update, w= 1080 h= 2340 mName = VRI[DetailFeedActivity]@2ced98a mNativeObject= 0x75d8c87530 sc.mNativeObject= 0x76587b6c90 format= -2 caller= android.view.ViewRootImpl.updateBlastSurfaceIfNeeded:3574 android.view.ViewRootImpl.relayoutWindow:11685 android.view.ViewRootImpl.performTraversals:4804 android.view.ViewRootImpl.doTraversal:3924 android.view.ViewRootImpl$TraversalRunnable.run:12903 android.view.Choreographer$CallbackRecord.run:1901 
02-09 20:01:56.042  4924  4924 I VRI[DetailFeedActivity]@2ced98a: Relayout returned: old=(0,0,1080,2340) new=(0,0,1080,2340) relayoutAsync=false req=(1080,2340)0 dur=2 res=0x200000 s={true 0x7528c6b5f0} ch=false seqId=0
02-09 20:01:56.162  4924  4924 I BLASTBufferQueue_Java: update, w= 1080 h= 2340 mName = VRI[DetailFeedActivity]@2ced98a mNativeObject= 0x75d8c87530 sc.mNativeObject= 0x76587af3d0 format= -2 caller= android.view.ViewRootImpl.updateBlastSurfaceIfNeeded:3574 android.view.ViewRootImpl.relayoutWindow:11685 android.view.ViewRootImpl.performTraversals:4804 android.view.ViewRootImpl.doTraversal:3924 android.view.ViewRootImpl$TraversalRunnable.run:12903 android.view.Choreographer$CallbackRecord.run:1901 
02-09 20:01:56.162  4924  4924 I VRI[DetailFeedActivity]@2ced98a: Relayout returned: old=(0,0,1080,2340) new=(0,0,1080,2340) relayoutAsync=false req=(1080,2340)0 dur=4 res=0x200000 s={true 0x7528c6b5f0} ch=false seqId=0
02-09 20:02:01.599  4924  4924 I BLASTBufferQueue_Java: update, w= 1080 h= 2340 mName = VRI[DetailFeedActivity]@2ced98a mNativeObject= 0x75d8c87530 sc.mNativeObject= 0x76587afc10 format= -2 caller= android.view.ViewRootImpl.updateBlastSurfaceIfNeeded:3574 android.view.ViewRootImpl.relayoutWindow:11685 android.view.ViewRootImpl.performTraversals:4804 android.view.ViewRootImpl.doTraversal:3924 android.view.ViewRootImpl$TraversalRunnable.run:12903 android.view.Choreographer$CallbackRecord.run:1901 
02-09 20:02:01.599  4924  4924 I VRI[DetailFeedActivity]@2ced98a: Relayout returned: old=(0,0,1080,2340) new=(0,0,1080,2340) relayoutAsync=false req=(1080,2340)0 dur=2 res=0x200000 s={true 0x7528c6b5f0} ch=false seqId=0
02-09 20:02:01.714  4924  4924 I BLASTBufferQueue_Java: update, w= 1080 h= 2340 mName = VRI[DetailFeedActivity]@2ced98a mNativeObject= 0x75d8c87530 sc.mNativeObject= 0x76587b83d0 format= -2 caller= android.view.ViewRootImpl.updateBlastSurfaceIfNeeded:3574 android.view.ViewRootImpl.relayoutWindow:11685 android.view.ViewRootImpl.performTraversals:4804 android.view.ViewRootImpl.doTraversal:3924 android.view.ViewRootImpl$TraversalRunnable.run:12903 android.view.Choreographer$CallbackRecord.run:1901 
02-09 20:02:01.714  4924  4924 I VRI[DetailFeedActivity]@2ced98a: Relayout returned: old=(0,0,1080,2340) new=(0,0,1080,2340) relayoutAsync=false req=(1080,2340)0 dur=1 res=0x200000 s={true 0x7528c6b5f0} ch=false seqId=0
02-09 20:02:07.557  1888  2696 D AidlBufferPool: bufferpool2 0xb4000074636cc4e8 : 34(557056 size) total buffers - 34(557056 size) used buffers - 0/34 (recycle/alloc) - 0/0 (fetch/transfer)
02-09 20:02:13.277  4924  4924 I BLASTBufferQueue_Java: new BLASTBufferQueue, mName= VRI[IndexActivityV2]@34c4a8a mNativeObject= 0x75d8851210 caller= android.view.ViewRootImpl.updateBlastSurfaceIfNeeded:3585 android.view.ViewRootImpl.relayoutWindow:11685 android.view.ViewRootImpl.performTraversals:4804 android.view.ViewRootImpl.doTraversal:3924 android.view.ViewRootImpl$TraversalRunnable.run:12903 android.view.Choreographer$CallbackRecord.run:1901 android.view.Choreographer$CallbackRecord.run:1910 android.view.Choreographer.doCallbacks:1367 android.view.Choreographer.doFrame:1292 android.view.Choreographer$FrameDisplayEventReceiver.run:1870 
02-09 20:02:13.277  4924  4924 I BLASTBufferQueue_Java: update, w= 1080 h= 2340 mName = VRI[IndexActivityV2]@34c4a8a mNativeObject= 0x75d8851210 sc.mNativeObject= 0x76587c1910 format= -2 caller= android.view.ViewRootImpl.updateBlastSurfaceIfNeeded:3590 android.view.ViewRootImpl.relayoutWindow:11685 android.view.ViewRootImpl.performTraversals:4804 android.view.ViewRootImpl.doTraversal:3924 android.view.ViewRootImpl$TraversalRunnable.run:12903 android.view.Choreographer$CallbackRecord.run:1901 
02-09 20:02:13.277  4924  4924 I VRI[IndexActivityV2]@34c4a8a: Relayout returned: old=(0,0,1080,2340) new=(0,0,1080,2340) relayoutAsync=false req=(1080,2340)0 dur=1 res=0x200003 s={true 0x7528da59a0} ch=true seqId=0
02-09 20:02:13.344  4924  4924 I VRI[IndexActivityV2]@34c4a8a: Relayout returned: old=(0,0,1080,2340) new=(0,0,1080,2340) relayoutAsync=false req=(1080,2340)8 dur=1 res=0x200002 s={false 0x0} ch=false seqId=0
02-09 20:02:13.885  4924  4924 I BLASTBufferQueue_Java: update, w= 1080 h= 2340 mName = VRI[DetailFeedActivity]@2ced98a mNativeObject= 0x75d8c87530 sc.mNativeObject= 0x76587c1490 format= -2 caller= android.view.ViewRootImpl.updateBlastSurfaceIfNeeded:3574 android.view.ViewRootImpl.relayoutWindow:11685 android.view.ViewRootImpl.performTraversals:4804 android.view.ViewRootImpl.doTraversal:3924 android.view.ViewRootImpl$TraversalRunnable.run:12903 android.view.Choreographer$CallbackRecord.run:1901 
02-09 20:02:13.885  4924  4924 I VRI[DetailFeedActivity]@2ced98a: Relayout returned: old=(0,0,1080,2340) new=(0,0,1080,2340) relayoutAsync=false req=(1080,2340)0 dur=1 res=0x200000 s={true 0x7528c6b5f0} ch=false seqId=0
02-09 20:02:14.015  1888  6748 D AidlBufferPool: bufferpool2 0xb4000074636cc4e8 : 34(557056 size) total buffers - 34(557056 size) used buffers - 0/34 (recycle/alloc) - 0/0 (fetch/transfer)
02-09 20:02:14.016  4924  7948 D AidlBufferPool: bufferpool2 0x75487e8ca8 : 10(83886080 size) total buffers - 10(83886080 size) used buffers - 0/11 (recycle/alloc) - 11/22 (fetch/transfer)
02-09 20:02:14.017  4924  4924 I BLASTBufferQueue_Java: update, w= 1080 h= 2340 mName = VRI[DetailFeedActivity]@2ced98a mNativeObject= 0x75d8c87530 sc.mNativeObject= 0x76587b8550 format= -2 caller= android.view.ViewRootImpl.updateBlastSurfaceIfNeeded:3574 android.view.ViewRootImpl.relayoutWindow:11685 android.view.ViewRootImpl.performTraversals:4804 android.view.ViewRootImpl.doTraversal:3924 android.view.ViewRootImpl$TraversalRunnable.run:12903 android.view.Choreographer$CallbackRecord.run:1901 
02-09 20:02:14.017  4924  4924 I VRI[DetailFeedActivity]@2ced98a: Relayout returned: old=(0,0,1080,2340) new=(0,0,1080,2340) relayoutAsync=false req=(1080,2340)0 dur=2 res=0x200000 s={true 0x7528c6b5f0} ch=false seqId=0
02-09 20:02:14.127  4924  4924 I BLASTBufferQueue_Java: update, w= 1080 h= 2340 mName = VRI[DetailFeedActivity]@2ced98a mNativeObject= 0x75d8c87530 sc.mNativeObject= 0x76587c0dd0 format= -2 caller= android.view.ViewRootImpl.updateBlastSurfaceIfNeeded:3574 android.view.ViewRootImpl.relayoutWindow:11685 android.view.ViewRootImpl.performTraversals:4804 android.view.ViewRootImpl.doTraversal:3924 android.view.ViewRootImpl$TraversalRunnable.run:12903 android.view.Choreographer$CallbackRecord.run:1901 
02-09 20:02:14.127  4924  4924 I VRI[DetailFeedActivity]@2ced98a: Relayout returned: old=(0,0,1080,2340) new=(0,0,1080,2340) relayoutAsync=false req=(1080,2340)0 dur=3 res=0x200000 s={true 0x7528c6b5f0} ch=false seqId=0
02-09 20:02:15.203  4924  4924 I BLASTBufferQueue_Java: update, w= 1080 h= 2340 mName = VRI[DetailFeedActivity]@2ced98a mNativeObject= 0x75d8c87530 sc.mNativeObject= 0x765874e890 format= -2 caller= android.view.ViewRootImpl.updateBlastSurfaceIfNeeded:3574 android.view.ViewRootImpl.relayoutWindow:11685 android.view.ViewRootImpl.performTraversals:4804 android.view.ViewRootImpl.doTraversal:3924 android.view.ViewRootImpl$TraversalRunnable.run:12903 android.view.Choreographer$CallbackRecord.run:1901 
02-09 20:02:15.203  4924  4924 I VRI[DetailFeedActivity]@2ced98a: Relayout returned: old=(0,0,1080,2340) new=(0,0,1080,2340) relayoutAsync=false req=(1080,2340)0 dur=2 res=0x200000 s={true 0x7528c6b5f0} ch=false seqId=0
02-09 20:02:15.302  4924  4924 I BLASTBufferQueue_Java: update, w= 1080 h= 2340 mName = VRI[DetailFeedActivity]@2ced98a mNativeObject= 0x75d8c87530 sc.mNativeObject= 0x76587c0350 format= -2 caller= android.view.ViewRootImpl.updateBlastSurfaceIfNeeded:3574 android.view.ViewRootImpl.relayoutWindow:11685 android.view.ViewRootImpl.performTraversals:4804 android.view.ViewRootImpl.doTraversal:3924 android.view.ViewRootImpl$TraversalRunnable.run:12903 android.view.Choreographer$CallbackRecord.run:1901 
02-09 20:02:15.302  4924  4924 I VRI[DetailFeedActivity]@2ced98a: Relayout returned: old=(0,0,1080,2340) new=(0,0,1080,2340) relayoutAsync=false req=(1080,2340)0 dur=1 res=0x200000 s={true 0x7528c6b5f0} ch=false seqId=0
02-09 20:02:15.334  1888  2695 D AidlBufferPool: Destruction - bufferpool2 0xb4000074636cc4e8 cached: 0/0M, 0/0% in use; allocs: 34, 0% recycled; transfers: 0, 0% unfetched
02-09 20:02:20.070 31897 31972 D AidlBufferPool: bufferpool2 0x75489fe418 : 0(0 size) total buffers - 0(0 size) used buffers - 0/11 (recycle/alloc) - 11/26 (fetch/transfer)
02-09 20:02:20.073 31897 31972 D AidlBufferPool: Destruction - bufferpool2 0x75489fe418 cached: 0/0M, 0/0% in use; allocs: 11, 0% recycled; transfers: 26, 58% unfetched
02-09 20:02:20.073 31897 32550 D AidlBufferPool: bufferpool2 0x75488edab8 : 0(0 size) total buffers - 0(0 size) used buffers - 0/6 (recycle/alloc) - 2/2 (fetch/transfer)
02-09 20:02:20.073 31897 32550 D AidlBufferPool: Destruction - bufferpool2 0x75488edab8 cached: 0/0M, 0/0% in use; allocs: 6, 0% recycled; transfers: 2, 0% unfetched
02-09 20:02:21.017  4924  7963 D AidlBufferPool: bufferpool2 0x75487e8ca8 : 0(0 size) total buffers - 0(0 size) used buffers - 0/11 (recycle/alloc) - 21/73 (fetch/transfer)
02-09 20:02:36.393  4924  4924 I BLASTBufferQueue_Java: update, w= 1080 h= 2340 mName = VRI[DetailFeedActivity]@2ced98a mNativeObject= 0x75d8c87530 sc.mNativeObject= 0x76587a4bd0 format= -2 caller= android.view.ViewRootImpl.updateBlastSurfaceIfNeeded:3574 android.view.ViewRootImpl.relayoutWindow:11685 android.view.ViewRootImpl.performTraversals:4804 android.view.ViewRootImpl.doTraversal:3924 android.view.ViewRootImpl$TraversalRunnable.run:12903 android.view.Choreographer$CallbackRecord.run:1901 
02-09 20:02:36.393  4924  4924 I VRI[DetailFeedActivity]@2ced98a: Relayout returned: old=(0,0,1080,2340) new=(0,0,1080,2340) relayoutAsync=false req=(1080,2340)0 dur=2 res=0x200000 s={true 0x7528c6b5f0} ch=false seqId=0
02-09 20:02:36.495  4924  4924 I BLASTBufferQueue_Java: update, w= 1080 h= 2340 mName = VRI[DetailFeedActivity]@2ced98a mNativeObject= 0x75d8c87530 sc.mNativeObject= 0x76587c2750 format= -2 caller= android.view.ViewRootImpl.updateBlastSurfaceIfNeeded:3574 android.view.ViewRootImpl.relayoutWindow:11685 android.view.ViewRootImpl.performTraversals:4804 android.view.ViewRootImpl.doTraversal:3924 android.view.ViewRootImpl$TraversalRunnable.run:12903 android.view.Choreographer$CallbackRecord.run:1901 
02-09 20:02:36.495  4924  4924 I VRI[DetailFeedActivity]@2ced98a: Relayout returned: old=(0,0,1080,2340) new=(0,0,1080,2340) relayoutAsync=false req=(1080,2340)0 dur=1 res=0x200000 s={true 0x7528c6b5f0} ch=false seqId=0
02-09 20:02:36.521  4924  7364 D AidlBufferPool: bufferpool2 0x75487e8ca8 : 0(0 size) total buffers - 0(0 size) used buffers - 0/11 (recycle/alloc) - 21/73 (fetch/transfer)
02-09 20:02:36.521  4924  7126 D AidlBufferPool: Destruction - bufferpool2 0x75487e8ca8 cached: 0/0M, 0/0% in use; allocs: 11, 0% recycled; transfers: 73, 71% unfetched
02-09 20:02:41.522  1888  2696 D AidlBufferPool: bufferpool2 0xb4000074636e2908 : 34(557056 size) total buffers - 34(557056 size) used buffers - 0/34 (recycle/alloc) - 0/0 (fetch/transfer)
02-09 20:02:42.522  4924  7963 D AidlBufferPool: bufferpool2 0x75487fe788 : 11(92274688 size) total buffers - 10(83886080 size) used buffers - 0/11 (recycle/alloc) - 11/21 (fetch/transfer)
02-09 20:02:46.353  4827  4827 I BLASTBufferQueue_Java: new BLASTBufferQueue, mName= VRI[NotificationShade]@97f4e8b mNativeObject= 0xb4000075d8946150 caller= android.view.ViewRootImpl.updateBlastSurfaceIfNeeded:3585 android.view.ViewRootImpl.relayoutWindow:11685 android.view.ViewRootImpl.performTraversals:4804 android.view.ViewRootImpl.doTraversal:3924 android.view.ViewRootImpl$TraversalRunnable.run:12903 android.view.Choreographer$CallbackRecord.run:1901 android.view.Choreographer$CallbackRecord.run:1910 android.view.Choreographer.doCallbacks:1367 android.view.Choreographer.doFrame:1292 android.view.Choreographer$FrameDisplayEventReceiver.run:1870 
02-09 20:02:46.353  4827  4827 I BLASTBufferQueue_Java: update, w= 1080 h= 2340 mName = VRI[NotificationShade]@97f4e8b mNativeObject= 0xb4000075d8946150 sc.mNativeObject= 0xb4000076587fd490 format= -3 caller= android.view.ViewRootImpl.updateBlastSurfaceIfNeeded:3590 android.view.ViewRootImpl.relayoutWindow:11685 android.view.ViewRootImpl.performTraversals:4804 android.view.ViewRootImpl.doTraversal:3924 android.view.ViewRootImpl$TraversalRunnable.run:12903 android.view.Choreographer$CallbackRecord.run:1901 
02-09 20:02:46.354  4827  4827 I VRI[NotificationShade]@97f4e8b: Relayout returned: old=(0,0,1080,2340) new=(0,0,1080,2340) relayoutAsync=false req=(1080,2340)0 dur=1 res=0x3 s={true 0xb40000752887c4e0} ch=true seqId=6
02-09 20:02:46.381  4827  4827 I BLASTBufferQueue_Java: update, w= 1080 h= 2340 mName = VRI[NotificationShade]@97f4e8b mNativeObject= 0xb4000075d8946150 sc.mNativeObject= 0xb4000076587fd490 format= -3 caller= android.view.ViewRootImpl.updateBlastSurfaceIfNeeded:3574 android.view.ViewRootImpl.relayoutWindow:11685 android.view.ViewRootImpl.performTraversals:4804 android.view.ViewRootImpl.doTraversal:3924 android.view.ViewRootImpl$TraversalRunnable.run:12903 android.view.Choreographer$CallbackRecord.run:1901 
02-09 20:02:46.381  4827  4827 I VRI[NotificationShade]@97f4e8b: Relayout returned: old=(0,0,1080,2340) new=(0,0,1080,2340) relayoutAsync=true req=(1080,2340)0 dur=0 res=0x0 s={true 0xb40000752887c4e0} ch=false seqId=6
02-09 20:02:46.381  2827  5367 D WindowManager: Changing focus from Window{f9fa3f1 u0 com.xingin.xhs/com.xingin.matrix.detail.activity.DetailFeedActivity} to Window{54fd7ce u0 NotificationShade} displayId=0 Callers=com.android.server.wm.WindowManagerService.relayoutWindow:1350 com.android.server.wm.Session.relayout:27 com.android.server.wm.Session.relayoutAsync:14 android.view.IWindowSession$Stub.onTransact:854 
02-09 20:02:46.382  2827  5367 D InsetsSourceProvider: updateControlForTarget: control=InsetsSourceControl: {fcb20000 mType=statusBars initiallyVisible mSurfacePosition=Point(0, 0) mInsetsHint=Insets{left=0, top=91, right=0, bottom=0}}, target=Window{54fd7ce u0 NotificationShade}, from=com.android.server.wm.InsetsStateController.onControlTargetChanged:83 com.android.server.wm.InsetsPolicy.updateBarControlTarget:212 com.android.server.wm.DisplayPolicy.updateSystemBarAttributes:262 com.android.server.wm.WindowManagerService.updateFocusedWindowLocked:372 com.android.server.wm.WindowManagerService.relayoutWindow:1350 
02-09 20:02:46.382  2827  5367 D InsetsSourceProvider: updateControlForTarget: control=InsetsSourceControl: {f9470001 mType=navigationBars initiallyVisible mSurfacePosition=Point(0, 2196) mInsetsHint=Insets{left=0, top=0, right=0, bottom=144}}, target=Window{54fd7ce u0 NotificationShade}, from=com.android.server.wm.InsetsStateController.onControlTargetChanged:83 com.android.server.wm.InsetsPolicy.updateBarControlTarget:225 com.android.server.wm.DisplayPolicy.updateSystemBarAttributes:262 com.android.server.wm.WindowManagerService.updateFocusedWindowLocked:372 com.android.server.wm.WindowManagerService.relayoutWindow:1350 
02-09 20:02:46.382  2827  5367 D WindowManager: updateSystemBarAttributes: displayId=0, focusedCanBeNavColorWin=false, win=Window{54fd7ce u0 NotificationShade}, navColorWin=Window{f9fa3f1 u0 com.xingin.xhs/com.xingin.matrix.detail.activity.DetailFeedActivity}, caller=com.android.server.wm.WindowManagerService.updateFocusedWindowLocked:372 com.android.server.wm.WindowManagerService.relayoutWindow:1350 com.android.server.wm.Session.relayout:27 
02-09 20:02:46.405  2827  5023 E WindowManager: win=Window{f959889 u0 com.sec.android.app.launcher/com.samsung.app.honeyspace.edge.edgepanel.app.CocktailBarService} destroySurfaces: appStopped=true cleanupOnResume=false win.mWindowRemovalAllowed=false win.mRemoveOnExit=false win.mViewVisibility=8 caller=com.android.server.wm.WindowManagerService.tryStartExitingAnimation:134 com.android.server.wm.WindowManagerService.relayoutWindow:1138 com.android.server.wm.Session.relayout:27 android.view.IWindowSession$Stub.onTransact:829 com.android.server.wm.Session.onTransact:1 android.os.Binder.execTransactInternal:1457 android.os.Binder.execTransact:1401 
02-09 20:02:46.406  5336  5336 I VRI[CocktailBarService]@e185d11: Relayout returned: old=(1013,1298,1080,1638) new=(1013,1298,1080,1638) relayoutAsync=false req=(0,0)8 dur=2 res=0x2 s={false 0x0} ch=true seqId=90
02-09 20:02:49.995  4827  4827 I BLASTBufferQueue_Java: update, w= 1080 h= 2340 mName = VRI[NotificationShade]@97f4e8b mNativeObject= 0xb4000075d8946150 sc.mNativeObject= 0xb4000076587fd490 format= -3 caller= android.view.ViewRootImpl.updateBlastSurfaceIfNeeded:3574 android.view.ViewRootImpl.relayoutWindow:11685 android.view.ViewRootImpl.performTraversals:4804 android.view.ViewRootImpl.doTraversal:3924 android.view.ViewRootImpl$TraversalRunnable.run:12903 android.view.Choreographer$CallbackRecord.run:1901 
02-09 20:02:49.995  4827  4827 I VRI[NotificationShade]@97f4e8b: Relayout returned: old=(0,0,1080,2340) new=(0,0,1080,2340) relayoutAsync=true req=(1080,2340)0 dur=0 res=0x0 s={true 0xb40000752887c4e0} ch=false seqId=6
02-09 20:02:49.996  2827  2851 D WindowManager: Changing focus from Window{54fd7ce u0 NotificationShade} to Window{f9fa3f1 u0 com.xingin.xhs/com.xingin.matrix.detail.activity.DetailFeedActivity} displayId=0 Callers=com.android.server.wm.WindowManagerService.relayoutWindow:1350 com.android.server.wm.Session.relayout:27 com.android.server.wm.Session.relayoutAsync:14 android.view.IWindowSession$Stub.onTransact:854 
02-09 20:02:49.997  2827  2851 D InsetsSourceProvider: updateControlForTarget: control=InsetsSourceControl: {fcb20000 mType=statusBars initiallyVisible mSurfacePosition=Point(0, 0) mInsetsHint=Insets{left=0, top=91, right=0, bottom=0}}, target=Window{f9fa3f1 u0 com.xingin.xhs/com.xingin.matrix.detail.activity.DetailFeedActivity}, from=com.android.server.wm.InsetsStateController.onControlTargetChanged:83 com.android.server.wm.InsetsPolicy.updateBarControlTarget:212 com.android.server.wm.DisplayPolicy.updateSystemBarAttributes:262 com.android.server.wm.WindowManagerService.updateFocusedWindowLocked:372 com.android.server.wm.WindowManagerService.relayoutWindow:1350 
02-09 20:02:49.997  2827  2851 D InsetsSourceProvider: updateControlForTarget: control=InsetsSourceControl: {f9470001 mType=navigationBars initiallyVisible mSurfacePosition=Point(0, 2196) mInsetsHint=Insets{left=0, top=0, right=0, bottom=144}}, target=Window{f9fa3f1 u0 com.xingin.xhs/com.xingin.matrix.detail.activity.DetailFeedActivity}, from=com.android.server.wm.InsetsStateController.onControlTargetChanged:83 com.android.server.wm.InsetsPolicy.updateBarControlTarget:225 com.android.server.wm.DisplayPolicy.updateSystemBarAttributes:262 com.android.server.wm.WindowManagerService.updateFocusedWindowLocked:372 com.android.server.wm.WindowManagerService.relayoutWindow:1350 
02-09 20:02:49.997  2827  2851 D WindowManager: updateSystemBarAttributes: displayId=0, focusedCanBeNavColorWin=false, win=Window{f9fa3f1 u0 com.xingin.xhs/com.xingin.matrix.detail.activity.DetailFeedActivity}, navColorWin=Window{f9fa3f1 u0 com.xingin.xhs/com.xingin.matrix.detail.activity.DetailFeedActivity}, caller=com.android.server.wm.WindowManagerService.updateFocusedWindowLocked:372 com.android.server.wm.WindowManagerService.relayoutWindow:1350 com.android.server.wm.Session.relayout:27 
02-09 20:02:50.014  2827  4439 V InputMethodManagerService: Creating new accessibility sessions for client ClientState{b7affe8 mUid=10297 mPid=4924 mSelfReportedDisplayId=0}
02-09 20:02:50.441  2827  7729 E WindowManager: win=Window{54fd7ce u0 NotificationShade} destroySurfaces: appStopped=true cleanupOnResume=false win.mWindowRemovalAllowed=false win.mRemoveOnExit=false win.mViewVisibility=4 caller=com.android.server.wm.WindowManagerService.tryStartExitingAnimation:134 com.android.server.wm.WindowManagerService.relayoutWindow:1138 com.android.server.wm.Session.relayout:27 android.view.IWindowSession$Stub.onTransact:829 com.android.server.wm.Session.onTransact:1 android.os.Binder.execTransactInternal:1462 android.os.Binder.execTransact:1401 
02-09 20:02:50.442  4827  4827 I VRI[NotificationShade]@97f4e8b: Relayout returned: old=(0,0,1080,2340) new=(0,0,1080,2340) relayoutAsync=false req=(1080,2340)4 dur=1 res=0x2 s={false 0x0} ch=true seqId=6
02-09 20:02:50.470  5336  5336 I BLASTBufferQueue_Java: new BLASTBufferQueue, mName= VRI[CocktailBarService]@e185d11 mNativeObject= 0xb4000075d87f8c90 caller= android.view.ViewRootImpl.updateBlastSurfaceIfNeeded:3585 android.view.ViewRootImpl.relayoutWindow:11685 android.view.ViewRootImpl.performTraversals:4804 android.view.ViewRootImpl.doTraversal:3924 android.view.ViewRootImpl$TraversalRunnable.run:12903 android.view.Choreographer$CallbackRecord.run:1901 android.view.Choreographer$CallbackRecord.run:1910 android.view.Choreographer.doCallbacks:1367 android.view.Choreographer.doFrame:1292 android.view.Choreographer$FrameDisplayEventReceiver.run:1870 
02-09 20:02:50.470  5336  5336 I BLASTBufferQueue_Java: update, w= 67 h= 340 mName = VRI[CocktailBarService]@e185d11 mNativeObject= 0xb4000075d87f8c90 sc.mNativeObject= 0xb400007658751dd0 format= -2 caller= android.view.ViewRootImpl.updateBlastSurfaceIfNeeded:3590 android.view.ViewRootImpl.relayoutWindow:11685 android.view.ViewRootImpl.performTraversals:4804 android.view.ViewRootImpl.doTraversal:3924 android.view.ViewRootImpl$TraversalRunnable.run:12903 android.view.Choreographer$CallbackRecord.run:1901 
02-09 20:02:50.470  5336  5336 I VRI[CocktailBarService]@e185d11: Relayout returned: old=(1013,1298,1080,1638) new=(1013,1298,1080,1638) relayoutAsync=false req=(67,340)0 dur=2 res=0x3 s={true 0xb40000752888ed00} ch=true seqId=90
02-09 20:02:58.761  1888  1888 D AidlBufferPool: bufferpool2 0xb4000074636e2908 : 34(557056 size) total buffers - 34(557056 size) used buffers - 0/34 (recycle/alloc) - 0/0 (fetch/transfer)
02-09 20:02:58.762  4924  8464 D AidlBufferPool: bufferpool2 0x75487fe788 : 10(83886080 size) total buffers - 10(83886080 size) used buffers - 0/11 (recycle/alloc) - 11/21 (fetch/transfer)
